2021-06-10 16:37:28 DEBUG LogFactory:105 - Logging initialized using 'class org.apache.ibatis.logging.slf4j.Slf4jImpl' adapter.
2021-06-10 16:37:28 DEBUG VFS:116 - Class not found: org.jboss.vfs.VFS
2021-06-10 16:37:28 DEBUG JBoss6VFS:149 - JBoss 6 VFS API is not available in this environment.
2021-06-10 16:37:28 DEBUG VFS:116 - Class not found: org.jboss.vfs.VirtualFile
2021-06-10 16:37:28 DEBUG VFS:64 - VFS implementation org.apache.ibatis.io.JBoss6VFS is not valid in this environment.
2021-06-10 16:37:28 DEBUG VFS:74 - Using VFS adapter org.apache.ibatis.io.DefaultVFS
2021-06-10 16:37:28 DEBUG DefaultVFS:224 - Find JAR URL: file:/F:/JavaProject/JavaMyBatis/target/classes/MyBatis
2021-06-10 16:37:28 DEBUG DefaultVFS:251 - Not a JAR: file:/F:/JavaProject/JavaMyBatis/target/classes/MyBatis
2021-06-10 16:37:28 DEBUG DefaultVFS:101 - Reader entry: entity
2021-06-10 16:37:28 DEBUG DefaultVFS:101 - Reader entry: enums
2021-06-10 16:37:28 DEBUG DefaultVFS:101 - Reader entry: mapper
2021-06-10 16:37:28 DEBUG DefaultVFS:101 - Reader entry: test
2021-06-10 16:37:28 DEBUG DefaultVFS:101 - Reader entry: utils
2021-06-10 16:37:28 DEBUG DefaultVFS:115 - Listing file:/F:/JavaProject/JavaMyBatis/target/classes/MyBatis
2021-06-10 16:37:28 DEBUG DefaultVFS:224 - Find JAR URL: file:/F:/JavaProject/JavaMyBatis/target/classes/MyBatis/entity
2021-06-10 16:37:28 DEBUG DefaultVFS:251 - Not a JAR: file:/F:/JavaProject/JavaMyBatis/target/classes/MyBatis/entity
2021-06-10 16:37:28 DEBUG DefaultVFS:101 - Reader entry: Employee.class
2021-06-10 16:37:28 DEBUG DefaultVFS:101 - Reader entry: EmployeeTask.class
2021-06-10 16:37:28 DEBUG DefaultVFS:101 - Reader entry: FemaleEmployee.class
2021-06-10 16:37:28 DEBUG DefaultVFS:101 - Reader entry: FemaleHealthForm.class
2021-06-10 16:37:28 DEBUG DefaultVFS:101 - Reader entry: HealthForm.class
2021-06-10 16:37:28 DEBUG DefaultVFS:101 - Reader entry: MaleEmployee.class
2021-06-10 16:37:28 DEBUG DefaultVFS:101 - Reader entry: MaleHealthForm.class
2021-06-10 16:37:28 DEBUG DefaultVFS:101 - Reader entry: PageParams.class
2021-06-10 16:37:28 DEBUG DefaultVFS:101 - Reader entry: Role.class
2021-06-10 16:37:28 DEBUG DefaultVFS:101 - Reader entry: RoleParams.class
2021-06-10 16:37:28 DEBUG DefaultVFS:101 - Reader entry: Task.class
2021-06-10 16:37:28 DEBUG DefaultVFS:101 - Reader entry: User.class
2021-06-10 16:37:28 DEBUG DefaultVFS:101 - Reader entry: WorkCard.class
2021-06-10 16:37:28 DEBUG DefaultVFS:115 - Listing file:/F:/JavaProject/JavaMyBatis/target/classes/MyBatis/entity
2021-06-10 16:37:28 DEBUG DefaultVFS:224 - Find JAR URL: file:/F:/JavaProject/JavaMyBatis/target/classes/MyBatis/entity/Employee.class
2021-06-10 16:37:28 DEBUG DefaultVFS:251 - Not a JAR: file:/F:/JavaProject/JavaMyBatis/target/classes/MyBatis/entity/Employee.class
2021-06-10 16:37:28 DEBUG DefaultVFS:101 - Reader entry: ����   4 Y
2021-06-10 16:37:28 DEBUG DefaultVFS:224 - Find JAR URL: file:/F:/JavaProject/JavaMyBatis/target/classes/MyBatis/entity/EmployeeTask.class
2021-06-10 16:37:28 DEBUG DefaultVFS:251 - Not a JAR: file:/F:/JavaProject/JavaMyBatis/target/classes/MyBatis/entity/EmployeeTask.class
2021-06-10 16:37:28 DEBUG DefaultVFS:101 - Reader entry: ����   4 2
2021-06-10 16:37:28 DEBUG DefaultVFS:224 - Find JAR URL: file:/F:/JavaProject/JavaMyBatis/target/classes/MyBatis/entity/FemaleEmployee.class
2021-06-10 16:37:28 DEBUG DefaultVFS:251 - Not a JAR: file:/F:/JavaProject/JavaMyBatis/target/classes/MyBatis/entity/FemaleEmployee.class
2021-06-10 16:37:28 DEBUG DefaultVFS:101 - Reader entry: ����   4 
2021-06-10 16:37:28 DEBUG DefaultVFS:224 - Find JAR URL: file:/F:/JavaProject/JavaMyBatis/target/classes/MyBatis/entity/FemaleHealthForm.class
2021-06-10 16:37:28 DEBUG DefaultVFS:251 - Not a JAR: file:/F:/JavaProject/JavaMyBatis/target/classes/MyBatis/entity/FemaleHealthForm.class
2021-06-10 16:37:28 DEBUG DefaultVFS:101 - Reader entry: ����   4 
2021-06-10 16:37:28 DEBUG DefaultVFS:224 - Find JAR URL: file:/F:/JavaProject/JavaMyBatis/target/classes/MyBatis/entity/HealthForm.class
2021-06-10 16:37:28 DEBUG DefaultVFS:251 - Not a JAR: file:/F:/JavaProject/JavaMyBatis/target/classes/MyBatis/entity/HealthForm.class
2021-06-10 16:37:28 DEBUG DefaultVFS:101 - Reader entry: ����   4 >
2021-06-10 16:37:28 DEBUG DefaultVFS:224 - Find JAR URL: file:/F:/JavaProject/JavaMyBatis/target/classes/MyBatis/entity/MaleEmployee.class
2021-06-10 16:37:28 DEBUG DefaultVFS:251 - Not a JAR: file:/F:/JavaProject/JavaMyBatis/target/classes/MyBatis/entity/MaleEmployee.class
2021-06-10 16:37:28 DEBUG DefaultVFS:101 - Reader entry: ����   4 
2021-06-10 16:37:28 DEBUG DefaultVFS:224 - Find JAR URL: file:/F:/JavaProject/JavaMyBatis/target/classes/MyBatis/entity/MaleHealthForm.class
2021-06-10 16:37:28 DEBUG DefaultVFS:251 - Not a JAR: file:/F:/JavaProject/JavaMyBatis/target/classes/MyBatis/entity/MaleHealthForm.class
2021-06-10 16:37:28 DEBUG DefaultVFS:101 - Reader entry: ����   4 
2021-06-10 16:37:28 DEBUG DefaultVFS:224 - Find JAR URL: file:/F:/JavaProject/JavaMyBatis/target/classes/MyBatis/entity/PageParams.class
2021-06-10 16:37:28 DEBUG DefaultVFS:251 - Not a JAR: file:/F:/JavaProject/JavaMyBatis/target/classes/MyBatis/entity/PageParams.class
2021-06-10 16:37:28 DEBUG DefaultVFS:101 - Reader entry: ����   4 
2021-06-10 16:37:28 DEBUG DefaultVFS:224 - Find JAR URL: file:/F:/JavaProject/JavaMyBatis/target/classes/MyBatis/entity/Role.class
2021-06-10 16:37:28 DEBUG DefaultVFS:251 - Not a JAR: file:/F:/JavaProject/JavaMyBatis/target/classes/MyBatis/entity/Role.class
2021-06-10 16:37:28 DEBUG DefaultVFS:101 - Reader entry: ����   4 #
2021-06-10 16:37:28 DEBUG DefaultVFS:224 - Find JAR URL: file:/F:/JavaProject/JavaMyBatis/target/classes/MyBatis/entity/RoleParams.class
2021-06-10 16:37:28 DEBUG DefaultVFS:251 - Not a JAR: file:/F:/JavaProject/JavaMyBatis/target/classes/MyBatis/entity/RoleParams.class
2021-06-10 16:37:28 DEBUG DefaultVFS:101 - Reader entry: ����   4 
2021-06-10 16:37:28 DEBUG DefaultVFS:224 - Find JAR URL: file:/F:/JavaProject/JavaMyBatis/target/classes/MyBatis/entity/Task.class
2021-06-10 16:37:28 DEBUG DefaultVFS:251 - Not a JAR: file:/F:/JavaProject/JavaMyBatis/target/classes/MyBatis/entity/Task.class
2021-06-10 16:37:28 DEBUG DefaultVFS:101 - Reader entry: ����   4 *
2021-06-10 16:37:28 DEBUG DefaultVFS:224 - Find JAR URL: file:/F:/JavaProject/JavaMyBatis/target/classes/MyBatis/entity/User.class
2021-06-10 16:37:28 DEBUG DefaultVFS:251 - Not a JAR: file:/F:/JavaProject/JavaMyBatis/target/classes/MyBatis/entity/User.class
2021-06-10 16:37:28 DEBUG DefaultVFS:101 - Reader entry: ����   4 A
2021-06-10 16:37:28 DEBUG DefaultVFS:224 - Find JAR URL: file:/F:/JavaProject/JavaMyBatis/target/classes/MyBatis/entity/WorkCard.class
2021-06-10 16:37:28 DEBUG DefaultVFS:251 - Not a JAR: file:/F:/JavaProject/JavaMyBatis/target/classes/MyBatis/entity/WorkCard.class
2021-06-10 16:37:28 DEBUG DefaultVFS:101 - Reader entry: ����   4 9
2021-06-10 16:37:28 DEBUG DefaultVFS:224 - Find JAR URL: file:/F:/JavaProject/JavaMyBatis/target/classes/MyBatis/enums
2021-06-10 16:37:28 DEBUG DefaultVFS:251 - Not a JAR: file:/F:/JavaProject/JavaMyBatis/target/classes/MyBatis/enums
2021-06-10 16:37:28 DEBUG DefaultVFS:101 - Reader entry: SexEnum.class
2021-06-10 16:37:28 DEBUG DefaultVFS:115 - Listing file:/F:/JavaProject/JavaMyBatis/target/classes/MyBatis/enums
2021-06-10 16:37:28 DEBUG DefaultVFS:224 - Find JAR URL: file:/F:/JavaProject/JavaMyBatis/target/classes/MyBatis/enums/SexEnum.class
2021-06-10 16:37:28 DEBUG DefaultVFS:251 - Not a JAR: file:/F:/JavaProject/JavaMyBatis/target/classes/MyBatis/enums/SexEnum.class
2021-06-10 16:37:28 DEBUG DefaultVFS:101 - Reader entry: ����   4 M	  9
2021-06-10 16:37:28 DEBUG DefaultVFS:224 - Find JAR URL: file:/F:/JavaProject/JavaMyBatis/target/classes/MyBatis/mapper
2021-06-10 16:37:28 DEBUG DefaultVFS:251 - Not a JAR: file:/F:/JavaProject/JavaMyBatis/target/classes/MyBatis/mapper
2021-06-10 16:37:28 DEBUG DefaultVFS:101 - Reader entry: EmployeeMapper.class
2021-06-10 16:37:28 DEBUG DefaultVFS:101 - Reader entry: EmployeeMapper.xml
2021-06-10 16:37:28 DEBUG DefaultVFS:101 - Reader entry: EmployeeTaskMapper.class
2021-06-10 16:37:28 DEBUG DefaultVFS:101 - Reader entry: EmployeeTaskMapper.xml
2021-06-10 16:37:28 DEBUG DefaultVFS:101 - Reader entry: FemaleHealthFormMapper.class
2021-06-10 16:37:28 DEBUG DefaultVFS:101 - Reader entry: FemaleHealthFormMapper.xml
2021-06-10 16:37:28 DEBUG DefaultVFS:101 - Reader entry: MaleHealthFormMapper.class
2021-06-10 16:37:28 DEBUG DefaultVFS:101 - Reader entry: MaleHealthFormMapper.xml
2021-06-10 16:37:28 DEBUG DefaultVFS:101 - Reader entry: RoleMapper.class
2021-06-10 16:37:28 DEBUG DefaultVFS:101 - Reader entry: RoleMapper.xml
2021-06-10 16:37:28 DEBUG DefaultVFS:101 - Reader entry: TaskMapper.class
2021-06-10 16:37:28 DEBUG DefaultVFS:101 - Reader entry: TaskMapper.xml
2021-06-10 16:37:28 DEBUG DefaultVFS:101 - Reader entry: UserMapper.class
2021-06-10 16:37:28 DEBUG DefaultVFS:101 - Reader entry: UserMapper.xml
2021-06-10 16:37:28 DEBUG DefaultVFS:101 - Reader entry: WorkCardMapper.class
2021-06-10 16:37:28 DEBUG DefaultVFS:101 - Reader entry: WorkCardMapper.xml
2021-06-10 16:37:28 DEBUG DefaultVFS:115 - Listing file:/F:/JavaProject/JavaMyBatis/target/classes/MyBatis/mapper
2021-06-10 16:37:28 DEBUG DefaultVFS:224 - Find JAR URL: file:/F:/JavaProject/JavaMyBatis/target/classes/MyBatis/mapper/EmployeeMapper.class
2021-06-10 16:37:28 DEBUG DefaultVFS:251 - Not a JAR: file:/F:/JavaProject/JavaMyBatis/target/classes/MyBatis/mapper/EmployeeMapper.class
2021-06-10 16:37:28 DEBUG DefaultVFS:101 - Reader entry: ����   4 
2021-06-10 16:37:28 DEBUG DefaultVFS:224 - Find JAR URL: file:/F:/JavaProject/JavaMyBatis/target/classes/MyBatis/mapper/EmployeeMapper.xml
2021-06-10 16:37:28 DEBUG DefaultVFS:251 - Not a JAR: file:/F:/JavaProject/JavaMyBatis/target/classes/MyBatis/mapper/EmployeeMapper.xml
2021-06-10 16:37:28 DEBUG DefaultVFS:101 - Reader entry: <?xml version="1.0" encoding="UTF-8" ?>
2021-06-10 16:37:28 DEBUG DefaultVFS:224 - Find JAR URL: file:/F:/JavaProject/JavaMyBatis/target/classes/MyBatis/mapper/EmployeeTaskMapper.class
2021-06-10 16:37:28 DEBUG DefaultVFS:251 - Not a JAR: file:/F:/JavaProject/JavaMyBatis/target/classes/MyBatis/mapper/EmployeeTaskMapper.class
2021-06-10 16:37:28 DEBUG DefaultVFS:101 - Reader entry: ����   4 	   getEmployeeTaskByEmpId /(Ljava/lang/Long;)LMyBatis/entity/EmployeeTask; 
2021-06-10 16:37:28 DEBUG DefaultVFS:224 - Find JAR URL: file:/F:/JavaProject/JavaMyBatis/target/classes/MyBatis/mapper/EmployeeTaskMapper.xml
2021-06-10 16:37:28 DEBUG DefaultVFS:251 - Not a JAR: file:/F:/JavaProject/JavaMyBatis/target/classes/MyBatis/mapper/EmployeeTaskMapper.xml
2021-06-10 16:37:28 DEBUG DefaultVFS:101 - Reader entry: <?xml version="1.0" encoding="UTF-8" ?>
2021-06-10 16:37:28 DEBUG DefaultVFS:224 - Find JAR URL: file:/F:/JavaProject/JavaMyBatis/target/classes/MyBatis/mapper/FemaleHealthFormMapper.class
2021-06-10 16:37:28 DEBUG DefaultVFS:251 - Not a JAR: file:/F:/JavaProject/JavaMyBatis/target/classes/MyBatis/mapper/FemaleHealthFormMapper.class
2021-06-10 16:37:28 DEBUG DefaultVFS:101 - Reader entry: ����   4 	   getFemaleHealthForm 3(Ljava/lang/Long;)LMyBatis/entity/FemaleHealthForm; 
2021-06-10 16:37:28 DEBUG DefaultVFS:224 - Find JAR URL: file:/F:/JavaProject/JavaMyBatis/target/classes/MyBatis/mapper/FemaleHealthFormMapper.xml
2021-06-10 16:37:28 DEBUG DefaultVFS:251 - Not a JAR: file:/F:/JavaProject/JavaMyBatis/target/classes/MyBatis/mapper/FemaleHealthFormMapper.xml
2021-06-10 16:37:28 DEBUG DefaultVFS:101 - Reader entry: <?xml version="1.0" encoding="UTF-8" ?>
2021-06-10 16:37:28 DEBUG DefaultVFS:224 - Find JAR URL: file:/F:/JavaProject/JavaMyBatis/target/classes/MyBatis/mapper/MaleHealthFormMapper.class
2021-06-10 16:37:28 DEBUG DefaultVFS:251 - Not a JAR: file:/F:/JavaProject/JavaMyBatis/target/classes/MyBatis/mapper/MaleHealthFormMapper.class
2021-06-10 16:37:28 DEBUG DefaultVFS:101 - Reader entry: ����   4 	   getMaleHealthForm 1(Ljava/lang/Long;)LMyBatis/entity/MaleHealthForm; 
2021-06-10 16:37:28 DEBUG DefaultVFS:224 - Find JAR URL: file:/F:/JavaProject/JavaMyBatis/target/classes/MyBatis/mapper/MaleHealthFormMapper.xml
2021-06-10 16:37:28 DEBUG DefaultVFS:251 - Not a JAR: file:/F:/JavaProject/JavaMyBatis/target/classes/MyBatis/mapper/MaleHealthFormMapper.xml
2021-06-10 16:37:28 DEBUG DefaultVFS:101 - Reader entry: <?xml version="1.0" encoding="UTF-8" ?>
2021-06-10 16:37:28 DEBUG DefaultVFS:224 - Find JAR URL: file:/F:/JavaProject/JavaMyBatis/target/classes/MyBatis/mapper/RoleMapper.class
2021-06-10 16:37:28 DEBUG DefaultVFS:251 - Not a JAR: file:/F:/JavaProject/JavaMyBatis/target/classes/MyBatis/mapper/RoleMapper.class
2021-06-10 16:37:28 DEBUG DefaultVFS:101 - Reader entry: ����   4    
2021-06-10 16:37:28 DEBUG DefaultVFS:224 - Find JAR URL: file:/F:/JavaProject/JavaMyBatis/target/classes/MyBatis/mapper/RoleMapper.xml
2021-06-10 16:37:28 DEBUG DefaultVFS:251 - Not a JAR: file:/F:/JavaProject/JavaMyBatis/target/classes/MyBatis/mapper/RoleMapper.xml
2021-06-10 16:37:28 DEBUG DefaultVFS:101 - Reader entry: <?xml version="1.0" encoding="UTF-8" ?>
2021-06-10 16:37:28 DEBUG DefaultVFS:224 - Find JAR URL: file:/F:/JavaProject/JavaMyBatis/target/classes/MyBatis/mapper/TaskMapper.class
2021-06-10 16:37:28 DEBUG DefaultVFS:251 - Not a JAR: file:/F:/JavaProject/JavaMyBatis/target/classes/MyBatis/mapper/TaskMapper.class
2021-06-10 16:37:28 DEBUG DefaultVFS:101 - Reader entry: ����   4 	   getTask '(Ljava/lang/Long;)LMyBatis/entity/Task; 
2021-06-10 16:37:28 DEBUG DefaultVFS:224 - Find JAR URL: file:/F:/JavaProject/JavaMyBatis/target/classes/MyBatis/mapper/TaskMapper.xml
2021-06-10 16:37:28 DEBUG DefaultVFS:251 - Not a JAR: file:/F:/JavaProject/JavaMyBatis/target/classes/MyBatis/mapper/TaskMapper.xml
2021-06-10 16:37:28 DEBUG DefaultVFS:101 - Reader entry: <?xml version="1.0" encoding="UTF-8" ?>
2021-06-10 16:37:28 DEBUG DefaultVFS:224 - Find JAR URL: file:/F:/JavaProject/JavaMyBatis/target/classes/MyBatis/mapper/UserMapper.class
2021-06-10 16:37:28 DEBUG DefaultVFS:251 - Not a JAR: file:/F:/JavaProject/JavaMyBatis/target/classes/MyBatis/mapper/UserMapper.class
2021-06-10 16:37:28 DEBUG DefaultVFS:101 - Reader entry: ����   4 	   getUser '(Ljava/lang/Long;)LMyBatis/entity/User; 
2021-06-10 16:37:28 DEBUG DefaultVFS:224 - Find JAR URL: file:/F:/JavaProject/JavaMyBatis/target/classes/MyBatis/mapper/UserMapper.xml
2021-06-10 16:37:28 DEBUG DefaultVFS:251 - Not a JAR: file:/F:/JavaProject/JavaMyBatis/target/classes/MyBatis/mapper/UserMapper.xml
2021-06-10 16:37:28 DEBUG DefaultVFS:101 - Reader entry: <?xml version="1.0" encoding="UTF-8" ?>
2021-06-10 16:37:28 DEBUG DefaultVFS:224 - Find JAR URL: file:/F:/JavaProject/JavaMyBatis/target/classes/MyBatis/mapper/WorkCardMapper.class
2021-06-10 16:37:28 DEBUG DefaultVFS:251 - Not a JAR: file:/F:/JavaProject/JavaMyBatis/target/classes/MyBatis/mapper/WorkCardMapper.class
2021-06-10 16:37:28 DEBUG DefaultVFS:101 - Reader entry: ����   4 	   getWorkCardByEmpId +(Ljava/lang/Long;)LMyBatis/entity/WorkCard; 
2021-06-10 16:37:28 DEBUG DefaultVFS:224 - Find JAR URL: file:/F:/JavaProject/JavaMyBatis/target/classes/MyBatis/mapper/WorkCardMapper.xml
2021-06-10 16:37:28 DEBUG DefaultVFS:251 - Not a JAR: file:/F:/JavaProject/JavaMyBatis/target/classes/MyBatis/mapper/WorkCardMapper.xml
2021-06-10 16:37:28 DEBUG DefaultVFS:101 - Reader entry: <?xml version="1.0" encoding="UTF-8" ?>
2021-06-10 16:37:28 DEBUG DefaultVFS:224 - Find JAR URL: file:/F:/JavaProject/JavaMyBatis/target/classes/MyBatis/test
2021-06-10 16:37:28 DEBUG DefaultVFS:251 - Not a JAR: file:/F:/JavaProject/JavaMyBatis/target/classes/MyBatis/test
2021-06-10 16:37:28 DEBUG DefaultVFS:101 - Reader entry: TestEmployeeMapper.class
2021-06-10 16:37:28 DEBUG DefaultVFS:101 - Reader entry: TestMyBatis.class
2021-06-10 16:37:28 DEBUG DefaultVFS:101 - Reader entry: TestRoleMapper.class
2021-06-10 16:37:28 DEBUG DefaultVFS:115 - Listing file:/F:/JavaProject/JavaMyBatis/target/classes/MyBatis/test
2021-06-10 16:37:28 DEBUG DefaultVFS:224 - Find JAR URL: file:/F:/JavaProject/JavaMyBatis/target/classes/MyBatis/test/TestEmployeeMapper.class
2021-06-10 16:37:28 DEBUG DefaultVFS:251 - Not a JAR: file:/F:/JavaProject/JavaMyBatis/target/classes/MyBatis/test/TestEmployeeMapper.class
2021-06-10 16:37:28 DEBUG DefaultVFS:101 - Reader entry: ����   4 H
2021-06-10 16:37:28 DEBUG DefaultVFS:224 - Find JAR URL: file:/F:/JavaProject/JavaMyBatis/target/classes/MyBatis/test/TestMyBatis.class
2021-06-10 16:37:28 DEBUG DefaultVFS:251 - Not a JAR: file:/F:/JavaProject/JavaMyBatis/target/classes/MyBatis/test/TestMyBatis.class
2021-06-10 16:37:28 DEBUG DefaultVFS:101 - Reader entry: ����   4 >
2021-06-10 16:37:28 DEBUG DefaultVFS:224 - Find JAR URL: file:/F:/JavaProject/JavaMyBatis/target/classes/MyBatis/test/TestRoleMapper.class
2021-06-10 16:37:28 DEBUG DefaultVFS:251 - Not a JAR: file:/F:/JavaProject/JavaMyBatis/target/classes/MyBatis/test/TestRoleMapper.class
2021-06-10 16:37:28 DEBUG DefaultVFS:101 - Reader entry: ����   4 �
2021-06-10 16:37:28 DEBUG DefaultVFS:224 - Find JAR URL: file:/F:/JavaProject/JavaMyBatis/target/classes/MyBatis/utils
2021-06-10 16:37:28 DEBUG DefaultVFS:251 - Not a JAR: file:/F:/JavaProject/JavaMyBatis/target/classes/MyBatis/utils
2021-06-10 16:37:28 DEBUG DefaultVFS:101 - Reader entry: SqlSessionFactoryUtils.class
2021-06-10 16:37:28 DEBUG DefaultVFS:115 - Listing file:/F:/JavaProject/JavaMyBatis/target/classes/MyBatis/utils
2021-06-10 16:37:28 DEBUG DefaultVFS:224 - Find JAR URL: file:/F:/JavaProject/JavaMyBatis/target/classes/MyBatis/utils/SqlSessionFactoryUtils.class
2021-06-10 16:37:28 DEBUG DefaultVFS:251 - Not a JAR: file:/F:/JavaProject/JavaMyBatis/target/classes/MyBatis/utils/SqlSessionFactoryUtils.class
2021-06-10 16:37:28 DEBUG DefaultVFS:101 - Reader entry: ����   4 I
2021-06-10 16:37:28 DEBUG ResolverUtil:287 - Checking to see if class MyBatis.entity.Employee matches criteria [is assignable to Object]
2021-06-10 16:37:28 DEBUG ResolverUtil:287 - Checking to see if class MyBatis.entity.EmployeeTask matches criteria [is assignable to Object]
2021-06-10 16:37:28 DEBUG ResolverUtil:287 - Checking to see if class MyBatis.entity.FemaleEmployee matches criteria [is assignable to Object]
2021-06-10 16:37:28 DEBUG ResolverUtil:287 - Checking to see if class MyBatis.entity.FemaleHealthForm matches criteria [is assignable to Object]
2021-06-10 16:37:28 DEBUG ResolverUtil:287 - Checking to see if class MyBatis.entity.HealthForm matches criteria [is assignable to Object]
2021-06-10 16:37:28 DEBUG ResolverUtil:287 - Checking to see if class MyBatis.entity.MaleEmployee matches criteria [is assignable to Object]
2021-06-10 16:37:28 DEBUG ResolverUtil:287 - Checking to see if class MyBatis.entity.MaleHealthForm matches criteria [is assignable to Object]
2021-06-10 16:37:28 DEBUG ResolverUtil:287 - Checking to see if class MyBatis.entity.PageParams matches criteria [is assignable to Object]
2021-06-10 16:37:28 DEBUG ResolverUtil:287 - Checking to see if class MyBatis.entity.Role matches criteria [is assignable to Object]
2021-06-10 16:37:28 DEBUG ResolverUtil:287 - Checking to see if class MyBatis.entity.RoleParams matches criteria [is assignable to Object]
2021-06-10 16:37:28 DEBUG ResolverUtil:287 - Checking to see if class MyBatis.entity.Task matches criteria [is assignable to Object]
2021-06-10 16:37:28 DEBUG ResolverUtil:287 - Checking to see if class MyBatis.entity.User matches criteria [is assignable to Object]
2021-06-10 16:37:28 DEBUG ResolverUtil:287 - Checking to see if class MyBatis.entity.WorkCard matches criteria [is assignable to Object]
2021-06-10 16:37:28 DEBUG ResolverUtil:287 - Checking to see if class MyBatis.enums.SexEnum matches criteria [is assignable to Object]
2021-06-10 16:37:28 DEBUG ResolverUtil:287 - Checking to see if class MyBatis.mapper.EmployeeMapper matches criteria [is assignable to Object]
2021-06-10 16:37:28 DEBUG ResolverUtil:287 - Checking to see if class MyBatis.mapper.EmployeeTaskMapper matches criteria [is assignable to Object]
2021-06-10 16:37:28 DEBUG ResolverUtil:287 - Checking to see if class MyBatis.mapper.FemaleHealthFormMapper matches criteria [is assignable to Object]
2021-06-10 16:37:28 DEBUG ResolverUtil:287 - Checking to see if class MyBatis.mapper.MaleHealthFormMapper matches criteria [is assignable to Object]
2021-06-10 16:37:28 DEBUG ResolverUtil:287 - Checking to see if class MyBatis.mapper.RoleMapper matches criteria [is assignable to Object]
2021-06-10 16:37:28 DEBUG ResolverUtil:287 - Checking to see if class MyBatis.mapper.TaskMapper matches criteria [is assignable to Object]
2021-06-10 16:37:28 DEBUG ResolverUtil:287 - Checking to see if class MyBatis.mapper.UserMapper matches criteria [is assignable to Object]
2021-06-10 16:37:28 DEBUG ResolverUtil:287 - Checking to see if class MyBatis.mapper.WorkCardMapper matches criteria [is assignable to Object]
2021-06-10 16:37:28 DEBUG ResolverUtil:287 - Checking to see if class MyBatis.test.TestEmployeeMapper matches criteria [is assignable to Object]
2021-06-10 16:37:28 DEBUG ResolverUtil:287 - Checking to see if class MyBatis.test.TestMyBatis matches criteria [is assignable to Object]
2021-06-10 16:37:28 DEBUG ResolverUtil:287 - Checking to see if class MyBatis.test.TestRoleMapper matches criteria [is assignable to Object]
2021-06-10 16:37:28 DEBUG ResolverUtil:287 - Checking to see if class MyBatis.utils.SqlSessionFactoryUtils matches criteria [is assignable to Object]
2021-06-10 16:37:28 DEBUG PooledDataSource:363 - PooledDataSource forcefully closed/removed all connections.
2021-06-10 16:37:28 DEBUG PooledDataSource:363 - PooledDataSource forcefully closed/removed all connections.
2021-06-10 16:37:28 DEBUG PooledDataSource:363 - PooledDataSource forcefully closed/removed all connections.
2021-06-10 16:37:28 DEBUG PooledDataSource:363 - PooledDataSource forcefully closed/removed all connections.
2021-06-10 16:37:29 DEBUG PooledDataSource:434 - Created connection 2033524545.
2021-06-10 16:37:29 DEBUG PooledDataSource:391 - Returned connection 2033524545 to pool.
2021-06-10 16:37:29 DEBUG DefaultVFS:224 - Find JAR URL: file:/F:/JavaProject/JavaMyBatis/target/classes/MyBatis/mapper
2021-06-10 16:37:29 DEBUG DefaultVFS:251 - Not a JAR: file:/F:/JavaProject/JavaMyBatis/target/classes/MyBatis/mapper
2021-06-10 16:37:29 DEBUG DefaultVFS:101 - Reader entry: EmployeeMapper.class
2021-06-10 16:37:29 DEBUG DefaultVFS:101 - Reader entry: EmployeeMapper.xml
2021-06-10 16:37:29 DEBUG DefaultVFS:101 - Reader entry: EmployeeTaskMapper.class
2021-06-10 16:37:29 DEBUG DefaultVFS:101 - Reader entry: EmployeeTaskMapper.xml
2021-06-10 16:37:29 DEBUG DefaultVFS:101 - Reader entry: FemaleHealthFormMapper.class
2021-06-10 16:37:29 DEBUG DefaultVFS:101 - Reader entry: FemaleHealthFormMapper.xml
2021-06-10 16:37:29 DEBUG DefaultVFS:101 - Reader entry: MaleHealthFormMapper.class
2021-06-10 16:37:29 DEBUG DefaultVFS:101 - Reader entry: MaleHealthFormMapper.xml
2021-06-10 16:37:29 DEBUG DefaultVFS:101 - Reader entry: RoleMapper.class
2021-06-10 16:37:29 DEBUG DefaultVFS:101 - Reader entry: RoleMapper.xml
2021-06-10 16:37:29 DEBUG DefaultVFS:101 - Reader entry: TaskMapper.class
2021-06-10 16:37:29 DEBUG DefaultVFS:101 - Reader entry: TaskMapper.xml
2021-06-10 16:37:29 DEBUG DefaultVFS:101 - Reader entry: UserMapper.class
2021-06-10 16:37:29 DEBUG DefaultVFS:101 - Reader entry: UserMapper.xml
2021-06-10 16:37:29 DEBUG DefaultVFS:101 - Reader entry: WorkCardMapper.class
2021-06-10 16:37:29 DEBUG DefaultVFS:101 - Reader entry: WorkCardMapper.xml
2021-06-10 16:37:29 DEBUG DefaultVFS:115 - Listing file:/F:/JavaProject/JavaMyBatis/target/classes/MyBatis/mapper
2021-06-10 16:37:29 DEBUG DefaultVFS:224 - Find JAR URL: file:/F:/JavaProject/JavaMyBatis/target/classes/MyBatis/mapper/EmployeeMapper.class
2021-06-10 16:37:29 DEBUG DefaultVFS:251 - Not a JAR: file:/F:/JavaProject/JavaMyBatis/target/classes/MyBatis/mapper/EmployeeMapper.class
2021-06-10 16:37:29 DEBUG DefaultVFS:101 - Reader entry: ����   4 
2021-06-10 16:37:29 DEBUG DefaultVFS:224 - Find JAR URL: file:/F:/JavaProject/JavaMyBatis/target/classes/MyBatis/mapper/EmployeeMapper.xml
2021-06-10 16:37:29 DEBUG DefaultVFS:251 - Not a JAR: file:/F:/JavaProject/JavaMyBatis/target/classes/MyBatis/mapper/EmployeeMapper.xml
2021-06-10 16:37:29 DEBUG DefaultVFS:101 - Reader entry: <?xml version="1.0" encoding="UTF-8" ?>
2021-06-10 16:37:29 DEBUG DefaultVFS:224 - Find JAR URL: file:/F:/JavaProject/JavaMyBatis/target/classes/MyBatis/mapper/EmployeeTaskMapper.class
2021-06-10 16:37:29 DEBUG DefaultVFS:251 - Not a JAR: file:/F:/JavaProject/JavaMyBatis/target/classes/MyBatis/mapper/EmployeeTaskMapper.class
2021-06-10 16:37:29 DEBUG DefaultVFS:101 - Reader entry: ����   4 	   getEmployeeTaskByEmpId /(Ljava/lang/Long;)LMyBatis/entity/EmployeeTask; 
2021-06-10 16:37:29 DEBUG DefaultVFS:224 - Find JAR URL: file:/F:/JavaProject/JavaMyBatis/target/classes/MyBatis/mapper/EmployeeTaskMapper.xml
2021-06-10 16:37:29 DEBUG DefaultVFS:251 - Not a JAR: file:/F:/JavaProject/JavaMyBatis/target/classes/MyBatis/mapper/EmployeeTaskMapper.xml
2021-06-10 16:37:29 DEBUG DefaultVFS:101 - Reader entry: <?xml version="1.0" encoding="UTF-8" ?>
2021-06-10 16:37:29 DEBUG DefaultVFS:224 - Find JAR URL: file:/F:/JavaProject/JavaMyBatis/target/classes/MyBatis/mapper/FemaleHealthFormMapper.class
2021-06-10 16:37:29 DEBUG DefaultVFS:251 - Not a JAR: file:/F:/JavaProject/JavaMyBatis/target/classes/MyBatis/mapper/FemaleHealthFormMapper.class
2021-06-10 16:37:29 DEBUG DefaultVFS:101 - Reader entry: ����   4 	   getFemaleHealthForm 3(Ljava/lang/Long;)LMyBatis/entity/FemaleHealthForm; 
2021-06-10 16:37:29 DEBUG DefaultVFS:224 - Find JAR URL: file:/F:/JavaProject/JavaMyBatis/target/classes/MyBatis/mapper/FemaleHealthFormMapper.xml
2021-06-10 16:37:29 DEBUG DefaultVFS:251 - Not a JAR: file:/F:/JavaProject/JavaMyBatis/target/classes/MyBatis/mapper/FemaleHealthFormMapper.xml
2021-06-10 16:37:29 DEBUG DefaultVFS:101 - Reader entry: <?xml version="1.0" encoding="UTF-8" ?>
2021-06-10 16:37:29 DEBUG DefaultVFS:224 - Find JAR URL: file:/F:/JavaProject/JavaMyBatis/target/classes/MyBatis/mapper/MaleHealthFormMapper.class
2021-06-10 16:37:29 DEBUG DefaultVFS:251 - Not a JAR: file:/F:/JavaProject/JavaMyBatis/target/classes/MyBatis/mapper/MaleHealthFormMapper.class
2021-06-10 16:37:29 DEBUG DefaultVFS:101 - Reader entry: ����   4 	   getMaleHealthForm 1(Ljava/lang/Long;)LMyBatis/entity/MaleHealthForm; 
2021-06-10 16:37:29 DEBUG DefaultVFS:224 - Find JAR URL: file:/F:/JavaProject/JavaMyBatis/target/classes/MyBatis/mapper/MaleHealthFormMapper.xml
2021-06-10 16:37:29 DEBUG DefaultVFS:251 - Not a JAR: file:/F:/JavaProject/JavaMyBatis/target/classes/MyBatis/mapper/MaleHealthFormMapper.xml
2021-06-10 16:37:29 DEBUG DefaultVFS:101 - Reader entry: <?xml version="1.0" encoding="UTF-8" ?>
2021-06-10 16:37:29 DEBUG DefaultVFS:224 - Find JAR URL: file:/F:/JavaProject/JavaMyBatis/target/classes/MyBatis/mapper/RoleMapper.class
2021-06-10 16:37:29 DEBUG DefaultVFS:251 - Not a JAR: file:/F:/JavaProject/JavaMyBatis/target/classes/MyBatis/mapper/RoleMapper.class
2021-06-10 16:37:29 DEBUG DefaultVFS:101 - Reader entry: ����   4    
2021-06-10 16:37:29 DEBUG DefaultVFS:224 - Find JAR URL: file:/F:/JavaProject/JavaMyBatis/target/classes/MyBatis/mapper/RoleMapper.xml
2021-06-10 16:37:29 DEBUG DefaultVFS:251 - Not a JAR: file:/F:/JavaProject/JavaMyBatis/target/classes/MyBatis/mapper/RoleMapper.xml
2021-06-10 16:37:29 DEBUG DefaultVFS:101 - Reader entry: <?xml version="1.0" encoding="UTF-8" ?>
2021-06-10 16:37:29 DEBUG DefaultVFS:224 - Find JAR URL: file:/F:/JavaProject/JavaMyBatis/target/classes/MyBatis/mapper/TaskMapper.class
2021-06-10 16:37:29 DEBUG DefaultVFS:251 - Not a JAR: file:/F:/JavaProject/JavaMyBatis/target/classes/MyBatis/mapper/TaskMapper.class
2021-06-10 16:37:29 DEBUG DefaultVFS:101 - Reader entry: ����   4 	   getTask '(Ljava/lang/Long;)LMyBatis/entity/Task; 
2021-06-10 16:37:29 DEBUG DefaultVFS:224 - Find JAR URL: file:/F:/JavaProject/JavaMyBatis/target/classes/MyBatis/mapper/TaskMapper.xml
2021-06-10 16:37:29 DEBUG DefaultVFS:251 - Not a JAR: file:/F:/JavaProject/JavaMyBatis/target/classes/MyBatis/mapper/TaskMapper.xml
2021-06-10 16:37:29 DEBUG DefaultVFS:101 - Reader entry: <?xml version="1.0" encoding="UTF-8" ?>
2021-06-10 16:37:29 DEBUG DefaultVFS:224 - Find JAR URL: file:/F:/JavaProject/JavaMyBatis/target/classes/MyBatis/mapper/UserMapper.class
2021-06-10 16:37:29 DEBUG DefaultVFS:251 - Not a JAR: file:/F:/JavaProject/JavaMyBatis/target/classes/MyBatis/mapper/UserMapper.class
2021-06-10 16:37:29 DEBUG DefaultVFS:101 - Reader entry: ����   4 	   getUser '(Ljava/lang/Long;)LMyBatis/entity/User; 
2021-06-10 16:37:29 DEBUG DefaultVFS:224 - Find JAR URL: file:/F:/JavaProject/JavaMyBatis/target/classes/MyBatis/mapper/UserMapper.xml
2021-06-10 16:37:29 DEBUG DefaultVFS:251 - Not a JAR: file:/F:/JavaProject/JavaMyBatis/target/classes/MyBatis/mapper/UserMapper.xml
2021-06-10 16:37:29 DEBUG DefaultVFS:101 - Reader entry: <?xml version="1.0" encoding="UTF-8" ?>
2021-06-10 16:37:29 DEBUG DefaultVFS:224 - Find JAR URL: file:/F:/JavaProject/JavaMyBatis/target/classes/MyBatis/mapper/WorkCardMapper.class
2021-06-10 16:37:29 DEBUG DefaultVFS:251 - Not a JAR: file:/F:/JavaProject/JavaMyBatis/target/classes/MyBatis/mapper/WorkCardMapper.class
2021-06-10 16:37:29 DEBUG DefaultVFS:101 - Reader entry: ����   4 	   getWorkCardByEmpId +(Ljava/lang/Long;)LMyBatis/entity/WorkCard; 
2021-06-10 16:37:29 DEBUG DefaultVFS:224 - Find JAR URL: file:/F:/JavaProject/JavaMyBatis/target/classes/MyBatis/mapper/WorkCardMapper.xml
2021-06-10 16:37:29 DEBUG DefaultVFS:251 - Not a JAR: file:/F:/JavaProject/JavaMyBatis/target/classes/MyBatis/mapper/WorkCardMapper.xml
2021-06-10 16:37:29 DEBUG DefaultVFS:101 - Reader entry: <?xml version="1.0" encoding="UTF-8" ?>
2021-06-10 16:37:29 DEBUG ResolverUtil:287 - Checking to see if class MyBatis.mapper.EmployeeMapper matches criteria [is assignable to Object]
2021-06-10 16:37:29 DEBUG ResolverUtil:287 - Checking to see if class MyBatis.mapper.EmployeeTaskMapper matches criteria [is assignable to Object]
2021-06-10 16:37:29 DEBUG ResolverUtil:287 - Checking to see if class MyBatis.mapper.FemaleHealthFormMapper matches criteria [is assignable to Object]
2021-06-10 16:37:29 DEBUG ResolverUtil:287 - Checking to see if class MyBatis.mapper.MaleHealthFormMapper matches criteria [is assignable to Object]
2021-06-10 16:37:29 DEBUG ResolverUtil:287 - Checking to see if class MyBatis.mapper.RoleMapper matches criteria [is assignable to Object]
2021-06-10 16:37:29 DEBUG ResolverUtil:287 - Checking to see if class MyBatis.mapper.TaskMapper matches criteria [is assignable to Object]
2021-06-10 16:37:29 DEBUG ResolverUtil:287 - Checking to see if class MyBatis.mapper.UserMapper matches criteria [is assignable to Object]
2021-06-10 16:37:29 DEBUG ResolverUtil:287 - Checking to see if class MyBatis.mapper.WorkCardMapper matches criteria [is assignable to Object]
2021-06-10 16:37:29 DEBUG JdbcTransaction:137 - Opening JDBC Connection
2021-06-10 16:37:29 DEBUG PooledDataSource:426 - Checked out connection 2033524545 from pool.
2021-06-10 16:37:29 DEBUG JdbcTransaction:101 - Setting autocommit to false on JDBC Connection [com.mysql.cj.jdbc.ConnectionImpl@79351f41]
2021-06-10 16:37:29 DEBUG getEmployee:137 - ==>  Preparing: select id, real_name as realName, sex, birthday, mobile, email, position, note from t_employee where id = ?
2021-06-10 16:37:29 DEBUG getEmployee:137 - ==> Parameters: 1(Long)
2021-06-10 16:37:30 DEBUG getEmployee:137 - <==      Total: 0
2021-06-10 16:37:53 DEBUG JdbcTransaction:123 - Resetting autocommit to true on JDBC Connection [com.mysql.cj.jdbc.ConnectionImpl@79351f41]
2021-06-10 16:37:53 DEBUG JdbcTransaction:91 - Closing JDBC Connection [com.mysql.cj.jdbc.ConnectionImpl@79351f41]
2021-06-10 16:37:53 DEBUG PooledDataSource:391 - Returned connection 2033524545 to pool.
2021-06-10 16:38:18 DEBUG LogFactory:105 - Logging initialized using 'class org.apache.ibatis.logging.slf4j.Slf4jImpl' adapter.
2021-06-10 16:38:18 DEBUG VFS:116 - Class not found: org.jboss.vfs.VFS
2021-06-10 16:38:18 DEBUG JBoss6VFS:149 - JBoss 6 VFS API is not available in this environment.
2021-06-10 16:38:18 DEBUG VFS:116 - Class not found: org.jboss.vfs.VirtualFile
2021-06-10 16:38:18 DEBUG VFS:64 - VFS implementation org.apache.ibatis.io.JBoss6VFS is not valid in this environment.
2021-06-10 16:38:18 DEBUG VFS:74 - Using VFS adapter org.apache.ibatis.io.DefaultVFS
2021-06-10 16:38:18 DEBUG DefaultVFS:224 - Find JAR URL: file:/F:/JavaProject/JavaMyBatis/target/classes/MyBatis
2021-06-10 16:38:18 DEBUG DefaultVFS:251 - Not a JAR: file:/F:/JavaProject/JavaMyBatis/target/classes/MyBatis
2021-06-10 16:38:18 DEBUG DefaultVFS:101 - Reader entry: entity
2021-06-10 16:38:18 DEBUG DefaultVFS:101 - Reader entry: enums
2021-06-10 16:38:18 DEBUG DefaultVFS:101 - Reader entry: mapper
2021-06-10 16:38:18 DEBUG DefaultVFS:101 - Reader entry: test
2021-06-10 16:38:18 DEBUG DefaultVFS:101 - Reader entry: utils
2021-06-10 16:38:18 DEBUG DefaultVFS:115 - Listing file:/F:/JavaProject/JavaMyBatis/target/classes/MyBatis
2021-06-10 16:38:18 DEBUG DefaultVFS:224 - Find JAR URL: file:/F:/JavaProject/JavaMyBatis/target/classes/MyBatis/entity
2021-06-10 16:38:18 DEBUG DefaultVFS:251 - Not a JAR: file:/F:/JavaProject/JavaMyBatis/target/classes/MyBatis/entity
2021-06-10 16:38:18 DEBUG DefaultVFS:101 - Reader entry: Employee.class
2021-06-10 16:38:18 DEBUG DefaultVFS:101 - Reader entry: EmployeeTask.class
2021-06-10 16:38:18 DEBUG DefaultVFS:101 - Reader entry: FemaleEmployee.class
2021-06-10 16:38:18 DEBUG DefaultVFS:101 - Reader entry: FemaleHealthForm.class
2021-06-10 16:38:18 DEBUG DefaultVFS:101 - Reader entry: HealthForm.class
2021-06-10 16:38:18 DEBUG DefaultVFS:101 - Reader entry: MaleEmployee.class
2021-06-10 16:38:18 DEBUG DefaultVFS:101 - Reader entry: MaleHealthForm.class
2021-06-10 16:38:18 DEBUG DefaultVFS:101 - Reader entry: PageParams.class
2021-06-10 16:38:18 DEBUG DefaultVFS:101 - Reader entry: Role.class
2021-06-10 16:38:18 DEBUG DefaultVFS:101 - Reader entry: RoleParams.class
2021-06-10 16:38:18 DEBUG DefaultVFS:101 - Reader entry: Task.class
2021-06-10 16:38:18 DEBUG DefaultVFS:101 - Reader entry: User.class
2021-06-10 16:38:18 DEBUG DefaultVFS:101 - Reader entry: WorkCard.class
2021-06-10 16:38:18 DEBUG DefaultVFS:115 - Listing file:/F:/JavaProject/JavaMyBatis/target/classes/MyBatis/entity
2021-06-10 16:38:18 DEBUG DefaultVFS:224 - Find JAR URL: file:/F:/JavaProject/JavaMyBatis/target/classes/MyBatis/entity/Employee.class
2021-06-10 16:38:18 DEBUG DefaultVFS:251 - Not a JAR: file:/F:/JavaProject/JavaMyBatis/target/classes/MyBatis/entity/Employee.class
2021-06-10 16:38:18 DEBUG DefaultVFS:101 - Reader entry: ����   4 Y
2021-06-10 16:38:18 DEBUG DefaultVFS:224 - Find JAR URL: file:/F:/JavaProject/JavaMyBatis/target/classes/MyBatis/entity/EmployeeTask.class
2021-06-10 16:38:18 DEBUG DefaultVFS:251 - Not a JAR: file:/F:/JavaProject/JavaMyBatis/target/classes/MyBatis/entity/EmployeeTask.class
2021-06-10 16:38:18 DEBUG DefaultVFS:101 - Reader entry: ����   4 2
2021-06-10 16:38:18 DEBUG DefaultVFS:224 - Find JAR URL: file:/F:/JavaProject/JavaMyBatis/target/classes/MyBatis/entity/FemaleEmployee.class
2021-06-10 16:38:18 DEBUG DefaultVFS:251 - Not a JAR: file:/F:/JavaProject/JavaMyBatis/target/classes/MyBatis/entity/FemaleEmployee.class
2021-06-10 16:38:18 DEBUG DefaultVFS:101 - Reader entry: ����   4 
2021-06-10 16:38:18 DEBUG DefaultVFS:224 - Find JAR URL: file:/F:/JavaProject/JavaMyBatis/target/classes/MyBatis/entity/FemaleHealthForm.class
2021-06-10 16:38:18 DEBUG DefaultVFS:251 - Not a JAR: file:/F:/JavaProject/JavaMyBatis/target/classes/MyBatis/entity/FemaleHealthForm.class
2021-06-10 16:38:18 DEBUG DefaultVFS:101 - Reader entry: ����   4 
2021-06-10 16:38:18 DEBUG DefaultVFS:224 - Find JAR URL: file:/F:/JavaProject/JavaMyBatis/target/classes/MyBatis/entity/HealthForm.class
2021-06-10 16:38:18 DEBUG DefaultVFS:251 - Not a JAR: file:/F:/JavaProject/JavaMyBatis/target/classes/MyBatis/entity/HealthForm.class
2021-06-10 16:38:18 DEBUG DefaultVFS:101 - Reader entry: ����   4 >
2021-06-10 16:38:18 DEBUG DefaultVFS:224 - Find JAR URL: file:/F:/JavaProject/JavaMyBatis/target/classes/MyBatis/entity/MaleEmployee.class
2021-06-10 16:38:18 DEBUG DefaultVFS:251 - Not a JAR: file:/F:/JavaProject/JavaMyBatis/target/classes/MyBatis/entity/MaleEmployee.class
2021-06-10 16:38:18 DEBUG DefaultVFS:101 - Reader entry: ����   4 
2021-06-10 16:38:18 DEBUG DefaultVFS:224 - Find JAR URL: file:/F:/JavaProject/JavaMyBatis/target/classes/MyBatis/entity/MaleHealthForm.class
2021-06-10 16:38:18 DEBUG DefaultVFS:251 - Not a JAR: file:/F:/JavaProject/JavaMyBatis/target/classes/MyBatis/entity/MaleHealthForm.class
2021-06-10 16:38:18 DEBUG DefaultVFS:101 - Reader entry: ����   4 
2021-06-10 16:38:18 DEBUG DefaultVFS:224 - Find JAR URL: file:/F:/JavaProject/JavaMyBatis/target/classes/MyBatis/entity/PageParams.class
2021-06-10 16:38:18 DEBUG DefaultVFS:251 - Not a JAR: file:/F:/JavaProject/JavaMyBatis/target/classes/MyBatis/entity/PageParams.class
2021-06-10 16:38:18 DEBUG DefaultVFS:101 - Reader entry: ����   4 
2021-06-10 16:38:18 DEBUG DefaultVFS:224 - Find JAR URL: file:/F:/JavaProject/JavaMyBatis/target/classes/MyBatis/entity/Role.class
2021-06-10 16:38:18 DEBUG DefaultVFS:251 - Not a JAR: file:/F:/JavaProject/JavaMyBatis/target/classes/MyBatis/entity/Role.class
2021-06-10 16:38:18 DEBUG DefaultVFS:101 - Reader entry: ����   4 #
2021-06-10 16:38:18 DEBUG DefaultVFS:224 - Find JAR URL: file:/F:/JavaProject/JavaMyBatis/target/classes/MyBatis/entity/RoleParams.class
2021-06-10 16:38:18 DEBUG DefaultVFS:251 - Not a JAR: file:/F:/JavaProject/JavaMyBatis/target/classes/MyBatis/entity/RoleParams.class
2021-06-10 16:38:18 DEBUG DefaultVFS:101 - Reader entry: ����   4 
2021-06-10 16:38:18 DEBUG DefaultVFS:224 - Find JAR URL: file:/F:/JavaProject/JavaMyBatis/target/classes/MyBatis/entity/Task.class
2021-06-10 16:38:18 DEBUG DefaultVFS:251 - Not a JAR: file:/F:/JavaProject/JavaMyBatis/target/classes/MyBatis/entity/Task.class
2021-06-10 16:38:18 DEBUG DefaultVFS:101 - Reader entry: ����   4 *
2021-06-10 16:38:18 DEBUG DefaultVFS:224 - Find JAR URL: file:/F:/JavaProject/JavaMyBatis/target/classes/MyBatis/entity/User.class
2021-06-10 16:38:18 DEBUG DefaultVFS:251 - Not a JAR: file:/F:/JavaProject/JavaMyBatis/target/classes/MyBatis/entity/User.class
2021-06-10 16:38:18 DEBUG DefaultVFS:101 - Reader entry: ����   4 A
2021-06-10 16:38:18 DEBUG DefaultVFS:224 - Find JAR URL: file:/F:/JavaProject/JavaMyBatis/target/classes/MyBatis/entity/WorkCard.class
2021-06-10 16:38:18 DEBUG DefaultVFS:251 - Not a JAR: file:/F:/JavaProject/JavaMyBatis/target/classes/MyBatis/entity/WorkCard.class
2021-06-10 16:38:18 DEBUG DefaultVFS:101 - Reader entry: ����   4 9
2021-06-10 16:38:18 DEBUG DefaultVFS:224 - Find JAR URL: file:/F:/JavaProject/JavaMyBatis/target/classes/MyBatis/enums
2021-06-10 16:38:18 DEBUG DefaultVFS:251 - Not a JAR: file:/F:/JavaProject/JavaMyBatis/target/classes/MyBatis/enums
2021-06-10 16:38:18 DEBUG DefaultVFS:101 - Reader entry: SexEnum.class
2021-06-10 16:38:18 DEBUG DefaultVFS:115 - Listing file:/F:/JavaProject/JavaMyBatis/target/classes/MyBatis/enums
2021-06-10 16:38:18 DEBUG DefaultVFS:224 - Find JAR URL: file:/F:/JavaProject/JavaMyBatis/target/classes/MyBatis/enums/SexEnum.class
2021-06-10 16:38:18 DEBUG DefaultVFS:251 - Not a JAR: file:/F:/JavaProject/JavaMyBatis/target/classes/MyBatis/enums/SexEnum.class
2021-06-10 16:38:18 DEBUG DefaultVFS:101 - Reader entry: ����   4 M	  9
2021-06-10 16:38:18 DEBUG DefaultVFS:224 - Find JAR URL: file:/F:/JavaProject/JavaMyBatis/target/classes/MyBatis/mapper
2021-06-10 16:38:18 DEBUG DefaultVFS:251 - Not a JAR: file:/F:/JavaProject/JavaMyBatis/target/classes/MyBatis/mapper
2021-06-10 16:38:18 DEBUG DefaultVFS:101 - Reader entry: EmployeeMapper.class
2021-06-10 16:38:18 DEBUG DefaultVFS:101 - Reader entry: EmployeeMapper.xml
2021-06-10 16:38:18 DEBUG DefaultVFS:101 - Reader entry: EmployeeTaskMapper.class
2021-06-10 16:38:18 DEBUG DefaultVFS:101 - Reader entry: EmployeeTaskMapper.xml
2021-06-10 16:38:18 DEBUG DefaultVFS:101 - Reader entry: FemaleHealthFormMapper.class
2021-06-10 16:38:18 DEBUG DefaultVFS:101 - Reader entry: FemaleHealthFormMapper.xml
2021-06-10 16:38:18 DEBUG DefaultVFS:101 - Reader entry: MaleHealthFormMapper.class
2021-06-10 16:38:18 DEBUG DefaultVFS:101 - Reader entry: MaleHealthFormMapper.xml
2021-06-10 16:38:18 DEBUG DefaultVFS:101 - Reader entry: RoleMapper.class
2021-06-10 16:38:18 DEBUG DefaultVFS:101 - Reader entry: RoleMapper.xml
2021-06-10 16:38:18 DEBUG DefaultVFS:101 - Reader entry: TaskMapper.class
2021-06-10 16:38:18 DEBUG DefaultVFS:101 - Reader entry: TaskMapper.xml
2021-06-10 16:38:18 DEBUG DefaultVFS:101 - Reader entry: UserMapper.class
2021-06-10 16:38:18 DEBUG DefaultVFS:101 - Reader entry: UserMapper.xml
2021-06-10 16:38:18 DEBUG DefaultVFS:101 - Reader entry: WorkCardMapper.class
2021-06-10 16:38:18 DEBUG DefaultVFS:101 - Reader entry: WorkCardMapper.xml
2021-06-10 16:38:18 DEBUG DefaultVFS:115 - Listing file:/F:/JavaProject/JavaMyBatis/target/classes/MyBatis/mapper
2021-06-10 16:38:18 DEBUG DefaultVFS:224 - Find JAR URL: file:/F:/JavaProject/JavaMyBatis/target/classes/MyBatis/mapper/EmployeeMapper.class
2021-06-10 16:38:18 DEBUG DefaultVFS:251 - Not a JAR: file:/F:/JavaProject/JavaMyBatis/target/classes/MyBatis/mapper/EmployeeMapper.class
2021-06-10 16:38:18 DEBUG DefaultVFS:101 - Reader entry: ����   4 
2021-06-10 16:38:18 DEBUG DefaultVFS:224 - Find JAR URL: file:/F:/JavaProject/JavaMyBatis/target/classes/MyBatis/mapper/EmployeeMapper.xml
2021-06-10 16:38:18 DEBUG DefaultVFS:251 - Not a JAR: file:/F:/JavaProject/JavaMyBatis/target/classes/MyBatis/mapper/EmployeeMapper.xml
2021-06-10 16:38:18 DEBUG DefaultVFS:101 - Reader entry: <?xml version="1.0" encoding="UTF-8" ?>
2021-06-10 16:38:18 DEBUG DefaultVFS:224 - Find JAR URL: file:/F:/JavaProject/JavaMyBatis/target/classes/MyBatis/mapper/EmployeeTaskMapper.class
2021-06-10 16:38:18 DEBUG DefaultVFS:251 - Not a JAR: file:/F:/JavaProject/JavaMyBatis/target/classes/MyBatis/mapper/EmployeeTaskMapper.class
2021-06-10 16:38:18 DEBUG DefaultVFS:101 - Reader entry: ����   4 	   getEmployeeTaskByEmpId /(Ljava/lang/Long;)LMyBatis/entity/EmployeeTask; 
2021-06-10 16:38:18 DEBUG DefaultVFS:224 - Find JAR URL: file:/F:/JavaProject/JavaMyBatis/target/classes/MyBatis/mapper/EmployeeTaskMapper.xml
2021-06-10 16:38:18 DEBUG DefaultVFS:251 - Not a JAR: file:/F:/JavaProject/JavaMyBatis/target/classes/MyBatis/mapper/EmployeeTaskMapper.xml
2021-06-10 16:38:18 DEBUG DefaultVFS:101 - Reader entry: <?xml version="1.0" encoding="UTF-8" ?>
2021-06-10 16:38:18 DEBUG DefaultVFS:224 - Find JAR URL: file:/F:/JavaProject/JavaMyBatis/target/classes/MyBatis/mapper/FemaleHealthFormMapper.class
2021-06-10 16:38:18 DEBUG DefaultVFS:251 - Not a JAR: file:/F:/JavaProject/JavaMyBatis/target/classes/MyBatis/mapper/FemaleHealthFormMapper.class
2021-06-10 16:38:18 DEBUG DefaultVFS:101 - Reader entry: ����   4 	   getFemaleHealthForm 3(Ljava/lang/Long;)LMyBatis/entity/FemaleHealthForm; 
2021-06-10 16:38:18 DEBUG DefaultVFS:224 - Find JAR URL: file:/F:/JavaProject/JavaMyBatis/target/classes/MyBatis/mapper/FemaleHealthFormMapper.xml
2021-06-10 16:38:18 DEBUG DefaultVFS:251 - Not a JAR: file:/F:/JavaProject/JavaMyBatis/target/classes/MyBatis/mapper/FemaleHealthFormMapper.xml
2021-06-10 16:38:18 DEBUG DefaultVFS:101 - Reader entry: <?xml version="1.0" encoding="UTF-8" ?>
2021-06-10 16:38:18 DEBUG DefaultVFS:224 - Find JAR URL: file:/F:/JavaProject/JavaMyBatis/target/classes/MyBatis/mapper/MaleHealthFormMapper.class
2021-06-10 16:38:18 DEBUG DefaultVFS:251 - Not a JAR: file:/F:/JavaProject/JavaMyBatis/target/classes/MyBatis/mapper/MaleHealthFormMapper.class
2021-06-10 16:38:18 DEBUG DefaultVFS:101 - Reader entry: ����   4 	   getMaleHealthForm 1(Ljava/lang/Long;)LMyBatis/entity/MaleHealthForm; 
2021-06-10 16:38:18 DEBUG DefaultVFS:224 - Find JAR URL: file:/F:/JavaProject/JavaMyBatis/target/classes/MyBatis/mapper/MaleHealthFormMapper.xml
2021-06-10 16:38:18 DEBUG DefaultVFS:251 - Not a JAR: file:/F:/JavaProject/JavaMyBatis/target/classes/MyBatis/mapper/MaleHealthFormMapper.xml
2021-06-10 16:38:18 DEBUG DefaultVFS:101 - Reader entry: <?xml version="1.0" encoding="UTF-8" ?>
2021-06-10 16:38:18 DEBUG DefaultVFS:224 - Find JAR URL: file:/F:/JavaProject/JavaMyBatis/target/classes/MyBatis/mapper/RoleMapper.class
2021-06-10 16:38:18 DEBUG DefaultVFS:251 - Not a JAR: file:/F:/JavaProject/JavaMyBatis/target/classes/MyBatis/mapper/RoleMapper.class
2021-06-10 16:38:18 DEBUG DefaultVFS:101 - Reader entry: ����   4    
2021-06-10 16:38:18 DEBUG DefaultVFS:224 - Find JAR URL: file:/F:/JavaProject/JavaMyBatis/target/classes/MyBatis/mapper/RoleMapper.xml
2021-06-10 16:38:18 DEBUG DefaultVFS:251 - Not a JAR: file:/F:/JavaProject/JavaMyBatis/target/classes/MyBatis/mapper/RoleMapper.xml
2021-06-10 16:38:18 DEBUG DefaultVFS:101 - Reader entry: <?xml version="1.0" encoding="UTF-8" ?>
2021-06-10 16:38:18 DEBUG DefaultVFS:224 - Find JAR URL: file:/F:/JavaProject/JavaMyBatis/target/classes/MyBatis/mapper/TaskMapper.class
2021-06-10 16:38:18 DEBUG DefaultVFS:251 - Not a JAR: file:/F:/JavaProject/JavaMyBatis/target/classes/MyBatis/mapper/TaskMapper.class
2021-06-10 16:38:18 DEBUG DefaultVFS:101 - Reader entry: ����   4 	   getTask '(Ljava/lang/Long;)LMyBatis/entity/Task; 
2021-06-10 16:38:18 DEBUG DefaultVFS:224 - Find JAR URL: file:/F:/JavaProject/JavaMyBatis/target/classes/MyBatis/mapper/TaskMapper.xml
2021-06-10 16:38:18 DEBUG DefaultVFS:251 - Not a JAR: file:/F:/JavaProject/JavaMyBatis/target/classes/MyBatis/mapper/TaskMapper.xml
2021-06-10 16:38:18 DEBUG DefaultVFS:101 - Reader entry: <?xml version="1.0" encoding="UTF-8" ?>
2021-06-10 16:38:18 DEBUG DefaultVFS:224 - Find JAR URL: file:/F:/JavaProject/JavaMyBatis/target/classes/MyBatis/mapper/UserMapper.class
2021-06-10 16:38:18 DEBUG DefaultVFS:251 - Not a JAR: file:/F:/JavaProject/JavaMyBatis/target/classes/MyBatis/mapper/UserMapper.class
2021-06-10 16:38:18 DEBUG DefaultVFS:101 - Reader entry: ����   4 	   getUser '(Ljava/lang/Long;)LMyBatis/entity/User; 
2021-06-10 16:38:18 DEBUG DefaultVFS:224 - Find JAR URL: file:/F:/JavaProject/JavaMyBatis/target/classes/MyBatis/mapper/UserMapper.xml
2021-06-10 16:38:18 DEBUG DefaultVFS:251 - Not a JAR: file:/F:/JavaProject/JavaMyBatis/target/classes/MyBatis/mapper/UserMapper.xml
2021-06-10 16:38:18 DEBUG DefaultVFS:101 - Reader entry: <?xml version="1.0" encoding="UTF-8" ?>
2021-06-10 16:38:18 DEBUG DefaultVFS:224 - Find JAR URL: file:/F:/JavaProject/JavaMyBatis/target/classes/MyBatis/mapper/WorkCardMapper.class
2021-06-10 16:38:18 DEBUG DefaultVFS:251 - Not a JAR: file:/F:/JavaProject/JavaMyBatis/target/classes/MyBatis/mapper/WorkCardMapper.class
2021-06-10 16:38:18 DEBUG DefaultVFS:101 - Reader entry: ����   4 	   getWorkCardByEmpId +(Ljava/lang/Long;)LMyBatis/entity/WorkCard; 
2021-06-10 16:38:18 DEBUG DefaultVFS:224 - Find JAR URL: file:/F:/JavaProject/JavaMyBatis/target/classes/MyBatis/mapper/WorkCardMapper.xml
2021-06-10 16:38:18 DEBUG DefaultVFS:251 - Not a JAR: file:/F:/JavaProject/JavaMyBatis/target/classes/MyBatis/mapper/WorkCardMapper.xml
2021-06-10 16:38:18 DEBUG DefaultVFS:101 - Reader entry: <?xml version="1.0" encoding="UTF-8" ?>
2021-06-10 16:38:18 DEBUG DefaultVFS:224 - Find JAR URL: file:/F:/JavaProject/JavaMyBatis/target/classes/MyBatis/test
2021-06-10 16:38:18 DEBUG DefaultVFS:251 - Not a JAR: file:/F:/JavaProject/JavaMyBatis/target/classes/MyBatis/test
2021-06-10 16:38:18 DEBUG DefaultVFS:101 - Reader entry: TestEmployeeMapper.class
2021-06-10 16:38:18 DEBUG DefaultVFS:101 - Reader entry: TestMyBatis.class
2021-06-10 16:38:18 DEBUG DefaultVFS:101 - Reader entry: TestRoleMapper.class
2021-06-10 16:38:18 DEBUG DefaultVFS:115 - Listing file:/F:/JavaProject/JavaMyBatis/target/classes/MyBatis/test
2021-06-10 16:38:18 DEBUG DefaultVFS:224 - Find JAR URL: file:/F:/JavaProject/JavaMyBatis/target/classes/MyBatis/test/TestEmployeeMapper.class
2021-06-10 16:38:18 DEBUG DefaultVFS:251 - Not a JAR: file:/F:/JavaProject/JavaMyBatis/target/classes/MyBatis/test/TestEmployeeMapper.class
2021-06-10 16:38:18 DEBUG DefaultVFS:101 - Reader entry: ����   4 F
2021-06-10 16:38:18 DEBUG DefaultVFS:224 - Find JAR URL: file:/F:/JavaProject/JavaMyBatis/target/classes/MyBatis/test/TestMyBatis.class
2021-06-10 16:38:18 DEBUG DefaultVFS:251 - Not a JAR: file:/F:/JavaProject/JavaMyBatis/target/classes/MyBatis/test/TestMyBatis.class
2021-06-10 16:38:18 DEBUG DefaultVFS:101 - Reader entry: ����   4 >
2021-06-10 16:38:18 DEBUG DefaultVFS:224 - Find JAR URL: file:/F:/JavaProject/JavaMyBatis/target/classes/MyBatis/test/TestRoleMapper.class
2021-06-10 16:38:18 DEBUG DefaultVFS:251 - Not a JAR: file:/F:/JavaProject/JavaMyBatis/target/classes/MyBatis/test/TestRoleMapper.class
2021-06-10 16:38:18 DEBUG DefaultVFS:101 - Reader entry: ����   4 �
2021-06-10 16:38:18 DEBUG DefaultVFS:224 - Find JAR URL: file:/F:/JavaProject/JavaMyBatis/target/classes/MyBatis/utils
2021-06-10 16:38:18 DEBUG DefaultVFS:251 - Not a JAR: file:/F:/JavaProject/JavaMyBatis/target/classes/MyBatis/utils
2021-06-10 16:38:18 DEBUG DefaultVFS:101 - Reader entry: SqlSessionFactoryUtils.class
2021-06-10 16:38:18 DEBUG DefaultVFS:115 - Listing file:/F:/JavaProject/JavaMyBatis/target/classes/MyBatis/utils
2021-06-10 16:38:18 DEBUG DefaultVFS:224 - Find JAR URL: file:/F:/JavaProject/JavaMyBatis/target/classes/MyBatis/utils/SqlSessionFactoryUtils.class
2021-06-10 16:38:18 DEBUG DefaultVFS:251 - Not a JAR: file:/F:/JavaProject/JavaMyBatis/target/classes/MyBatis/utils/SqlSessionFactoryUtils.class
2021-06-10 16:38:18 DEBUG DefaultVFS:101 - Reader entry: ����   4 I
2021-06-10 16:38:18 DEBUG ResolverUtil:287 - Checking to see if class MyBatis.entity.Employee matches criteria [is assignable to Object]
2021-06-10 16:38:18 DEBUG ResolverUtil:287 - Checking to see if class MyBatis.entity.EmployeeTask matches criteria [is assignable to Object]
2021-06-10 16:38:18 DEBUG ResolverUtil:287 - Checking to see if class MyBatis.entity.FemaleEmployee matches criteria [is assignable to Object]
2021-06-10 16:38:18 DEBUG ResolverUtil:287 - Checking to see if class MyBatis.entity.FemaleHealthForm matches criteria [is assignable to Object]
2021-06-10 16:38:18 DEBUG ResolverUtil:287 - Checking to see if class MyBatis.entity.HealthForm matches criteria [is assignable to Object]
2021-06-10 16:38:18 DEBUG ResolverUtil:287 - Checking to see if class MyBatis.entity.MaleEmployee matches criteria [is assignable to Object]
2021-06-10 16:38:18 DEBUG ResolverUtil:287 - Checking to see if class MyBatis.entity.MaleHealthForm matches criteria [is assignable to Object]
2021-06-10 16:38:18 DEBUG ResolverUtil:287 - Checking to see if class MyBatis.entity.PageParams matches criteria [is assignable to Object]
2021-06-10 16:38:18 DEBUG ResolverUtil:287 - Checking to see if class MyBatis.entity.Role matches criteria [is assignable to Object]
2021-06-10 16:38:18 DEBUG ResolverUtil:287 - Checking to see if class MyBatis.entity.RoleParams matches criteria [is assignable to Object]
2021-06-10 16:38:18 DEBUG ResolverUtil:287 - Checking to see if class MyBatis.entity.Task matches criteria [is assignable to Object]
2021-06-10 16:38:18 DEBUG ResolverUtil:287 - Checking to see if class MyBatis.entity.User matches criteria [is assignable to Object]
2021-06-10 16:38:18 DEBUG ResolverUtil:287 - Checking to see if class MyBatis.entity.WorkCard matches criteria [is assignable to Object]
2021-06-10 16:38:18 DEBUG ResolverUtil:287 - Checking to see if class MyBatis.enums.SexEnum matches criteria [is assignable to Object]
2021-06-10 16:38:18 DEBUG ResolverUtil:287 - Checking to see if class MyBatis.mapper.EmployeeMapper matches criteria [is assignable to Object]
2021-06-10 16:38:18 DEBUG ResolverUtil:287 - Checking to see if class MyBatis.mapper.EmployeeTaskMapper matches criteria [is assignable to Object]
2021-06-10 16:38:18 DEBUG ResolverUtil:287 - Checking to see if class MyBatis.mapper.FemaleHealthFormMapper matches criteria [is assignable to Object]
2021-06-10 16:38:19 DEBUG ResolverUtil:287 - Checking to see if class MyBatis.mapper.MaleHealthFormMapper matches criteria [is assignable to Object]
2021-06-10 16:38:19 DEBUG ResolverUtil:287 - Checking to see if class MyBatis.mapper.RoleMapper matches criteria [is assignable to Object]
2021-06-10 16:38:19 DEBUG ResolverUtil:287 - Checking to see if class MyBatis.mapper.TaskMapper matches criteria [is assignable to Object]
2021-06-10 16:38:19 DEBUG ResolverUtil:287 - Checking to see if class MyBatis.mapper.UserMapper matches criteria [is assignable to Object]
2021-06-10 16:38:19 DEBUG ResolverUtil:287 - Checking to see if class MyBatis.mapper.WorkCardMapper matches criteria [is assignable to Object]
2021-06-10 16:38:19 DEBUG ResolverUtil:287 - Checking to see if class MyBatis.test.TestEmployeeMapper matches criteria [is assignable to Object]
2021-06-10 16:38:19 DEBUG ResolverUtil:287 - Checking to see if class MyBatis.test.TestMyBatis matches criteria [is assignable to Object]
2021-06-10 16:38:19 DEBUG ResolverUtil:287 - Checking to see if class MyBatis.test.TestRoleMapper matches criteria [is assignable to Object]
2021-06-10 16:38:19 DEBUG ResolverUtil:287 - Checking to see if class MyBatis.utils.SqlSessionFactoryUtils matches criteria [is assignable to Object]
2021-06-10 16:38:19 DEBUG PooledDataSource:363 - PooledDataSource forcefully closed/removed all connections.
2021-06-10 16:38:19 DEBUG PooledDataSource:363 - PooledDataSource forcefully closed/removed all connections.
2021-06-10 16:38:19 DEBUG PooledDataSource:363 - PooledDataSource forcefully closed/removed all connections.
2021-06-10 16:38:19 DEBUG PooledDataSource:363 - PooledDataSource forcefully closed/removed all connections.
2021-06-10 16:38:20 DEBUG PooledDataSource:434 - Created connection 2033524545.
2021-06-10 16:38:20 DEBUG PooledDataSource:391 - Returned connection 2033524545 to pool.
2021-06-10 16:38:20 DEBUG DefaultVFS:224 - Find JAR URL: file:/F:/JavaProject/JavaMyBatis/target/classes/MyBatis/mapper
2021-06-10 16:38:20 DEBUG DefaultVFS:251 - Not a JAR: file:/F:/JavaProject/JavaMyBatis/target/classes/MyBatis/mapper
2021-06-10 16:38:20 DEBUG DefaultVFS:101 - Reader entry: EmployeeMapper.class
2021-06-10 16:38:20 DEBUG DefaultVFS:101 - Reader entry: EmployeeMapper.xml
2021-06-10 16:38:20 DEBUG DefaultVFS:101 - Reader entry: EmployeeTaskMapper.class
2021-06-10 16:38:20 DEBUG DefaultVFS:101 - Reader entry: EmployeeTaskMapper.xml
2021-06-10 16:38:20 DEBUG DefaultVFS:101 - Reader entry: FemaleHealthFormMapper.class
2021-06-10 16:38:20 DEBUG DefaultVFS:101 - Reader entry: FemaleHealthFormMapper.xml
2021-06-10 16:38:20 DEBUG DefaultVFS:101 - Reader entry: MaleHealthFormMapper.class
2021-06-10 16:38:20 DEBUG DefaultVFS:101 - Reader entry: MaleHealthFormMapper.xml
2021-06-10 16:38:20 DEBUG DefaultVFS:101 - Reader entry: RoleMapper.class
2021-06-10 16:38:20 DEBUG DefaultVFS:101 - Reader entry: RoleMapper.xml
2021-06-10 16:38:20 DEBUG DefaultVFS:101 - Reader entry: TaskMapper.class
2021-06-10 16:38:20 DEBUG DefaultVFS:101 - Reader entry: TaskMapper.xml
2021-06-10 16:38:20 DEBUG DefaultVFS:101 - Reader entry: UserMapper.class
2021-06-10 16:38:20 DEBUG DefaultVFS:101 - Reader entry: UserMapper.xml
2021-06-10 16:38:20 DEBUG DefaultVFS:101 - Reader entry: WorkCardMapper.class
2021-06-10 16:38:20 DEBUG DefaultVFS:101 - Reader entry: WorkCardMapper.xml
2021-06-10 16:38:20 DEBUG DefaultVFS:115 - Listing file:/F:/JavaProject/JavaMyBatis/target/classes/MyBatis/mapper
2021-06-10 16:38:20 DEBUG DefaultVFS:224 - Find JAR URL: file:/F:/JavaProject/JavaMyBatis/target/classes/MyBatis/mapper/EmployeeMapper.class
2021-06-10 16:38:20 DEBUG DefaultVFS:251 - Not a JAR: file:/F:/JavaProject/JavaMyBatis/target/classes/MyBatis/mapper/EmployeeMapper.class
2021-06-10 16:38:20 DEBUG DefaultVFS:101 - Reader entry: ����   4 
2021-06-10 16:38:20 DEBUG DefaultVFS:224 - Find JAR URL: file:/F:/JavaProject/JavaMyBatis/target/classes/MyBatis/mapper/EmployeeMapper.xml
2021-06-10 16:38:20 DEBUG DefaultVFS:251 - Not a JAR: file:/F:/JavaProject/JavaMyBatis/target/classes/MyBatis/mapper/EmployeeMapper.xml
2021-06-10 16:38:20 DEBUG DefaultVFS:101 - Reader entry: <?xml version="1.0" encoding="UTF-8" ?>
2021-06-10 16:38:20 DEBUG DefaultVFS:224 - Find JAR URL: file:/F:/JavaProject/JavaMyBatis/target/classes/MyBatis/mapper/EmployeeTaskMapper.class
2021-06-10 16:38:20 DEBUG DefaultVFS:251 - Not a JAR: file:/F:/JavaProject/JavaMyBatis/target/classes/MyBatis/mapper/EmployeeTaskMapper.class
2021-06-10 16:38:20 DEBUG DefaultVFS:101 - Reader entry: ����   4 	   getEmployeeTaskByEmpId /(Ljava/lang/Long;)LMyBatis/entity/EmployeeTask; 
2021-06-10 16:38:20 DEBUG DefaultVFS:224 - Find JAR URL: file:/F:/JavaProject/JavaMyBatis/target/classes/MyBatis/mapper/EmployeeTaskMapper.xml
2021-06-10 16:38:20 DEBUG DefaultVFS:251 - Not a JAR: file:/F:/JavaProject/JavaMyBatis/target/classes/MyBatis/mapper/EmployeeTaskMapper.xml
2021-06-10 16:38:20 DEBUG DefaultVFS:101 - Reader entry: <?xml version="1.0" encoding="UTF-8" ?>
2021-06-10 16:38:20 DEBUG DefaultVFS:224 - Find JAR URL: file:/F:/JavaProject/JavaMyBatis/target/classes/MyBatis/mapper/FemaleHealthFormMapper.class
2021-06-10 16:38:20 DEBUG DefaultVFS:251 - Not a JAR: file:/F:/JavaProject/JavaMyBatis/target/classes/MyBatis/mapper/FemaleHealthFormMapper.class
2021-06-10 16:38:20 DEBUG DefaultVFS:101 - Reader entry: ����   4 	   getFemaleHealthForm 3(Ljava/lang/Long;)LMyBatis/entity/FemaleHealthForm; 
2021-06-10 16:38:20 DEBUG DefaultVFS:224 - Find JAR URL: file:/F:/JavaProject/JavaMyBatis/target/classes/MyBatis/mapper/FemaleHealthFormMapper.xml
2021-06-10 16:38:20 DEBUG DefaultVFS:251 - Not a JAR: file:/F:/JavaProject/JavaMyBatis/target/classes/MyBatis/mapper/FemaleHealthFormMapper.xml
2021-06-10 16:38:20 DEBUG DefaultVFS:101 - Reader entry: <?xml version="1.0" encoding="UTF-8" ?>
2021-06-10 16:38:20 DEBUG DefaultVFS:224 - Find JAR URL: file:/F:/JavaProject/JavaMyBatis/target/classes/MyBatis/mapper/MaleHealthFormMapper.class
2021-06-10 16:38:20 DEBUG DefaultVFS:251 - Not a JAR: file:/F:/JavaProject/JavaMyBatis/target/classes/MyBatis/mapper/MaleHealthFormMapper.class
2021-06-10 16:38:20 DEBUG DefaultVFS:101 - Reader entry: ����   4 	   getMaleHealthForm 1(Ljava/lang/Long;)LMyBatis/entity/MaleHealthForm; 
2021-06-10 16:38:20 DEBUG DefaultVFS:224 - Find JAR URL: file:/F:/JavaProject/JavaMyBatis/target/classes/MyBatis/mapper/MaleHealthFormMapper.xml
2021-06-10 16:38:20 DEBUG DefaultVFS:251 - Not a JAR: file:/F:/JavaProject/JavaMyBatis/target/classes/MyBatis/mapper/MaleHealthFormMapper.xml
2021-06-10 16:38:20 DEBUG DefaultVFS:101 - Reader entry: <?xml version="1.0" encoding="UTF-8" ?>
2021-06-10 16:38:20 DEBUG DefaultVFS:224 - Find JAR URL: file:/F:/JavaProject/JavaMyBatis/target/classes/MyBatis/mapper/RoleMapper.class
2021-06-10 16:38:20 DEBUG DefaultVFS:251 - Not a JAR: file:/F:/JavaProject/JavaMyBatis/target/classes/MyBatis/mapper/RoleMapper.class
2021-06-10 16:38:20 DEBUG DefaultVFS:101 - Reader entry: ����   4    
2021-06-10 16:38:20 DEBUG DefaultVFS:224 - Find JAR URL: file:/F:/JavaProject/JavaMyBatis/target/classes/MyBatis/mapper/RoleMapper.xml
2021-06-10 16:38:20 DEBUG DefaultVFS:251 - Not a JAR: file:/F:/JavaProject/JavaMyBatis/target/classes/MyBatis/mapper/RoleMapper.xml
2021-06-10 16:38:20 DEBUG DefaultVFS:101 - Reader entry: <?xml version="1.0" encoding="UTF-8" ?>
2021-06-10 16:38:20 DEBUG DefaultVFS:224 - Find JAR URL: file:/F:/JavaProject/JavaMyBatis/target/classes/MyBatis/mapper/TaskMapper.class
2021-06-10 16:38:20 DEBUG DefaultVFS:251 - Not a JAR: file:/F:/JavaProject/JavaMyBatis/target/classes/MyBatis/mapper/TaskMapper.class
2021-06-10 16:38:20 DEBUG DefaultVFS:101 - Reader entry: ����   4 	   getTask '(Ljava/lang/Long;)LMyBatis/entity/Task; 
2021-06-10 16:38:20 DEBUG DefaultVFS:224 - Find JAR URL: file:/F:/JavaProject/JavaMyBatis/target/classes/MyBatis/mapper/TaskMapper.xml
2021-06-10 16:38:20 DEBUG DefaultVFS:251 - Not a JAR: file:/F:/JavaProject/JavaMyBatis/target/classes/MyBatis/mapper/TaskMapper.xml
2021-06-10 16:38:20 DEBUG DefaultVFS:101 - Reader entry: <?xml version="1.0" encoding="UTF-8" ?>
2021-06-10 16:38:20 DEBUG DefaultVFS:224 - Find JAR URL: file:/F:/JavaProject/JavaMyBatis/target/classes/MyBatis/mapper/UserMapper.class
2021-06-10 16:38:20 DEBUG DefaultVFS:251 - Not a JAR: file:/F:/JavaProject/JavaMyBatis/target/classes/MyBatis/mapper/UserMapper.class
2021-06-10 16:38:20 DEBUG DefaultVFS:101 - Reader entry: ����   4 	   getUser '(Ljava/lang/Long;)LMyBatis/entity/User; 
2021-06-10 16:38:20 DEBUG DefaultVFS:224 - Find JAR URL: file:/F:/JavaProject/JavaMyBatis/target/classes/MyBatis/mapper/UserMapper.xml
2021-06-10 16:38:20 DEBUG DefaultVFS:251 - Not a JAR: file:/F:/JavaProject/JavaMyBatis/target/classes/MyBatis/mapper/UserMapper.xml
2021-06-10 16:38:20 DEBUG DefaultVFS:101 - Reader entry: <?xml version="1.0" encoding="UTF-8" ?>
2021-06-10 16:38:20 DEBUG DefaultVFS:224 - Find JAR URL: file:/F:/JavaProject/JavaMyBatis/target/classes/MyBatis/mapper/WorkCardMapper.class
2021-06-10 16:38:20 DEBUG DefaultVFS:251 - Not a JAR: file:/F:/JavaProject/JavaMyBatis/target/classes/MyBatis/mapper/WorkCardMapper.class
2021-06-10 16:38:20 DEBUG DefaultVFS:101 - Reader entry: ����   4 	   getWorkCardByEmpId +(Ljava/lang/Long;)LMyBatis/entity/WorkCard; 
2021-06-10 16:38:20 DEBUG DefaultVFS:224 - Find JAR URL: file:/F:/JavaProject/JavaMyBatis/target/classes/MyBatis/mapper/WorkCardMapper.xml
2021-06-10 16:38:20 DEBUG DefaultVFS:251 - Not a JAR: file:/F:/JavaProject/JavaMyBatis/target/classes/MyBatis/mapper/WorkCardMapper.xml
2021-06-10 16:38:20 DEBUG DefaultVFS:101 - Reader entry: <?xml version="1.0" encoding="UTF-8" ?>
2021-06-10 16:38:20 DEBUG ResolverUtil:287 - Checking to see if class MyBatis.mapper.EmployeeMapper matches criteria [is assignable to Object]
2021-06-10 16:38:20 DEBUG ResolverUtil:287 - Checking to see if class MyBatis.mapper.EmployeeTaskMapper matches criteria [is assignable to Object]
2021-06-10 16:38:20 DEBUG ResolverUtil:287 - Checking to see if class MyBatis.mapper.FemaleHealthFormMapper matches criteria [is assignable to Object]
2021-06-10 16:38:20 DEBUG ResolverUtil:287 - Checking to see if class MyBatis.mapper.MaleHealthFormMapper matches criteria [is assignable to Object]
2021-06-10 16:38:20 DEBUG ResolverUtil:287 - Checking to see if class MyBatis.mapper.RoleMapper matches criteria [is assignable to Object]
2021-06-10 16:38:20 DEBUG ResolverUtil:287 - Checking to see if class MyBatis.mapper.TaskMapper matches criteria [is assignable to Object]
2021-06-10 16:38:20 DEBUG ResolverUtil:287 - Checking to see if class MyBatis.mapper.UserMapper matches criteria [is assignable to Object]
2021-06-10 16:38:20 DEBUG ResolverUtil:287 - Checking to see if class MyBatis.mapper.WorkCardMapper matches criteria [is assignable to Object]
2021-06-10 16:38:20 DEBUG JdbcTransaction:137 - Opening JDBC Connection
2021-06-10 16:38:20 DEBUG PooledDataSource:426 - Checked out connection 2033524545 from pool.
2021-06-10 16:38:20 DEBUG JdbcTransaction:101 - Setting autocommit to false on JDBC Connection [com.mysql.cj.jdbc.ConnectionImpl@79351f41]
2021-06-10 16:38:20 DEBUG getEmployee:137 - ==>  Preparing: select id, real_name as realName, sex, birthday, mobile, email, position, note from t_employee where id = ?
2021-06-10 16:38:20 DEBUG getEmployee:137 - ==> Parameters: 1(Long)
2021-06-10 16:38:20 DEBUG getEmployee:137 - <==      Total: 0
2021-06-10 16:38:40 DEBUG JdbcTransaction:123 - Resetting autocommit to true on JDBC Connection [com.mysql.cj.jdbc.ConnectionImpl@79351f41]
2021-06-10 16:38:40 DEBUG JdbcTransaction:91 - Closing JDBC Connection [com.mysql.cj.jdbc.ConnectionImpl@79351f41]
2021-06-10 16:38:40 DEBUG PooledDataSource:391 - Returned connection 2033524545 to pool.
2021-06-10 16:39:07 DEBUG LogFactory:105 - Logging initialized using 'class org.apache.ibatis.logging.slf4j.Slf4jImpl' adapter.
2021-06-10 16:39:07 DEBUG VFS:116 - Class not found: org.jboss.vfs.VFS
2021-06-10 16:39:07 DEBUG JBoss6VFS:149 - JBoss 6 VFS API is not available in this environment.
2021-06-10 16:39:07 DEBUG VFS:116 - Class not found: org.jboss.vfs.VirtualFile
2021-06-10 16:39:07 DEBUG VFS:64 - VFS implementation org.apache.ibatis.io.JBoss6VFS is not valid in this environment.
2021-06-10 16:39:07 DEBUG VFS:74 - Using VFS adapter org.apache.ibatis.io.DefaultVFS
2021-06-10 16:39:07 DEBUG DefaultVFS:224 - Find JAR URL: file:/F:/JavaProject/JavaMyBatis/target/classes/MyBatis
2021-06-10 16:39:07 DEBUG DefaultVFS:251 - Not a JAR: file:/F:/JavaProject/JavaMyBatis/target/classes/MyBatis
2021-06-10 16:39:07 DEBUG DefaultVFS:101 - Reader entry: entity
2021-06-10 16:39:07 DEBUG DefaultVFS:101 - Reader entry: enums
2021-06-10 16:39:07 DEBUG DefaultVFS:101 - Reader entry: mapper
2021-06-10 16:39:07 DEBUG DefaultVFS:101 - Reader entry: test
2021-06-10 16:39:07 DEBUG DefaultVFS:101 - Reader entry: utils
2021-06-10 16:39:07 DEBUG DefaultVFS:115 - Listing file:/F:/JavaProject/JavaMyBatis/target/classes/MyBatis
2021-06-10 16:39:07 DEBUG DefaultVFS:224 - Find JAR URL: file:/F:/JavaProject/JavaMyBatis/target/classes/MyBatis/entity
2021-06-10 16:39:07 DEBUG DefaultVFS:251 - Not a JAR: file:/F:/JavaProject/JavaMyBatis/target/classes/MyBatis/entity
2021-06-10 16:39:07 DEBUG DefaultVFS:101 - Reader entry: Employee.class
2021-06-10 16:39:07 DEBUG DefaultVFS:101 - Reader entry: EmployeeTask.class
2021-06-10 16:39:07 DEBUG DefaultVFS:101 - Reader entry: FemaleEmployee.class
2021-06-10 16:39:07 DEBUG DefaultVFS:101 - Reader entry: FemaleHealthForm.class
2021-06-10 16:39:07 DEBUG DefaultVFS:101 - Reader entry: HealthForm.class
2021-06-10 16:39:07 DEBUG DefaultVFS:101 - Reader entry: MaleEmployee.class
2021-06-10 16:39:07 DEBUG DefaultVFS:101 - Reader entry: MaleHealthForm.class
2021-06-10 16:39:07 DEBUG DefaultVFS:101 - Reader entry: PageParams.class
2021-06-10 16:39:07 DEBUG DefaultVFS:101 - Reader entry: Role.class
2021-06-10 16:39:07 DEBUG DefaultVFS:101 - Reader entry: RoleParams.class
2021-06-10 16:39:07 DEBUG DefaultVFS:101 - Reader entry: Task.class
2021-06-10 16:39:07 DEBUG DefaultVFS:101 - Reader entry: User.class
2021-06-10 16:39:07 DEBUG DefaultVFS:101 - Reader entry: WorkCard.class
2021-06-10 16:39:07 DEBUG DefaultVFS:115 - Listing file:/F:/JavaProject/JavaMyBatis/target/classes/MyBatis/entity
2021-06-10 16:39:07 DEBUG DefaultVFS:224 - Find JAR URL: file:/F:/JavaProject/JavaMyBatis/target/classes/MyBatis/entity/Employee.class
2021-06-10 16:39:07 DEBUG DefaultVFS:251 - Not a JAR: file:/F:/JavaProject/JavaMyBatis/target/classes/MyBatis/entity/Employee.class
2021-06-10 16:39:07 DEBUG DefaultVFS:101 - Reader entry: ����   4 Y
2021-06-10 16:39:07 DEBUG DefaultVFS:224 - Find JAR URL: file:/F:/JavaProject/JavaMyBatis/target/classes/MyBatis/entity/EmployeeTask.class
2021-06-10 16:39:07 DEBUG DefaultVFS:251 - Not a JAR: file:/F:/JavaProject/JavaMyBatis/target/classes/MyBatis/entity/EmployeeTask.class
2021-06-10 16:39:07 DEBUG DefaultVFS:101 - Reader entry: ����   4 2
2021-06-10 16:39:07 DEBUG DefaultVFS:224 - Find JAR URL: file:/F:/JavaProject/JavaMyBatis/target/classes/MyBatis/entity/FemaleEmployee.class
2021-06-10 16:39:07 DEBUG DefaultVFS:251 - Not a JAR: file:/F:/JavaProject/JavaMyBatis/target/classes/MyBatis/entity/FemaleEmployee.class
2021-06-10 16:39:07 DEBUG DefaultVFS:101 - Reader entry: ����   4 
2021-06-10 16:39:07 DEBUG DefaultVFS:224 - Find JAR URL: file:/F:/JavaProject/JavaMyBatis/target/classes/MyBatis/entity/FemaleHealthForm.class
2021-06-10 16:39:07 DEBUG DefaultVFS:251 - Not a JAR: file:/F:/JavaProject/JavaMyBatis/target/classes/MyBatis/entity/FemaleHealthForm.class
2021-06-10 16:39:07 DEBUG DefaultVFS:101 - Reader entry: ����   4 
2021-06-10 16:39:07 DEBUG DefaultVFS:224 - Find JAR URL: file:/F:/JavaProject/JavaMyBatis/target/classes/MyBatis/entity/HealthForm.class
2021-06-10 16:39:07 DEBUG DefaultVFS:251 - Not a JAR: file:/F:/JavaProject/JavaMyBatis/target/classes/MyBatis/entity/HealthForm.class
2021-06-10 16:39:07 DEBUG DefaultVFS:101 - Reader entry: ����   4 >
2021-06-10 16:39:07 DEBUG DefaultVFS:224 - Find JAR URL: file:/F:/JavaProject/JavaMyBatis/target/classes/MyBatis/entity/MaleEmployee.class
2021-06-10 16:39:07 DEBUG DefaultVFS:251 - Not a JAR: file:/F:/JavaProject/JavaMyBatis/target/classes/MyBatis/entity/MaleEmployee.class
2021-06-10 16:39:07 DEBUG DefaultVFS:101 - Reader entry: ����   4 
2021-06-10 16:39:07 DEBUG DefaultVFS:224 - Find JAR URL: file:/F:/JavaProject/JavaMyBatis/target/classes/MyBatis/entity/MaleHealthForm.class
2021-06-10 16:39:07 DEBUG DefaultVFS:251 - Not a JAR: file:/F:/JavaProject/JavaMyBatis/target/classes/MyBatis/entity/MaleHealthForm.class
2021-06-10 16:39:07 DEBUG DefaultVFS:101 - Reader entry: ����   4 
2021-06-10 16:39:07 DEBUG DefaultVFS:224 - Find JAR URL: file:/F:/JavaProject/JavaMyBatis/target/classes/MyBatis/entity/PageParams.class
2021-06-10 16:39:07 DEBUG DefaultVFS:251 - Not a JAR: file:/F:/JavaProject/JavaMyBatis/target/classes/MyBatis/entity/PageParams.class
2021-06-10 16:39:07 DEBUG DefaultVFS:101 - Reader entry: ����   4 
2021-06-10 16:39:07 DEBUG DefaultVFS:224 - Find JAR URL: file:/F:/JavaProject/JavaMyBatis/target/classes/MyBatis/entity/Role.class
2021-06-10 16:39:07 DEBUG DefaultVFS:251 - Not a JAR: file:/F:/JavaProject/JavaMyBatis/target/classes/MyBatis/entity/Role.class
2021-06-10 16:39:07 DEBUG DefaultVFS:101 - Reader entry: ����   4 #
2021-06-10 16:39:07 DEBUG DefaultVFS:224 - Find JAR URL: file:/F:/JavaProject/JavaMyBatis/target/classes/MyBatis/entity/RoleParams.class
2021-06-10 16:39:07 DEBUG DefaultVFS:251 - Not a JAR: file:/F:/JavaProject/JavaMyBatis/target/classes/MyBatis/entity/RoleParams.class
2021-06-10 16:39:07 DEBUG DefaultVFS:101 - Reader entry: ����   4 
2021-06-10 16:39:07 DEBUG DefaultVFS:224 - Find JAR URL: file:/F:/JavaProject/JavaMyBatis/target/classes/MyBatis/entity/Task.class
2021-06-10 16:39:07 DEBUG DefaultVFS:251 - Not a JAR: file:/F:/JavaProject/JavaMyBatis/target/classes/MyBatis/entity/Task.class
2021-06-10 16:39:07 DEBUG DefaultVFS:101 - Reader entry: ����   4 *
2021-06-10 16:39:07 DEBUG DefaultVFS:224 - Find JAR URL: file:/F:/JavaProject/JavaMyBatis/target/classes/MyBatis/entity/User.class
2021-06-10 16:39:07 DEBUG DefaultVFS:251 - Not a JAR: file:/F:/JavaProject/JavaMyBatis/target/classes/MyBatis/entity/User.class
2021-06-10 16:39:07 DEBUG DefaultVFS:101 - Reader entry: ����   4 A
2021-06-10 16:39:07 DEBUG DefaultVFS:224 - Find JAR URL: file:/F:/JavaProject/JavaMyBatis/target/classes/MyBatis/entity/WorkCard.class
2021-06-10 16:39:07 DEBUG DefaultVFS:251 - Not a JAR: file:/F:/JavaProject/JavaMyBatis/target/classes/MyBatis/entity/WorkCard.class
2021-06-10 16:39:07 DEBUG DefaultVFS:101 - Reader entry: ����   4 9
2021-06-10 16:39:07 DEBUG DefaultVFS:224 - Find JAR URL: file:/F:/JavaProject/JavaMyBatis/target/classes/MyBatis/enums
2021-06-10 16:39:07 DEBUG DefaultVFS:251 - Not a JAR: file:/F:/JavaProject/JavaMyBatis/target/classes/MyBatis/enums
2021-06-10 16:39:07 DEBUG DefaultVFS:101 - Reader entry: SexEnum.class
2021-06-10 16:39:07 DEBUG DefaultVFS:115 - Listing file:/F:/JavaProject/JavaMyBatis/target/classes/MyBatis/enums
2021-06-10 16:39:07 DEBUG DefaultVFS:224 - Find JAR URL: file:/F:/JavaProject/JavaMyBatis/target/classes/MyBatis/enums/SexEnum.class
2021-06-10 16:39:07 DEBUG DefaultVFS:251 - Not a JAR: file:/F:/JavaProject/JavaMyBatis/target/classes/MyBatis/enums/SexEnum.class
2021-06-10 16:39:07 DEBUG DefaultVFS:101 - Reader entry: ����   4 M	  9
2021-06-10 16:39:07 DEBUG DefaultVFS:224 - Find JAR URL: file:/F:/JavaProject/JavaMyBatis/target/classes/MyBatis/mapper
2021-06-10 16:39:07 DEBUG DefaultVFS:251 - Not a JAR: file:/F:/JavaProject/JavaMyBatis/target/classes/MyBatis/mapper
2021-06-10 16:39:07 DEBUG DefaultVFS:101 - Reader entry: EmployeeMapper.class
2021-06-10 16:39:07 DEBUG DefaultVFS:101 - Reader entry: EmployeeMapper.xml
2021-06-10 16:39:07 DEBUG DefaultVFS:101 - Reader entry: EmployeeTaskMapper.class
2021-06-10 16:39:07 DEBUG DefaultVFS:101 - Reader entry: EmployeeTaskMapper.xml
2021-06-10 16:39:07 DEBUG DefaultVFS:101 - Reader entry: FemaleHealthFormMapper.class
2021-06-10 16:39:07 DEBUG DefaultVFS:101 - Reader entry: FemaleHealthFormMapper.xml
2021-06-10 16:39:07 DEBUG DefaultVFS:101 - Reader entry: MaleHealthFormMapper.class
2021-06-10 16:39:07 DEBUG DefaultVFS:101 - Reader entry: MaleHealthFormMapper.xml
2021-06-10 16:39:07 DEBUG DefaultVFS:101 - Reader entry: RoleMapper.class
2021-06-10 16:39:07 DEBUG DefaultVFS:101 - Reader entry: RoleMapper.xml
2021-06-10 16:39:07 DEBUG DefaultVFS:101 - Reader entry: TaskMapper.class
2021-06-10 16:39:07 DEBUG DefaultVFS:101 - Reader entry: TaskMapper.xml
2021-06-10 16:39:07 DEBUG DefaultVFS:101 - Reader entry: UserMapper.class
2021-06-10 16:39:07 DEBUG DefaultVFS:101 - Reader entry: UserMapper.xml
2021-06-10 16:39:07 DEBUG DefaultVFS:101 - Reader entry: WorkCardMapper.class
2021-06-10 16:39:07 DEBUG DefaultVFS:101 - Reader entry: WorkCardMapper.xml
2021-06-10 16:39:07 DEBUG DefaultVFS:115 - Listing file:/F:/JavaProject/JavaMyBatis/target/classes/MyBatis/mapper
2021-06-10 16:39:07 DEBUG DefaultVFS:224 - Find JAR URL: file:/F:/JavaProject/JavaMyBatis/target/classes/MyBatis/mapper/EmployeeMapper.class
2021-06-10 16:39:07 DEBUG DefaultVFS:251 - Not a JAR: file:/F:/JavaProject/JavaMyBatis/target/classes/MyBatis/mapper/EmployeeMapper.class
2021-06-10 16:39:07 DEBUG DefaultVFS:101 - Reader entry: ����   4 
2021-06-10 16:39:07 DEBUG DefaultVFS:224 - Find JAR URL: file:/F:/JavaProject/JavaMyBatis/target/classes/MyBatis/mapper/EmployeeMapper.xml
2021-06-10 16:39:07 DEBUG DefaultVFS:251 - Not a JAR: file:/F:/JavaProject/JavaMyBatis/target/classes/MyBatis/mapper/EmployeeMapper.xml
2021-06-10 16:39:07 DEBUG DefaultVFS:101 - Reader entry: <?xml version="1.0" encoding="UTF-8" ?>
2021-06-10 16:39:07 DEBUG DefaultVFS:224 - Find JAR URL: file:/F:/JavaProject/JavaMyBatis/target/classes/MyBatis/mapper/EmployeeTaskMapper.class
2021-06-10 16:39:07 DEBUG DefaultVFS:251 - Not a JAR: file:/F:/JavaProject/JavaMyBatis/target/classes/MyBatis/mapper/EmployeeTaskMapper.class
2021-06-10 16:39:07 DEBUG DefaultVFS:101 - Reader entry: ����   4 	   getEmployeeTaskByEmpId /(Ljava/lang/Long;)LMyBatis/entity/EmployeeTask; 
2021-06-10 16:39:07 DEBUG DefaultVFS:224 - Find JAR URL: file:/F:/JavaProject/JavaMyBatis/target/classes/MyBatis/mapper/EmployeeTaskMapper.xml
2021-06-10 16:39:07 DEBUG DefaultVFS:251 - Not a JAR: file:/F:/JavaProject/JavaMyBatis/target/classes/MyBatis/mapper/EmployeeTaskMapper.xml
2021-06-10 16:39:07 DEBUG DefaultVFS:101 - Reader entry: <?xml version="1.0" encoding="UTF-8" ?>
2021-06-10 16:39:07 DEBUG DefaultVFS:224 - Find JAR URL: file:/F:/JavaProject/JavaMyBatis/target/classes/MyBatis/mapper/FemaleHealthFormMapper.class
2021-06-10 16:39:07 DEBUG DefaultVFS:251 - Not a JAR: file:/F:/JavaProject/JavaMyBatis/target/classes/MyBatis/mapper/FemaleHealthFormMapper.class
2021-06-10 16:39:07 DEBUG DefaultVFS:101 - Reader entry: ����   4 	   getFemaleHealthForm 3(Ljava/lang/Long;)LMyBatis/entity/FemaleHealthForm; 
2021-06-10 16:39:07 DEBUG DefaultVFS:224 - Find JAR URL: file:/F:/JavaProject/JavaMyBatis/target/classes/MyBatis/mapper/FemaleHealthFormMapper.xml
2021-06-10 16:39:07 DEBUG DefaultVFS:251 - Not a JAR: file:/F:/JavaProject/JavaMyBatis/target/classes/MyBatis/mapper/FemaleHealthFormMapper.xml
2021-06-10 16:39:07 DEBUG DefaultVFS:101 - Reader entry: <?xml version="1.0" encoding="UTF-8" ?>
2021-06-10 16:39:07 DEBUG DefaultVFS:224 - Find JAR URL: file:/F:/JavaProject/JavaMyBatis/target/classes/MyBatis/mapper/MaleHealthFormMapper.class
2021-06-10 16:39:07 DEBUG DefaultVFS:251 - Not a JAR: file:/F:/JavaProject/JavaMyBatis/target/classes/MyBatis/mapper/MaleHealthFormMapper.class
2021-06-10 16:39:07 DEBUG DefaultVFS:101 - Reader entry: ����   4 	   getMaleHealthForm 1(Ljava/lang/Long;)LMyBatis/entity/MaleHealthForm; 
2021-06-10 16:39:07 DEBUG DefaultVFS:224 - Find JAR URL: file:/F:/JavaProject/JavaMyBatis/target/classes/MyBatis/mapper/MaleHealthFormMapper.xml
2021-06-10 16:39:07 DEBUG DefaultVFS:251 - Not a JAR: file:/F:/JavaProject/JavaMyBatis/target/classes/MyBatis/mapper/MaleHealthFormMapper.xml
2021-06-10 16:39:07 DEBUG DefaultVFS:101 - Reader entry: <?xml version="1.0" encoding="UTF-8" ?>
2021-06-10 16:39:07 DEBUG DefaultVFS:224 - Find JAR URL: file:/F:/JavaProject/JavaMyBatis/target/classes/MyBatis/mapper/RoleMapper.class
2021-06-10 16:39:07 DEBUG DefaultVFS:251 - Not a JAR: file:/F:/JavaProject/JavaMyBatis/target/classes/MyBatis/mapper/RoleMapper.class
2021-06-10 16:39:07 DEBUG DefaultVFS:101 - Reader entry: ����   4    
2021-06-10 16:39:07 DEBUG DefaultVFS:224 - Find JAR URL: file:/F:/JavaProject/JavaMyBatis/target/classes/MyBatis/mapper/RoleMapper.xml
2021-06-10 16:39:07 DEBUG DefaultVFS:251 - Not a JAR: file:/F:/JavaProject/JavaMyBatis/target/classes/MyBatis/mapper/RoleMapper.xml
2021-06-10 16:39:07 DEBUG DefaultVFS:101 - Reader entry: <?xml version="1.0" encoding="UTF-8" ?>
2021-06-10 16:39:07 DEBUG DefaultVFS:224 - Find JAR URL: file:/F:/JavaProject/JavaMyBatis/target/classes/MyBatis/mapper/TaskMapper.class
2021-06-10 16:39:07 DEBUG DefaultVFS:251 - Not a JAR: file:/F:/JavaProject/JavaMyBatis/target/classes/MyBatis/mapper/TaskMapper.class
2021-06-10 16:39:07 DEBUG DefaultVFS:101 - Reader entry: ����   4 	   getTask '(Ljava/lang/Long;)LMyBatis/entity/Task; 
2021-06-10 16:39:07 DEBUG DefaultVFS:224 - Find JAR URL: file:/F:/JavaProject/JavaMyBatis/target/classes/MyBatis/mapper/TaskMapper.xml
2021-06-10 16:39:07 DEBUG DefaultVFS:251 - Not a JAR: file:/F:/JavaProject/JavaMyBatis/target/classes/MyBatis/mapper/TaskMapper.xml
2021-06-10 16:39:07 DEBUG DefaultVFS:101 - Reader entry: <?xml version="1.0" encoding="UTF-8" ?>
2021-06-10 16:39:07 DEBUG DefaultVFS:224 - Find JAR URL: file:/F:/JavaProject/JavaMyBatis/target/classes/MyBatis/mapper/UserMapper.class
2021-06-10 16:39:07 DEBUG DefaultVFS:251 - Not a JAR: file:/F:/JavaProject/JavaMyBatis/target/classes/MyBatis/mapper/UserMapper.class
2021-06-10 16:39:07 DEBUG DefaultVFS:101 - Reader entry: ����   4 	   getUser '(Ljava/lang/Long;)LMyBatis/entity/User; 
2021-06-10 16:39:07 DEBUG DefaultVFS:224 - Find JAR URL: file:/F:/JavaProject/JavaMyBatis/target/classes/MyBatis/mapper/UserMapper.xml
2021-06-10 16:39:07 DEBUG DefaultVFS:251 - Not a JAR: file:/F:/JavaProject/JavaMyBatis/target/classes/MyBatis/mapper/UserMapper.xml
2021-06-10 16:39:07 DEBUG DefaultVFS:101 - Reader entry: <?xml version="1.0" encoding="UTF-8" ?>
2021-06-10 16:39:07 DEBUG DefaultVFS:224 - Find JAR URL: file:/F:/JavaProject/JavaMyBatis/target/classes/MyBatis/mapper/WorkCardMapper.class
2021-06-10 16:39:07 DEBUG DefaultVFS:251 - Not a JAR: file:/F:/JavaProject/JavaMyBatis/target/classes/MyBatis/mapper/WorkCardMapper.class
2021-06-10 16:39:07 DEBUG DefaultVFS:101 - Reader entry: ����   4 	   getWorkCardByEmpId +(Ljava/lang/Long;)LMyBatis/entity/WorkCard; 
2021-06-10 16:39:07 DEBUG DefaultVFS:224 - Find JAR URL: file:/F:/JavaProject/JavaMyBatis/target/classes/MyBatis/mapper/WorkCardMapper.xml
2021-06-10 16:39:07 DEBUG DefaultVFS:251 - Not a JAR: file:/F:/JavaProject/JavaMyBatis/target/classes/MyBatis/mapper/WorkCardMapper.xml
2021-06-10 16:39:07 DEBUG DefaultVFS:101 - Reader entry: <?xml version="1.0" encoding="UTF-8" ?>
2021-06-10 16:39:07 DEBUG DefaultVFS:224 - Find JAR URL: file:/F:/JavaProject/JavaMyBatis/target/classes/MyBatis/test
2021-06-10 16:39:07 DEBUG DefaultVFS:251 - Not a JAR: file:/F:/JavaProject/JavaMyBatis/target/classes/MyBatis/test
2021-06-10 16:39:07 DEBUG DefaultVFS:101 - Reader entry: TestEmployeeMapper.class
2021-06-10 16:39:07 DEBUG DefaultVFS:101 - Reader entry: TestMyBatis.class
2021-06-10 16:39:07 DEBUG DefaultVFS:101 - Reader entry: TestRoleMapper.class
2021-06-10 16:39:07 DEBUG DefaultVFS:115 - Listing file:/F:/JavaProject/JavaMyBatis/target/classes/MyBatis/test
2021-06-10 16:39:07 DEBUG DefaultVFS:224 - Find JAR URL: file:/F:/JavaProject/JavaMyBatis/target/classes/MyBatis/test/TestEmployeeMapper.class
2021-06-10 16:39:07 DEBUG DefaultVFS:251 - Not a JAR: file:/F:/JavaProject/JavaMyBatis/target/classes/MyBatis/test/TestEmployeeMapper.class
2021-06-10 16:39:07 DEBUG DefaultVFS:101 - Reader entry: ����   4 @
2021-06-10 16:39:07 DEBUG DefaultVFS:224 - Find JAR URL: file:/F:/JavaProject/JavaMyBatis/target/classes/MyBatis/test/TestMyBatis.class
2021-06-10 16:39:07 DEBUG DefaultVFS:251 - Not a JAR: file:/F:/JavaProject/JavaMyBatis/target/classes/MyBatis/test/TestMyBatis.class
2021-06-10 16:39:07 DEBUG DefaultVFS:101 - Reader entry: ����   4 >
2021-06-10 16:39:07 DEBUG DefaultVFS:224 - Find JAR URL: file:/F:/JavaProject/JavaMyBatis/target/classes/MyBatis/test/TestRoleMapper.class
2021-06-10 16:39:07 DEBUG DefaultVFS:251 - Not a JAR: file:/F:/JavaProject/JavaMyBatis/target/classes/MyBatis/test/TestRoleMapper.class
2021-06-10 16:39:07 DEBUG DefaultVFS:101 - Reader entry: ����   4 �
2021-06-10 16:39:07 DEBUG DefaultVFS:224 - Find JAR URL: file:/F:/JavaProject/JavaMyBatis/target/classes/MyBatis/utils
2021-06-10 16:39:07 DEBUG DefaultVFS:251 - Not a JAR: file:/F:/JavaProject/JavaMyBatis/target/classes/MyBatis/utils
2021-06-10 16:39:07 DEBUG DefaultVFS:101 - Reader entry: SqlSessionFactoryUtils.class
2021-06-10 16:39:07 DEBUG DefaultVFS:115 - Listing file:/F:/JavaProject/JavaMyBatis/target/classes/MyBatis/utils
2021-06-10 16:39:07 DEBUG DefaultVFS:224 - Find JAR URL: file:/F:/JavaProject/JavaMyBatis/target/classes/MyBatis/utils/SqlSessionFactoryUtils.class
2021-06-10 16:39:07 DEBUG DefaultVFS:251 - Not a JAR: file:/F:/JavaProject/JavaMyBatis/target/classes/MyBatis/utils/SqlSessionFactoryUtils.class
2021-06-10 16:39:07 DEBUG DefaultVFS:101 - Reader entry: ����   4 I
2021-06-10 16:39:07 DEBUG ResolverUtil:287 - Checking to see if class MyBatis.entity.Employee matches criteria [is assignable to Object]
2021-06-10 16:39:07 DEBUG ResolverUtil:287 - Checking to see if class MyBatis.entity.EmployeeTask matches criteria [is assignable to Object]
2021-06-10 16:39:07 DEBUG ResolverUtil:287 - Checking to see if class MyBatis.entity.FemaleEmployee matches criteria [is assignable to Object]
2021-06-10 16:39:07 DEBUG ResolverUtil:287 - Checking to see if class MyBatis.entity.FemaleHealthForm matches criteria [is assignable to Object]
2021-06-10 16:39:07 DEBUG ResolverUtil:287 - Checking to see if class MyBatis.entity.HealthForm matches criteria [is assignable to Object]
2021-06-10 16:39:07 DEBUG ResolverUtil:287 - Checking to see if class MyBatis.entity.MaleEmployee matches criteria [is assignable to Object]
2021-06-10 16:39:07 DEBUG ResolverUtil:287 - Checking to see if class MyBatis.entity.MaleHealthForm matches criteria [is assignable to Object]
2021-06-10 16:39:07 DEBUG ResolverUtil:287 - Checking to see if class MyBatis.entity.PageParams matches criteria [is assignable to Object]
2021-06-10 16:39:07 DEBUG ResolverUtil:287 - Checking to see if class MyBatis.entity.Role matches criteria [is assignable to Object]
2021-06-10 16:39:07 DEBUG ResolverUtil:287 - Checking to see if class MyBatis.entity.RoleParams matches criteria [is assignable to Object]
2021-06-10 16:39:07 DEBUG ResolverUtil:287 - Checking to see if class MyBatis.entity.Task matches criteria [is assignable to Object]
2021-06-10 16:39:07 DEBUG ResolverUtil:287 - Checking to see if class MyBatis.entity.User matches criteria [is assignable to Object]
2021-06-10 16:39:07 DEBUG ResolverUtil:287 - Checking to see if class MyBatis.entity.WorkCard matches criteria [is assignable to Object]
2021-06-10 16:39:07 DEBUG ResolverUtil:287 - Checking to see if class MyBatis.enums.SexEnum matches criteria [is assignable to Object]
2021-06-10 16:39:07 DEBUG ResolverUtil:287 - Checking to see if class MyBatis.mapper.EmployeeMapper matches criteria [is assignable to Object]
2021-06-10 16:39:07 DEBUG ResolverUtil:287 - Checking to see if class MyBatis.mapper.EmployeeTaskMapper matches criteria [is assignable to Object]
2021-06-10 16:39:07 DEBUG ResolverUtil:287 - Checking to see if class MyBatis.mapper.FemaleHealthFormMapper matches criteria [is assignable to Object]
2021-06-10 16:39:07 DEBUG ResolverUtil:287 - Checking to see if class MyBatis.mapper.MaleHealthFormMapper matches criteria [is assignable to Object]
2021-06-10 16:39:07 DEBUG ResolverUtil:287 - Checking to see if class MyBatis.mapper.RoleMapper matches criteria [is assignable to Object]
2021-06-10 16:39:07 DEBUG ResolverUtil:287 - Checking to see if class MyBatis.mapper.TaskMapper matches criteria [is assignable to Object]
2021-06-10 16:39:07 DEBUG ResolverUtil:287 - Checking to see if class MyBatis.mapper.UserMapper matches criteria [is assignable to Object]
2021-06-10 16:39:07 DEBUG ResolverUtil:287 - Checking to see if class MyBatis.mapper.WorkCardMapper matches criteria [is assignable to Object]
2021-06-10 16:39:07 DEBUG ResolverUtil:287 - Checking to see if class MyBatis.test.TestEmployeeMapper matches criteria [is assignable to Object]
2021-06-10 16:39:07 DEBUG ResolverUtil:287 - Checking to see if class MyBatis.test.TestMyBatis matches criteria [is assignable to Object]
2021-06-10 16:39:07 DEBUG ResolverUtil:287 - Checking to see if class MyBatis.test.TestRoleMapper matches criteria [is assignable to Object]
2021-06-10 16:39:07 DEBUG ResolverUtil:287 - Checking to see if class MyBatis.utils.SqlSessionFactoryUtils matches criteria [is assignable to Object]
2021-06-10 16:39:07 DEBUG PooledDataSource:363 - PooledDataSource forcefully closed/removed all connections.
2021-06-10 16:39:07 DEBUG PooledDataSource:363 - PooledDataSource forcefully closed/removed all connections.
2021-06-10 16:39:07 DEBUG PooledDataSource:363 - PooledDataSource forcefully closed/removed all connections.
2021-06-10 16:39:07 DEBUG PooledDataSource:363 - PooledDataSource forcefully closed/removed all connections.
2021-06-10 16:39:08 DEBUG PooledDataSource:434 - Created connection 2033524545.
2021-06-10 16:39:08 DEBUG PooledDataSource:391 - Returned connection 2033524545 to pool.
2021-06-10 16:39:08 DEBUG DefaultVFS:224 - Find JAR URL: file:/F:/JavaProject/JavaMyBatis/target/classes/MyBatis/mapper
2021-06-10 16:39:08 DEBUG DefaultVFS:251 - Not a JAR: file:/F:/JavaProject/JavaMyBatis/target/classes/MyBatis/mapper
2021-06-10 16:39:08 DEBUG DefaultVFS:101 - Reader entry: EmployeeMapper.class
2021-06-10 16:39:08 DEBUG DefaultVFS:101 - Reader entry: EmployeeMapper.xml
2021-06-10 16:39:08 DEBUG DefaultVFS:101 - Reader entry: EmployeeTaskMapper.class
2021-06-10 16:39:08 DEBUG DefaultVFS:101 - Reader entry: EmployeeTaskMapper.xml
2021-06-10 16:39:08 DEBUG DefaultVFS:101 - Reader entry: FemaleHealthFormMapper.class
2021-06-10 16:39:08 DEBUG DefaultVFS:101 - Reader entry: FemaleHealthFormMapper.xml
2021-06-10 16:39:08 DEBUG DefaultVFS:101 - Reader entry: MaleHealthFormMapper.class
2021-06-10 16:39:08 DEBUG DefaultVFS:101 - Reader entry: MaleHealthFormMapper.xml
2021-06-10 16:39:08 DEBUG DefaultVFS:101 - Reader entry: RoleMapper.class
2021-06-10 16:39:08 DEBUG DefaultVFS:101 - Reader entry: RoleMapper.xml
2021-06-10 16:39:08 DEBUG DefaultVFS:101 - Reader entry: TaskMapper.class
2021-06-10 16:39:08 DEBUG DefaultVFS:101 - Reader entry: TaskMapper.xml
2021-06-10 16:39:08 DEBUG DefaultVFS:101 - Reader entry: UserMapper.class
2021-06-10 16:39:08 DEBUG DefaultVFS:101 - Reader entry: UserMapper.xml
2021-06-10 16:39:08 DEBUG DefaultVFS:101 - Reader entry: WorkCardMapper.class
2021-06-10 16:39:08 DEBUG DefaultVFS:101 - Reader entry: WorkCardMapper.xml
2021-06-10 16:39:08 DEBUG DefaultVFS:115 - Listing file:/F:/JavaProject/JavaMyBatis/target/classes/MyBatis/mapper
2021-06-10 16:39:08 DEBUG DefaultVFS:224 - Find JAR URL: file:/F:/JavaProject/JavaMyBatis/target/classes/MyBatis/mapper/EmployeeMapper.class
2021-06-10 16:39:08 DEBUG DefaultVFS:251 - Not a JAR: file:/F:/JavaProject/JavaMyBatis/target/classes/MyBatis/mapper/EmployeeMapper.class
2021-06-10 16:39:08 DEBUG DefaultVFS:101 - Reader entry: ����   4 
2021-06-10 16:39:08 DEBUG DefaultVFS:224 - Find JAR URL: file:/F:/JavaProject/JavaMyBatis/target/classes/MyBatis/mapper/EmployeeMapper.xml
2021-06-10 16:39:08 DEBUG DefaultVFS:251 - Not a JAR: file:/F:/JavaProject/JavaMyBatis/target/classes/MyBatis/mapper/EmployeeMapper.xml
2021-06-10 16:39:08 DEBUG DefaultVFS:101 - Reader entry: <?xml version="1.0" encoding="UTF-8" ?>
2021-06-10 16:39:08 DEBUG DefaultVFS:224 - Find JAR URL: file:/F:/JavaProject/JavaMyBatis/target/classes/MyBatis/mapper/EmployeeTaskMapper.class
2021-06-10 16:39:08 DEBUG DefaultVFS:251 - Not a JAR: file:/F:/JavaProject/JavaMyBatis/target/classes/MyBatis/mapper/EmployeeTaskMapper.class
2021-06-10 16:39:08 DEBUG DefaultVFS:101 - Reader entry: ����   4 	   getEmployeeTaskByEmpId /(Ljava/lang/Long;)LMyBatis/entity/EmployeeTask; 
2021-06-10 16:39:08 DEBUG DefaultVFS:224 - Find JAR URL: file:/F:/JavaProject/JavaMyBatis/target/classes/MyBatis/mapper/EmployeeTaskMapper.xml
2021-06-10 16:39:08 DEBUG DefaultVFS:251 - Not a JAR: file:/F:/JavaProject/JavaMyBatis/target/classes/MyBatis/mapper/EmployeeTaskMapper.xml
2021-06-10 16:39:08 DEBUG DefaultVFS:101 - Reader entry: <?xml version="1.0" encoding="UTF-8" ?>
2021-06-10 16:39:08 DEBUG DefaultVFS:224 - Find JAR URL: file:/F:/JavaProject/JavaMyBatis/target/classes/MyBatis/mapper/FemaleHealthFormMapper.class
2021-06-10 16:39:08 DEBUG DefaultVFS:251 - Not a JAR: file:/F:/JavaProject/JavaMyBatis/target/classes/MyBatis/mapper/FemaleHealthFormMapper.class
2021-06-10 16:39:08 DEBUG DefaultVFS:101 - Reader entry: ����   4 	   getFemaleHealthForm 3(Ljava/lang/Long;)LMyBatis/entity/FemaleHealthForm; 
2021-06-10 16:39:08 DEBUG DefaultVFS:224 - Find JAR URL: file:/F:/JavaProject/JavaMyBatis/target/classes/MyBatis/mapper/FemaleHealthFormMapper.xml
2021-06-10 16:39:08 DEBUG DefaultVFS:251 - Not a JAR: file:/F:/JavaProject/JavaMyBatis/target/classes/MyBatis/mapper/FemaleHealthFormMapper.xml
2021-06-10 16:39:08 DEBUG DefaultVFS:101 - Reader entry: <?xml version="1.0" encoding="UTF-8" ?>
2021-06-10 16:39:08 DEBUG DefaultVFS:224 - Find JAR URL: file:/F:/JavaProject/JavaMyBatis/target/classes/MyBatis/mapper/MaleHealthFormMapper.class
2021-06-10 16:39:08 DEBUG DefaultVFS:251 - Not a JAR: file:/F:/JavaProject/JavaMyBatis/target/classes/MyBatis/mapper/MaleHealthFormMapper.class
2021-06-10 16:39:08 DEBUG DefaultVFS:101 - Reader entry: ����   4 	   getMaleHealthForm 1(Ljava/lang/Long;)LMyBatis/entity/MaleHealthForm; 
2021-06-10 16:39:08 DEBUG DefaultVFS:224 - Find JAR URL: file:/F:/JavaProject/JavaMyBatis/target/classes/MyBatis/mapper/MaleHealthFormMapper.xml
2021-06-10 16:39:08 DEBUG DefaultVFS:251 - Not a JAR: file:/F:/JavaProject/JavaMyBatis/target/classes/MyBatis/mapper/MaleHealthFormMapper.xml
2021-06-10 16:39:08 DEBUG DefaultVFS:101 - Reader entry: <?xml version="1.0" encoding="UTF-8" ?>
2021-06-10 16:39:08 DEBUG DefaultVFS:224 - Find JAR URL: file:/F:/JavaProject/JavaMyBatis/target/classes/MyBatis/mapper/RoleMapper.class
2021-06-10 16:39:08 DEBUG DefaultVFS:251 - Not a JAR: file:/F:/JavaProject/JavaMyBatis/target/classes/MyBatis/mapper/RoleMapper.class
2021-06-10 16:39:08 DEBUG DefaultVFS:101 - Reader entry: ����   4    
2021-06-10 16:39:08 DEBUG DefaultVFS:224 - Find JAR URL: file:/F:/JavaProject/JavaMyBatis/target/classes/MyBatis/mapper/RoleMapper.xml
2021-06-10 16:39:08 DEBUG DefaultVFS:251 - Not a JAR: file:/F:/JavaProject/JavaMyBatis/target/classes/MyBatis/mapper/RoleMapper.xml
2021-06-10 16:39:08 DEBUG DefaultVFS:101 - Reader entry: <?xml version="1.0" encoding="UTF-8" ?>
2021-06-10 16:39:08 DEBUG DefaultVFS:224 - Find JAR URL: file:/F:/JavaProject/JavaMyBatis/target/classes/MyBatis/mapper/TaskMapper.class
2021-06-10 16:39:08 DEBUG DefaultVFS:251 - Not a JAR: file:/F:/JavaProject/JavaMyBatis/target/classes/MyBatis/mapper/TaskMapper.class
2021-06-10 16:39:08 DEBUG DefaultVFS:101 - Reader entry: ����   4 	   getTask '(Ljava/lang/Long;)LMyBatis/entity/Task; 
2021-06-10 16:39:08 DEBUG DefaultVFS:224 - Find JAR URL: file:/F:/JavaProject/JavaMyBatis/target/classes/MyBatis/mapper/TaskMapper.xml
2021-06-10 16:39:08 DEBUG DefaultVFS:251 - Not a JAR: file:/F:/JavaProject/JavaMyBatis/target/classes/MyBatis/mapper/TaskMapper.xml
2021-06-10 16:39:08 DEBUG DefaultVFS:101 - Reader entry: <?xml version="1.0" encoding="UTF-8" ?>
2021-06-10 16:39:08 DEBUG DefaultVFS:224 - Find JAR URL: file:/F:/JavaProject/JavaMyBatis/target/classes/MyBatis/mapper/UserMapper.class
2021-06-10 16:39:08 DEBUG DefaultVFS:251 - Not a JAR: file:/F:/JavaProject/JavaMyBatis/target/classes/MyBatis/mapper/UserMapper.class
2021-06-10 16:39:08 DEBUG DefaultVFS:101 - Reader entry: ����   4 	   getUser '(Ljava/lang/Long;)LMyBatis/entity/User; 
2021-06-10 16:39:08 DEBUG DefaultVFS:224 - Find JAR URL: file:/F:/JavaProject/JavaMyBatis/target/classes/MyBatis/mapper/UserMapper.xml
2021-06-10 16:39:08 DEBUG DefaultVFS:251 - Not a JAR: file:/F:/JavaProject/JavaMyBatis/target/classes/MyBatis/mapper/UserMapper.xml
2021-06-10 16:39:08 DEBUG DefaultVFS:101 - Reader entry: <?xml version="1.0" encoding="UTF-8" ?>
2021-06-10 16:39:08 DEBUG DefaultVFS:224 - Find JAR URL: file:/F:/JavaProject/JavaMyBatis/target/classes/MyBatis/mapper/WorkCardMapper.class
2021-06-10 16:39:08 DEBUG DefaultVFS:251 - Not a JAR: file:/F:/JavaProject/JavaMyBatis/target/classes/MyBatis/mapper/WorkCardMapper.class
2021-06-10 16:39:08 DEBUG DefaultVFS:101 - Reader entry: ����   4 	   getWorkCardByEmpId +(Ljava/lang/Long;)LMyBatis/entity/WorkCard; 
2021-06-10 16:39:08 DEBUG DefaultVFS:224 - Find JAR URL: file:/F:/JavaProject/JavaMyBatis/target/classes/MyBatis/mapper/WorkCardMapper.xml
2021-06-10 16:39:08 DEBUG DefaultVFS:251 - Not a JAR: file:/F:/JavaProject/JavaMyBatis/target/classes/MyBatis/mapper/WorkCardMapper.xml
2021-06-10 16:39:08 DEBUG DefaultVFS:101 - Reader entry: <?xml version="1.0" encoding="UTF-8" ?>
2021-06-10 16:39:08 DEBUG ResolverUtil:287 - Checking to see if class MyBatis.mapper.EmployeeMapper matches criteria [is assignable to Object]
2021-06-10 16:39:08 DEBUG ResolverUtil:287 - Checking to see if class MyBatis.mapper.EmployeeTaskMapper matches criteria [is assignable to Object]
2021-06-10 16:39:08 DEBUG ResolverUtil:287 - Checking to see if class MyBatis.mapper.FemaleHealthFormMapper matches criteria [is assignable to Object]
2021-06-10 16:39:08 DEBUG ResolverUtil:287 - Checking to see if class MyBatis.mapper.MaleHealthFormMapper matches criteria [is assignable to Object]
2021-06-10 16:39:08 DEBUG ResolverUtil:287 - Checking to see if class MyBatis.mapper.RoleMapper matches criteria [is assignable to Object]
2021-06-10 16:39:08 DEBUG ResolverUtil:287 - Checking to see if class MyBatis.mapper.TaskMapper matches criteria [is assignable to Object]
2021-06-10 16:39:08 DEBUG ResolverUtil:287 - Checking to see if class MyBatis.mapper.UserMapper matches criteria [is assignable to Object]
2021-06-10 16:39:08 DEBUG ResolverUtil:287 - Checking to see if class MyBatis.mapper.WorkCardMapper matches criteria [is assignable to Object]
2021-06-10 16:39:09 DEBUG JdbcTransaction:137 - Opening JDBC Connection
2021-06-10 16:39:09 DEBUG PooledDataSource:426 - Checked out connection 2033524545 from pool.
2021-06-10 16:39:09 DEBUG JdbcTransaction:101 - Setting autocommit to false on JDBC Connection [com.mysql.cj.jdbc.ConnectionImpl@79351f41]
2021-06-10 16:39:09 DEBUG getEmployee:137 - ==>  Preparing: select id, real_name as realName, sex, birthday, mobile, email, position, note from t_employee where id = ?
2021-06-10 16:39:09 DEBUG getEmployee:137 - ==> Parameters: 1(Long)
2021-06-10 16:39:09 DEBUG getEmployee:137 - <==      Total: 0
2021-06-10 16:39:31 DEBUG JdbcTransaction:123 - Resetting autocommit to true on JDBC Connection [com.mysql.cj.jdbc.ConnectionImpl@79351f41]
2021-06-10 16:39:31 DEBUG JdbcTransaction:91 - Closing JDBC Connection [com.mysql.cj.jdbc.ConnectionImpl@79351f41]
2021-06-10 16:39:31 DEBUG PooledDataSource:391 - Returned connection 2033524545 to pool.
2021-06-10 16:39:32 DEBUG LogFactory:105 - Logging initialized using 'class org.apache.ibatis.logging.slf4j.Slf4jImpl' adapter.
2021-06-10 16:39:32 DEBUG VFS:116 - Class not found: org.jboss.vfs.VFS
2021-06-10 16:39:32 DEBUG JBoss6VFS:149 - JBoss 6 VFS API is not available in this environment.
2021-06-10 16:39:32 DEBUG VFS:116 - Class not found: org.jboss.vfs.VirtualFile
2021-06-10 16:39:32 DEBUG VFS:64 - VFS implementation org.apache.ibatis.io.JBoss6VFS is not valid in this environment.
2021-06-10 16:39:32 DEBUG VFS:74 - Using VFS adapter org.apache.ibatis.io.DefaultVFS
2021-06-10 16:39:32 DEBUG DefaultVFS:224 - Find JAR URL: file:/F:/JavaProject/JavaMyBatis/target/classes/MyBatis
2021-06-10 16:39:32 DEBUG DefaultVFS:251 - Not a JAR: file:/F:/JavaProject/JavaMyBatis/target/classes/MyBatis
2021-06-10 16:39:32 DEBUG DefaultVFS:101 - Reader entry: entity
2021-06-10 16:39:32 DEBUG DefaultVFS:101 - Reader entry: enums
2021-06-10 16:39:32 DEBUG DefaultVFS:101 - Reader entry: mapper
2021-06-10 16:39:32 DEBUG DefaultVFS:101 - Reader entry: test
2021-06-10 16:39:32 DEBUG DefaultVFS:101 - Reader entry: utils
2021-06-10 16:39:32 DEBUG DefaultVFS:115 - Listing file:/F:/JavaProject/JavaMyBatis/target/classes/MyBatis
2021-06-10 16:39:32 DEBUG DefaultVFS:224 - Find JAR URL: file:/F:/JavaProject/JavaMyBatis/target/classes/MyBatis/entity
2021-06-10 16:39:32 DEBUG DefaultVFS:251 - Not a JAR: file:/F:/JavaProject/JavaMyBatis/target/classes/MyBatis/entity
2021-06-10 16:39:32 DEBUG DefaultVFS:101 - Reader entry: Employee.class
2021-06-10 16:39:32 DEBUG DefaultVFS:101 - Reader entry: EmployeeTask.class
2021-06-10 16:39:32 DEBUG DefaultVFS:101 - Reader entry: FemaleEmployee.class
2021-06-10 16:39:32 DEBUG DefaultVFS:101 - Reader entry: FemaleHealthForm.class
2021-06-10 16:39:32 DEBUG DefaultVFS:101 - Reader entry: HealthForm.class
2021-06-10 16:39:32 DEBUG DefaultVFS:101 - Reader entry: MaleEmployee.class
2021-06-10 16:39:32 DEBUG DefaultVFS:101 - Reader entry: MaleHealthForm.class
2021-06-10 16:39:32 DEBUG DefaultVFS:101 - Reader entry: PageParams.class
2021-06-10 16:39:32 DEBUG DefaultVFS:101 - Reader entry: Role.class
2021-06-10 16:39:32 DEBUG DefaultVFS:101 - Reader entry: RoleParams.class
2021-06-10 16:39:32 DEBUG DefaultVFS:101 - Reader entry: Task.class
2021-06-10 16:39:32 DEBUG DefaultVFS:101 - Reader entry: User.class
2021-06-10 16:39:32 DEBUG DefaultVFS:101 - Reader entry: WorkCard.class
2021-06-10 16:39:32 DEBUG DefaultVFS:115 - Listing file:/F:/JavaProject/JavaMyBatis/target/classes/MyBatis/entity
2021-06-10 16:39:32 DEBUG DefaultVFS:224 - Find JAR URL: file:/F:/JavaProject/JavaMyBatis/target/classes/MyBatis/entity/Employee.class
2021-06-10 16:39:32 DEBUG DefaultVFS:251 - Not a JAR: file:/F:/JavaProject/JavaMyBatis/target/classes/MyBatis/entity/Employee.class
2021-06-10 16:39:32 DEBUG DefaultVFS:101 - Reader entry: ����   4 Y
2021-06-10 16:39:32 DEBUG DefaultVFS:224 - Find JAR URL: file:/F:/JavaProject/JavaMyBatis/target/classes/MyBatis/entity/EmployeeTask.class
2021-06-10 16:39:32 DEBUG DefaultVFS:251 - Not a JAR: file:/F:/JavaProject/JavaMyBatis/target/classes/MyBatis/entity/EmployeeTask.class
2021-06-10 16:39:32 DEBUG DefaultVFS:101 - Reader entry: ����   4 2
2021-06-10 16:39:32 DEBUG DefaultVFS:224 - Find JAR URL: file:/F:/JavaProject/JavaMyBatis/target/classes/MyBatis/entity/FemaleEmployee.class
2021-06-10 16:39:32 DEBUG DefaultVFS:251 - Not a JAR: file:/F:/JavaProject/JavaMyBatis/target/classes/MyBatis/entity/FemaleEmployee.class
2021-06-10 16:39:32 DEBUG DefaultVFS:101 - Reader entry: ����   4 
2021-06-10 16:39:32 DEBUG DefaultVFS:224 - Find JAR URL: file:/F:/JavaProject/JavaMyBatis/target/classes/MyBatis/entity/FemaleHealthForm.class
2021-06-10 16:39:32 DEBUG DefaultVFS:251 - Not a JAR: file:/F:/JavaProject/JavaMyBatis/target/classes/MyBatis/entity/FemaleHealthForm.class
2021-06-10 16:39:32 DEBUG DefaultVFS:101 - Reader entry: ����   4 
2021-06-10 16:39:32 DEBUG DefaultVFS:224 - Find JAR URL: file:/F:/JavaProject/JavaMyBatis/target/classes/MyBatis/entity/HealthForm.class
2021-06-10 16:39:32 DEBUG DefaultVFS:251 - Not a JAR: file:/F:/JavaProject/JavaMyBatis/target/classes/MyBatis/entity/HealthForm.class
2021-06-10 16:39:32 DEBUG DefaultVFS:101 - Reader entry: ����   4 >
2021-06-10 16:39:32 DEBUG DefaultVFS:224 - Find JAR URL: file:/F:/JavaProject/JavaMyBatis/target/classes/MyBatis/entity/MaleEmployee.class
2021-06-10 16:39:32 DEBUG DefaultVFS:251 - Not a JAR: file:/F:/JavaProject/JavaMyBatis/target/classes/MyBatis/entity/MaleEmployee.class
2021-06-10 16:39:32 DEBUG DefaultVFS:101 - Reader entry: ����   4 
2021-06-10 16:39:32 DEBUG DefaultVFS:224 - Find JAR URL: file:/F:/JavaProject/JavaMyBatis/target/classes/MyBatis/entity/MaleHealthForm.class
2021-06-10 16:39:32 DEBUG DefaultVFS:251 - Not a JAR: file:/F:/JavaProject/JavaMyBatis/target/classes/MyBatis/entity/MaleHealthForm.class
2021-06-10 16:39:32 DEBUG DefaultVFS:101 - Reader entry: ����   4 
2021-06-10 16:39:32 DEBUG DefaultVFS:224 - Find JAR URL: file:/F:/JavaProject/JavaMyBatis/target/classes/MyBatis/entity/PageParams.class
2021-06-10 16:39:32 DEBUG DefaultVFS:251 - Not a JAR: file:/F:/JavaProject/JavaMyBatis/target/classes/MyBatis/entity/PageParams.class
2021-06-10 16:39:32 DEBUG DefaultVFS:101 - Reader entry: ����   4 
2021-06-10 16:39:32 DEBUG DefaultVFS:224 - Find JAR URL: file:/F:/JavaProject/JavaMyBatis/target/classes/MyBatis/entity/Role.class
2021-06-10 16:39:32 DEBUG DefaultVFS:251 - Not a JAR: file:/F:/JavaProject/JavaMyBatis/target/classes/MyBatis/entity/Role.class
2021-06-10 16:39:32 DEBUG DefaultVFS:101 - Reader entry: ����   4 #
2021-06-10 16:39:32 DEBUG DefaultVFS:224 - Find JAR URL: file:/F:/JavaProject/JavaMyBatis/target/classes/MyBatis/entity/RoleParams.class
2021-06-10 16:39:32 DEBUG DefaultVFS:251 - Not a JAR: file:/F:/JavaProject/JavaMyBatis/target/classes/MyBatis/entity/RoleParams.class
2021-06-10 16:39:32 DEBUG DefaultVFS:101 - Reader entry: ����   4 
2021-06-10 16:39:32 DEBUG DefaultVFS:224 - Find JAR URL: file:/F:/JavaProject/JavaMyBatis/target/classes/MyBatis/entity/Task.class
2021-06-10 16:39:32 DEBUG DefaultVFS:251 - Not a JAR: file:/F:/JavaProject/JavaMyBatis/target/classes/MyBatis/entity/Task.class
2021-06-10 16:39:32 DEBUG DefaultVFS:101 - Reader entry: ����   4 *
2021-06-10 16:39:32 DEBUG DefaultVFS:224 - Find JAR URL: file:/F:/JavaProject/JavaMyBatis/target/classes/MyBatis/entity/User.class
2021-06-10 16:39:32 DEBUG DefaultVFS:251 - Not a JAR: file:/F:/JavaProject/JavaMyBatis/target/classes/MyBatis/entity/User.class
2021-06-10 16:39:32 DEBUG DefaultVFS:101 - Reader entry: ����   4 A
2021-06-10 16:39:32 DEBUG DefaultVFS:224 - Find JAR URL: file:/F:/JavaProject/JavaMyBatis/target/classes/MyBatis/entity/WorkCard.class
2021-06-10 16:39:32 DEBUG DefaultVFS:251 - Not a JAR: file:/F:/JavaProject/JavaMyBatis/target/classes/MyBatis/entity/WorkCard.class
2021-06-10 16:39:32 DEBUG DefaultVFS:101 - Reader entry: ����   4 9
2021-06-10 16:39:32 DEBUG DefaultVFS:224 - Find JAR URL: file:/F:/JavaProject/JavaMyBatis/target/classes/MyBatis/enums
2021-06-10 16:39:32 DEBUG DefaultVFS:251 - Not a JAR: file:/F:/JavaProject/JavaMyBatis/target/classes/MyBatis/enums
2021-06-10 16:39:32 DEBUG DefaultVFS:101 - Reader entry: SexEnum.class
2021-06-10 16:39:32 DEBUG DefaultVFS:115 - Listing file:/F:/JavaProject/JavaMyBatis/target/classes/MyBatis/enums
2021-06-10 16:39:32 DEBUG DefaultVFS:224 - Find JAR URL: file:/F:/JavaProject/JavaMyBatis/target/classes/MyBatis/enums/SexEnum.class
2021-06-10 16:39:32 DEBUG DefaultVFS:251 - Not a JAR: file:/F:/JavaProject/JavaMyBatis/target/classes/MyBatis/enums/SexEnum.class
2021-06-10 16:39:32 DEBUG DefaultVFS:101 - Reader entry: ����   4 M	  9
2021-06-10 16:39:32 DEBUG DefaultVFS:224 - Find JAR URL: file:/F:/JavaProject/JavaMyBatis/target/classes/MyBatis/mapper
2021-06-10 16:39:32 DEBUG DefaultVFS:251 - Not a JAR: file:/F:/JavaProject/JavaMyBatis/target/classes/MyBatis/mapper
2021-06-10 16:39:32 DEBUG DefaultVFS:101 - Reader entry: EmployeeMapper.class
2021-06-10 16:39:32 DEBUG DefaultVFS:101 - Reader entry: EmployeeMapper.xml
2021-06-10 16:39:32 DEBUG DefaultVFS:101 - Reader entry: EmployeeTaskMapper.class
2021-06-10 16:39:32 DEBUG DefaultVFS:101 - Reader entry: EmployeeTaskMapper.xml
2021-06-10 16:39:32 DEBUG DefaultVFS:101 - Reader entry: FemaleHealthFormMapper.class
2021-06-10 16:39:32 DEBUG DefaultVFS:101 - Reader entry: FemaleHealthFormMapper.xml
2021-06-10 16:39:32 DEBUG DefaultVFS:101 - Reader entry: MaleHealthFormMapper.class
2021-06-10 16:39:32 DEBUG DefaultVFS:101 - Reader entry: MaleHealthFormMapper.xml
2021-06-10 16:39:32 DEBUG DefaultVFS:101 - Reader entry: RoleMapper.class
2021-06-10 16:39:32 DEBUG DefaultVFS:101 - Reader entry: RoleMapper.xml
2021-06-10 16:39:32 DEBUG DefaultVFS:101 - Reader entry: TaskMapper.class
2021-06-10 16:39:32 DEBUG DefaultVFS:101 - Reader entry: TaskMapper.xml
2021-06-10 16:39:32 DEBUG DefaultVFS:101 - Reader entry: UserMapper.class
2021-06-10 16:39:32 DEBUG DefaultVFS:101 - Reader entry: UserMapper.xml
2021-06-10 16:39:32 DEBUG DefaultVFS:101 - Reader entry: WorkCardMapper.class
2021-06-10 16:39:32 DEBUG DefaultVFS:101 - Reader entry: WorkCardMapper.xml
2021-06-10 16:39:32 DEBUG DefaultVFS:115 - Listing file:/F:/JavaProject/JavaMyBatis/target/classes/MyBatis/mapper
2021-06-10 16:39:32 DEBUG DefaultVFS:224 - Find JAR URL: file:/F:/JavaProject/JavaMyBatis/target/classes/MyBatis/mapper/EmployeeMapper.class
2021-06-10 16:39:32 DEBUG DefaultVFS:251 - Not a JAR: file:/F:/JavaProject/JavaMyBatis/target/classes/MyBatis/mapper/EmployeeMapper.class
2021-06-10 16:39:32 DEBUG DefaultVFS:101 - Reader entry: ����   4 
2021-06-10 16:39:32 DEBUG DefaultVFS:224 - Find JAR URL: file:/F:/JavaProject/JavaMyBatis/target/classes/MyBatis/mapper/EmployeeMapper.xml
2021-06-10 16:39:32 DEBUG DefaultVFS:251 - Not a JAR: file:/F:/JavaProject/JavaMyBatis/target/classes/MyBatis/mapper/EmployeeMapper.xml
2021-06-10 16:39:32 DEBUG DefaultVFS:101 - Reader entry: <?xml version="1.0" encoding="UTF-8" ?>
2021-06-10 16:39:32 DEBUG DefaultVFS:224 - Find JAR URL: file:/F:/JavaProject/JavaMyBatis/target/classes/MyBatis/mapper/EmployeeTaskMapper.class
2021-06-10 16:39:32 DEBUG DefaultVFS:251 - Not a JAR: file:/F:/JavaProject/JavaMyBatis/target/classes/MyBatis/mapper/EmployeeTaskMapper.class
2021-06-10 16:39:32 DEBUG DefaultVFS:101 - Reader entry: ����   4 	   getEmployeeTaskByEmpId /(Ljava/lang/Long;)LMyBatis/entity/EmployeeTask; 
2021-06-10 16:39:32 DEBUG DefaultVFS:224 - Find JAR URL: file:/F:/JavaProject/JavaMyBatis/target/classes/MyBatis/mapper/EmployeeTaskMapper.xml
2021-06-10 16:39:32 DEBUG DefaultVFS:251 - Not a JAR: file:/F:/JavaProject/JavaMyBatis/target/classes/MyBatis/mapper/EmployeeTaskMapper.xml
2021-06-10 16:39:32 DEBUG DefaultVFS:101 - Reader entry: <?xml version="1.0" encoding="UTF-8" ?>
2021-06-10 16:39:32 DEBUG DefaultVFS:224 - Find JAR URL: file:/F:/JavaProject/JavaMyBatis/target/classes/MyBatis/mapper/FemaleHealthFormMapper.class
2021-06-10 16:39:32 DEBUG DefaultVFS:251 - Not a JAR: file:/F:/JavaProject/JavaMyBatis/target/classes/MyBatis/mapper/FemaleHealthFormMapper.class
2021-06-10 16:39:32 DEBUG DefaultVFS:101 - Reader entry: ����   4 	   getFemaleHealthForm 3(Ljava/lang/Long;)LMyBatis/entity/FemaleHealthForm; 
2021-06-10 16:39:32 DEBUG DefaultVFS:224 - Find JAR URL: file:/F:/JavaProject/JavaMyBatis/target/classes/MyBatis/mapper/FemaleHealthFormMapper.xml
2021-06-10 16:39:32 DEBUG DefaultVFS:251 - Not a JAR: file:/F:/JavaProject/JavaMyBatis/target/classes/MyBatis/mapper/FemaleHealthFormMapper.xml
2021-06-10 16:39:32 DEBUG DefaultVFS:101 - Reader entry: <?xml version="1.0" encoding="UTF-8" ?>
2021-06-10 16:39:32 DEBUG DefaultVFS:224 - Find JAR URL: file:/F:/JavaProject/JavaMyBatis/target/classes/MyBatis/mapper/MaleHealthFormMapper.class
2021-06-10 16:39:32 DEBUG DefaultVFS:251 - Not a JAR: file:/F:/JavaProject/JavaMyBatis/target/classes/MyBatis/mapper/MaleHealthFormMapper.class
2021-06-10 16:39:32 DEBUG DefaultVFS:101 - Reader entry: ����   4 	   getMaleHealthForm 1(Ljava/lang/Long;)LMyBatis/entity/MaleHealthForm; 
2021-06-10 16:39:32 DEBUG DefaultVFS:224 - Find JAR URL: file:/F:/JavaProject/JavaMyBatis/target/classes/MyBatis/mapper/MaleHealthFormMapper.xml
2021-06-10 16:39:32 DEBUG DefaultVFS:251 - Not a JAR: file:/F:/JavaProject/JavaMyBatis/target/classes/MyBatis/mapper/MaleHealthFormMapper.xml
2021-06-10 16:39:32 DEBUG DefaultVFS:101 - Reader entry: <?xml version="1.0" encoding="UTF-8" ?>
2021-06-10 16:39:32 DEBUG DefaultVFS:224 - Find JAR URL: file:/F:/JavaProject/JavaMyBatis/target/classes/MyBatis/mapper/RoleMapper.class
2021-06-10 16:39:32 DEBUG DefaultVFS:251 - Not a JAR: file:/F:/JavaProject/JavaMyBatis/target/classes/MyBatis/mapper/RoleMapper.class
2021-06-10 16:39:32 DEBUG DefaultVFS:101 - Reader entry: ����   4    
2021-06-10 16:39:32 DEBUG DefaultVFS:224 - Find JAR URL: file:/F:/JavaProject/JavaMyBatis/target/classes/MyBatis/mapper/RoleMapper.xml
2021-06-10 16:39:32 DEBUG DefaultVFS:251 - Not a JAR: file:/F:/JavaProject/JavaMyBatis/target/classes/MyBatis/mapper/RoleMapper.xml
2021-06-10 16:39:32 DEBUG DefaultVFS:101 - Reader entry: <?xml version="1.0" encoding="UTF-8" ?>
2021-06-10 16:39:32 DEBUG DefaultVFS:224 - Find JAR URL: file:/F:/JavaProject/JavaMyBatis/target/classes/MyBatis/mapper/TaskMapper.class
2021-06-10 16:39:32 DEBUG DefaultVFS:251 - Not a JAR: file:/F:/JavaProject/JavaMyBatis/target/classes/MyBatis/mapper/TaskMapper.class
2021-06-10 16:39:32 DEBUG DefaultVFS:101 - Reader entry: ����   4 	   getTask '(Ljava/lang/Long;)LMyBatis/entity/Task; 
2021-06-10 16:39:32 DEBUG DefaultVFS:224 - Find JAR URL: file:/F:/JavaProject/JavaMyBatis/target/classes/MyBatis/mapper/TaskMapper.xml
2021-06-10 16:39:32 DEBUG DefaultVFS:251 - Not a JAR: file:/F:/JavaProject/JavaMyBatis/target/classes/MyBatis/mapper/TaskMapper.xml
2021-06-10 16:39:32 DEBUG DefaultVFS:101 - Reader entry: <?xml version="1.0" encoding="UTF-8" ?>
2021-06-10 16:39:32 DEBUG DefaultVFS:224 - Find JAR URL: file:/F:/JavaProject/JavaMyBatis/target/classes/MyBatis/mapper/UserMapper.class
2021-06-10 16:39:32 DEBUG DefaultVFS:251 - Not a JAR: file:/F:/JavaProject/JavaMyBatis/target/classes/MyBatis/mapper/UserMapper.class
2021-06-10 16:39:32 DEBUG DefaultVFS:101 - Reader entry: ����   4 	   getUser '(Ljava/lang/Long;)LMyBatis/entity/User; 
2021-06-10 16:39:32 DEBUG DefaultVFS:224 - Find JAR URL: file:/F:/JavaProject/JavaMyBatis/target/classes/MyBatis/mapper/UserMapper.xml
2021-06-10 16:39:32 DEBUG DefaultVFS:251 - Not a JAR: file:/F:/JavaProject/JavaMyBatis/target/classes/MyBatis/mapper/UserMapper.xml
2021-06-10 16:39:32 DEBUG DefaultVFS:101 - Reader entry: <?xml version="1.0" encoding="UTF-8" ?>
2021-06-10 16:39:32 DEBUG DefaultVFS:224 - Find JAR URL: file:/F:/JavaProject/JavaMyBatis/target/classes/MyBatis/mapper/WorkCardMapper.class
2021-06-10 16:39:32 DEBUG DefaultVFS:251 - Not a JAR: file:/F:/JavaProject/JavaMyBatis/target/classes/MyBatis/mapper/WorkCardMapper.class
2021-06-10 16:39:32 DEBUG DefaultVFS:101 - Reader entry: ����   4 	   getWorkCardByEmpId +(Ljava/lang/Long;)LMyBatis/entity/WorkCard; 
2021-06-10 16:39:32 DEBUG DefaultVFS:224 - Find JAR URL: file:/F:/JavaProject/JavaMyBatis/target/classes/MyBatis/mapper/WorkCardMapper.xml
2021-06-10 16:39:32 DEBUG DefaultVFS:251 - Not a JAR: file:/F:/JavaProject/JavaMyBatis/target/classes/MyBatis/mapper/WorkCardMapper.xml
2021-06-10 16:39:32 DEBUG DefaultVFS:101 - Reader entry: <?xml version="1.0" encoding="UTF-8" ?>
2021-06-10 16:39:32 DEBUG DefaultVFS:224 - Find JAR URL: file:/F:/JavaProject/JavaMyBatis/target/classes/MyBatis/test
2021-06-10 16:39:32 DEBUG DefaultVFS:251 - Not a JAR: file:/F:/JavaProject/JavaMyBatis/target/classes/MyBatis/test
2021-06-10 16:39:32 DEBUG DefaultVFS:101 - Reader entry: TestEmployeeMapper.class
2021-06-10 16:39:32 DEBUG DefaultVFS:101 - Reader entry: TestMyBatis.class
2021-06-10 16:39:32 DEBUG DefaultVFS:101 - Reader entry: TestRoleMapper.class
2021-06-10 16:39:32 DEBUG DefaultVFS:115 - Listing file:/F:/JavaProject/JavaMyBatis/target/classes/MyBatis/test
2021-06-10 16:39:32 DEBUG DefaultVFS:224 - Find JAR URL: file:/F:/JavaProject/JavaMyBatis/target/classes/MyBatis/test/TestEmployeeMapper.class
2021-06-10 16:39:32 DEBUG DefaultVFS:251 - Not a JAR: file:/F:/JavaProject/JavaMyBatis/target/classes/MyBatis/test/TestEmployeeMapper.class
2021-06-10 16:39:32 DEBUG DefaultVFS:101 - Reader entry: ����   4 @
2021-06-10 16:39:32 DEBUG DefaultVFS:224 - Find JAR URL: file:/F:/JavaProject/JavaMyBatis/target/classes/MyBatis/test/TestMyBatis.class
2021-06-10 16:39:32 DEBUG DefaultVFS:251 - Not a JAR: file:/F:/JavaProject/JavaMyBatis/target/classes/MyBatis/test/TestMyBatis.class
2021-06-10 16:39:32 DEBUG DefaultVFS:101 - Reader entry: ����   4 >
2021-06-10 16:39:32 DEBUG DefaultVFS:224 - Find JAR URL: file:/F:/JavaProject/JavaMyBatis/target/classes/MyBatis/test/TestRoleMapper.class
2021-06-10 16:39:32 DEBUG DefaultVFS:251 - Not a JAR: file:/F:/JavaProject/JavaMyBatis/target/classes/MyBatis/test/TestRoleMapper.class
2021-06-10 16:39:32 DEBUG DefaultVFS:101 - Reader entry: ����   4 �
2021-06-10 16:39:32 DEBUG DefaultVFS:224 - Find JAR URL: file:/F:/JavaProject/JavaMyBatis/target/classes/MyBatis/utils
2021-06-10 16:39:32 DEBUG DefaultVFS:251 - Not a JAR: file:/F:/JavaProject/JavaMyBatis/target/classes/MyBatis/utils
2021-06-10 16:39:32 DEBUG DefaultVFS:101 - Reader entry: SqlSessionFactoryUtils.class
2021-06-10 16:39:32 DEBUG DefaultVFS:115 - Listing file:/F:/JavaProject/JavaMyBatis/target/classes/MyBatis/utils
2021-06-10 16:39:32 DEBUG DefaultVFS:224 - Find JAR URL: file:/F:/JavaProject/JavaMyBatis/target/classes/MyBatis/utils/SqlSessionFactoryUtils.class
2021-06-10 16:39:32 DEBUG DefaultVFS:251 - Not a JAR: file:/F:/JavaProject/JavaMyBatis/target/classes/MyBatis/utils/SqlSessionFactoryUtils.class
2021-06-10 16:39:33 DEBUG DefaultVFS:101 - Reader entry: ����   4 I
2021-06-10 16:39:33 DEBUG ResolverUtil:287 - Checking to see if class MyBatis.entity.Employee matches criteria [is assignable to Object]
2021-06-10 16:39:33 DEBUG ResolverUtil:287 - Checking to see if class MyBatis.entity.EmployeeTask matches criteria [is assignable to Object]
2021-06-10 16:39:33 DEBUG ResolverUtil:287 - Checking to see if class MyBatis.entity.FemaleEmployee matches criteria [is assignable to Object]
2021-06-10 16:39:33 DEBUG ResolverUtil:287 - Checking to see if class MyBatis.entity.FemaleHealthForm matches criteria [is assignable to Object]
2021-06-10 16:39:33 DEBUG ResolverUtil:287 - Checking to see if class MyBatis.entity.HealthForm matches criteria [is assignable to Object]
2021-06-10 16:39:33 DEBUG ResolverUtil:287 - Checking to see if class MyBatis.entity.MaleEmployee matches criteria [is assignable to Object]
2021-06-10 16:39:33 DEBUG ResolverUtil:287 - Checking to see if class MyBatis.entity.MaleHealthForm matches criteria [is assignable to Object]
2021-06-10 16:39:33 DEBUG ResolverUtil:287 - Checking to see if class MyBatis.entity.PageParams matches criteria [is assignable to Object]
2021-06-10 16:39:33 DEBUG ResolverUtil:287 - Checking to see if class MyBatis.entity.Role matches criteria [is assignable to Object]
2021-06-10 16:39:33 DEBUG ResolverUtil:287 - Checking to see if class MyBatis.entity.RoleParams matches criteria [is assignable to Object]
2021-06-10 16:39:33 DEBUG ResolverUtil:287 - Checking to see if class MyBatis.entity.Task matches criteria [is assignable to Object]
2021-06-10 16:39:33 DEBUG ResolverUtil:287 - Checking to see if class MyBatis.entity.User matches criteria [is assignable to Object]
2021-06-10 16:39:33 DEBUG ResolverUtil:287 - Checking to see if class MyBatis.entity.WorkCard matches criteria [is assignable to Object]
2021-06-10 16:39:33 DEBUG ResolverUtil:287 - Checking to see if class MyBatis.enums.SexEnum matches criteria [is assignable to Object]
2021-06-10 16:39:33 DEBUG ResolverUtil:287 - Checking to see if class MyBatis.mapper.EmployeeMapper matches criteria [is assignable to Object]
2021-06-10 16:39:33 DEBUG ResolverUtil:287 - Checking to see if class MyBatis.mapper.EmployeeTaskMapper matches criteria [is assignable to Object]
2021-06-10 16:39:33 DEBUG ResolverUtil:287 - Checking to see if class MyBatis.mapper.FemaleHealthFormMapper matches criteria [is assignable to Object]
2021-06-10 16:39:33 DEBUG ResolverUtil:287 - Checking to see if class MyBatis.mapper.MaleHealthFormMapper matches criteria [is assignable to Object]
2021-06-10 16:39:33 DEBUG ResolverUtil:287 - Checking to see if class MyBatis.mapper.RoleMapper matches criteria [is assignable to Object]
2021-06-10 16:39:33 DEBUG ResolverUtil:287 - Checking to see if class MyBatis.mapper.TaskMapper matches criteria [is assignable to Object]
2021-06-10 16:39:33 DEBUG ResolverUtil:287 - Checking to see if class MyBatis.mapper.UserMapper matches criteria [is assignable to Object]
2021-06-10 16:39:33 DEBUG ResolverUtil:287 - Checking to see if class MyBatis.mapper.WorkCardMapper matches criteria [is assignable to Object]
2021-06-10 16:39:33 DEBUG ResolverUtil:287 - Checking to see if class MyBatis.test.TestEmployeeMapper matches criteria [is assignable to Object]
2021-06-10 16:39:33 DEBUG ResolverUtil:287 - Checking to see if class MyBatis.test.TestMyBatis matches criteria [is assignable to Object]
2021-06-10 16:39:33 DEBUG ResolverUtil:287 - Checking to see if class MyBatis.test.TestRoleMapper matches criteria [is assignable to Object]
2021-06-10 16:39:33 DEBUG ResolverUtil:287 - Checking to see if class MyBatis.utils.SqlSessionFactoryUtils matches criteria [is assignable to Object]
2021-06-10 16:39:33 DEBUG PooledDataSource:363 - PooledDataSource forcefully closed/removed all connections.
2021-06-10 16:39:33 DEBUG PooledDataSource:363 - PooledDataSource forcefully closed/removed all connections.
2021-06-10 16:39:33 DEBUG PooledDataSource:363 - PooledDataSource forcefully closed/removed all connections.
2021-06-10 16:39:33 DEBUG PooledDataSource:363 - PooledDataSource forcefully closed/removed all connections.
2021-06-10 16:39:34 DEBUG PooledDataSource:434 - Created connection 944427387.
2021-06-10 16:39:34 DEBUG PooledDataSource:391 - Returned connection 944427387 to pool.
2021-06-10 16:39:34 DEBUG DefaultVFS:224 - Find JAR URL: file:/F:/JavaProject/JavaMyBatis/target/classes/MyBatis/mapper
2021-06-10 16:39:34 DEBUG DefaultVFS:251 - Not a JAR: file:/F:/JavaProject/JavaMyBatis/target/classes/MyBatis/mapper
2021-06-10 16:39:34 DEBUG DefaultVFS:101 - Reader entry: EmployeeMapper.class
2021-06-10 16:39:34 DEBUG DefaultVFS:101 - Reader entry: EmployeeMapper.xml
2021-06-10 16:39:34 DEBUG DefaultVFS:101 - Reader entry: EmployeeTaskMapper.class
2021-06-10 16:39:34 DEBUG DefaultVFS:101 - Reader entry: EmployeeTaskMapper.xml
2021-06-10 16:39:34 DEBUG DefaultVFS:101 - Reader entry: FemaleHealthFormMapper.class
2021-06-10 16:39:34 DEBUG DefaultVFS:101 - Reader entry: FemaleHealthFormMapper.xml
2021-06-10 16:39:34 DEBUG DefaultVFS:101 - Reader entry: MaleHealthFormMapper.class
2021-06-10 16:39:34 DEBUG DefaultVFS:101 - Reader entry: MaleHealthFormMapper.xml
2021-06-10 16:39:34 DEBUG DefaultVFS:101 - Reader entry: RoleMapper.class
2021-06-10 16:39:34 DEBUG DefaultVFS:101 - Reader entry: RoleMapper.xml
2021-06-10 16:39:34 DEBUG DefaultVFS:101 - Reader entry: TaskMapper.class
2021-06-10 16:39:34 DEBUG DefaultVFS:101 - Reader entry: TaskMapper.xml
2021-06-10 16:39:34 DEBUG DefaultVFS:101 - Reader entry: UserMapper.class
2021-06-10 16:39:34 DEBUG DefaultVFS:101 - Reader entry: UserMapper.xml
2021-06-10 16:39:34 DEBUG DefaultVFS:101 - Reader entry: WorkCardMapper.class
2021-06-10 16:39:34 DEBUG DefaultVFS:101 - Reader entry: WorkCardMapper.xml
2021-06-10 16:39:34 DEBUG DefaultVFS:115 - Listing file:/F:/JavaProject/JavaMyBatis/target/classes/MyBatis/mapper
2021-06-10 16:39:34 DEBUG DefaultVFS:224 - Find JAR URL: file:/F:/JavaProject/JavaMyBatis/target/classes/MyBatis/mapper/EmployeeMapper.class
2021-06-10 16:39:34 DEBUG DefaultVFS:251 - Not a JAR: file:/F:/JavaProject/JavaMyBatis/target/classes/MyBatis/mapper/EmployeeMapper.class
2021-06-10 16:39:34 DEBUG DefaultVFS:101 - Reader entry: ����   4 
2021-06-10 16:39:34 DEBUG DefaultVFS:224 - Find JAR URL: file:/F:/JavaProject/JavaMyBatis/target/classes/MyBatis/mapper/EmployeeMapper.xml
2021-06-10 16:39:34 DEBUG DefaultVFS:251 - Not a JAR: file:/F:/JavaProject/JavaMyBatis/target/classes/MyBatis/mapper/EmployeeMapper.xml
2021-06-10 16:39:34 DEBUG DefaultVFS:101 - Reader entry: <?xml version="1.0" encoding="UTF-8" ?>
2021-06-10 16:39:34 DEBUG DefaultVFS:224 - Find JAR URL: file:/F:/JavaProject/JavaMyBatis/target/classes/MyBatis/mapper/EmployeeTaskMapper.class
2021-06-10 16:39:34 DEBUG DefaultVFS:251 - Not a JAR: file:/F:/JavaProject/JavaMyBatis/target/classes/MyBatis/mapper/EmployeeTaskMapper.class
2021-06-10 16:39:34 DEBUG DefaultVFS:101 - Reader entry: ����   4 	   getEmployeeTaskByEmpId /(Ljava/lang/Long;)LMyBatis/entity/EmployeeTask; 
2021-06-10 16:39:34 DEBUG DefaultVFS:224 - Find JAR URL: file:/F:/JavaProject/JavaMyBatis/target/classes/MyBatis/mapper/EmployeeTaskMapper.xml
2021-06-10 16:39:34 DEBUG DefaultVFS:251 - Not a JAR: file:/F:/JavaProject/JavaMyBatis/target/classes/MyBatis/mapper/EmployeeTaskMapper.xml
2021-06-10 16:39:34 DEBUG DefaultVFS:101 - Reader entry: <?xml version="1.0" encoding="UTF-8" ?>
2021-06-10 16:39:34 DEBUG DefaultVFS:224 - Find JAR URL: file:/F:/JavaProject/JavaMyBatis/target/classes/MyBatis/mapper/FemaleHealthFormMapper.class
2021-06-10 16:39:34 DEBUG DefaultVFS:251 - Not a JAR: file:/F:/JavaProject/JavaMyBatis/target/classes/MyBatis/mapper/FemaleHealthFormMapper.class
2021-06-10 16:39:34 DEBUG DefaultVFS:101 - Reader entry: ����   4 	   getFemaleHealthForm 3(Ljava/lang/Long;)LMyBatis/entity/FemaleHealthForm; 
2021-06-10 16:39:34 DEBUG DefaultVFS:224 - Find JAR URL: file:/F:/JavaProject/JavaMyBatis/target/classes/MyBatis/mapper/FemaleHealthFormMapper.xml
2021-06-10 16:39:34 DEBUG DefaultVFS:251 - Not a JAR: file:/F:/JavaProject/JavaMyBatis/target/classes/MyBatis/mapper/FemaleHealthFormMapper.xml
2021-06-10 16:39:34 DEBUG DefaultVFS:101 - Reader entry: <?xml version="1.0" encoding="UTF-8" ?>
2021-06-10 16:39:34 DEBUG DefaultVFS:224 - Find JAR URL: file:/F:/JavaProject/JavaMyBatis/target/classes/MyBatis/mapper/MaleHealthFormMapper.class
2021-06-10 16:39:34 DEBUG DefaultVFS:251 - Not a JAR: file:/F:/JavaProject/JavaMyBatis/target/classes/MyBatis/mapper/MaleHealthFormMapper.class
2021-06-10 16:39:34 DEBUG DefaultVFS:101 - Reader entry: ����   4 	   getMaleHealthForm 1(Ljava/lang/Long;)LMyBatis/entity/MaleHealthForm; 
2021-06-10 16:39:34 DEBUG DefaultVFS:224 - Find JAR URL: file:/F:/JavaProject/JavaMyBatis/target/classes/MyBatis/mapper/MaleHealthFormMapper.xml
2021-06-10 16:39:34 DEBUG DefaultVFS:251 - Not a JAR: file:/F:/JavaProject/JavaMyBatis/target/classes/MyBatis/mapper/MaleHealthFormMapper.xml
2021-06-10 16:39:34 DEBUG DefaultVFS:101 - Reader entry: <?xml version="1.0" encoding="UTF-8" ?>
2021-06-10 16:39:34 DEBUG DefaultVFS:224 - Find JAR URL: file:/F:/JavaProject/JavaMyBatis/target/classes/MyBatis/mapper/RoleMapper.class
2021-06-10 16:39:34 DEBUG DefaultVFS:251 - Not a JAR: file:/F:/JavaProject/JavaMyBatis/target/classes/MyBatis/mapper/RoleMapper.class
2021-06-10 16:39:34 DEBUG DefaultVFS:101 - Reader entry: ����   4    
2021-06-10 16:39:34 DEBUG DefaultVFS:224 - Find JAR URL: file:/F:/JavaProject/JavaMyBatis/target/classes/MyBatis/mapper/RoleMapper.xml
2021-06-10 16:39:34 DEBUG DefaultVFS:251 - Not a JAR: file:/F:/JavaProject/JavaMyBatis/target/classes/MyBatis/mapper/RoleMapper.xml
2021-06-10 16:39:34 DEBUG DefaultVFS:101 - Reader entry: <?xml version="1.0" encoding="UTF-8" ?>
2021-06-10 16:39:34 DEBUG DefaultVFS:224 - Find JAR URL: file:/F:/JavaProject/JavaMyBatis/target/classes/MyBatis/mapper/TaskMapper.class
2021-06-10 16:39:34 DEBUG DefaultVFS:251 - Not a JAR: file:/F:/JavaProject/JavaMyBatis/target/classes/MyBatis/mapper/TaskMapper.class
2021-06-10 16:39:34 DEBUG DefaultVFS:101 - Reader entry: ����   4 	   getTask '(Ljava/lang/Long;)LMyBatis/entity/Task; 
2021-06-10 16:39:34 DEBUG DefaultVFS:224 - Find JAR URL: file:/F:/JavaProject/JavaMyBatis/target/classes/MyBatis/mapper/TaskMapper.xml
2021-06-10 16:39:34 DEBUG DefaultVFS:251 - Not a JAR: file:/F:/JavaProject/JavaMyBatis/target/classes/MyBatis/mapper/TaskMapper.xml
2021-06-10 16:39:34 DEBUG DefaultVFS:101 - Reader entry: <?xml version="1.0" encoding="UTF-8" ?>
2021-06-10 16:39:34 DEBUG DefaultVFS:224 - Find JAR URL: file:/F:/JavaProject/JavaMyBatis/target/classes/MyBatis/mapper/UserMapper.class
2021-06-10 16:39:34 DEBUG DefaultVFS:251 - Not a JAR: file:/F:/JavaProject/JavaMyBatis/target/classes/MyBatis/mapper/UserMapper.class
2021-06-10 16:39:34 DEBUG DefaultVFS:101 - Reader entry: ����   4 	   getUser '(Ljava/lang/Long;)LMyBatis/entity/User; 
2021-06-10 16:39:34 DEBUG DefaultVFS:224 - Find JAR URL: file:/F:/JavaProject/JavaMyBatis/target/classes/MyBatis/mapper/UserMapper.xml
2021-06-10 16:39:34 DEBUG DefaultVFS:251 - Not a JAR: file:/F:/JavaProject/JavaMyBatis/target/classes/MyBatis/mapper/UserMapper.xml
2021-06-10 16:39:34 DEBUG DefaultVFS:101 - Reader entry: <?xml version="1.0" encoding="UTF-8" ?>
2021-06-10 16:39:34 DEBUG DefaultVFS:224 - Find JAR URL: file:/F:/JavaProject/JavaMyBatis/target/classes/MyBatis/mapper/WorkCardMapper.class
2021-06-10 16:39:34 DEBUG DefaultVFS:251 - Not a JAR: file:/F:/JavaProject/JavaMyBatis/target/classes/MyBatis/mapper/WorkCardMapper.class
2021-06-10 16:39:34 DEBUG DefaultVFS:101 - Reader entry: ����   4 	   getWorkCardByEmpId +(Ljava/lang/Long;)LMyBatis/entity/WorkCard; 
2021-06-10 16:39:34 DEBUG DefaultVFS:224 - Find JAR URL: file:/F:/JavaProject/JavaMyBatis/target/classes/MyBatis/mapper/WorkCardMapper.xml
2021-06-10 16:39:34 DEBUG DefaultVFS:251 - Not a JAR: file:/F:/JavaProject/JavaMyBatis/target/classes/MyBatis/mapper/WorkCardMapper.xml
2021-06-10 16:39:34 DEBUG DefaultVFS:101 - Reader entry: <?xml version="1.0" encoding="UTF-8" ?>
2021-06-10 16:39:34 DEBUG ResolverUtil:287 - Checking to see if class MyBatis.mapper.EmployeeMapper matches criteria [is assignable to Object]
2021-06-10 16:39:34 DEBUG ResolverUtil:287 - Checking to see if class MyBatis.mapper.EmployeeTaskMapper matches criteria [is assignable to Object]
2021-06-10 16:39:34 DEBUG ResolverUtil:287 - Checking to see if class MyBatis.mapper.FemaleHealthFormMapper matches criteria [is assignable to Object]
2021-06-10 16:39:34 DEBUG ResolverUtil:287 - Checking to see if class MyBatis.mapper.MaleHealthFormMapper matches criteria [is assignable to Object]
2021-06-10 16:39:34 DEBUG ResolverUtil:287 - Checking to see if class MyBatis.mapper.RoleMapper matches criteria [is assignable to Object]
2021-06-10 16:39:34 DEBUG ResolverUtil:287 - Checking to see if class MyBatis.mapper.TaskMapper matches criteria [is assignable to Object]
2021-06-10 16:39:34 DEBUG ResolverUtil:287 - Checking to see if class MyBatis.mapper.UserMapper matches criteria [is assignable to Object]
2021-06-10 16:39:34 DEBUG ResolverUtil:287 - Checking to see if class MyBatis.mapper.WorkCardMapper matches criteria [is assignable to Object]
2021-06-10 16:39:34 DEBUG JdbcTransaction:137 - Opening JDBC Connection
2021-06-10 16:39:34 DEBUG PooledDataSource:426 - Checked out connection 944427387 from pool.
2021-06-10 16:39:34 DEBUG JdbcTransaction:101 - Setting autocommit to false on JDBC Connection [com.mysql.cj.jdbc.ConnectionImpl@384ad17b]
2021-06-10 16:39:34 DEBUG getEmployee:137 - ==>  Preparing: select id, real_name as realName, sex, birthday, mobile, email, position, note from t_employee where id = ?
2021-06-10 16:39:34 DEBUG getEmployee:137 - ==> Parameters: 1(Long)
2021-06-10 16:39:34 DEBUG getEmployee:137 - <==      Total: 0
2021-06-10 16:39:34 DEBUG JdbcTransaction:123 - Resetting autocommit to true on JDBC Connection [com.mysql.cj.jdbc.ConnectionImpl@384ad17b]
2021-06-10 16:39:34 DEBUG JdbcTransaction:91 - Closing JDBC Connection [com.mysql.cj.jdbc.ConnectionImpl@384ad17b]
2021-06-10 16:39:34 DEBUG PooledDataSource:391 - Returned connection 944427387 to pool.
2021-06-10 16:45:25 DEBUG LogFactory:105 - Logging initialized using 'class org.apache.ibatis.logging.slf4j.Slf4jImpl' adapter.
2021-06-10 16:45:26 DEBUG VFS:116 - Class not found: org.jboss.vfs.VFS
2021-06-10 16:45:26 DEBUG JBoss6VFS:149 - JBoss 6 VFS API is not available in this environment.
2021-06-10 16:45:26 DEBUG VFS:116 - Class not found: org.jboss.vfs.VirtualFile
2021-06-10 16:45:26 DEBUG VFS:64 - VFS implementation org.apache.ibatis.io.JBoss6VFS is not valid in this environment.
2021-06-10 16:45:26 DEBUG VFS:74 - Using VFS adapter org.apache.ibatis.io.DefaultVFS
2021-06-10 16:45:26 DEBUG DefaultVFS:224 - Find JAR URL: file:/F:/JavaProject/JavaMyBatis/target/classes/MyBatis
2021-06-10 16:45:26 DEBUG DefaultVFS:251 - Not a JAR: file:/F:/JavaProject/JavaMyBatis/target/classes/MyBatis
2021-06-10 16:45:26 DEBUG DefaultVFS:101 - Reader entry: entity
2021-06-10 16:45:26 DEBUG DefaultVFS:101 - Reader entry: enums
2021-06-10 16:45:26 DEBUG DefaultVFS:101 - Reader entry: mapper
2021-06-10 16:45:26 DEBUG DefaultVFS:101 - Reader entry: test
2021-06-10 16:45:26 DEBUG DefaultVFS:101 - Reader entry: utils
2021-06-10 16:45:26 DEBUG DefaultVFS:115 - Listing file:/F:/JavaProject/JavaMyBatis/target/classes/MyBatis
2021-06-10 16:45:26 DEBUG DefaultVFS:224 - Find JAR URL: file:/F:/JavaProject/JavaMyBatis/target/classes/MyBatis/entity
2021-06-10 16:45:26 DEBUG DefaultVFS:251 - Not a JAR: file:/F:/JavaProject/JavaMyBatis/target/classes/MyBatis/entity
2021-06-10 16:45:26 DEBUG DefaultVFS:101 - Reader entry: Employee.class
2021-06-10 16:45:26 DEBUG DefaultVFS:101 - Reader entry: EmployeeTask.class
2021-06-10 16:45:26 DEBUG DefaultVFS:101 - Reader entry: FemaleEmployee.class
2021-06-10 16:45:26 DEBUG DefaultVFS:101 - Reader entry: FemaleHealthForm.class
2021-06-10 16:45:26 DEBUG DefaultVFS:101 - Reader entry: HealthForm.class
2021-06-10 16:45:26 DEBUG DefaultVFS:101 - Reader entry: MaleEmployee.class
2021-06-10 16:45:26 DEBUG DefaultVFS:101 - Reader entry: MaleHealthForm.class
2021-06-10 16:45:26 DEBUG DefaultVFS:101 - Reader entry: PageParams.class
2021-06-10 16:45:26 DEBUG DefaultVFS:101 - Reader entry: Role.class
2021-06-10 16:45:26 DEBUG DefaultVFS:101 - Reader entry: RoleParams.class
2021-06-10 16:45:26 DEBUG DefaultVFS:101 - Reader entry: Task.class
2021-06-10 16:45:26 DEBUG DefaultVFS:101 - Reader entry: User.class
2021-06-10 16:45:26 DEBUG DefaultVFS:101 - Reader entry: WorkCard.class
2021-06-10 16:45:26 DEBUG DefaultVFS:115 - Listing file:/F:/JavaProject/JavaMyBatis/target/classes/MyBatis/entity
2021-06-10 16:45:26 DEBUG DefaultVFS:224 - Find JAR URL: file:/F:/JavaProject/JavaMyBatis/target/classes/MyBatis/entity/Employee.class
2021-06-10 16:45:26 DEBUG DefaultVFS:251 - Not a JAR: file:/F:/JavaProject/JavaMyBatis/target/classes/MyBatis/entity/Employee.class
2021-06-10 16:45:26 DEBUG DefaultVFS:101 - Reader entry: ����   4 Y
2021-06-10 16:45:26 DEBUG DefaultVFS:224 - Find JAR URL: file:/F:/JavaProject/JavaMyBatis/target/classes/MyBatis/entity/EmployeeTask.class
2021-06-10 16:45:26 DEBUG DefaultVFS:251 - Not a JAR: file:/F:/JavaProject/JavaMyBatis/target/classes/MyBatis/entity/EmployeeTask.class
2021-06-10 16:45:26 DEBUG DefaultVFS:101 - Reader entry: ����   4 2
2021-06-10 16:45:26 DEBUG DefaultVFS:224 - Find JAR URL: file:/F:/JavaProject/JavaMyBatis/target/classes/MyBatis/entity/FemaleEmployee.class
2021-06-10 16:45:26 DEBUG DefaultVFS:251 - Not a JAR: file:/F:/JavaProject/JavaMyBatis/target/classes/MyBatis/entity/FemaleEmployee.class
2021-06-10 16:45:26 DEBUG DefaultVFS:101 - Reader entry: ����   4 
2021-06-10 16:45:26 DEBUG DefaultVFS:224 - Find JAR URL: file:/F:/JavaProject/JavaMyBatis/target/classes/MyBatis/entity/FemaleHealthForm.class
2021-06-10 16:45:26 DEBUG DefaultVFS:251 - Not a JAR: file:/F:/JavaProject/JavaMyBatis/target/classes/MyBatis/entity/FemaleHealthForm.class
2021-06-10 16:45:26 DEBUG DefaultVFS:101 - Reader entry: ����   4 
2021-06-10 16:45:26 DEBUG DefaultVFS:224 - Find JAR URL: file:/F:/JavaProject/JavaMyBatis/target/classes/MyBatis/entity/HealthForm.class
2021-06-10 16:45:26 DEBUG DefaultVFS:251 - Not a JAR: file:/F:/JavaProject/JavaMyBatis/target/classes/MyBatis/entity/HealthForm.class
2021-06-10 16:45:26 DEBUG DefaultVFS:101 - Reader entry: ����   4 >
2021-06-10 16:45:26 DEBUG DefaultVFS:224 - Find JAR URL: file:/F:/JavaProject/JavaMyBatis/target/classes/MyBatis/entity/MaleEmployee.class
2021-06-10 16:45:26 DEBUG DefaultVFS:251 - Not a JAR: file:/F:/JavaProject/JavaMyBatis/target/classes/MyBatis/entity/MaleEmployee.class
2021-06-10 16:45:26 DEBUG DefaultVFS:101 - Reader entry: ����   4 
2021-06-10 16:45:26 DEBUG DefaultVFS:224 - Find JAR URL: file:/F:/JavaProject/JavaMyBatis/target/classes/MyBatis/entity/MaleHealthForm.class
2021-06-10 16:45:26 DEBUG DefaultVFS:251 - Not a JAR: file:/F:/JavaProject/JavaMyBatis/target/classes/MyBatis/entity/MaleHealthForm.class
2021-06-10 16:45:26 DEBUG DefaultVFS:101 - Reader entry: ����   4 
2021-06-10 16:45:26 DEBUG DefaultVFS:224 - Find JAR URL: file:/F:/JavaProject/JavaMyBatis/target/classes/MyBatis/entity/PageParams.class
2021-06-10 16:45:26 DEBUG DefaultVFS:251 - Not a JAR: file:/F:/JavaProject/JavaMyBatis/target/classes/MyBatis/entity/PageParams.class
2021-06-10 16:45:26 DEBUG DefaultVFS:101 - Reader entry: ����   4 
2021-06-10 16:45:26 DEBUG DefaultVFS:224 - Find JAR URL: file:/F:/JavaProject/JavaMyBatis/target/classes/MyBatis/entity/Role.class
2021-06-10 16:45:26 DEBUG DefaultVFS:251 - Not a JAR: file:/F:/JavaProject/JavaMyBatis/target/classes/MyBatis/entity/Role.class
2021-06-10 16:45:26 DEBUG DefaultVFS:101 - Reader entry: ����   4 #
2021-06-10 16:45:26 DEBUG DefaultVFS:224 - Find JAR URL: file:/F:/JavaProject/JavaMyBatis/target/classes/MyBatis/entity/RoleParams.class
2021-06-10 16:45:26 DEBUG DefaultVFS:251 - Not a JAR: file:/F:/JavaProject/JavaMyBatis/target/classes/MyBatis/entity/RoleParams.class
2021-06-10 16:45:26 DEBUG DefaultVFS:101 - Reader entry: ����   4 
2021-06-10 16:45:26 DEBUG DefaultVFS:224 - Find JAR URL: file:/F:/JavaProject/JavaMyBatis/target/classes/MyBatis/entity/Task.class
2021-06-10 16:45:26 DEBUG DefaultVFS:251 - Not a JAR: file:/F:/JavaProject/JavaMyBatis/target/classes/MyBatis/entity/Task.class
2021-06-10 16:45:26 DEBUG DefaultVFS:101 - Reader entry: ����   4 *
2021-06-10 16:45:26 DEBUG DefaultVFS:224 - Find JAR URL: file:/F:/JavaProject/JavaMyBatis/target/classes/MyBatis/entity/User.class
2021-06-10 16:45:26 DEBUG DefaultVFS:251 - Not a JAR: file:/F:/JavaProject/JavaMyBatis/target/classes/MyBatis/entity/User.class
2021-06-10 16:45:26 DEBUG DefaultVFS:101 - Reader entry: ����   4 A
2021-06-10 16:45:26 DEBUG DefaultVFS:224 - Find JAR URL: file:/F:/JavaProject/JavaMyBatis/target/classes/MyBatis/entity/WorkCard.class
2021-06-10 16:45:26 DEBUG DefaultVFS:251 - Not a JAR: file:/F:/JavaProject/JavaMyBatis/target/classes/MyBatis/entity/WorkCard.class
2021-06-10 16:45:26 DEBUG DefaultVFS:101 - Reader entry: ����   4 9
2021-06-10 16:45:26 DEBUG DefaultVFS:224 - Find JAR URL: file:/F:/JavaProject/JavaMyBatis/target/classes/MyBatis/enums
2021-06-10 16:45:26 DEBUG DefaultVFS:251 - Not a JAR: file:/F:/JavaProject/JavaMyBatis/target/classes/MyBatis/enums
2021-06-10 16:45:26 DEBUG DefaultVFS:101 - Reader entry: SexEnum.class
2021-06-10 16:45:26 DEBUG DefaultVFS:115 - Listing file:/F:/JavaProject/JavaMyBatis/target/classes/MyBatis/enums
2021-06-10 16:45:26 DEBUG DefaultVFS:224 - Find JAR URL: file:/F:/JavaProject/JavaMyBatis/target/classes/MyBatis/enums/SexEnum.class
2021-06-10 16:45:26 DEBUG DefaultVFS:251 - Not a JAR: file:/F:/JavaProject/JavaMyBatis/target/classes/MyBatis/enums/SexEnum.class
2021-06-10 16:45:26 DEBUG DefaultVFS:101 - Reader entry: ����   4 M	  9
2021-06-10 16:45:26 DEBUG DefaultVFS:224 - Find JAR URL: file:/F:/JavaProject/JavaMyBatis/target/classes/MyBatis/mapper
2021-06-10 16:45:26 DEBUG DefaultVFS:251 - Not a JAR: file:/F:/JavaProject/JavaMyBatis/target/classes/MyBatis/mapper
2021-06-10 16:45:26 DEBUG DefaultVFS:101 - Reader entry: EmployeeMapper.class
2021-06-10 16:45:26 DEBUG DefaultVFS:101 - Reader entry: EmployeeMapper.xml
2021-06-10 16:45:26 DEBUG DefaultVFS:101 - Reader entry: EmployeeTaskMapper.class
2021-06-10 16:45:26 DEBUG DefaultVFS:101 - Reader entry: EmployeeTaskMapper.xml
2021-06-10 16:45:26 DEBUG DefaultVFS:101 - Reader entry: FemaleHealthFormMapper.class
2021-06-10 16:45:26 DEBUG DefaultVFS:101 - Reader entry: FemaleHealthFormMapper.xml
2021-06-10 16:45:26 DEBUG DefaultVFS:101 - Reader entry: MaleHealthFormMapper.class
2021-06-10 16:45:26 DEBUG DefaultVFS:101 - Reader entry: MaleHealthFormMapper.xml
2021-06-10 16:45:26 DEBUG DefaultVFS:101 - Reader entry: RoleMapper.class
2021-06-10 16:45:26 DEBUG DefaultVFS:101 - Reader entry: RoleMapper.xml
2021-06-10 16:45:26 DEBUG DefaultVFS:101 - Reader entry: TaskMapper.class
2021-06-10 16:45:26 DEBUG DefaultVFS:101 - Reader entry: TaskMapper.xml
2021-06-10 16:45:26 DEBUG DefaultVFS:101 - Reader entry: UserMapper.class
2021-06-10 16:45:26 DEBUG DefaultVFS:101 - Reader entry: UserMapper.xml
2021-06-10 16:45:26 DEBUG DefaultVFS:101 - Reader entry: WorkCardMapper.class
2021-06-10 16:45:26 DEBUG DefaultVFS:101 - Reader entry: WorkCardMapper.xml
2021-06-10 16:45:26 DEBUG DefaultVFS:115 - Listing file:/F:/JavaProject/JavaMyBatis/target/classes/MyBatis/mapper
2021-06-10 16:45:26 DEBUG DefaultVFS:224 - Find JAR URL: file:/F:/JavaProject/JavaMyBatis/target/classes/MyBatis/mapper/EmployeeMapper.class
2021-06-10 16:45:26 DEBUG DefaultVFS:251 - Not a JAR: file:/F:/JavaProject/JavaMyBatis/target/classes/MyBatis/mapper/EmployeeMapper.class
2021-06-10 16:45:26 DEBUG DefaultVFS:101 - Reader entry: ����   4 
2021-06-10 16:45:26 DEBUG DefaultVFS:224 - Find JAR URL: file:/F:/JavaProject/JavaMyBatis/target/classes/MyBatis/mapper/EmployeeMapper.xml
2021-06-10 16:45:26 DEBUG DefaultVFS:251 - Not a JAR: file:/F:/JavaProject/JavaMyBatis/target/classes/MyBatis/mapper/EmployeeMapper.xml
2021-06-10 16:45:26 DEBUG DefaultVFS:101 - Reader entry: <?xml version="1.0" encoding="UTF-8" ?>
2021-06-10 16:45:26 DEBUG DefaultVFS:224 - Find JAR URL: file:/F:/JavaProject/JavaMyBatis/target/classes/MyBatis/mapper/EmployeeTaskMapper.class
2021-06-10 16:45:26 DEBUG DefaultVFS:251 - Not a JAR: file:/F:/JavaProject/JavaMyBatis/target/classes/MyBatis/mapper/EmployeeTaskMapper.class
2021-06-10 16:45:26 DEBUG DefaultVFS:101 - Reader entry: ����   4 	   getEmployeeTaskByEmpId /(Ljava/lang/Long;)LMyBatis/entity/EmployeeTask; 
2021-06-10 16:45:26 DEBUG DefaultVFS:224 - Find JAR URL: file:/F:/JavaProject/JavaMyBatis/target/classes/MyBatis/mapper/EmployeeTaskMapper.xml
2021-06-10 16:45:26 DEBUG DefaultVFS:251 - Not a JAR: file:/F:/JavaProject/JavaMyBatis/target/classes/MyBatis/mapper/EmployeeTaskMapper.xml
2021-06-10 16:45:26 DEBUG DefaultVFS:101 - Reader entry: <?xml version="1.0" encoding="UTF-8" ?>
2021-06-10 16:45:26 DEBUG DefaultVFS:224 - Find JAR URL: file:/F:/JavaProject/JavaMyBatis/target/classes/MyBatis/mapper/FemaleHealthFormMapper.class
2021-06-10 16:45:26 DEBUG DefaultVFS:251 - Not a JAR: file:/F:/JavaProject/JavaMyBatis/target/classes/MyBatis/mapper/FemaleHealthFormMapper.class
2021-06-10 16:45:26 DEBUG DefaultVFS:101 - Reader entry: ����   4 	   getFemaleHealthForm 3(Ljava/lang/Long;)LMyBatis/entity/FemaleHealthForm; 
2021-06-10 16:45:26 DEBUG DefaultVFS:224 - Find JAR URL: file:/F:/JavaProject/JavaMyBatis/target/classes/MyBatis/mapper/FemaleHealthFormMapper.xml
2021-06-10 16:45:26 DEBUG DefaultVFS:251 - Not a JAR: file:/F:/JavaProject/JavaMyBatis/target/classes/MyBatis/mapper/FemaleHealthFormMapper.xml
2021-06-10 16:45:26 DEBUG DefaultVFS:101 - Reader entry: <?xml version="1.0" encoding="UTF-8" ?>
2021-06-10 16:45:26 DEBUG DefaultVFS:224 - Find JAR URL: file:/F:/JavaProject/JavaMyBatis/target/classes/MyBatis/mapper/MaleHealthFormMapper.class
2021-06-10 16:45:26 DEBUG DefaultVFS:251 - Not a JAR: file:/F:/JavaProject/JavaMyBatis/target/classes/MyBatis/mapper/MaleHealthFormMapper.class
2021-06-10 16:45:26 DEBUG DefaultVFS:101 - Reader entry: ����   4 	   getMaleHealthForm 1(Ljava/lang/Long;)LMyBatis/entity/MaleHealthForm; 
2021-06-10 16:45:26 DEBUG DefaultVFS:224 - Find JAR URL: file:/F:/JavaProject/JavaMyBatis/target/classes/MyBatis/mapper/MaleHealthFormMapper.xml
2021-06-10 16:45:26 DEBUG DefaultVFS:251 - Not a JAR: file:/F:/JavaProject/JavaMyBatis/target/classes/MyBatis/mapper/MaleHealthFormMapper.xml
2021-06-10 16:45:26 DEBUG DefaultVFS:101 - Reader entry: <?xml version="1.0" encoding="UTF-8" ?>
2021-06-10 16:45:26 DEBUG DefaultVFS:224 - Find JAR URL: file:/F:/JavaProject/JavaMyBatis/target/classes/MyBatis/mapper/RoleMapper.class
2021-06-10 16:45:26 DEBUG DefaultVFS:251 - Not a JAR: file:/F:/JavaProject/JavaMyBatis/target/classes/MyBatis/mapper/RoleMapper.class
2021-06-10 16:45:26 DEBUG DefaultVFS:101 - Reader entry: ����   4    
2021-06-10 16:45:26 DEBUG DefaultVFS:224 - Find JAR URL: file:/F:/JavaProject/JavaMyBatis/target/classes/MyBatis/mapper/RoleMapper.xml
2021-06-10 16:45:26 DEBUG DefaultVFS:251 - Not a JAR: file:/F:/JavaProject/JavaMyBatis/target/classes/MyBatis/mapper/RoleMapper.xml
2021-06-10 16:45:26 DEBUG DefaultVFS:101 - Reader entry: <?xml version="1.0" encoding="UTF-8" ?>
2021-06-10 16:45:26 DEBUG DefaultVFS:224 - Find JAR URL: file:/F:/JavaProject/JavaMyBatis/target/classes/MyBatis/mapper/TaskMapper.class
2021-06-10 16:45:26 DEBUG DefaultVFS:251 - Not a JAR: file:/F:/JavaProject/JavaMyBatis/target/classes/MyBatis/mapper/TaskMapper.class
2021-06-10 16:45:26 DEBUG DefaultVFS:101 - Reader entry: ����   4 	   getTask '(Ljava/lang/Long;)LMyBatis/entity/Task; 
2021-06-10 16:45:26 DEBUG DefaultVFS:224 - Find JAR URL: file:/F:/JavaProject/JavaMyBatis/target/classes/MyBatis/mapper/TaskMapper.xml
2021-06-10 16:45:26 DEBUG DefaultVFS:251 - Not a JAR: file:/F:/JavaProject/JavaMyBatis/target/classes/MyBatis/mapper/TaskMapper.xml
2021-06-10 16:45:26 DEBUG DefaultVFS:101 - Reader entry: <?xml version="1.0" encoding="UTF-8" ?>
2021-06-10 16:45:26 DEBUG DefaultVFS:224 - Find JAR URL: file:/F:/JavaProject/JavaMyBatis/target/classes/MyBatis/mapper/UserMapper.class
2021-06-10 16:45:26 DEBUG DefaultVFS:251 - Not a JAR: file:/F:/JavaProject/JavaMyBatis/target/classes/MyBatis/mapper/UserMapper.class
2021-06-10 16:45:26 DEBUG DefaultVFS:101 - Reader entry: ����   4 	   getUser '(Ljava/lang/Long;)LMyBatis/entity/User; 
2021-06-10 16:45:26 DEBUG DefaultVFS:224 - Find JAR URL: file:/F:/JavaProject/JavaMyBatis/target/classes/MyBatis/mapper/UserMapper.xml
2021-06-10 16:45:26 DEBUG DefaultVFS:251 - Not a JAR: file:/F:/JavaProject/JavaMyBatis/target/classes/MyBatis/mapper/UserMapper.xml
2021-06-10 16:45:26 DEBUG DefaultVFS:101 - Reader entry: <?xml version="1.0" encoding="UTF-8" ?>
2021-06-10 16:45:26 DEBUG DefaultVFS:224 - Find JAR URL: file:/F:/JavaProject/JavaMyBatis/target/classes/MyBatis/mapper/WorkCardMapper.class
2021-06-10 16:45:26 DEBUG DefaultVFS:251 - Not a JAR: file:/F:/JavaProject/JavaMyBatis/target/classes/MyBatis/mapper/WorkCardMapper.class
2021-06-10 16:45:26 DEBUG DefaultVFS:101 - Reader entry: ����   4 	   getWorkCardByEmpId +(Ljava/lang/Long;)LMyBatis/entity/WorkCard; 
2021-06-10 16:45:26 DEBUG DefaultVFS:224 - Find JAR URL: file:/F:/JavaProject/JavaMyBatis/target/classes/MyBatis/mapper/WorkCardMapper.xml
2021-06-10 16:45:26 DEBUG DefaultVFS:251 - Not a JAR: file:/F:/JavaProject/JavaMyBatis/target/classes/MyBatis/mapper/WorkCardMapper.xml
2021-06-10 16:45:26 DEBUG DefaultVFS:101 - Reader entry: <?xml version="1.0" encoding="UTF-8" ?>
2021-06-10 16:45:26 DEBUG DefaultVFS:224 - Find JAR URL: file:/F:/JavaProject/JavaMyBatis/target/classes/MyBatis/test
2021-06-10 16:45:26 DEBUG DefaultVFS:251 - Not a JAR: file:/F:/JavaProject/JavaMyBatis/target/classes/MyBatis/test
2021-06-10 16:45:26 DEBUG DefaultVFS:101 - Reader entry: TestEmployeeMapper.class
2021-06-10 16:45:26 DEBUG DefaultVFS:101 - Reader entry: TestMyBatis.class
2021-06-10 16:45:26 DEBUG DefaultVFS:101 - Reader entry: TestRoleMapper.class
2021-06-10 16:45:26 DEBUG DefaultVFS:115 - Listing file:/F:/JavaProject/JavaMyBatis/target/classes/MyBatis/test
2021-06-10 16:45:26 DEBUG DefaultVFS:224 - Find JAR URL: file:/F:/JavaProject/JavaMyBatis/target/classes/MyBatis/test/TestEmployeeMapper.class
2021-06-10 16:45:26 DEBUG DefaultVFS:251 - Not a JAR: file:/F:/JavaProject/JavaMyBatis/target/classes/MyBatis/test/TestEmployeeMapper.class
2021-06-10 16:45:26 DEBUG DefaultVFS:101 - Reader entry: ����   4 4
2021-06-10 16:45:26 DEBUG DefaultVFS:224 - Find JAR URL: file:/F:/JavaProject/JavaMyBatis/target/classes/MyBatis/test/TestMyBatis.class
2021-06-10 16:45:26 DEBUG DefaultVFS:251 - Not a JAR: file:/F:/JavaProject/JavaMyBatis/target/classes/MyBatis/test/TestMyBatis.class
2021-06-10 16:45:26 DEBUG DefaultVFS:101 - Reader entry: ����   4 >
2021-06-10 16:45:26 DEBUG DefaultVFS:224 - Find JAR URL: file:/F:/JavaProject/JavaMyBatis/target/classes/MyBatis/test/TestRoleMapper.class
2021-06-10 16:45:26 DEBUG DefaultVFS:251 - Not a JAR: file:/F:/JavaProject/JavaMyBatis/target/classes/MyBatis/test/TestRoleMapper.class
2021-06-10 16:45:26 DEBUG DefaultVFS:101 - Reader entry: ����   4 �
2021-06-10 16:45:26 DEBUG DefaultVFS:224 - Find JAR URL: file:/F:/JavaProject/JavaMyBatis/target/classes/MyBatis/utils
2021-06-10 16:45:26 DEBUG DefaultVFS:251 - Not a JAR: file:/F:/JavaProject/JavaMyBatis/target/classes/MyBatis/utils
2021-06-10 16:45:26 DEBUG DefaultVFS:101 - Reader entry: SqlSessionFactoryUtils.class
2021-06-10 16:45:26 DEBUG DefaultVFS:115 - Listing file:/F:/JavaProject/JavaMyBatis/target/classes/MyBatis/utils
2021-06-10 16:45:26 DEBUG DefaultVFS:224 - Find JAR URL: file:/F:/JavaProject/JavaMyBatis/target/classes/MyBatis/utils/SqlSessionFactoryUtils.class
2021-06-10 16:45:26 DEBUG DefaultVFS:251 - Not a JAR: file:/F:/JavaProject/JavaMyBatis/target/classes/MyBatis/utils/SqlSessionFactoryUtils.class
2021-06-10 16:45:26 DEBUG DefaultVFS:101 - Reader entry: ����   4 I
2021-06-10 16:45:26 DEBUG ResolverUtil:287 - Checking to see if class MyBatis.entity.Employee matches criteria [is assignable to Object]
2021-06-10 16:45:26 DEBUG ResolverUtil:287 - Checking to see if class MyBatis.entity.EmployeeTask matches criteria [is assignable to Object]
2021-06-10 16:45:26 DEBUG ResolverUtil:287 - Checking to see if class MyBatis.entity.FemaleEmployee matches criteria [is assignable to Object]
2021-06-10 16:45:26 DEBUG ResolverUtil:287 - Checking to see if class MyBatis.entity.FemaleHealthForm matches criteria [is assignable to Object]
2021-06-10 16:45:26 DEBUG ResolverUtil:287 - Checking to see if class MyBatis.entity.HealthForm matches criteria [is assignable to Object]
2021-06-10 16:45:26 DEBUG ResolverUtil:287 - Checking to see if class MyBatis.entity.MaleEmployee matches criteria [is assignable to Object]
2021-06-10 16:45:26 DEBUG ResolverUtil:287 - Checking to see if class MyBatis.entity.MaleHealthForm matches criteria [is assignable to Object]
2021-06-10 16:45:26 DEBUG ResolverUtil:287 - Checking to see if class MyBatis.entity.PageParams matches criteria [is assignable to Object]
2021-06-10 16:45:26 DEBUG ResolverUtil:287 - Checking to see if class MyBatis.entity.Role matches criteria [is assignable to Object]
2021-06-10 16:45:26 DEBUG ResolverUtil:287 - Checking to see if class MyBatis.entity.RoleParams matches criteria [is assignable to Object]
2021-06-10 16:45:26 DEBUG ResolverUtil:287 - Checking to see if class MyBatis.entity.Task matches criteria [is assignable to Object]
2021-06-10 16:45:26 DEBUG ResolverUtil:287 - Checking to see if class MyBatis.entity.User matches criteria [is assignable to Object]
2021-06-10 16:45:26 DEBUG ResolverUtil:287 - Checking to see if class MyBatis.entity.WorkCard matches criteria [is assignable to Object]
2021-06-10 16:45:26 DEBUG ResolverUtil:287 - Checking to see if class MyBatis.enums.SexEnum matches criteria [is assignable to Object]
2021-06-10 16:45:26 DEBUG ResolverUtil:287 - Checking to see if class MyBatis.mapper.EmployeeMapper matches criteria [is assignable to Object]
2021-06-10 16:45:26 DEBUG ResolverUtil:287 - Checking to see if class MyBatis.mapper.EmployeeTaskMapper matches criteria [is assignable to Object]
2021-06-10 16:45:26 DEBUG ResolverUtil:287 - Checking to see if class MyBatis.mapper.FemaleHealthFormMapper matches criteria [is assignable to Object]
2021-06-10 16:45:26 DEBUG ResolverUtil:287 - Checking to see if class MyBatis.mapper.MaleHealthFormMapper matches criteria [is assignable to Object]
2021-06-10 16:45:26 DEBUG ResolverUtil:287 - Checking to see if class MyBatis.mapper.RoleMapper matches criteria [is assignable to Object]
2021-06-10 16:45:26 DEBUG ResolverUtil:287 - Checking to see if class MyBatis.mapper.TaskMapper matches criteria [is assignable to Object]
2021-06-10 16:45:26 DEBUG ResolverUtil:287 - Checking to see if class MyBatis.mapper.UserMapper matches criteria [is assignable to Object]
2021-06-10 16:45:26 DEBUG ResolverUtil:287 - Checking to see if class MyBatis.mapper.WorkCardMapper matches criteria [is assignable to Object]
2021-06-10 16:45:26 DEBUG ResolverUtil:287 - Checking to see if class MyBatis.test.TestEmployeeMapper matches criteria [is assignable to Object]
2021-06-10 16:45:26 DEBUG ResolverUtil:287 - Checking to see if class MyBatis.test.TestMyBatis matches criteria [is assignable to Object]
2021-06-10 16:45:26 DEBUG ResolverUtil:287 - Checking to see if class MyBatis.test.TestRoleMapper matches criteria [is assignable to Object]
2021-06-10 16:45:26 DEBUG ResolverUtil:287 - Checking to see if class MyBatis.utils.SqlSessionFactoryUtils matches criteria [is assignable to Object]
2021-06-10 16:45:26 DEBUG PooledDataSource:363 - PooledDataSource forcefully closed/removed all connections.
2021-06-10 16:45:26 DEBUG PooledDataSource:363 - PooledDataSource forcefully closed/removed all connections.
2021-06-10 16:45:26 DEBUG PooledDataSource:363 - PooledDataSource forcefully closed/removed all connections.
2021-06-10 16:45:26 DEBUG PooledDataSource:363 - PooledDataSource forcefully closed/removed all connections.
2021-06-10 16:45:27 DEBUG PooledDataSource:434 - Created connection 944427387.
2021-06-10 16:45:27 DEBUG PooledDataSource:391 - Returned connection 944427387 to pool.
2021-06-10 16:45:27 DEBUG DefaultVFS:224 - Find JAR URL: file:/F:/JavaProject/JavaMyBatis/target/classes/MyBatis/mapper
2021-06-10 16:45:27 DEBUG DefaultVFS:251 - Not a JAR: file:/F:/JavaProject/JavaMyBatis/target/classes/MyBatis/mapper
2021-06-10 16:45:27 DEBUG DefaultVFS:101 - Reader entry: EmployeeMapper.class
2021-06-10 16:45:27 DEBUG DefaultVFS:101 - Reader entry: EmployeeMapper.xml
2021-06-10 16:45:27 DEBUG DefaultVFS:101 - Reader entry: EmployeeTaskMapper.class
2021-06-10 16:45:27 DEBUG DefaultVFS:101 - Reader entry: EmployeeTaskMapper.xml
2021-06-10 16:45:27 DEBUG DefaultVFS:101 - Reader entry: FemaleHealthFormMapper.class
2021-06-10 16:45:27 DEBUG DefaultVFS:101 - Reader entry: FemaleHealthFormMapper.xml
2021-06-10 16:45:27 DEBUG DefaultVFS:101 - Reader entry: MaleHealthFormMapper.class
2021-06-10 16:45:27 DEBUG DefaultVFS:101 - Reader entry: MaleHealthFormMapper.xml
2021-06-10 16:45:27 DEBUG DefaultVFS:101 - Reader entry: RoleMapper.class
2021-06-10 16:45:27 DEBUG DefaultVFS:101 - Reader entry: RoleMapper.xml
2021-06-10 16:45:27 DEBUG DefaultVFS:101 - Reader entry: TaskMapper.class
2021-06-10 16:45:27 DEBUG DefaultVFS:101 - Reader entry: TaskMapper.xml
2021-06-10 16:45:27 DEBUG DefaultVFS:101 - Reader entry: UserMapper.class
2021-06-10 16:45:27 DEBUG DefaultVFS:101 - Reader entry: UserMapper.xml
2021-06-10 16:45:27 DEBUG DefaultVFS:101 - Reader entry: WorkCardMapper.class
2021-06-10 16:45:27 DEBUG DefaultVFS:101 - Reader entry: WorkCardMapper.xml
2021-06-10 16:45:27 DEBUG DefaultVFS:115 - Listing file:/F:/JavaProject/JavaMyBatis/target/classes/MyBatis/mapper
2021-06-10 16:45:27 DEBUG DefaultVFS:224 - Find JAR URL: file:/F:/JavaProject/JavaMyBatis/target/classes/MyBatis/mapper/EmployeeMapper.class
2021-06-10 16:45:27 DEBUG DefaultVFS:251 - Not a JAR: file:/F:/JavaProject/JavaMyBatis/target/classes/MyBatis/mapper/EmployeeMapper.class
2021-06-10 16:45:27 DEBUG DefaultVFS:101 - Reader entry: ����   4 
2021-06-10 16:45:27 DEBUG DefaultVFS:224 - Find JAR URL: file:/F:/JavaProject/JavaMyBatis/target/classes/MyBatis/mapper/EmployeeMapper.xml
2021-06-10 16:45:27 DEBUG DefaultVFS:251 - Not a JAR: file:/F:/JavaProject/JavaMyBatis/target/classes/MyBatis/mapper/EmployeeMapper.xml
2021-06-10 16:45:27 DEBUG DefaultVFS:101 - Reader entry: <?xml version="1.0" encoding="UTF-8" ?>
2021-06-10 16:45:27 DEBUG DefaultVFS:224 - Find JAR URL: file:/F:/JavaProject/JavaMyBatis/target/classes/MyBatis/mapper/EmployeeTaskMapper.class
2021-06-10 16:45:27 DEBUG DefaultVFS:251 - Not a JAR: file:/F:/JavaProject/JavaMyBatis/target/classes/MyBatis/mapper/EmployeeTaskMapper.class
2021-06-10 16:45:27 DEBUG DefaultVFS:101 - Reader entry: ����   4 	   getEmployeeTaskByEmpId /(Ljava/lang/Long;)LMyBatis/entity/EmployeeTask; 
2021-06-10 16:45:27 DEBUG DefaultVFS:224 - Find JAR URL: file:/F:/JavaProject/JavaMyBatis/target/classes/MyBatis/mapper/EmployeeTaskMapper.xml
2021-06-10 16:45:27 DEBUG DefaultVFS:251 - Not a JAR: file:/F:/JavaProject/JavaMyBatis/target/classes/MyBatis/mapper/EmployeeTaskMapper.xml
2021-06-10 16:45:27 DEBUG DefaultVFS:101 - Reader entry: <?xml version="1.0" encoding="UTF-8" ?>
2021-06-10 16:45:27 DEBUG DefaultVFS:224 - Find JAR URL: file:/F:/JavaProject/JavaMyBatis/target/classes/MyBatis/mapper/FemaleHealthFormMapper.class
2021-06-10 16:45:27 DEBUG DefaultVFS:251 - Not a JAR: file:/F:/JavaProject/JavaMyBatis/target/classes/MyBatis/mapper/FemaleHealthFormMapper.class
2021-06-10 16:45:27 DEBUG DefaultVFS:101 - Reader entry: ����   4 	   getFemaleHealthForm 3(Ljava/lang/Long;)LMyBatis/entity/FemaleHealthForm; 
2021-06-10 16:45:27 DEBUG DefaultVFS:224 - Find JAR URL: file:/F:/JavaProject/JavaMyBatis/target/classes/MyBatis/mapper/FemaleHealthFormMapper.xml
2021-06-10 16:45:27 DEBUG DefaultVFS:251 - Not a JAR: file:/F:/JavaProject/JavaMyBatis/target/classes/MyBatis/mapper/FemaleHealthFormMapper.xml
2021-06-10 16:45:27 DEBUG DefaultVFS:101 - Reader entry: <?xml version="1.0" encoding="UTF-8" ?>
2021-06-10 16:45:27 DEBUG DefaultVFS:224 - Find JAR URL: file:/F:/JavaProject/JavaMyBatis/target/classes/MyBatis/mapper/MaleHealthFormMapper.class
2021-06-10 16:45:27 DEBUG DefaultVFS:251 - Not a JAR: file:/F:/JavaProject/JavaMyBatis/target/classes/MyBatis/mapper/MaleHealthFormMapper.class
2021-06-10 16:45:27 DEBUG DefaultVFS:101 - Reader entry: ����   4 	   getMaleHealthForm 1(Ljava/lang/Long;)LMyBatis/entity/MaleHealthForm; 
2021-06-10 16:45:27 DEBUG DefaultVFS:224 - Find JAR URL: file:/F:/JavaProject/JavaMyBatis/target/classes/MyBatis/mapper/MaleHealthFormMapper.xml
2021-06-10 16:45:27 DEBUG DefaultVFS:251 - Not a JAR: file:/F:/JavaProject/JavaMyBatis/target/classes/MyBatis/mapper/MaleHealthFormMapper.xml
2021-06-10 16:45:27 DEBUG DefaultVFS:101 - Reader entry: <?xml version="1.0" encoding="UTF-8" ?>
2021-06-10 16:45:27 DEBUG DefaultVFS:224 - Find JAR URL: file:/F:/JavaProject/JavaMyBatis/target/classes/MyBatis/mapper/RoleMapper.class
2021-06-10 16:45:27 DEBUG DefaultVFS:251 - Not a JAR: file:/F:/JavaProject/JavaMyBatis/target/classes/MyBatis/mapper/RoleMapper.class
2021-06-10 16:45:27 DEBUG DefaultVFS:101 - Reader entry: ����   4    
2021-06-10 16:45:27 DEBUG DefaultVFS:224 - Find JAR URL: file:/F:/JavaProject/JavaMyBatis/target/classes/MyBatis/mapper/RoleMapper.xml
2021-06-10 16:45:27 DEBUG DefaultVFS:251 - Not a JAR: file:/F:/JavaProject/JavaMyBatis/target/classes/MyBatis/mapper/RoleMapper.xml
2021-06-10 16:45:27 DEBUG DefaultVFS:101 - Reader entry: <?xml version="1.0" encoding="UTF-8" ?>
2021-06-10 16:45:27 DEBUG DefaultVFS:224 - Find JAR URL: file:/F:/JavaProject/JavaMyBatis/target/classes/MyBatis/mapper/TaskMapper.class
2021-06-10 16:45:27 DEBUG DefaultVFS:251 - Not a JAR: file:/F:/JavaProject/JavaMyBatis/target/classes/MyBatis/mapper/TaskMapper.class
2021-06-10 16:45:27 DEBUG DefaultVFS:101 - Reader entry: ����   4 	   getTask '(Ljava/lang/Long;)LMyBatis/entity/Task; 
2021-06-10 16:45:27 DEBUG DefaultVFS:224 - Find JAR URL: file:/F:/JavaProject/JavaMyBatis/target/classes/MyBatis/mapper/TaskMapper.xml
2021-06-10 16:45:27 DEBUG DefaultVFS:251 - Not a JAR: file:/F:/JavaProject/JavaMyBatis/target/classes/MyBatis/mapper/TaskMapper.xml
2021-06-10 16:45:27 DEBUG DefaultVFS:101 - Reader entry: <?xml version="1.0" encoding="UTF-8" ?>
2021-06-10 16:45:27 DEBUG DefaultVFS:224 - Find JAR URL: file:/F:/JavaProject/JavaMyBatis/target/classes/MyBatis/mapper/UserMapper.class
2021-06-10 16:45:27 DEBUG DefaultVFS:251 - Not a JAR: file:/F:/JavaProject/JavaMyBatis/target/classes/MyBatis/mapper/UserMapper.class
2021-06-10 16:45:27 DEBUG DefaultVFS:101 - Reader entry: ����   4 	   getUser '(Ljava/lang/Long;)LMyBatis/entity/User; 
2021-06-10 16:45:27 DEBUG DefaultVFS:224 - Find JAR URL: file:/F:/JavaProject/JavaMyBatis/target/classes/MyBatis/mapper/UserMapper.xml
2021-06-10 16:45:27 DEBUG DefaultVFS:251 - Not a JAR: file:/F:/JavaProject/JavaMyBatis/target/classes/MyBatis/mapper/UserMapper.xml
2021-06-10 16:45:27 DEBUG DefaultVFS:101 - Reader entry: <?xml version="1.0" encoding="UTF-8" ?>
2021-06-10 16:45:27 DEBUG DefaultVFS:224 - Find JAR URL: file:/F:/JavaProject/JavaMyBatis/target/classes/MyBatis/mapper/WorkCardMapper.class
2021-06-10 16:45:27 DEBUG DefaultVFS:251 - Not a JAR: file:/F:/JavaProject/JavaMyBatis/target/classes/MyBatis/mapper/WorkCardMapper.class
2021-06-10 16:45:27 DEBUG DefaultVFS:101 - Reader entry: ����   4 	   getWorkCardByEmpId +(Ljava/lang/Long;)LMyBatis/entity/WorkCard; 
2021-06-10 16:45:27 DEBUG DefaultVFS:224 - Find JAR URL: file:/F:/JavaProject/JavaMyBatis/target/classes/MyBatis/mapper/WorkCardMapper.xml
2021-06-10 16:45:27 DEBUG DefaultVFS:251 - Not a JAR: file:/F:/JavaProject/JavaMyBatis/target/classes/MyBatis/mapper/WorkCardMapper.xml
2021-06-10 16:45:27 DEBUG DefaultVFS:101 - Reader entry: <?xml version="1.0" encoding="UTF-8" ?>
2021-06-10 16:45:27 DEBUG ResolverUtil:287 - Checking to see if class MyBatis.mapper.EmployeeMapper matches criteria [is assignable to Object]
2021-06-10 16:45:27 DEBUG ResolverUtil:287 - Checking to see if class MyBatis.mapper.EmployeeTaskMapper matches criteria [is assignable to Object]
2021-06-10 16:45:27 DEBUG ResolverUtil:287 - Checking to see if class MyBatis.mapper.FemaleHealthFormMapper matches criteria [is assignable to Object]
2021-06-10 16:45:27 DEBUG ResolverUtil:287 - Checking to see if class MyBatis.mapper.MaleHealthFormMapper matches criteria [is assignable to Object]
2021-06-10 16:45:27 DEBUG ResolverUtil:287 - Checking to see if class MyBatis.mapper.RoleMapper matches criteria [is assignable to Object]
2021-06-10 16:45:27 DEBUG ResolverUtil:287 - Checking to see if class MyBatis.mapper.TaskMapper matches criteria [is assignable to Object]
2021-06-10 16:45:27 DEBUG ResolverUtil:287 - Checking to see if class MyBatis.mapper.UserMapper matches criteria [is assignable to Object]
2021-06-10 16:45:27 DEBUG ResolverUtil:287 - Checking to see if class MyBatis.mapper.WorkCardMapper matches criteria [is assignable to Object]
2021-06-10 16:45:27 DEBUG JdbcTransaction:137 - Opening JDBC Connection
2021-06-10 16:45:27 DEBUG PooledDataSource:426 - Checked out connection 944427387 from pool.
2021-06-10 16:45:27 DEBUG JdbcTransaction:101 - Setting autocommit to false on JDBC Connection [com.mysql.cj.jdbc.ConnectionImpl@384ad17b]
2021-06-10 16:45:27 DEBUG getEmployee:137 - ==>  Preparing: select id, real_name as realName, sex, birthday, mobile, email, position, note from t_employee where id = ?
2021-06-10 16:45:27 DEBUG getEmployee:137 - ==> Parameters: 1(Long)
2021-06-10 16:45:27 DEBUG getMaleHealthForm:137 - ====>  Preparing: select id, heart, liver, spleen, lung, kidney, prostate, note from t_male_health_form where emp_id = ?
2021-06-10 16:45:27 DEBUG getMaleHealthForm:137 - ====> Parameters: 1(Long)
2021-06-10 16:45:27 DEBUG getMaleHealthForm:137 - <====      Total: 1
2021-06-10 16:45:27 DEBUG getWorkCardByEmpId:137 - ====>  Preparing: SELECT id, emp_id as empId, real_name as realName, department, mobile, position, note FROM t_work_card where emp_id = ?
2021-06-10 16:45:27 DEBUG getWorkCardByEmpId:137 - ====> Parameters: 1(Long)
2021-06-10 16:45:27 DEBUG getWorkCardByEmpId:137 - <====      Total: 1
2021-06-10 16:45:27 DEBUG getEmployeeTaskByEmpId:137 - ====>  Preparing: select id, emp_id, task_name, task_id, note from t_employee_task where emp_id = ?
2021-06-10 16:45:27 DEBUG getEmployeeTaskByEmpId:137 - ====> Parameters: 1(Integer)
2021-06-10 16:45:27 DEBUG getTask:137 - ======>  Preparing: select id, title, context, note from t_task where id = ?
2021-06-10 16:45:27 DEBUG getTask:137 - ======> Parameters: 1(Long)
2021-06-10 16:45:27 DEBUG getTask:137 - <======      Total: 1
2021-06-10 16:45:27 DEBUG getEmployeeTaskByEmpId:137 - <====      Total: 1
2021-06-10 16:45:27 DEBUG getEmployee:137 - <==      Total: 1
2021-06-10 16:45:27 DEBUG JdbcTransaction:123 - Resetting autocommit to true on JDBC Connection [com.mysql.cj.jdbc.ConnectionImpl@384ad17b]
2021-06-10 16:45:27 DEBUG JdbcTransaction:91 - Closing JDBC Connection [com.mysql.cj.jdbc.ConnectionImpl@384ad17b]
2021-06-10 16:45:27 DEBUG PooledDataSource:391 - Returned connection 944427387 to pool.
2021-06-10 16:45:47 DEBUG LogFactory:105 - Logging initialized using 'class org.apache.ibatis.logging.slf4j.Slf4jImpl' adapter.
2021-06-10 16:45:47 DEBUG VFS:116 - Class not found: org.jboss.vfs.VFS
2021-06-10 16:45:47 DEBUG JBoss6VFS:149 - JBoss 6 VFS API is not available in this environment.
2021-06-10 16:45:47 DEBUG VFS:116 - Class not found: org.jboss.vfs.VirtualFile
2021-06-10 16:45:47 DEBUG VFS:64 - VFS implementation org.apache.ibatis.io.JBoss6VFS is not valid in this environment.
2021-06-10 16:45:47 DEBUG VFS:74 - Using VFS adapter org.apache.ibatis.io.DefaultVFS
2021-06-10 16:45:47 DEBUG DefaultVFS:224 - Find JAR URL: file:/F:/JavaProject/JavaMyBatis/target/classes/MyBatis
2021-06-10 16:45:47 DEBUG DefaultVFS:251 - Not a JAR: file:/F:/JavaProject/JavaMyBatis/target/classes/MyBatis
2021-06-10 16:45:47 DEBUG DefaultVFS:101 - Reader entry: entity
2021-06-10 16:45:47 DEBUG DefaultVFS:101 - Reader entry: enums
2021-06-10 16:45:47 DEBUG DefaultVFS:101 - Reader entry: mapper
2021-06-10 16:45:47 DEBUG DefaultVFS:101 - Reader entry: test
2021-06-10 16:45:47 DEBUG DefaultVFS:101 - Reader entry: utils
2021-06-10 16:45:47 DEBUG DefaultVFS:115 - Listing file:/F:/JavaProject/JavaMyBatis/target/classes/MyBatis
2021-06-10 16:45:47 DEBUG DefaultVFS:224 - Find JAR URL: file:/F:/JavaProject/JavaMyBatis/target/classes/MyBatis/entity
2021-06-10 16:45:47 DEBUG DefaultVFS:251 - Not a JAR: file:/F:/JavaProject/JavaMyBatis/target/classes/MyBatis/entity
2021-06-10 16:45:47 DEBUG DefaultVFS:101 - Reader entry: Employee.class
2021-06-10 16:45:47 DEBUG DefaultVFS:101 - Reader entry: EmployeeTask.class
2021-06-10 16:45:47 DEBUG DefaultVFS:101 - Reader entry: FemaleEmployee.class
2021-06-10 16:45:47 DEBUG DefaultVFS:101 - Reader entry: FemaleHealthForm.class
2021-06-10 16:45:47 DEBUG DefaultVFS:101 - Reader entry: HealthForm.class
2021-06-10 16:45:47 DEBUG DefaultVFS:101 - Reader entry: MaleEmployee.class
2021-06-10 16:45:47 DEBUG DefaultVFS:101 - Reader entry: MaleHealthForm.class
2021-06-10 16:45:47 DEBUG DefaultVFS:101 - Reader entry: PageParams.class
2021-06-10 16:45:47 DEBUG DefaultVFS:101 - Reader entry: Role.class
2021-06-10 16:45:47 DEBUG DefaultVFS:101 - Reader entry: RoleParams.class
2021-06-10 16:45:47 DEBUG DefaultVFS:101 - Reader entry: Task.class
2021-06-10 16:45:47 DEBUG DefaultVFS:101 - Reader entry: User.class
2021-06-10 16:45:47 DEBUG DefaultVFS:101 - Reader entry: WorkCard.class
2021-06-10 16:45:47 DEBUG DefaultVFS:115 - Listing file:/F:/JavaProject/JavaMyBatis/target/classes/MyBatis/entity
2021-06-10 16:45:47 DEBUG DefaultVFS:224 - Find JAR URL: file:/F:/JavaProject/JavaMyBatis/target/classes/MyBatis/entity/Employee.class
2021-06-10 16:45:47 DEBUG DefaultVFS:251 - Not a JAR: file:/F:/JavaProject/JavaMyBatis/target/classes/MyBatis/entity/Employee.class
2021-06-10 16:45:47 DEBUG DefaultVFS:101 - Reader entry: ����   4 Y
2021-06-10 16:45:47 DEBUG DefaultVFS:224 - Find JAR URL: file:/F:/JavaProject/JavaMyBatis/target/classes/MyBatis/entity/EmployeeTask.class
2021-06-10 16:45:47 DEBUG DefaultVFS:251 - Not a JAR: file:/F:/JavaProject/JavaMyBatis/target/classes/MyBatis/entity/EmployeeTask.class
2021-06-10 16:45:47 DEBUG DefaultVFS:101 - Reader entry: ����   4 2
2021-06-10 16:45:47 DEBUG DefaultVFS:224 - Find JAR URL: file:/F:/JavaProject/JavaMyBatis/target/classes/MyBatis/entity/FemaleEmployee.class
2021-06-10 16:45:47 DEBUG DefaultVFS:251 - Not a JAR: file:/F:/JavaProject/JavaMyBatis/target/classes/MyBatis/entity/FemaleEmployee.class
2021-06-10 16:45:47 DEBUG DefaultVFS:101 - Reader entry: ����   4 
2021-06-10 16:45:47 DEBUG DefaultVFS:224 - Find JAR URL: file:/F:/JavaProject/JavaMyBatis/target/classes/MyBatis/entity/FemaleHealthForm.class
2021-06-10 16:45:47 DEBUG DefaultVFS:251 - Not a JAR: file:/F:/JavaProject/JavaMyBatis/target/classes/MyBatis/entity/FemaleHealthForm.class
2021-06-10 16:45:47 DEBUG DefaultVFS:101 - Reader entry: ����   4 
2021-06-10 16:45:47 DEBUG DefaultVFS:224 - Find JAR URL: file:/F:/JavaProject/JavaMyBatis/target/classes/MyBatis/entity/HealthForm.class
2021-06-10 16:45:47 DEBUG DefaultVFS:251 - Not a JAR: file:/F:/JavaProject/JavaMyBatis/target/classes/MyBatis/entity/HealthForm.class
2021-06-10 16:45:47 DEBUG DefaultVFS:101 - Reader entry: ����   4 >
2021-06-10 16:45:47 DEBUG DefaultVFS:224 - Find JAR URL: file:/F:/JavaProject/JavaMyBatis/target/classes/MyBatis/entity/MaleEmployee.class
2021-06-10 16:45:47 DEBUG DefaultVFS:251 - Not a JAR: file:/F:/JavaProject/JavaMyBatis/target/classes/MyBatis/entity/MaleEmployee.class
2021-06-10 16:45:47 DEBUG DefaultVFS:101 - Reader entry: ����   4 
2021-06-10 16:45:47 DEBUG DefaultVFS:224 - Find JAR URL: file:/F:/JavaProject/JavaMyBatis/target/classes/MyBatis/entity/MaleHealthForm.class
2021-06-10 16:45:47 DEBUG DefaultVFS:251 - Not a JAR: file:/F:/JavaProject/JavaMyBatis/target/classes/MyBatis/entity/MaleHealthForm.class
2021-06-10 16:45:47 DEBUG DefaultVFS:101 - Reader entry: ����   4 
2021-06-10 16:45:47 DEBUG DefaultVFS:224 - Find JAR URL: file:/F:/JavaProject/JavaMyBatis/target/classes/MyBatis/entity/PageParams.class
2021-06-10 16:45:47 DEBUG DefaultVFS:251 - Not a JAR: file:/F:/JavaProject/JavaMyBatis/target/classes/MyBatis/entity/PageParams.class
2021-06-10 16:45:47 DEBUG DefaultVFS:101 - Reader entry: ����   4 
2021-06-10 16:45:47 DEBUG DefaultVFS:224 - Find JAR URL: file:/F:/JavaProject/JavaMyBatis/target/classes/MyBatis/entity/Role.class
2021-06-10 16:45:47 DEBUG DefaultVFS:251 - Not a JAR: file:/F:/JavaProject/JavaMyBatis/target/classes/MyBatis/entity/Role.class
2021-06-10 16:45:47 DEBUG DefaultVFS:101 - Reader entry: ����   4 #
2021-06-10 16:45:47 DEBUG DefaultVFS:224 - Find JAR URL: file:/F:/JavaProject/JavaMyBatis/target/classes/MyBatis/entity/RoleParams.class
2021-06-10 16:45:47 DEBUG DefaultVFS:251 - Not a JAR: file:/F:/JavaProject/JavaMyBatis/target/classes/MyBatis/entity/RoleParams.class
2021-06-10 16:45:47 DEBUG DefaultVFS:101 - Reader entry: ����   4 
2021-06-10 16:45:47 DEBUG DefaultVFS:224 - Find JAR URL: file:/F:/JavaProject/JavaMyBatis/target/classes/MyBatis/entity/Task.class
2021-06-10 16:45:47 DEBUG DefaultVFS:251 - Not a JAR: file:/F:/JavaProject/JavaMyBatis/target/classes/MyBatis/entity/Task.class
2021-06-10 16:45:47 DEBUG DefaultVFS:101 - Reader entry: ����   4 *
2021-06-10 16:45:47 DEBUG DefaultVFS:224 - Find JAR URL: file:/F:/JavaProject/JavaMyBatis/target/classes/MyBatis/entity/User.class
2021-06-10 16:45:47 DEBUG DefaultVFS:251 - Not a JAR: file:/F:/JavaProject/JavaMyBatis/target/classes/MyBatis/entity/User.class
2021-06-10 16:45:47 DEBUG DefaultVFS:101 - Reader entry: ����   4 A
2021-06-10 16:45:47 DEBUG DefaultVFS:224 - Find JAR URL: file:/F:/JavaProject/JavaMyBatis/target/classes/MyBatis/entity/WorkCard.class
2021-06-10 16:45:47 DEBUG DefaultVFS:251 - Not a JAR: file:/F:/JavaProject/JavaMyBatis/target/classes/MyBatis/entity/WorkCard.class
2021-06-10 16:45:47 DEBUG DefaultVFS:101 - Reader entry: ����   4 9
2021-06-10 16:45:47 DEBUG DefaultVFS:224 - Find JAR URL: file:/F:/JavaProject/JavaMyBatis/target/classes/MyBatis/enums
2021-06-10 16:45:47 DEBUG DefaultVFS:251 - Not a JAR: file:/F:/JavaProject/JavaMyBatis/target/classes/MyBatis/enums
2021-06-10 16:45:47 DEBUG DefaultVFS:101 - Reader entry: SexEnum.class
2021-06-10 16:45:47 DEBUG DefaultVFS:115 - Listing file:/F:/JavaProject/JavaMyBatis/target/classes/MyBatis/enums
2021-06-10 16:45:47 DEBUG DefaultVFS:224 - Find JAR URL: file:/F:/JavaProject/JavaMyBatis/target/classes/MyBatis/enums/SexEnum.class
2021-06-10 16:45:47 DEBUG DefaultVFS:251 - Not a JAR: file:/F:/JavaProject/JavaMyBatis/target/classes/MyBatis/enums/SexEnum.class
2021-06-10 16:45:47 DEBUG DefaultVFS:101 - Reader entry: ����   4 M	  9
2021-06-10 16:45:47 DEBUG DefaultVFS:224 - Find JAR URL: file:/F:/JavaProject/JavaMyBatis/target/classes/MyBatis/mapper
2021-06-10 16:45:47 DEBUG DefaultVFS:251 - Not a JAR: file:/F:/JavaProject/JavaMyBatis/target/classes/MyBatis/mapper
2021-06-10 16:45:47 DEBUG DefaultVFS:101 - Reader entry: EmployeeMapper.class
2021-06-10 16:45:47 DEBUG DefaultVFS:101 - Reader entry: EmployeeMapper.xml
2021-06-10 16:45:47 DEBUG DefaultVFS:101 - Reader entry: EmployeeTaskMapper.class
2021-06-10 16:45:47 DEBUG DefaultVFS:101 - Reader entry: EmployeeTaskMapper.xml
2021-06-10 16:45:47 DEBUG DefaultVFS:101 - Reader entry: FemaleHealthFormMapper.class
2021-06-10 16:45:47 DEBUG DefaultVFS:101 - Reader entry: FemaleHealthFormMapper.xml
2021-06-10 16:45:47 DEBUG DefaultVFS:101 - Reader entry: MaleHealthFormMapper.class
2021-06-10 16:45:47 DEBUG DefaultVFS:101 - Reader entry: MaleHealthFormMapper.xml
2021-06-10 16:45:47 DEBUG DefaultVFS:101 - Reader entry: RoleMapper.class
2021-06-10 16:45:47 DEBUG DefaultVFS:101 - Reader entry: RoleMapper.xml
2021-06-10 16:45:47 DEBUG DefaultVFS:101 - Reader entry: TaskMapper.class
2021-06-10 16:45:47 DEBUG DefaultVFS:101 - Reader entry: TaskMapper.xml
2021-06-10 16:45:47 DEBUG DefaultVFS:101 - Reader entry: UserMapper.class
2021-06-10 16:45:47 DEBUG DefaultVFS:101 - Reader entry: UserMapper.xml
2021-06-10 16:45:47 DEBUG DefaultVFS:101 - Reader entry: WorkCardMapper.class
2021-06-10 16:45:47 DEBUG DefaultVFS:101 - Reader entry: WorkCardMapper.xml
2021-06-10 16:45:47 DEBUG DefaultVFS:115 - Listing file:/F:/JavaProject/JavaMyBatis/target/classes/MyBatis/mapper
2021-06-10 16:45:47 DEBUG DefaultVFS:224 - Find JAR URL: file:/F:/JavaProject/JavaMyBatis/target/classes/MyBatis/mapper/EmployeeMapper.class
2021-06-10 16:45:47 DEBUG DefaultVFS:251 - Not a JAR: file:/F:/JavaProject/JavaMyBatis/target/classes/MyBatis/mapper/EmployeeMapper.class
2021-06-10 16:45:47 DEBUG DefaultVFS:101 - Reader entry: ����   4 
2021-06-10 16:45:47 DEBUG DefaultVFS:224 - Find JAR URL: file:/F:/JavaProject/JavaMyBatis/target/classes/MyBatis/mapper/EmployeeMapper.xml
2021-06-10 16:45:47 DEBUG DefaultVFS:251 - Not a JAR: file:/F:/JavaProject/JavaMyBatis/target/classes/MyBatis/mapper/EmployeeMapper.xml
2021-06-10 16:45:47 DEBUG DefaultVFS:101 - Reader entry: <?xml version="1.0" encoding="UTF-8" ?>
2021-06-10 16:45:47 DEBUG DefaultVFS:224 - Find JAR URL: file:/F:/JavaProject/JavaMyBatis/target/classes/MyBatis/mapper/EmployeeTaskMapper.class
2021-06-10 16:45:47 DEBUG DefaultVFS:251 - Not a JAR: file:/F:/JavaProject/JavaMyBatis/target/classes/MyBatis/mapper/EmployeeTaskMapper.class
2021-06-10 16:45:47 DEBUG DefaultVFS:101 - Reader entry: ����   4 	   getEmployeeTaskByEmpId /(Ljava/lang/Long;)LMyBatis/entity/EmployeeTask; 
2021-06-10 16:45:47 DEBUG DefaultVFS:224 - Find JAR URL: file:/F:/JavaProject/JavaMyBatis/target/classes/MyBatis/mapper/EmployeeTaskMapper.xml
2021-06-10 16:45:47 DEBUG DefaultVFS:251 - Not a JAR: file:/F:/JavaProject/JavaMyBatis/target/classes/MyBatis/mapper/EmployeeTaskMapper.xml
2021-06-10 16:45:47 DEBUG DefaultVFS:101 - Reader entry: <?xml version="1.0" encoding="UTF-8" ?>
2021-06-10 16:45:47 DEBUG DefaultVFS:224 - Find JAR URL: file:/F:/JavaProject/JavaMyBatis/target/classes/MyBatis/mapper/FemaleHealthFormMapper.class
2021-06-10 16:45:47 DEBUG DefaultVFS:251 - Not a JAR: file:/F:/JavaProject/JavaMyBatis/target/classes/MyBatis/mapper/FemaleHealthFormMapper.class
2021-06-10 16:45:47 DEBUG DefaultVFS:101 - Reader entry: ����   4 	   getFemaleHealthForm 3(Ljava/lang/Long;)LMyBatis/entity/FemaleHealthForm; 
2021-06-10 16:45:47 DEBUG DefaultVFS:224 - Find JAR URL: file:/F:/JavaProject/JavaMyBatis/target/classes/MyBatis/mapper/FemaleHealthFormMapper.xml
2021-06-10 16:45:47 DEBUG DefaultVFS:251 - Not a JAR: file:/F:/JavaProject/JavaMyBatis/target/classes/MyBatis/mapper/FemaleHealthFormMapper.xml
2021-06-10 16:45:47 DEBUG DefaultVFS:101 - Reader entry: <?xml version="1.0" encoding="UTF-8" ?>
2021-06-10 16:45:47 DEBUG DefaultVFS:224 - Find JAR URL: file:/F:/JavaProject/JavaMyBatis/target/classes/MyBatis/mapper/MaleHealthFormMapper.class
2021-06-10 16:45:47 DEBUG DefaultVFS:251 - Not a JAR: file:/F:/JavaProject/JavaMyBatis/target/classes/MyBatis/mapper/MaleHealthFormMapper.class
2021-06-10 16:45:47 DEBUG DefaultVFS:101 - Reader entry: ����   4 	   getMaleHealthForm 1(Ljava/lang/Long;)LMyBatis/entity/MaleHealthForm; 
2021-06-10 16:45:47 DEBUG DefaultVFS:224 - Find JAR URL: file:/F:/JavaProject/JavaMyBatis/target/classes/MyBatis/mapper/MaleHealthFormMapper.xml
2021-06-10 16:45:47 DEBUG DefaultVFS:251 - Not a JAR: file:/F:/JavaProject/JavaMyBatis/target/classes/MyBatis/mapper/MaleHealthFormMapper.xml
2021-06-10 16:45:47 DEBUG DefaultVFS:101 - Reader entry: <?xml version="1.0" encoding="UTF-8" ?>
2021-06-10 16:45:47 DEBUG DefaultVFS:224 - Find JAR URL: file:/F:/JavaProject/JavaMyBatis/target/classes/MyBatis/mapper/RoleMapper.class
2021-06-10 16:45:47 DEBUG DefaultVFS:251 - Not a JAR: file:/F:/JavaProject/JavaMyBatis/target/classes/MyBatis/mapper/RoleMapper.class
2021-06-10 16:45:47 DEBUG DefaultVFS:101 - Reader entry: ����   4    
2021-06-10 16:45:47 DEBUG DefaultVFS:224 - Find JAR URL: file:/F:/JavaProject/JavaMyBatis/target/classes/MyBatis/mapper/RoleMapper.xml
2021-06-10 16:45:47 DEBUG DefaultVFS:251 - Not a JAR: file:/F:/JavaProject/JavaMyBatis/target/classes/MyBatis/mapper/RoleMapper.xml
2021-06-10 16:45:47 DEBUG DefaultVFS:101 - Reader entry: <?xml version="1.0" encoding="UTF-8" ?>
2021-06-10 16:45:47 DEBUG DefaultVFS:224 - Find JAR URL: file:/F:/JavaProject/JavaMyBatis/target/classes/MyBatis/mapper/TaskMapper.class
2021-06-10 16:45:47 DEBUG DefaultVFS:251 - Not a JAR: file:/F:/JavaProject/JavaMyBatis/target/classes/MyBatis/mapper/TaskMapper.class
2021-06-10 16:45:47 DEBUG DefaultVFS:101 - Reader entry: ����   4 	   getTask '(Ljava/lang/Long;)LMyBatis/entity/Task; 
2021-06-10 16:45:47 DEBUG DefaultVFS:224 - Find JAR URL: file:/F:/JavaProject/JavaMyBatis/target/classes/MyBatis/mapper/TaskMapper.xml
2021-06-10 16:45:47 DEBUG DefaultVFS:251 - Not a JAR: file:/F:/JavaProject/JavaMyBatis/target/classes/MyBatis/mapper/TaskMapper.xml
2021-06-10 16:45:47 DEBUG DefaultVFS:101 - Reader entry: <?xml version="1.0" encoding="UTF-8" ?>
2021-06-10 16:45:47 DEBUG DefaultVFS:224 - Find JAR URL: file:/F:/JavaProject/JavaMyBatis/target/classes/MyBatis/mapper/UserMapper.class
2021-06-10 16:45:47 DEBUG DefaultVFS:251 - Not a JAR: file:/F:/JavaProject/JavaMyBatis/target/classes/MyBatis/mapper/UserMapper.class
2021-06-10 16:45:47 DEBUG DefaultVFS:101 - Reader entry: ����   4 	   getUser '(Ljava/lang/Long;)LMyBatis/entity/User; 
2021-06-10 16:45:47 DEBUG DefaultVFS:224 - Find JAR URL: file:/F:/JavaProject/JavaMyBatis/target/classes/MyBatis/mapper/UserMapper.xml
2021-06-10 16:45:47 DEBUG DefaultVFS:251 - Not a JAR: file:/F:/JavaProject/JavaMyBatis/target/classes/MyBatis/mapper/UserMapper.xml
2021-06-10 16:45:47 DEBUG DefaultVFS:101 - Reader entry: <?xml version="1.0" encoding="UTF-8" ?>
2021-06-10 16:45:47 DEBUG DefaultVFS:224 - Find JAR URL: file:/F:/JavaProject/JavaMyBatis/target/classes/MyBatis/mapper/WorkCardMapper.class
2021-06-10 16:45:47 DEBUG DefaultVFS:251 - Not a JAR: file:/F:/JavaProject/JavaMyBatis/target/classes/MyBatis/mapper/WorkCardMapper.class
2021-06-10 16:45:47 DEBUG DefaultVFS:101 - Reader entry: ����   4 	   getWorkCardByEmpId +(Ljava/lang/Long;)LMyBatis/entity/WorkCard; 
2021-06-10 16:45:47 DEBUG DefaultVFS:224 - Find JAR URL: file:/F:/JavaProject/JavaMyBatis/target/classes/MyBatis/mapper/WorkCardMapper.xml
2021-06-10 16:45:47 DEBUG DefaultVFS:251 - Not a JAR: file:/F:/JavaProject/JavaMyBatis/target/classes/MyBatis/mapper/WorkCardMapper.xml
2021-06-10 16:45:47 DEBUG DefaultVFS:101 - Reader entry: <?xml version="1.0" encoding="UTF-8" ?>
2021-06-10 16:45:47 DEBUG DefaultVFS:224 - Find JAR URL: file:/F:/JavaProject/JavaMyBatis/target/classes/MyBatis/test
2021-06-10 16:45:47 DEBUG DefaultVFS:251 - Not a JAR: file:/F:/JavaProject/JavaMyBatis/target/classes/MyBatis/test
2021-06-10 16:45:47 DEBUG DefaultVFS:101 - Reader entry: TestEmployeeMapper.class
2021-06-10 16:45:47 DEBUG DefaultVFS:101 - Reader entry: TestMyBatis.class
2021-06-10 16:45:47 DEBUG DefaultVFS:101 - Reader entry: TestRoleMapper.class
2021-06-10 16:45:47 DEBUG DefaultVFS:115 - Listing file:/F:/JavaProject/JavaMyBatis/target/classes/MyBatis/test
2021-06-10 16:45:47 DEBUG DefaultVFS:224 - Find JAR URL: file:/F:/JavaProject/JavaMyBatis/target/classes/MyBatis/test/TestEmployeeMapper.class
2021-06-10 16:45:47 DEBUG DefaultVFS:251 - Not a JAR: file:/F:/JavaProject/JavaMyBatis/target/classes/MyBatis/test/TestEmployeeMapper.class
2021-06-10 16:45:47 DEBUG DefaultVFS:101 - Reader entry: ����   4 4
2021-06-10 16:45:47 DEBUG DefaultVFS:224 - Find JAR URL: file:/F:/JavaProject/JavaMyBatis/target/classes/MyBatis/test/TestMyBatis.class
2021-06-10 16:45:47 DEBUG DefaultVFS:251 - Not a JAR: file:/F:/JavaProject/JavaMyBatis/target/classes/MyBatis/test/TestMyBatis.class
2021-06-10 16:45:47 DEBUG DefaultVFS:101 - Reader entry: ����   4 >
2021-06-10 16:45:47 DEBUG DefaultVFS:224 - Find JAR URL: file:/F:/JavaProject/JavaMyBatis/target/classes/MyBatis/test/TestRoleMapper.class
2021-06-10 16:45:47 DEBUG DefaultVFS:251 - Not a JAR: file:/F:/JavaProject/JavaMyBatis/target/classes/MyBatis/test/TestRoleMapper.class
2021-06-10 16:45:47 DEBUG DefaultVFS:101 - Reader entry: ����   4 �
2021-06-10 16:45:47 DEBUG DefaultVFS:224 - Find JAR URL: file:/F:/JavaProject/JavaMyBatis/target/classes/MyBatis/utils
2021-06-10 16:45:47 DEBUG DefaultVFS:251 - Not a JAR: file:/F:/JavaProject/JavaMyBatis/target/classes/MyBatis/utils
2021-06-10 16:45:47 DEBUG DefaultVFS:101 - Reader entry: SqlSessionFactoryUtils.class
2021-06-10 16:45:47 DEBUG DefaultVFS:115 - Listing file:/F:/JavaProject/JavaMyBatis/target/classes/MyBatis/utils
2021-06-10 16:45:47 DEBUG DefaultVFS:224 - Find JAR URL: file:/F:/JavaProject/JavaMyBatis/target/classes/MyBatis/utils/SqlSessionFactoryUtils.class
2021-06-10 16:45:47 DEBUG DefaultVFS:251 - Not a JAR: file:/F:/JavaProject/JavaMyBatis/target/classes/MyBatis/utils/SqlSessionFactoryUtils.class
2021-06-10 16:45:47 DEBUG DefaultVFS:101 - Reader entry: ����   4 I
2021-06-10 16:45:47 DEBUG ResolverUtil:287 - Checking to see if class MyBatis.entity.Employee matches criteria [is assignable to Object]
2021-06-10 16:45:47 DEBUG ResolverUtil:287 - Checking to see if class MyBatis.entity.EmployeeTask matches criteria [is assignable to Object]
2021-06-10 16:45:47 DEBUG ResolverUtil:287 - Checking to see if class MyBatis.entity.FemaleEmployee matches criteria [is assignable to Object]
2021-06-10 16:45:47 DEBUG ResolverUtil:287 - Checking to see if class MyBatis.entity.FemaleHealthForm matches criteria [is assignable to Object]
2021-06-10 16:45:47 DEBUG ResolverUtil:287 - Checking to see if class MyBatis.entity.HealthForm matches criteria [is assignable to Object]
2021-06-10 16:45:47 DEBUG ResolverUtil:287 - Checking to see if class MyBatis.entity.MaleEmployee matches criteria [is assignable to Object]
2021-06-10 16:45:47 DEBUG ResolverUtil:287 - Checking to see if class MyBatis.entity.MaleHealthForm matches criteria [is assignable to Object]
2021-06-10 16:45:47 DEBUG ResolverUtil:287 - Checking to see if class MyBatis.entity.PageParams matches criteria [is assignable to Object]
2021-06-10 16:45:47 DEBUG ResolverUtil:287 - Checking to see if class MyBatis.entity.Role matches criteria [is assignable to Object]
2021-06-10 16:45:47 DEBUG ResolverUtil:287 - Checking to see if class MyBatis.entity.RoleParams matches criteria [is assignable to Object]
2021-06-10 16:45:47 DEBUG ResolverUtil:287 - Checking to see if class MyBatis.entity.Task matches criteria [is assignable to Object]
2021-06-10 16:45:47 DEBUG ResolverUtil:287 - Checking to see if class MyBatis.entity.User matches criteria [is assignable to Object]
2021-06-10 16:45:47 DEBUG ResolverUtil:287 - Checking to see if class MyBatis.entity.WorkCard matches criteria [is assignable to Object]
2021-06-10 16:45:47 DEBUG ResolverUtil:287 - Checking to see if class MyBatis.enums.SexEnum matches criteria [is assignable to Object]
2021-06-10 16:45:47 DEBUG ResolverUtil:287 - Checking to see if class MyBatis.mapper.EmployeeMapper matches criteria [is assignable to Object]
2021-06-10 16:45:47 DEBUG ResolverUtil:287 - Checking to see if class MyBatis.mapper.EmployeeTaskMapper matches criteria [is assignable to Object]
2021-06-10 16:45:47 DEBUG ResolverUtil:287 - Checking to see if class MyBatis.mapper.FemaleHealthFormMapper matches criteria [is assignable to Object]
2021-06-10 16:45:47 DEBUG ResolverUtil:287 - Checking to see if class MyBatis.mapper.MaleHealthFormMapper matches criteria [is assignable to Object]
2021-06-10 16:45:47 DEBUG ResolverUtil:287 - Checking to see if class MyBatis.mapper.RoleMapper matches criteria [is assignable to Object]
2021-06-10 16:45:47 DEBUG ResolverUtil:287 - Checking to see if class MyBatis.mapper.TaskMapper matches criteria [is assignable to Object]
2021-06-10 16:45:47 DEBUG ResolverUtil:287 - Checking to see if class MyBatis.mapper.UserMapper matches criteria [is assignable to Object]
2021-06-10 16:45:47 DEBUG ResolverUtil:287 - Checking to see if class MyBatis.mapper.WorkCardMapper matches criteria [is assignable to Object]
2021-06-10 16:45:47 DEBUG ResolverUtil:287 - Checking to see if class MyBatis.test.TestEmployeeMapper matches criteria [is assignable to Object]
2021-06-10 16:45:47 DEBUG ResolverUtil:287 - Checking to see if class MyBatis.test.TestMyBatis matches criteria [is assignable to Object]
2021-06-10 16:45:47 DEBUG ResolverUtil:287 - Checking to see if class MyBatis.test.TestRoleMapper matches criteria [is assignable to Object]
2021-06-10 16:45:47 DEBUG ResolverUtil:287 - Checking to see if class MyBatis.utils.SqlSessionFactoryUtils matches criteria [is assignable to Object]
2021-06-10 16:45:47 DEBUG PooledDataSource:363 - PooledDataSource forcefully closed/removed all connections.
2021-06-10 16:45:47 DEBUG PooledDataSource:363 - PooledDataSource forcefully closed/removed all connections.
2021-06-10 16:45:47 DEBUG PooledDataSource:363 - PooledDataSource forcefully closed/removed all connections.
2021-06-10 16:45:47 DEBUG PooledDataSource:363 - PooledDataSource forcefully closed/removed all connections.
2021-06-10 16:45:49 DEBUG PooledDataSource:434 - Created connection 1877062907.
2021-06-10 16:45:49 DEBUG PooledDataSource:391 - Returned connection 1877062907 to pool.
2021-06-10 16:45:49 DEBUG DefaultVFS:224 - Find JAR URL: file:/F:/JavaProject/JavaMyBatis/target/classes/MyBatis/mapper
2021-06-10 16:45:49 DEBUG DefaultVFS:251 - Not a JAR: file:/F:/JavaProject/JavaMyBatis/target/classes/MyBatis/mapper
2021-06-10 16:45:49 DEBUG DefaultVFS:101 - Reader entry: EmployeeMapper.class
2021-06-10 16:45:49 DEBUG DefaultVFS:101 - Reader entry: EmployeeMapper.xml
2021-06-10 16:45:49 DEBUG DefaultVFS:101 - Reader entry: EmployeeTaskMapper.class
2021-06-10 16:45:49 DEBUG DefaultVFS:101 - Reader entry: EmployeeTaskMapper.xml
2021-06-10 16:45:49 DEBUG DefaultVFS:101 - Reader entry: FemaleHealthFormMapper.class
2021-06-10 16:45:49 DEBUG DefaultVFS:101 - Reader entry: FemaleHealthFormMapper.xml
2021-06-10 16:45:49 DEBUG DefaultVFS:101 - Reader entry: MaleHealthFormMapper.class
2021-06-10 16:45:49 DEBUG DefaultVFS:101 - Reader entry: MaleHealthFormMapper.xml
2021-06-10 16:45:49 DEBUG DefaultVFS:101 - Reader entry: RoleMapper.class
2021-06-10 16:45:49 DEBUG DefaultVFS:101 - Reader entry: RoleMapper.xml
2021-06-10 16:45:49 DEBUG DefaultVFS:101 - Reader entry: TaskMapper.class
2021-06-10 16:45:49 DEBUG DefaultVFS:101 - Reader entry: TaskMapper.xml
2021-06-10 16:45:49 DEBUG DefaultVFS:101 - Reader entry: UserMapper.class
2021-06-10 16:45:49 DEBUG DefaultVFS:101 - Reader entry: UserMapper.xml
2021-06-10 16:45:49 DEBUG DefaultVFS:101 - Reader entry: WorkCardMapper.class
2021-06-10 16:45:49 DEBUG DefaultVFS:101 - Reader entry: WorkCardMapper.xml
2021-06-10 16:45:49 DEBUG DefaultVFS:115 - Listing file:/F:/JavaProject/JavaMyBatis/target/classes/MyBatis/mapper
2021-06-10 16:45:49 DEBUG DefaultVFS:224 - Find JAR URL: file:/F:/JavaProject/JavaMyBatis/target/classes/MyBatis/mapper/EmployeeMapper.class
2021-06-10 16:45:49 DEBUG DefaultVFS:251 - Not a JAR: file:/F:/JavaProject/JavaMyBatis/target/classes/MyBatis/mapper/EmployeeMapper.class
2021-06-10 16:45:49 DEBUG DefaultVFS:101 - Reader entry: ����   4 
2021-06-10 16:45:49 DEBUG DefaultVFS:224 - Find JAR URL: file:/F:/JavaProject/JavaMyBatis/target/classes/MyBatis/mapper/EmployeeMapper.xml
2021-06-10 16:45:49 DEBUG DefaultVFS:251 - Not a JAR: file:/F:/JavaProject/JavaMyBatis/target/classes/MyBatis/mapper/EmployeeMapper.xml
2021-06-10 16:45:49 DEBUG DefaultVFS:101 - Reader entry: <?xml version="1.0" encoding="UTF-8" ?>
2021-06-10 16:45:49 DEBUG DefaultVFS:224 - Find JAR URL: file:/F:/JavaProject/JavaMyBatis/target/classes/MyBatis/mapper/EmployeeTaskMapper.class
2021-06-10 16:45:49 DEBUG DefaultVFS:251 - Not a JAR: file:/F:/JavaProject/JavaMyBatis/target/classes/MyBatis/mapper/EmployeeTaskMapper.class
2021-06-10 16:45:49 DEBUG DefaultVFS:101 - Reader entry: ����   4 	   getEmployeeTaskByEmpId /(Ljava/lang/Long;)LMyBatis/entity/EmployeeTask; 
2021-06-10 16:45:49 DEBUG DefaultVFS:224 - Find JAR URL: file:/F:/JavaProject/JavaMyBatis/target/classes/MyBatis/mapper/EmployeeTaskMapper.xml
2021-06-10 16:45:49 DEBUG DefaultVFS:251 - Not a JAR: file:/F:/JavaProject/JavaMyBatis/target/classes/MyBatis/mapper/EmployeeTaskMapper.xml
2021-06-10 16:45:49 DEBUG DefaultVFS:101 - Reader entry: <?xml version="1.0" encoding="UTF-8" ?>
2021-06-10 16:45:49 DEBUG DefaultVFS:224 - Find JAR URL: file:/F:/JavaProject/JavaMyBatis/target/classes/MyBatis/mapper/FemaleHealthFormMapper.class
2021-06-10 16:45:49 DEBUG DefaultVFS:251 - Not a JAR: file:/F:/JavaProject/JavaMyBatis/target/classes/MyBatis/mapper/FemaleHealthFormMapper.class
2021-06-10 16:45:49 DEBUG DefaultVFS:101 - Reader entry: ����   4 	   getFemaleHealthForm 3(Ljava/lang/Long;)LMyBatis/entity/FemaleHealthForm; 
2021-06-10 16:45:49 DEBUG DefaultVFS:224 - Find JAR URL: file:/F:/JavaProject/JavaMyBatis/target/classes/MyBatis/mapper/FemaleHealthFormMapper.xml
2021-06-10 16:45:49 DEBUG DefaultVFS:251 - Not a JAR: file:/F:/JavaProject/JavaMyBatis/target/classes/MyBatis/mapper/FemaleHealthFormMapper.xml
2021-06-10 16:45:49 DEBUG DefaultVFS:101 - Reader entry: <?xml version="1.0" encoding="UTF-8" ?>
2021-06-10 16:45:49 DEBUG DefaultVFS:224 - Find JAR URL: file:/F:/JavaProject/JavaMyBatis/target/classes/MyBatis/mapper/MaleHealthFormMapper.class
2021-06-10 16:45:49 DEBUG DefaultVFS:251 - Not a JAR: file:/F:/JavaProject/JavaMyBatis/target/classes/MyBatis/mapper/MaleHealthFormMapper.class
2021-06-10 16:45:49 DEBUG DefaultVFS:101 - Reader entry: ����   4 	   getMaleHealthForm 1(Ljava/lang/Long;)LMyBatis/entity/MaleHealthForm; 
2021-06-10 16:45:49 DEBUG DefaultVFS:224 - Find JAR URL: file:/F:/JavaProject/JavaMyBatis/target/classes/MyBatis/mapper/MaleHealthFormMapper.xml
2021-06-10 16:45:49 DEBUG DefaultVFS:251 - Not a JAR: file:/F:/JavaProject/JavaMyBatis/target/classes/MyBatis/mapper/MaleHealthFormMapper.xml
2021-06-10 16:45:49 DEBUG DefaultVFS:101 - Reader entry: <?xml version="1.0" encoding="UTF-8" ?>
2021-06-10 16:45:49 DEBUG DefaultVFS:224 - Find JAR URL: file:/F:/JavaProject/JavaMyBatis/target/classes/MyBatis/mapper/RoleMapper.class
2021-06-10 16:45:49 DEBUG DefaultVFS:251 - Not a JAR: file:/F:/JavaProject/JavaMyBatis/target/classes/MyBatis/mapper/RoleMapper.class
2021-06-10 16:45:49 DEBUG DefaultVFS:101 - Reader entry: ����   4    
2021-06-10 16:45:49 DEBUG DefaultVFS:224 - Find JAR URL: file:/F:/JavaProject/JavaMyBatis/target/classes/MyBatis/mapper/RoleMapper.xml
2021-06-10 16:45:49 DEBUG DefaultVFS:251 - Not a JAR: file:/F:/JavaProject/JavaMyBatis/target/classes/MyBatis/mapper/RoleMapper.xml
2021-06-10 16:45:49 DEBUG DefaultVFS:101 - Reader entry: <?xml version="1.0" encoding="UTF-8" ?>
2021-06-10 16:45:49 DEBUG DefaultVFS:224 - Find JAR URL: file:/F:/JavaProject/JavaMyBatis/target/classes/MyBatis/mapper/TaskMapper.class
2021-06-10 16:45:49 DEBUG DefaultVFS:251 - Not a JAR: file:/F:/JavaProject/JavaMyBatis/target/classes/MyBatis/mapper/TaskMapper.class
2021-06-10 16:45:49 DEBUG DefaultVFS:101 - Reader entry: ����   4 	   getTask '(Ljava/lang/Long;)LMyBatis/entity/Task; 
2021-06-10 16:45:49 DEBUG DefaultVFS:224 - Find JAR URL: file:/F:/JavaProject/JavaMyBatis/target/classes/MyBatis/mapper/TaskMapper.xml
2021-06-10 16:45:49 DEBUG DefaultVFS:251 - Not a JAR: file:/F:/JavaProject/JavaMyBatis/target/classes/MyBatis/mapper/TaskMapper.xml
2021-06-10 16:45:49 DEBUG DefaultVFS:101 - Reader entry: <?xml version="1.0" encoding="UTF-8" ?>
2021-06-10 16:45:49 DEBUG DefaultVFS:224 - Find JAR URL: file:/F:/JavaProject/JavaMyBatis/target/classes/MyBatis/mapper/UserMapper.class
2021-06-10 16:45:49 DEBUG DefaultVFS:251 - Not a JAR: file:/F:/JavaProject/JavaMyBatis/target/classes/MyBatis/mapper/UserMapper.class
2021-06-10 16:45:49 DEBUG DefaultVFS:101 - Reader entry: ����   4 	   getUser '(Ljava/lang/Long;)LMyBatis/entity/User; 
2021-06-10 16:45:49 DEBUG DefaultVFS:224 - Find JAR URL: file:/F:/JavaProject/JavaMyBatis/target/classes/MyBatis/mapper/UserMapper.xml
2021-06-10 16:45:49 DEBUG DefaultVFS:251 - Not a JAR: file:/F:/JavaProject/JavaMyBatis/target/classes/MyBatis/mapper/UserMapper.xml
2021-06-10 16:45:49 DEBUG DefaultVFS:101 - Reader entry: <?xml version="1.0" encoding="UTF-8" ?>
2021-06-10 16:45:49 DEBUG DefaultVFS:224 - Find JAR URL: file:/F:/JavaProject/JavaMyBatis/target/classes/MyBatis/mapper/WorkCardMapper.class
2021-06-10 16:45:49 DEBUG DefaultVFS:251 - Not a JAR: file:/F:/JavaProject/JavaMyBatis/target/classes/MyBatis/mapper/WorkCardMapper.class
2021-06-10 16:45:49 DEBUG DefaultVFS:101 - Reader entry: ����   4 	   getWorkCardByEmpId +(Ljava/lang/Long;)LMyBatis/entity/WorkCard; 
2021-06-10 16:45:49 DEBUG DefaultVFS:224 - Find JAR URL: file:/F:/JavaProject/JavaMyBatis/target/classes/MyBatis/mapper/WorkCardMapper.xml
2021-06-10 16:45:49 DEBUG DefaultVFS:251 - Not a JAR: file:/F:/JavaProject/JavaMyBatis/target/classes/MyBatis/mapper/WorkCardMapper.xml
2021-06-10 16:45:49 DEBUG DefaultVFS:101 - Reader entry: <?xml version="1.0" encoding="UTF-8" ?>
2021-06-10 16:45:49 DEBUG ResolverUtil:287 - Checking to see if class MyBatis.mapper.EmployeeMapper matches criteria [is assignable to Object]
2021-06-10 16:45:49 DEBUG ResolverUtil:287 - Checking to see if class MyBatis.mapper.EmployeeTaskMapper matches criteria [is assignable to Object]
2021-06-10 16:45:49 DEBUG ResolverUtil:287 - Checking to see if class MyBatis.mapper.FemaleHealthFormMapper matches criteria [is assignable to Object]
2021-06-10 16:45:49 DEBUG ResolverUtil:287 - Checking to see if class MyBatis.mapper.MaleHealthFormMapper matches criteria [is assignable to Object]
2021-06-10 16:45:49 DEBUG ResolverUtil:287 - Checking to see if class MyBatis.mapper.RoleMapper matches criteria [is assignable to Object]
2021-06-10 16:45:49 DEBUG ResolverUtil:287 - Checking to see if class MyBatis.mapper.TaskMapper matches criteria [is assignable to Object]
2021-06-10 16:45:49 DEBUG ResolverUtil:287 - Checking to see if class MyBatis.mapper.UserMapper matches criteria [is assignable to Object]
2021-06-10 16:45:49 DEBUG ResolverUtil:287 - Checking to see if class MyBatis.mapper.WorkCardMapper matches criteria [is assignable to Object]
2021-06-10 16:45:55 DEBUG JdbcTransaction:137 - Opening JDBC Connection
2021-06-10 16:45:55 DEBUG PooledDataSource:426 - Checked out connection 1877062907 from pool.
2021-06-10 16:45:55 DEBUG JdbcTransaction:101 - Setting autocommit to false on JDBC Connection [com.mysql.cj.jdbc.ConnectionImpl@6fe1b4fb]
2021-06-10 16:45:55 DEBUG getEmployee:137 - ==>  Preparing: select id, real_name as realName, sex, birthday, mobile, email, position, note from t_employee where id = ?
2021-06-10 16:45:55 DEBUG getEmployee:137 - ==> Parameters: 1(Long)
2021-06-10 16:45:55 DEBUG getMaleHealthForm:137 - ====>  Preparing: select id, heart, liver, spleen, lung, kidney, prostate, note from t_male_health_form where emp_id = ?
2021-06-10 16:45:55 DEBUG getMaleHealthForm:137 - ====> Parameters: 1(Long)
2021-06-10 16:45:55 DEBUG getMaleHealthForm:137 - <====      Total: 1
2021-06-10 16:45:55 DEBUG getWorkCardByEmpId:137 - ====>  Preparing: SELECT id, emp_id as empId, real_name as realName, department, mobile, position, note FROM t_work_card where emp_id = ?
2021-06-10 16:45:55 DEBUG getWorkCardByEmpId:137 - ====> Parameters: 1(Long)
2021-06-10 16:45:55 DEBUG getWorkCardByEmpId:137 - <====      Total: 1
2021-06-10 16:45:55 DEBUG getEmployeeTaskByEmpId:137 - ====>  Preparing: select id, emp_id, task_name, task_id, note from t_employee_task where emp_id = ?
2021-06-10 16:45:55 DEBUG getEmployeeTaskByEmpId:137 - ====> Parameters: 1(Integer)
2021-06-10 16:45:55 DEBUG getTask:137 - ======>  Preparing: select id, title, context, note from t_task where id = ?
2021-06-10 16:45:55 DEBUG getTask:137 - ======> Parameters: 1(Long)
2021-06-10 16:45:55 DEBUG getTask:137 - <======      Total: 1
2021-06-10 16:45:55 DEBUG getEmployeeTaskByEmpId:137 - <====      Total: 1
2021-06-10 16:45:55 DEBUG getEmployee:137 - <==      Total: 1
2021-06-10 16:49:36 DEBUG JdbcTransaction:123 - Resetting autocommit to true on JDBC Connection [com.mysql.cj.jdbc.ConnectionImpl@6fe1b4fb]
2021-06-10 16:49:36 DEBUG JdbcTransaction:91 - Closing JDBC Connection [com.mysql.cj.jdbc.ConnectionImpl@6fe1b4fb]
2021-06-10 16:49:36 DEBUG PooledDataSource:391 - Returned connection 1877062907 to pool.
2021-06-11 11:25:27 DEBUG LogFactory:105 - Logging initialized using 'class org.apache.ibatis.logging.slf4j.Slf4jImpl' adapter.
2021-06-11 11:25:27 DEBUG VFS:116 - Class not found: org.jboss.vfs.VFS
2021-06-11 11:25:27 DEBUG JBoss6VFS:149 - JBoss 6 VFS API is not available in this environment.
2021-06-11 11:25:27 DEBUG VFS:116 - Class not found: org.jboss.vfs.VirtualFile
2021-06-11 11:25:27 DEBUG VFS:64 - VFS implementation org.apache.ibatis.io.JBoss6VFS is not valid in this environment.
2021-06-11 11:25:27 DEBUG VFS:74 - Using VFS adapter org.apache.ibatis.io.DefaultVFS
2021-06-11 11:25:27 DEBUG DefaultVFS:224 - Find JAR URL: file:/F:/JavaProject/JavaMyBatis/target/classes/MyBatis
2021-06-11 11:25:27 DEBUG DefaultVFS:251 - Not a JAR: file:/F:/JavaProject/JavaMyBatis/target/classes/MyBatis
2021-06-11 11:25:27 DEBUG DefaultVFS:101 - Reader entry: entity
2021-06-11 11:25:27 DEBUG DefaultVFS:101 - Reader entry: enums
2021-06-11 11:25:27 DEBUG DefaultVFS:101 - Reader entry: mapper
2021-06-11 11:25:27 DEBUG DefaultVFS:101 - Reader entry: test
2021-06-11 11:25:27 DEBUG DefaultVFS:101 - Reader entry: utils
2021-06-11 11:25:27 DEBUG DefaultVFS:115 - Listing file:/F:/JavaProject/JavaMyBatis/target/classes/MyBatis
2021-06-11 11:25:27 DEBUG DefaultVFS:224 - Find JAR URL: file:/F:/JavaProject/JavaMyBatis/target/classes/MyBatis/entity
2021-06-11 11:25:27 DEBUG DefaultVFS:251 - Not a JAR: file:/F:/JavaProject/JavaMyBatis/target/classes/MyBatis/entity
2021-06-11 11:25:27 DEBUG DefaultVFS:101 - Reader entry: CountRoleParams.class
2021-06-11 11:25:27 DEBUG DefaultVFS:101 - Reader entry: Employee.class
2021-06-11 11:25:27 DEBUG DefaultVFS:101 - Reader entry: EmployeeTask.class
2021-06-11 11:25:27 DEBUG DefaultVFS:101 - Reader entry: FemaleEmployee.class
2021-06-11 11:25:27 DEBUG DefaultVFS:101 - Reader entry: FemaleHealthForm.class
2021-06-11 11:25:27 DEBUG DefaultVFS:101 - Reader entry: HealthForm.class
2021-06-11 11:25:27 DEBUG DefaultVFS:101 - Reader entry: MaleEmployee.class
2021-06-11 11:25:27 DEBUG DefaultVFS:101 - Reader entry: MaleHealthForm.class
2021-06-11 11:25:27 DEBUG DefaultVFS:101 - Reader entry: PageParams.class
2021-06-11 11:25:27 DEBUG DefaultVFS:101 - Reader entry: Role.class
2021-06-11 11:25:27 DEBUG DefaultVFS:101 - Reader entry: RoleParams.class
2021-06-11 11:25:27 DEBUG DefaultVFS:101 - Reader entry: Task.class
2021-06-11 11:25:27 DEBUG DefaultVFS:101 - Reader entry: User.class
2021-06-11 11:25:27 DEBUG DefaultVFS:101 - Reader entry: WorkCard.class
2021-06-11 11:25:27 DEBUG DefaultVFS:115 - Listing file:/F:/JavaProject/JavaMyBatis/target/classes/MyBatis/entity
2021-06-11 11:25:27 DEBUG DefaultVFS:224 - Find JAR URL: file:/F:/JavaProject/JavaMyBatis/target/classes/MyBatis/entity/CountRoleParams.class
2021-06-11 11:25:27 DEBUG DefaultVFS:251 - Not a JAR: file:/F:/JavaProject/JavaMyBatis/target/classes/MyBatis/entity/CountRoleParams.class
2021-06-11 11:25:27 DEBUG DefaultVFS:101 - Reader entry: ����   4 (
2021-06-11 11:25:27 DEBUG DefaultVFS:224 - Find JAR URL: file:/F:/JavaProject/JavaMyBatis/target/classes/MyBatis/entity/Employee.class
2021-06-11 11:25:27 DEBUG DefaultVFS:251 - Not a JAR: file:/F:/JavaProject/JavaMyBatis/target/classes/MyBatis/entity/Employee.class
2021-06-11 11:25:27 DEBUG DefaultVFS:101 - Reader entry: ����   4 Y
2021-06-11 11:25:27 DEBUG DefaultVFS:224 - Find JAR URL: file:/F:/JavaProject/JavaMyBatis/target/classes/MyBatis/entity/EmployeeTask.class
2021-06-11 11:25:27 DEBUG DefaultVFS:251 - Not a JAR: file:/F:/JavaProject/JavaMyBatis/target/classes/MyBatis/entity/EmployeeTask.class
2021-06-11 11:25:27 DEBUG DefaultVFS:101 - Reader entry: ����   4 2
2021-06-11 11:25:27 DEBUG DefaultVFS:224 - Find JAR URL: file:/F:/JavaProject/JavaMyBatis/target/classes/MyBatis/entity/FemaleEmployee.class
2021-06-11 11:25:27 DEBUG DefaultVFS:251 - Not a JAR: file:/F:/JavaProject/JavaMyBatis/target/classes/MyBatis/entity/FemaleEmployee.class
2021-06-11 11:25:27 DEBUG DefaultVFS:101 - Reader entry: ����   4 
2021-06-11 11:25:27 DEBUG DefaultVFS:224 - Find JAR URL: file:/F:/JavaProject/JavaMyBatis/target/classes/MyBatis/entity/FemaleHealthForm.class
2021-06-11 11:25:27 DEBUG DefaultVFS:251 - Not a JAR: file:/F:/JavaProject/JavaMyBatis/target/classes/MyBatis/entity/FemaleHealthForm.class
2021-06-11 11:25:27 DEBUG DefaultVFS:101 - Reader entry: ����   4 
2021-06-11 11:25:27 DEBUG DefaultVFS:224 - Find JAR URL: file:/F:/JavaProject/JavaMyBatis/target/classes/MyBatis/entity/HealthForm.class
2021-06-11 11:25:27 DEBUG DefaultVFS:251 - Not a JAR: file:/F:/JavaProject/JavaMyBatis/target/classes/MyBatis/entity/HealthForm.class
2021-06-11 11:25:27 DEBUG DefaultVFS:101 - Reader entry: ����   4 >
2021-06-11 11:25:27 DEBUG DefaultVFS:224 - Find JAR URL: file:/F:/JavaProject/JavaMyBatis/target/classes/MyBatis/entity/MaleEmployee.class
2021-06-11 11:25:27 DEBUG DefaultVFS:251 - Not a JAR: file:/F:/JavaProject/JavaMyBatis/target/classes/MyBatis/entity/MaleEmployee.class
2021-06-11 11:25:27 DEBUG DefaultVFS:101 - Reader entry: ����   4 
2021-06-11 11:25:27 DEBUG DefaultVFS:224 - Find JAR URL: file:/F:/JavaProject/JavaMyBatis/target/classes/MyBatis/entity/MaleHealthForm.class
2021-06-11 11:25:27 DEBUG DefaultVFS:251 - Not a JAR: file:/F:/JavaProject/JavaMyBatis/target/classes/MyBatis/entity/MaleHealthForm.class
2021-06-11 11:25:27 DEBUG DefaultVFS:101 - Reader entry: ����   4 
2021-06-11 11:25:27 DEBUG DefaultVFS:224 - Find JAR URL: file:/F:/JavaProject/JavaMyBatis/target/classes/MyBatis/entity/PageParams.class
2021-06-11 11:25:27 DEBUG DefaultVFS:251 - Not a JAR: file:/F:/JavaProject/JavaMyBatis/target/classes/MyBatis/entity/PageParams.class
2021-06-11 11:25:27 DEBUG DefaultVFS:101 - Reader entry: ����   4 
2021-06-11 11:25:27 DEBUG DefaultVFS:224 - Find JAR URL: file:/F:/JavaProject/JavaMyBatis/target/classes/MyBatis/entity/Role.class
2021-06-11 11:25:27 DEBUG DefaultVFS:251 - Not a JAR: file:/F:/JavaProject/JavaMyBatis/target/classes/MyBatis/entity/Role.class
2021-06-11 11:25:27 DEBUG DefaultVFS:101 - Reader entry: ����   4 #
2021-06-11 11:25:27 DEBUG DefaultVFS:224 - Find JAR URL: file:/F:/JavaProject/JavaMyBatis/target/classes/MyBatis/entity/RoleParams.class
2021-06-11 11:25:27 DEBUG DefaultVFS:251 - Not a JAR: file:/F:/JavaProject/JavaMyBatis/target/classes/MyBatis/entity/RoleParams.class
2021-06-11 11:25:27 DEBUG DefaultVFS:101 - Reader entry: ����   4 
2021-06-11 11:25:27 DEBUG DefaultVFS:224 - Find JAR URL: file:/F:/JavaProject/JavaMyBatis/target/classes/MyBatis/entity/Task.class
2021-06-11 11:25:27 DEBUG DefaultVFS:251 - Not a JAR: file:/F:/JavaProject/JavaMyBatis/target/classes/MyBatis/entity/Task.class
2021-06-11 11:25:27 DEBUG DefaultVFS:101 - Reader entry: ����   4 *
2021-06-11 11:25:27 DEBUG DefaultVFS:224 - Find JAR URL: file:/F:/JavaProject/JavaMyBatis/target/classes/MyBatis/entity/User.class
2021-06-11 11:25:27 DEBUG DefaultVFS:251 - Not a JAR: file:/F:/JavaProject/JavaMyBatis/target/classes/MyBatis/entity/User.class
2021-06-11 11:25:27 DEBUG DefaultVFS:101 - Reader entry: ����   4 A
2021-06-11 11:25:27 DEBUG DefaultVFS:224 - Find JAR URL: file:/F:/JavaProject/JavaMyBatis/target/classes/MyBatis/entity/WorkCard.class
2021-06-11 11:25:27 DEBUG DefaultVFS:251 - Not a JAR: file:/F:/JavaProject/JavaMyBatis/target/classes/MyBatis/entity/WorkCard.class
2021-06-11 11:25:27 DEBUG DefaultVFS:101 - Reader entry: ����   4 9
2021-06-11 11:25:27 DEBUG DefaultVFS:224 - Find JAR URL: file:/F:/JavaProject/JavaMyBatis/target/classes/MyBatis/enums
2021-06-11 11:25:27 DEBUG DefaultVFS:251 - Not a JAR: file:/F:/JavaProject/JavaMyBatis/target/classes/MyBatis/enums
2021-06-11 11:25:27 DEBUG DefaultVFS:101 - Reader entry: SexEnum.class
2021-06-11 11:25:27 DEBUG DefaultVFS:115 - Listing file:/F:/JavaProject/JavaMyBatis/target/classes/MyBatis/enums
2021-06-11 11:25:27 DEBUG DefaultVFS:224 - Find JAR URL: file:/F:/JavaProject/JavaMyBatis/target/classes/MyBatis/enums/SexEnum.class
2021-06-11 11:25:27 DEBUG DefaultVFS:251 - Not a JAR: file:/F:/JavaProject/JavaMyBatis/target/classes/MyBatis/enums/SexEnum.class
2021-06-11 11:25:27 DEBUG DefaultVFS:101 - Reader entry: ����   4 M	  9
2021-06-11 11:25:27 DEBUG DefaultVFS:224 - Find JAR URL: file:/F:/JavaProject/JavaMyBatis/target/classes/MyBatis/mapper
2021-06-11 11:25:27 DEBUG DefaultVFS:251 - Not a JAR: file:/F:/JavaProject/JavaMyBatis/target/classes/MyBatis/mapper
2021-06-11 11:25:27 DEBUG DefaultVFS:101 - Reader entry: EmployeeMapper.class
2021-06-11 11:25:27 DEBUG DefaultVFS:101 - Reader entry: EmployeeMapper.xml
2021-06-11 11:25:27 DEBUG DefaultVFS:101 - Reader entry: EmployeeTaskMapper.class
2021-06-11 11:25:27 DEBUG DefaultVFS:101 - Reader entry: EmployeeTaskMapper.xml
2021-06-11 11:25:27 DEBUG DefaultVFS:101 - Reader entry: FemaleHealthFormMapper.class
2021-06-11 11:25:27 DEBUG DefaultVFS:101 - Reader entry: FemaleHealthFormMapper.xml
2021-06-11 11:25:27 DEBUG DefaultVFS:101 - Reader entry: MaleHealthFormMapper.class
2021-06-11 11:25:27 DEBUG DefaultVFS:101 - Reader entry: MaleHealthFormMapper.xml
2021-06-11 11:25:27 DEBUG DefaultVFS:101 - Reader entry: RoleMapper.class
2021-06-11 11:25:27 DEBUG DefaultVFS:101 - Reader entry: RoleMapper.xml
2021-06-11 11:25:27 DEBUG DefaultVFS:101 - Reader entry: TaskMapper.class
2021-06-11 11:25:27 DEBUG DefaultVFS:101 - Reader entry: TaskMapper.xml
2021-06-11 11:25:27 DEBUG DefaultVFS:101 - Reader entry: UserMapper.class
2021-06-11 11:25:27 DEBUG DefaultVFS:101 - Reader entry: UserMapper.xml
2021-06-11 11:25:27 DEBUG DefaultVFS:101 - Reader entry: WorkCardMapper.class
2021-06-11 11:25:27 DEBUG DefaultVFS:101 - Reader entry: WorkCardMapper.xml
2021-06-11 11:25:27 DEBUG DefaultVFS:115 - Listing file:/F:/JavaProject/JavaMyBatis/target/classes/MyBatis/mapper
2021-06-11 11:25:27 DEBUG DefaultVFS:224 - Find JAR URL: file:/F:/JavaProject/JavaMyBatis/target/classes/MyBatis/mapper/EmployeeMapper.class
2021-06-11 11:25:27 DEBUG DefaultVFS:251 - Not a JAR: file:/F:/JavaProject/JavaMyBatis/target/classes/MyBatis/mapper/EmployeeMapper.class
2021-06-11 11:25:27 DEBUG DefaultVFS:101 - Reader entry: ����   4 
2021-06-11 11:25:27 DEBUG DefaultVFS:224 - Find JAR URL: file:/F:/JavaProject/JavaMyBatis/target/classes/MyBatis/mapper/EmployeeMapper.xml
2021-06-11 11:25:27 DEBUG DefaultVFS:251 - Not a JAR: file:/F:/JavaProject/JavaMyBatis/target/classes/MyBatis/mapper/EmployeeMapper.xml
2021-06-11 11:25:27 DEBUG DefaultVFS:101 - Reader entry: <?xml version="1.0" encoding="UTF-8" ?>
2021-06-11 11:25:27 DEBUG DefaultVFS:224 - Find JAR URL: file:/F:/JavaProject/JavaMyBatis/target/classes/MyBatis/mapper/EmployeeTaskMapper.class
2021-06-11 11:25:27 DEBUG DefaultVFS:251 - Not a JAR: file:/F:/JavaProject/JavaMyBatis/target/classes/MyBatis/mapper/EmployeeTaskMapper.class
2021-06-11 11:25:27 DEBUG DefaultVFS:101 - Reader entry: ����   4 	   getEmployeeTaskByEmpId /(Ljava/lang/Long;)LMyBatis/entity/EmployeeTask; 
2021-06-11 11:25:27 DEBUG DefaultVFS:224 - Find JAR URL: file:/F:/JavaProject/JavaMyBatis/target/classes/MyBatis/mapper/EmployeeTaskMapper.xml
2021-06-11 11:25:27 DEBUG DefaultVFS:251 - Not a JAR: file:/F:/JavaProject/JavaMyBatis/target/classes/MyBatis/mapper/EmployeeTaskMapper.xml
2021-06-11 11:25:27 DEBUG DefaultVFS:101 - Reader entry: <?xml version="1.0" encoding="UTF-8" ?>
2021-06-11 11:25:27 DEBUG DefaultVFS:224 - Find JAR URL: file:/F:/JavaProject/JavaMyBatis/target/classes/MyBatis/mapper/FemaleHealthFormMapper.class
2021-06-11 11:25:27 DEBUG DefaultVFS:251 - Not a JAR: file:/F:/JavaProject/JavaMyBatis/target/classes/MyBatis/mapper/FemaleHealthFormMapper.class
2021-06-11 11:25:27 DEBUG DefaultVFS:101 - Reader entry: ����   4 	   getFemaleHealthForm 3(Ljava/lang/Long;)LMyBatis/entity/FemaleHealthForm; 
2021-06-11 11:25:27 DEBUG DefaultVFS:224 - Find JAR URL: file:/F:/JavaProject/JavaMyBatis/target/classes/MyBatis/mapper/FemaleHealthFormMapper.xml
2021-06-11 11:25:27 DEBUG DefaultVFS:251 - Not a JAR: file:/F:/JavaProject/JavaMyBatis/target/classes/MyBatis/mapper/FemaleHealthFormMapper.xml
2021-06-11 11:25:27 DEBUG DefaultVFS:101 - Reader entry: <?xml version="1.0" encoding="UTF-8" ?>
2021-06-11 11:25:27 DEBUG DefaultVFS:224 - Find JAR URL: file:/F:/JavaProject/JavaMyBatis/target/classes/MyBatis/mapper/MaleHealthFormMapper.class
2021-06-11 11:25:27 DEBUG DefaultVFS:251 - Not a JAR: file:/F:/JavaProject/JavaMyBatis/target/classes/MyBatis/mapper/MaleHealthFormMapper.class
2021-06-11 11:25:27 DEBUG DefaultVFS:101 - Reader entry: ����   4 	   getMaleHealthForm 1(Ljava/lang/Long;)LMyBatis/entity/MaleHealthForm; 
2021-06-11 11:25:27 DEBUG DefaultVFS:224 - Find JAR URL: file:/F:/JavaProject/JavaMyBatis/target/classes/MyBatis/mapper/MaleHealthFormMapper.xml
2021-06-11 11:25:27 DEBUG DefaultVFS:251 - Not a JAR: file:/F:/JavaProject/JavaMyBatis/target/classes/MyBatis/mapper/MaleHealthFormMapper.xml
2021-06-11 11:25:27 DEBUG DefaultVFS:101 - Reader entry: <?xml version="1.0" encoding="UTF-8" ?>
2021-06-11 11:25:27 DEBUG DefaultVFS:224 - Find JAR URL: file:/F:/JavaProject/JavaMyBatis/target/classes/MyBatis/mapper/RoleMapper.class
2021-06-11 11:25:27 DEBUG DefaultVFS:251 - Not a JAR: file:/F:/JavaProject/JavaMyBatis/target/classes/MyBatis/mapper/RoleMapper.class
2021-06-11 11:25:27 DEBUG DefaultVFS:101 - Reader entry: ����   4    
2021-06-11 11:25:27 DEBUG DefaultVFS:224 - Find JAR URL: file:/F:/JavaProject/JavaMyBatis/target/classes/MyBatis/mapper/RoleMapper.xml
2021-06-11 11:25:27 DEBUG DefaultVFS:251 - Not a JAR: file:/F:/JavaProject/JavaMyBatis/target/classes/MyBatis/mapper/RoleMapper.xml
2021-06-11 11:25:27 DEBUG DefaultVFS:101 - Reader entry: <?xml version="1.0" encoding="UTF-8" ?>
2021-06-11 11:25:27 DEBUG DefaultVFS:224 - Find JAR URL: file:/F:/JavaProject/JavaMyBatis/target/classes/MyBatis/mapper/TaskMapper.class
2021-06-11 11:25:27 DEBUG DefaultVFS:251 - Not a JAR: file:/F:/JavaProject/JavaMyBatis/target/classes/MyBatis/mapper/TaskMapper.class
2021-06-11 11:25:27 DEBUG DefaultVFS:101 - Reader entry: ����   4 	   getTask '(Ljava/lang/Long;)LMyBatis/entity/Task; 
2021-06-11 11:25:27 DEBUG DefaultVFS:224 - Find JAR URL: file:/F:/JavaProject/JavaMyBatis/target/classes/MyBatis/mapper/TaskMapper.xml
2021-06-11 11:25:27 DEBUG DefaultVFS:251 - Not a JAR: file:/F:/JavaProject/JavaMyBatis/target/classes/MyBatis/mapper/TaskMapper.xml
2021-06-11 11:25:27 DEBUG DefaultVFS:101 - Reader entry: <?xml version="1.0" encoding="UTF-8" ?>
2021-06-11 11:25:27 DEBUG DefaultVFS:224 - Find JAR URL: file:/F:/JavaProject/JavaMyBatis/target/classes/MyBatis/mapper/UserMapper.class
2021-06-11 11:25:27 DEBUG DefaultVFS:251 - Not a JAR: file:/F:/JavaProject/JavaMyBatis/target/classes/MyBatis/mapper/UserMapper.class
2021-06-11 11:25:27 DEBUG DefaultVFS:101 - Reader entry: ����   4 	   getUser '(Ljava/lang/Long;)LMyBatis/entity/User; 
2021-06-11 11:25:27 DEBUG DefaultVFS:224 - Find JAR URL: file:/F:/JavaProject/JavaMyBatis/target/classes/MyBatis/mapper/UserMapper.xml
2021-06-11 11:25:27 DEBUG DefaultVFS:251 - Not a JAR: file:/F:/JavaProject/JavaMyBatis/target/classes/MyBatis/mapper/UserMapper.xml
2021-06-11 11:25:27 DEBUG DefaultVFS:101 - Reader entry: <?xml version="1.0" encoding="UTF-8" ?>
2021-06-11 11:25:27 DEBUG DefaultVFS:224 - Find JAR URL: file:/F:/JavaProject/JavaMyBatis/target/classes/MyBatis/mapper/WorkCardMapper.class
2021-06-11 11:25:27 DEBUG DefaultVFS:251 - Not a JAR: file:/F:/JavaProject/JavaMyBatis/target/classes/MyBatis/mapper/WorkCardMapper.class
2021-06-11 11:25:27 DEBUG DefaultVFS:101 - Reader entry: ����   4 	   getWorkCardByEmpId +(Ljava/lang/Long;)LMyBatis/entity/WorkCard; 
2021-06-11 11:25:27 DEBUG DefaultVFS:224 - Find JAR URL: file:/F:/JavaProject/JavaMyBatis/target/classes/MyBatis/mapper/WorkCardMapper.xml
2021-06-11 11:25:27 DEBUG DefaultVFS:251 - Not a JAR: file:/F:/JavaProject/JavaMyBatis/target/classes/MyBatis/mapper/WorkCardMapper.xml
2021-06-11 11:25:27 DEBUG DefaultVFS:101 - Reader entry: <?xml version="1.0" encoding="UTF-8" ?>
2021-06-11 11:25:27 DEBUG DefaultVFS:224 - Find JAR URL: file:/F:/JavaProject/JavaMyBatis/target/classes/MyBatis/test
2021-06-11 11:25:27 DEBUG DefaultVFS:251 - Not a JAR: file:/F:/JavaProject/JavaMyBatis/target/classes/MyBatis/test
2021-06-11 11:25:27 DEBUG DefaultVFS:101 - Reader entry: TestEmployeeMapper.class
2021-06-11 11:25:27 DEBUG DefaultVFS:101 - Reader entry: TestMyBatis.class
2021-06-11 11:25:27 DEBUG DefaultVFS:101 - Reader entry: TestRoleMapper.class
2021-06-11 11:25:27 DEBUG DefaultVFS:115 - Listing file:/F:/JavaProject/JavaMyBatis/target/classes/MyBatis/test
2021-06-11 11:25:27 DEBUG DefaultVFS:224 - Find JAR URL: file:/F:/JavaProject/JavaMyBatis/target/classes/MyBatis/test/TestEmployeeMapper.class
2021-06-11 11:25:27 DEBUG DefaultVFS:251 - Not a JAR: file:/F:/JavaProject/JavaMyBatis/target/classes/MyBatis/test/TestEmployeeMapper.class
2021-06-11 11:25:27 DEBUG DefaultVFS:101 - Reader entry: ����   4 4
2021-06-11 11:25:27 DEBUG DefaultVFS:224 - Find JAR URL: file:/F:/JavaProject/JavaMyBatis/target/classes/MyBatis/test/TestMyBatis.class
2021-06-11 11:25:27 DEBUG DefaultVFS:251 - Not a JAR: file:/F:/JavaProject/JavaMyBatis/target/classes/MyBatis/test/TestMyBatis.class
2021-06-11 11:25:27 DEBUG DefaultVFS:101 - Reader entry: ����   4 >
2021-06-11 11:25:27 DEBUG DefaultVFS:224 - Find JAR URL: file:/F:/JavaProject/JavaMyBatis/target/classes/MyBatis/test/TestRoleMapper.class
2021-06-11 11:25:27 DEBUG DefaultVFS:251 - Not a JAR: file:/F:/JavaProject/JavaMyBatis/target/classes/MyBatis/test/TestRoleMapper.class
2021-06-11 11:25:27 DEBUG DefaultVFS:101 - Reader entry: ����   4 �
2021-06-11 11:25:27 DEBUG DefaultVFS:224 - Find JAR URL: file:/F:/JavaProject/JavaMyBatis/target/classes/MyBatis/utils
2021-06-11 11:25:27 DEBUG DefaultVFS:251 - Not a JAR: file:/F:/JavaProject/JavaMyBatis/target/classes/MyBatis/utils
2021-06-11 11:25:27 DEBUG DefaultVFS:101 - Reader entry: SqlSessionFactoryUtils.class
2021-06-11 11:25:27 DEBUG DefaultVFS:115 - Listing file:/F:/JavaProject/JavaMyBatis/target/classes/MyBatis/utils
2021-06-11 11:25:27 DEBUG DefaultVFS:224 - Find JAR URL: file:/F:/JavaProject/JavaMyBatis/target/classes/MyBatis/utils/SqlSessionFactoryUtils.class
2021-06-11 11:25:27 DEBUG DefaultVFS:251 - Not a JAR: file:/F:/JavaProject/JavaMyBatis/target/classes/MyBatis/utils/SqlSessionFactoryUtils.class
2021-06-11 11:25:27 DEBUG DefaultVFS:101 - Reader entry: ����   4 I
2021-06-11 11:25:27 DEBUG ResolverUtil:287 - Checking to see if class MyBatis.entity.CountRoleParams matches criteria [is assignable to Object]
2021-06-11 11:25:27 DEBUG ResolverUtil:287 - Checking to see if class MyBatis.entity.Employee matches criteria [is assignable to Object]
2021-06-11 11:25:27 DEBUG ResolverUtil:287 - Checking to see if class MyBatis.entity.EmployeeTask matches criteria [is assignable to Object]
2021-06-11 11:25:27 DEBUG ResolverUtil:287 - Checking to see if class MyBatis.entity.FemaleEmployee matches criteria [is assignable to Object]
2021-06-11 11:25:28 DEBUG ResolverUtil:287 - Checking to see if class MyBatis.entity.FemaleHealthForm matches criteria [is assignable to Object]
2021-06-11 11:25:28 DEBUG ResolverUtil:287 - Checking to see if class MyBatis.entity.HealthForm matches criteria [is assignable to Object]
2021-06-11 11:25:28 DEBUG ResolverUtil:287 - Checking to see if class MyBatis.entity.MaleEmployee matches criteria [is assignable to Object]
2021-06-11 11:25:28 DEBUG ResolverUtil:287 - Checking to see if class MyBatis.entity.MaleHealthForm matches criteria [is assignable to Object]
2021-06-11 11:25:28 DEBUG ResolverUtil:287 - Checking to see if class MyBatis.entity.PageParams matches criteria [is assignable to Object]
2021-06-11 11:25:28 DEBUG ResolverUtil:287 - Checking to see if class MyBatis.entity.Role matches criteria [is assignable to Object]
2021-06-11 11:25:28 DEBUG ResolverUtil:287 - Checking to see if class MyBatis.entity.RoleParams matches criteria [is assignable to Object]
2021-06-11 11:25:28 DEBUG ResolverUtil:287 - Checking to see if class MyBatis.entity.Task matches criteria [is assignable to Object]
2021-06-11 11:25:28 DEBUG ResolverUtil:287 - Checking to see if class MyBatis.entity.User matches criteria [is assignable to Object]
2021-06-11 11:25:28 DEBUG ResolverUtil:287 - Checking to see if class MyBatis.entity.WorkCard matches criteria [is assignable to Object]
2021-06-11 11:25:28 DEBUG ResolverUtil:287 - Checking to see if class MyBatis.enums.SexEnum matches criteria [is assignable to Object]
2021-06-11 11:25:28 DEBUG ResolverUtil:287 - Checking to see if class MyBatis.mapper.EmployeeMapper matches criteria [is assignable to Object]
2021-06-11 11:25:28 DEBUG ResolverUtil:287 - Checking to see if class MyBatis.mapper.EmployeeTaskMapper matches criteria [is assignable to Object]
2021-06-11 11:25:28 DEBUG ResolverUtil:287 - Checking to see if class MyBatis.mapper.FemaleHealthFormMapper matches criteria [is assignable to Object]
2021-06-11 11:25:28 DEBUG ResolverUtil:287 - Checking to see if class MyBatis.mapper.MaleHealthFormMapper matches criteria [is assignable to Object]
2021-06-11 11:25:28 DEBUG ResolverUtil:287 - Checking to see if class MyBatis.mapper.RoleMapper matches criteria [is assignable to Object]
2021-06-11 11:25:28 DEBUG ResolverUtil:287 - Checking to see if class MyBatis.mapper.TaskMapper matches criteria [is assignable to Object]
2021-06-11 11:25:28 DEBUG ResolverUtil:287 - Checking to see if class MyBatis.mapper.UserMapper matches criteria [is assignable to Object]
2021-06-11 11:25:28 DEBUG ResolverUtil:287 - Checking to see if class MyBatis.mapper.WorkCardMapper matches criteria [is assignable to Object]
2021-06-11 11:25:28 DEBUG ResolverUtil:287 - Checking to see if class MyBatis.test.TestEmployeeMapper matches criteria [is assignable to Object]
2021-06-11 11:25:28 DEBUG ResolverUtil:287 - Checking to see if class MyBatis.test.TestMyBatis matches criteria [is assignable to Object]
2021-06-11 11:25:28 DEBUG ResolverUtil:287 - Checking to see if class MyBatis.test.TestRoleMapper matches criteria [is assignable to Object]
2021-06-11 11:25:28 DEBUG ResolverUtil:287 - Checking to see if class MyBatis.utils.SqlSessionFactoryUtils matches criteria [is assignable to Object]
2021-06-11 11:25:28 DEBUG PooledDataSource:363 - PooledDataSource forcefully closed/removed all connections.
2021-06-11 11:25:28 DEBUG PooledDataSource:363 - PooledDataSource forcefully closed/removed all connections.
2021-06-11 11:25:28 DEBUG PooledDataSource:363 - PooledDataSource forcefully closed/removed all connections.
2021-06-11 11:25:28 DEBUG PooledDataSource:363 - PooledDataSource forcefully closed/removed all connections.
2021-06-11 11:25:29 DEBUG PooledDataSource:434 - Created connection 1636182655.
2021-06-11 11:25:29 DEBUG PooledDataSource:391 - Returned connection 1636182655 to pool.
2021-06-11 11:25:29 DEBUG DefaultVFS:224 - Find JAR URL: file:/F:/JavaProject/JavaMyBatis/target/classes/MyBatis/mapper
2021-06-11 11:25:29 DEBUG DefaultVFS:251 - Not a JAR: file:/F:/JavaProject/JavaMyBatis/target/classes/MyBatis/mapper
2021-06-11 11:25:29 DEBUG DefaultVFS:101 - Reader entry: EmployeeMapper.class
2021-06-11 11:25:29 DEBUG DefaultVFS:101 - Reader entry: EmployeeMapper.xml
2021-06-11 11:25:29 DEBUG DefaultVFS:101 - Reader entry: EmployeeTaskMapper.class
2021-06-11 11:25:29 DEBUG DefaultVFS:101 - Reader entry: EmployeeTaskMapper.xml
2021-06-11 11:25:29 DEBUG DefaultVFS:101 - Reader entry: FemaleHealthFormMapper.class
2021-06-11 11:25:29 DEBUG DefaultVFS:101 - Reader entry: FemaleHealthFormMapper.xml
2021-06-11 11:25:29 DEBUG DefaultVFS:101 - Reader entry: MaleHealthFormMapper.class
2021-06-11 11:25:29 DEBUG DefaultVFS:101 - Reader entry: MaleHealthFormMapper.xml
2021-06-11 11:25:29 DEBUG DefaultVFS:101 - Reader entry: RoleMapper.class
2021-06-11 11:25:29 DEBUG DefaultVFS:101 - Reader entry: RoleMapper.xml
2021-06-11 11:25:29 DEBUG DefaultVFS:101 - Reader entry: TaskMapper.class
2021-06-11 11:25:29 DEBUG DefaultVFS:101 - Reader entry: TaskMapper.xml
2021-06-11 11:25:29 DEBUG DefaultVFS:101 - Reader entry: UserMapper.class
2021-06-11 11:25:29 DEBUG DefaultVFS:101 - Reader entry: UserMapper.xml
2021-06-11 11:25:29 DEBUG DefaultVFS:101 - Reader entry: WorkCardMapper.class
2021-06-11 11:25:29 DEBUG DefaultVFS:101 - Reader entry: WorkCardMapper.xml
2021-06-11 11:25:29 DEBUG DefaultVFS:115 - Listing file:/F:/JavaProject/JavaMyBatis/target/classes/MyBatis/mapper
2021-06-11 11:25:29 DEBUG DefaultVFS:224 - Find JAR URL: file:/F:/JavaProject/JavaMyBatis/target/classes/MyBatis/mapper/EmployeeMapper.class
2021-06-11 11:25:29 DEBUG DefaultVFS:251 - Not a JAR: file:/F:/JavaProject/JavaMyBatis/target/classes/MyBatis/mapper/EmployeeMapper.class
2021-06-11 11:25:29 DEBUG DefaultVFS:101 - Reader entry: ����   4 
2021-06-11 11:25:29 DEBUG DefaultVFS:224 - Find JAR URL: file:/F:/JavaProject/JavaMyBatis/target/classes/MyBatis/mapper/EmployeeMapper.xml
2021-06-11 11:25:29 DEBUG DefaultVFS:251 - Not a JAR: file:/F:/JavaProject/JavaMyBatis/target/classes/MyBatis/mapper/EmployeeMapper.xml
2021-06-11 11:25:29 DEBUG DefaultVFS:101 - Reader entry: <?xml version="1.0" encoding="UTF-8" ?>
2021-06-11 11:25:29 DEBUG DefaultVFS:224 - Find JAR URL: file:/F:/JavaProject/JavaMyBatis/target/classes/MyBatis/mapper/EmployeeTaskMapper.class
2021-06-11 11:25:29 DEBUG DefaultVFS:251 - Not a JAR: file:/F:/JavaProject/JavaMyBatis/target/classes/MyBatis/mapper/EmployeeTaskMapper.class
2021-06-11 11:25:29 DEBUG DefaultVFS:101 - Reader entry: ����   4 	   getEmployeeTaskByEmpId /(Ljava/lang/Long;)LMyBatis/entity/EmployeeTask; 
2021-06-11 11:25:29 DEBUG DefaultVFS:224 - Find JAR URL: file:/F:/JavaProject/JavaMyBatis/target/classes/MyBatis/mapper/EmployeeTaskMapper.xml
2021-06-11 11:25:29 DEBUG DefaultVFS:251 - Not a JAR: file:/F:/JavaProject/JavaMyBatis/target/classes/MyBatis/mapper/EmployeeTaskMapper.xml
2021-06-11 11:25:29 DEBUG DefaultVFS:101 - Reader entry: <?xml version="1.0" encoding="UTF-8" ?>
2021-06-11 11:25:29 DEBUG DefaultVFS:224 - Find JAR URL: file:/F:/JavaProject/JavaMyBatis/target/classes/MyBatis/mapper/FemaleHealthFormMapper.class
2021-06-11 11:25:29 DEBUG DefaultVFS:251 - Not a JAR: file:/F:/JavaProject/JavaMyBatis/target/classes/MyBatis/mapper/FemaleHealthFormMapper.class
2021-06-11 11:25:29 DEBUG DefaultVFS:101 - Reader entry: ����   4 	   getFemaleHealthForm 3(Ljava/lang/Long;)LMyBatis/entity/FemaleHealthForm; 
2021-06-11 11:25:29 DEBUG DefaultVFS:224 - Find JAR URL: file:/F:/JavaProject/JavaMyBatis/target/classes/MyBatis/mapper/FemaleHealthFormMapper.xml
2021-06-11 11:25:29 DEBUG DefaultVFS:251 - Not a JAR: file:/F:/JavaProject/JavaMyBatis/target/classes/MyBatis/mapper/FemaleHealthFormMapper.xml
2021-06-11 11:25:29 DEBUG DefaultVFS:101 - Reader entry: <?xml version="1.0" encoding="UTF-8" ?>
2021-06-11 11:25:29 DEBUG DefaultVFS:224 - Find JAR URL: file:/F:/JavaProject/JavaMyBatis/target/classes/MyBatis/mapper/MaleHealthFormMapper.class
2021-06-11 11:25:29 DEBUG DefaultVFS:251 - Not a JAR: file:/F:/JavaProject/JavaMyBatis/target/classes/MyBatis/mapper/MaleHealthFormMapper.class
2021-06-11 11:25:29 DEBUG DefaultVFS:101 - Reader entry: ����   4 	   getMaleHealthForm 1(Ljava/lang/Long;)LMyBatis/entity/MaleHealthForm; 
2021-06-11 11:25:29 DEBUG DefaultVFS:224 - Find JAR URL: file:/F:/JavaProject/JavaMyBatis/target/classes/MyBatis/mapper/MaleHealthFormMapper.xml
2021-06-11 11:25:29 DEBUG DefaultVFS:251 - Not a JAR: file:/F:/JavaProject/JavaMyBatis/target/classes/MyBatis/mapper/MaleHealthFormMapper.xml
2021-06-11 11:25:29 DEBUG DefaultVFS:101 - Reader entry: <?xml version="1.0" encoding="UTF-8" ?>
2021-06-11 11:25:29 DEBUG DefaultVFS:224 - Find JAR URL: file:/F:/JavaProject/JavaMyBatis/target/classes/MyBatis/mapper/RoleMapper.class
2021-06-11 11:25:29 DEBUG DefaultVFS:251 - Not a JAR: file:/F:/JavaProject/JavaMyBatis/target/classes/MyBatis/mapper/RoleMapper.class
2021-06-11 11:25:29 DEBUG DefaultVFS:101 - Reader entry: ����   4    
2021-06-11 11:25:29 DEBUG DefaultVFS:224 - Find JAR URL: file:/F:/JavaProject/JavaMyBatis/target/classes/MyBatis/mapper/RoleMapper.xml
2021-06-11 11:25:29 DEBUG DefaultVFS:251 - Not a JAR: file:/F:/JavaProject/JavaMyBatis/target/classes/MyBatis/mapper/RoleMapper.xml
2021-06-11 11:25:29 DEBUG DefaultVFS:101 - Reader entry: <?xml version="1.0" encoding="UTF-8" ?>
2021-06-11 11:25:29 DEBUG DefaultVFS:224 - Find JAR URL: file:/F:/JavaProject/JavaMyBatis/target/classes/MyBatis/mapper/TaskMapper.class
2021-06-11 11:25:29 DEBUG DefaultVFS:251 - Not a JAR: file:/F:/JavaProject/JavaMyBatis/target/classes/MyBatis/mapper/TaskMapper.class
2021-06-11 11:25:29 DEBUG DefaultVFS:101 - Reader entry: ����   4 	   getTask '(Ljava/lang/Long;)LMyBatis/entity/Task; 
2021-06-11 11:25:29 DEBUG DefaultVFS:224 - Find JAR URL: file:/F:/JavaProject/JavaMyBatis/target/classes/MyBatis/mapper/TaskMapper.xml
2021-06-11 11:25:29 DEBUG DefaultVFS:251 - Not a JAR: file:/F:/JavaProject/JavaMyBatis/target/classes/MyBatis/mapper/TaskMapper.xml
2021-06-11 11:25:29 DEBUG DefaultVFS:101 - Reader entry: <?xml version="1.0" encoding="UTF-8" ?>
2021-06-11 11:25:29 DEBUG DefaultVFS:224 - Find JAR URL: file:/F:/JavaProject/JavaMyBatis/target/classes/MyBatis/mapper/UserMapper.class
2021-06-11 11:25:29 DEBUG DefaultVFS:251 - Not a JAR: file:/F:/JavaProject/JavaMyBatis/target/classes/MyBatis/mapper/UserMapper.class
2021-06-11 11:25:29 DEBUG DefaultVFS:101 - Reader entry: ����   4 	   getUser '(Ljava/lang/Long;)LMyBatis/entity/User; 
2021-06-11 11:25:29 DEBUG DefaultVFS:224 - Find JAR URL: file:/F:/JavaProject/JavaMyBatis/target/classes/MyBatis/mapper/UserMapper.xml
2021-06-11 11:25:29 DEBUG DefaultVFS:251 - Not a JAR: file:/F:/JavaProject/JavaMyBatis/target/classes/MyBatis/mapper/UserMapper.xml
2021-06-11 11:25:29 DEBUG DefaultVFS:101 - Reader entry: <?xml version="1.0" encoding="UTF-8" ?>
2021-06-11 11:25:29 DEBUG DefaultVFS:224 - Find JAR URL: file:/F:/JavaProject/JavaMyBatis/target/classes/MyBatis/mapper/WorkCardMapper.class
2021-06-11 11:25:29 DEBUG DefaultVFS:251 - Not a JAR: file:/F:/JavaProject/JavaMyBatis/target/classes/MyBatis/mapper/WorkCardMapper.class
2021-06-11 11:25:29 DEBUG DefaultVFS:101 - Reader entry: ����   4 	   getWorkCardByEmpId +(Ljava/lang/Long;)LMyBatis/entity/WorkCard; 
2021-06-11 11:25:29 DEBUG DefaultVFS:224 - Find JAR URL: file:/F:/JavaProject/JavaMyBatis/target/classes/MyBatis/mapper/WorkCardMapper.xml
2021-06-11 11:25:29 DEBUG DefaultVFS:251 - Not a JAR: file:/F:/JavaProject/JavaMyBatis/target/classes/MyBatis/mapper/WorkCardMapper.xml
2021-06-11 11:25:29 DEBUG DefaultVFS:101 - Reader entry: <?xml version="1.0" encoding="UTF-8" ?>
2021-06-11 11:25:29 DEBUG ResolverUtil:287 - Checking to see if class MyBatis.mapper.EmployeeMapper matches criteria [is assignable to Object]
2021-06-11 11:25:29 DEBUG ResolverUtil:287 - Checking to see if class MyBatis.mapper.EmployeeTaskMapper matches criteria [is assignable to Object]
2021-06-11 11:25:29 DEBUG ResolverUtil:287 - Checking to see if class MyBatis.mapper.FemaleHealthFormMapper matches criteria [is assignable to Object]
2021-06-11 11:25:29 DEBUG ResolverUtil:287 - Checking to see if class MyBatis.mapper.MaleHealthFormMapper matches criteria [is assignable to Object]
2021-06-11 11:25:29 DEBUG ResolverUtil:287 - Checking to see if class MyBatis.mapper.RoleMapper matches criteria [is assignable to Object]
2021-06-11 11:25:29 DEBUG ResolverUtil:287 - Checking to see if class MyBatis.mapper.TaskMapper matches criteria [is assignable to Object]
2021-06-11 11:25:29 DEBUG ResolverUtil:287 - Checking to see if class MyBatis.mapper.UserMapper matches criteria [is assignable to Object]
2021-06-11 11:25:29 DEBUG ResolverUtil:287 - Checking to see if class MyBatis.mapper.WorkCardMapper matches criteria [is assignable to Object]
2021-06-11 11:25:30 DEBUG JdbcTransaction:137 - Opening JDBC Connection
2021-06-11 11:25:30 DEBUG PooledDataSource:426 - Checked out connection 1636182655 from pool.
2021-06-11 11:25:30 DEBUG JdbcTransaction:101 - Setting autocommit to false on JDBC Connection [com.mysql.cj.jdbc.ConnectionImpl@61862a7f]
2021-06-11 11:25:30 DEBUG countRole:137 - ==>  Preparing: {CALL sp_count_role( ?, ?, ? )}
2021-06-11 11:25:30 DEBUG countRole:137 - ==> Parameters: name(String)
2021-06-11 11:25:30 DEBUG JdbcTransaction:123 - Resetting autocommit to true on JDBC Connection [com.mysql.cj.jdbc.ConnectionImpl@61862a7f]
2021-06-11 11:25:30 DEBUG JdbcTransaction:91 - Closing JDBC Connection [com.mysql.cj.jdbc.ConnectionImpl@61862a7f]
2021-06-11 11:25:30 DEBUG PooledDataSource:391 - Returned connection 1636182655 to pool.
2021-06-11 11:32:53 DEBUG LogFactory:105 - Logging initialized using 'class org.apache.ibatis.logging.slf4j.Slf4jImpl' adapter.
2021-06-11 11:32:53 DEBUG VFS:116 - Class not found: org.jboss.vfs.VFS
2021-06-11 11:32:53 DEBUG JBoss6VFS:149 - JBoss 6 VFS API is not available in this environment.
2021-06-11 11:32:53 DEBUG VFS:116 - Class not found: org.jboss.vfs.VirtualFile
2021-06-11 11:32:53 DEBUG VFS:64 - VFS implementation org.apache.ibatis.io.JBoss6VFS is not valid in this environment.
2021-06-11 11:32:53 DEBUG VFS:74 - Using VFS adapter org.apache.ibatis.io.DefaultVFS
2021-06-11 11:32:53 DEBUG DefaultVFS:224 - Find JAR URL: file:/F:/JavaProject/JavaMyBatis/target/classes/MyBatis
2021-06-11 11:32:53 DEBUG DefaultVFS:251 - Not a JAR: file:/F:/JavaProject/JavaMyBatis/target/classes/MyBatis
2021-06-11 11:32:53 DEBUG DefaultVFS:101 - Reader entry: entity
2021-06-11 11:32:53 DEBUG DefaultVFS:101 - Reader entry: enums
2021-06-11 11:32:53 DEBUG DefaultVFS:101 - Reader entry: mapper
2021-06-11 11:32:53 DEBUG DefaultVFS:101 - Reader entry: test
2021-06-11 11:32:53 DEBUG DefaultVFS:101 - Reader entry: utils
2021-06-11 11:32:53 DEBUG DefaultVFS:115 - Listing file:/F:/JavaProject/JavaMyBatis/target/classes/MyBatis
2021-06-11 11:32:53 DEBUG DefaultVFS:224 - Find JAR URL: file:/F:/JavaProject/JavaMyBatis/target/classes/MyBatis/entity
2021-06-11 11:32:53 DEBUG DefaultVFS:251 - Not a JAR: file:/F:/JavaProject/JavaMyBatis/target/classes/MyBatis/entity
2021-06-11 11:32:53 DEBUG DefaultVFS:101 - Reader entry: CountRoleParams.class
2021-06-11 11:32:53 DEBUG DefaultVFS:101 - Reader entry: Employee.class
2021-06-11 11:32:53 DEBUG DefaultVFS:101 - Reader entry: EmployeeTask.class
2021-06-11 11:32:53 DEBUG DefaultVFS:101 - Reader entry: FemaleEmployee.class
2021-06-11 11:32:53 DEBUG DefaultVFS:101 - Reader entry: FemaleHealthForm.class
2021-06-11 11:32:53 DEBUG DefaultVFS:101 - Reader entry: HealthForm.class
2021-06-11 11:32:53 DEBUG DefaultVFS:101 - Reader entry: MaleEmployee.class
2021-06-11 11:32:53 DEBUG DefaultVFS:101 - Reader entry: MaleHealthForm.class
2021-06-11 11:32:53 DEBUG DefaultVFS:101 - Reader entry: PageParams.class
2021-06-11 11:32:53 DEBUG DefaultVFS:101 - Reader entry: Role.class
2021-06-11 11:32:53 DEBUG DefaultVFS:101 - Reader entry: RoleParams.class
2021-06-11 11:32:53 DEBUG DefaultVFS:101 - Reader entry: Task.class
2021-06-11 11:32:53 DEBUG DefaultVFS:101 - Reader entry: User.class
2021-06-11 11:32:53 DEBUG DefaultVFS:101 - Reader entry: WorkCard.class
2021-06-11 11:32:53 DEBUG DefaultVFS:115 - Listing file:/F:/JavaProject/JavaMyBatis/target/classes/MyBatis/entity
2021-06-11 11:32:53 DEBUG DefaultVFS:224 - Find JAR URL: file:/F:/JavaProject/JavaMyBatis/target/classes/MyBatis/entity/CountRoleParams.class
2021-06-11 11:32:53 DEBUG DefaultVFS:251 - Not a JAR: file:/F:/JavaProject/JavaMyBatis/target/classes/MyBatis/entity/CountRoleParams.class
2021-06-11 11:32:53 DEBUG DefaultVFS:101 - Reader entry: ����   4 (
2021-06-11 11:32:53 DEBUG DefaultVFS:224 - Find JAR URL: file:/F:/JavaProject/JavaMyBatis/target/classes/MyBatis/entity/Employee.class
2021-06-11 11:32:53 DEBUG DefaultVFS:251 - Not a JAR: file:/F:/JavaProject/JavaMyBatis/target/classes/MyBatis/entity/Employee.class
2021-06-11 11:32:53 DEBUG DefaultVFS:101 - Reader entry: ����   4 Y
2021-06-11 11:32:53 DEBUG DefaultVFS:224 - Find JAR URL: file:/F:/JavaProject/JavaMyBatis/target/classes/MyBatis/entity/EmployeeTask.class
2021-06-11 11:32:53 DEBUG DefaultVFS:251 - Not a JAR: file:/F:/JavaProject/JavaMyBatis/target/classes/MyBatis/entity/EmployeeTask.class
2021-06-11 11:32:53 DEBUG DefaultVFS:101 - Reader entry: ����   4 2
2021-06-11 11:32:53 DEBUG DefaultVFS:224 - Find JAR URL: file:/F:/JavaProject/JavaMyBatis/target/classes/MyBatis/entity/FemaleEmployee.class
2021-06-11 11:32:53 DEBUG DefaultVFS:251 - Not a JAR: file:/F:/JavaProject/JavaMyBatis/target/classes/MyBatis/entity/FemaleEmployee.class
2021-06-11 11:32:53 DEBUG DefaultVFS:101 - Reader entry: ����   4 
2021-06-11 11:32:53 DEBUG DefaultVFS:224 - Find JAR URL: file:/F:/JavaProject/JavaMyBatis/target/classes/MyBatis/entity/FemaleHealthForm.class
2021-06-11 11:32:53 DEBUG DefaultVFS:251 - Not a JAR: file:/F:/JavaProject/JavaMyBatis/target/classes/MyBatis/entity/FemaleHealthForm.class
2021-06-11 11:32:53 DEBUG DefaultVFS:101 - Reader entry: ����   4 
2021-06-11 11:32:53 DEBUG DefaultVFS:224 - Find JAR URL: file:/F:/JavaProject/JavaMyBatis/target/classes/MyBatis/entity/HealthForm.class
2021-06-11 11:32:53 DEBUG DefaultVFS:251 - Not a JAR: file:/F:/JavaProject/JavaMyBatis/target/classes/MyBatis/entity/HealthForm.class
2021-06-11 11:32:53 DEBUG DefaultVFS:101 - Reader entry: ����   4 >
2021-06-11 11:32:53 DEBUG DefaultVFS:224 - Find JAR URL: file:/F:/JavaProject/JavaMyBatis/target/classes/MyBatis/entity/MaleEmployee.class
2021-06-11 11:32:53 DEBUG DefaultVFS:251 - Not a JAR: file:/F:/JavaProject/JavaMyBatis/target/classes/MyBatis/entity/MaleEmployee.class
2021-06-11 11:32:53 DEBUG DefaultVFS:101 - Reader entry: ����   4 
2021-06-11 11:32:53 DEBUG DefaultVFS:224 - Find JAR URL: file:/F:/JavaProject/JavaMyBatis/target/classes/MyBatis/entity/MaleHealthForm.class
2021-06-11 11:32:53 DEBUG DefaultVFS:251 - Not a JAR: file:/F:/JavaProject/JavaMyBatis/target/classes/MyBatis/entity/MaleHealthForm.class
2021-06-11 11:32:53 DEBUG DefaultVFS:101 - Reader entry: ����   4 
2021-06-11 11:32:53 DEBUG DefaultVFS:224 - Find JAR URL: file:/F:/JavaProject/JavaMyBatis/target/classes/MyBatis/entity/PageParams.class
2021-06-11 11:32:53 DEBUG DefaultVFS:251 - Not a JAR: file:/F:/JavaProject/JavaMyBatis/target/classes/MyBatis/entity/PageParams.class
2021-06-11 11:32:53 DEBUG DefaultVFS:101 - Reader entry: ����   4 
2021-06-11 11:32:53 DEBUG DefaultVFS:224 - Find JAR URL: file:/F:/JavaProject/JavaMyBatis/target/classes/MyBatis/entity/Role.class
2021-06-11 11:32:53 DEBUG DefaultVFS:251 - Not a JAR: file:/F:/JavaProject/JavaMyBatis/target/classes/MyBatis/entity/Role.class
2021-06-11 11:32:53 DEBUG DefaultVFS:101 - Reader entry: ����   4 #
2021-06-11 11:32:53 DEBUG DefaultVFS:224 - Find JAR URL: file:/F:/JavaProject/JavaMyBatis/target/classes/MyBatis/entity/RoleParams.class
2021-06-11 11:32:53 DEBUG DefaultVFS:251 - Not a JAR: file:/F:/JavaProject/JavaMyBatis/target/classes/MyBatis/entity/RoleParams.class
2021-06-11 11:32:53 DEBUG DefaultVFS:101 - Reader entry: ����   4 
2021-06-11 11:32:53 DEBUG DefaultVFS:224 - Find JAR URL: file:/F:/JavaProject/JavaMyBatis/target/classes/MyBatis/entity/Task.class
2021-06-11 11:32:53 DEBUG DefaultVFS:251 - Not a JAR: file:/F:/JavaProject/JavaMyBatis/target/classes/MyBatis/entity/Task.class
2021-06-11 11:32:53 DEBUG DefaultVFS:101 - Reader entry: ����   4 *
2021-06-11 11:32:53 DEBUG DefaultVFS:224 - Find JAR URL: file:/F:/JavaProject/JavaMyBatis/target/classes/MyBatis/entity/User.class
2021-06-11 11:32:53 DEBUG DefaultVFS:251 - Not a JAR: file:/F:/JavaProject/JavaMyBatis/target/classes/MyBatis/entity/User.class
2021-06-11 11:32:53 DEBUG DefaultVFS:101 - Reader entry: ����   4 A
2021-06-11 11:32:53 DEBUG DefaultVFS:224 - Find JAR URL: file:/F:/JavaProject/JavaMyBatis/target/classes/MyBatis/entity/WorkCard.class
2021-06-11 11:32:53 DEBUG DefaultVFS:251 - Not a JAR: file:/F:/JavaProject/JavaMyBatis/target/classes/MyBatis/entity/WorkCard.class
2021-06-11 11:32:53 DEBUG DefaultVFS:101 - Reader entry: ����   4 9
2021-06-11 11:32:53 DEBUG DefaultVFS:224 - Find JAR URL: file:/F:/JavaProject/JavaMyBatis/target/classes/MyBatis/enums
2021-06-11 11:32:53 DEBUG DefaultVFS:251 - Not a JAR: file:/F:/JavaProject/JavaMyBatis/target/classes/MyBatis/enums
2021-06-11 11:32:53 DEBUG DefaultVFS:101 - Reader entry: SexEnum.class
2021-06-11 11:32:53 DEBUG DefaultVFS:115 - Listing file:/F:/JavaProject/JavaMyBatis/target/classes/MyBatis/enums
2021-06-11 11:32:53 DEBUG DefaultVFS:224 - Find JAR URL: file:/F:/JavaProject/JavaMyBatis/target/classes/MyBatis/enums/SexEnum.class
2021-06-11 11:32:53 DEBUG DefaultVFS:251 - Not a JAR: file:/F:/JavaProject/JavaMyBatis/target/classes/MyBatis/enums/SexEnum.class
2021-06-11 11:32:53 DEBUG DefaultVFS:101 - Reader entry: ����   4 M	  9
2021-06-11 11:32:53 DEBUG DefaultVFS:224 - Find JAR URL: file:/F:/JavaProject/JavaMyBatis/target/classes/MyBatis/mapper
2021-06-11 11:32:53 DEBUG DefaultVFS:251 - Not a JAR: file:/F:/JavaProject/JavaMyBatis/target/classes/MyBatis/mapper
2021-06-11 11:32:53 DEBUG DefaultVFS:101 - Reader entry: EmployeeMapper.class
2021-06-11 11:32:53 DEBUG DefaultVFS:101 - Reader entry: EmployeeMapper.xml
2021-06-11 11:32:53 DEBUG DefaultVFS:101 - Reader entry: EmployeeTaskMapper.class
2021-06-11 11:32:53 DEBUG DefaultVFS:101 - Reader entry: EmployeeTaskMapper.xml
2021-06-11 11:32:53 DEBUG DefaultVFS:101 - Reader entry: FemaleHealthFormMapper.class
2021-06-11 11:32:53 DEBUG DefaultVFS:101 - Reader entry: FemaleHealthFormMapper.xml
2021-06-11 11:32:53 DEBUG DefaultVFS:101 - Reader entry: MaleHealthFormMapper.class
2021-06-11 11:32:53 DEBUG DefaultVFS:101 - Reader entry: MaleHealthFormMapper.xml
2021-06-11 11:32:53 DEBUG DefaultVFS:101 - Reader entry: RoleMapper.class
2021-06-11 11:32:53 DEBUG DefaultVFS:101 - Reader entry: RoleMapper.xml
2021-06-11 11:32:53 DEBUG DefaultVFS:101 - Reader entry: TaskMapper.class
2021-06-11 11:32:53 DEBUG DefaultVFS:101 - Reader entry: TaskMapper.xml
2021-06-11 11:32:53 DEBUG DefaultVFS:101 - Reader entry: UserMapper.class
2021-06-11 11:32:53 DEBUG DefaultVFS:101 - Reader entry: UserMapper.xml
2021-06-11 11:32:53 DEBUG DefaultVFS:101 - Reader entry: WorkCardMapper.class
2021-06-11 11:32:53 DEBUG DefaultVFS:101 - Reader entry: WorkCardMapper.xml
2021-06-11 11:32:53 DEBUG DefaultVFS:115 - Listing file:/F:/JavaProject/JavaMyBatis/target/classes/MyBatis/mapper
2021-06-11 11:32:53 DEBUG DefaultVFS:224 - Find JAR URL: file:/F:/JavaProject/JavaMyBatis/target/classes/MyBatis/mapper/EmployeeMapper.class
2021-06-11 11:32:53 DEBUG DefaultVFS:251 - Not a JAR: file:/F:/JavaProject/JavaMyBatis/target/classes/MyBatis/mapper/EmployeeMapper.class
2021-06-11 11:32:53 DEBUG DefaultVFS:101 - Reader entry: ����   4 
2021-06-11 11:32:53 DEBUG DefaultVFS:224 - Find JAR URL: file:/F:/JavaProject/JavaMyBatis/target/classes/MyBatis/mapper/EmployeeMapper.xml
2021-06-11 11:32:53 DEBUG DefaultVFS:251 - Not a JAR: file:/F:/JavaProject/JavaMyBatis/target/classes/MyBatis/mapper/EmployeeMapper.xml
2021-06-11 11:32:53 DEBUG DefaultVFS:101 - Reader entry: <?xml version="1.0" encoding="UTF-8" ?>
2021-06-11 11:32:53 DEBUG DefaultVFS:224 - Find JAR URL: file:/F:/JavaProject/JavaMyBatis/target/classes/MyBatis/mapper/EmployeeTaskMapper.class
2021-06-11 11:32:53 DEBUG DefaultVFS:251 - Not a JAR: file:/F:/JavaProject/JavaMyBatis/target/classes/MyBatis/mapper/EmployeeTaskMapper.class
2021-06-11 11:32:53 DEBUG DefaultVFS:101 - Reader entry: ����   4 	   getEmployeeTaskByEmpId /(Ljava/lang/Long;)LMyBatis/entity/EmployeeTask; 
2021-06-11 11:32:53 DEBUG DefaultVFS:224 - Find JAR URL: file:/F:/JavaProject/JavaMyBatis/target/classes/MyBatis/mapper/EmployeeTaskMapper.xml
2021-06-11 11:32:53 DEBUG DefaultVFS:251 - Not a JAR: file:/F:/JavaProject/JavaMyBatis/target/classes/MyBatis/mapper/EmployeeTaskMapper.xml
2021-06-11 11:32:53 DEBUG DefaultVFS:101 - Reader entry: <?xml version="1.0" encoding="UTF-8" ?>
2021-06-11 11:32:53 DEBUG DefaultVFS:224 - Find JAR URL: file:/F:/JavaProject/JavaMyBatis/target/classes/MyBatis/mapper/FemaleHealthFormMapper.class
2021-06-11 11:32:53 DEBUG DefaultVFS:251 - Not a JAR: file:/F:/JavaProject/JavaMyBatis/target/classes/MyBatis/mapper/FemaleHealthFormMapper.class
2021-06-11 11:32:53 DEBUG DefaultVFS:101 - Reader entry: ����   4 	   getFemaleHealthForm 3(Ljava/lang/Long;)LMyBatis/entity/FemaleHealthForm; 
2021-06-11 11:32:53 DEBUG DefaultVFS:224 - Find JAR URL: file:/F:/JavaProject/JavaMyBatis/target/classes/MyBatis/mapper/FemaleHealthFormMapper.xml
2021-06-11 11:32:53 DEBUG DefaultVFS:251 - Not a JAR: file:/F:/JavaProject/JavaMyBatis/target/classes/MyBatis/mapper/FemaleHealthFormMapper.xml
2021-06-11 11:32:53 DEBUG DefaultVFS:101 - Reader entry: <?xml version="1.0" encoding="UTF-8" ?>
2021-06-11 11:32:53 DEBUG DefaultVFS:224 - Find JAR URL: file:/F:/JavaProject/JavaMyBatis/target/classes/MyBatis/mapper/MaleHealthFormMapper.class
2021-06-11 11:32:53 DEBUG DefaultVFS:251 - Not a JAR: file:/F:/JavaProject/JavaMyBatis/target/classes/MyBatis/mapper/MaleHealthFormMapper.class
2021-06-11 11:32:53 DEBUG DefaultVFS:101 - Reader entry: ����   4 	   getMaleHealthForm 1(Ljava/lang/Long;)LMyBatis/entity/MaleHealthForm; 
2021-06-11 11:32:53 DEBUG DefaultVFS:224 - Find JAR URL: file:/F:/JavaProject/JavaMyBatis/target/classes/MyBatis/mapper/MaleHealthFormMapper.xml
2021-06-11 11:32:53 DEBUG DefaultVFS:251 - Not a JAR: file:/F:/JavaProject/JavaMyBatis/target/classes/MyBatis/mapper/MaleHealthFormMapper.xml
2021-06-11 11:32:53 DEBUG DefaultVFS:101 - Reader entry: <?xml version="1.0" encoding="UTF-8" ?>
2021-06-11 11:32:53 DEBUG DefaultVFS:224 - Find JAR URL: file:/F:/JavaProject/JavaMyBatis/target/classes/MyBatis/mapper/RoleMapper.class
2021-06-11 11:32:53 DEBUG DefaultVFS:251 - Not a JAR: file:/F:/JavaProject/JavaMyBatis/target/classes/MyBatis/mapper/RoleMapper.class
2021-06-11 11:32:53 DEBUG DefaultVFS:101 - Reader entry: ����   4    
2021-06-11 11:32:53 DEBUG DefaultVFS:224 - Find JAR URL: file:/F:/JavaProject/JavaMyBatis/target/classes/MyBatis/mapper/RoleMapper.xml
2021-06-11 11:32:53 DEBUG DefaultVFS:251 - Not a JAR: file:/F:/JavaProject/JavaMyBatis/target/classes/MyBatis/mapper/RoleMapper.xml
2021-06-11 11:32:53 DEBUG DefaultVFS:101 - Reader entry: <?xml version="1.0" encoding="UTF-8" ?>
2021-06-11 11:32:53 DEBUG DefaultVFS:224 - Find JAR URL: file:/F:/JavaProject/JavaMyBatis/target/classes/MyBatis/mapper/TaskMapper.class
2021-06-11 11:32:53 DEBUG DefaultVFS:251 - Not a JAR: file:/F:/JavaProject/JavaMyBatis/target/classes/MyBatis/mapper/TaskMapper.class
2021-06-11 11:32:53 DEBUG DefaultVFS:101 - Reader entry: ����   4 	   getTask '(Ljava/lang/Long;)LMyBatis/entity/Task; 
2021-06-11 11:32:53 DEBUG DefaultVFS:224 - Find JAR URL: file:/F:/JavaProject/JavaMyBatis/target/classes/MyBatis/mapper/TaskMapper.xml
2021-06-11 11:32:53 DEBUG DefaultVFS:251 - Not a JAR: file:/F:/JavaProject/JavaMyBatis/target/classes/MyBatis/mapper/TaskMapper.xml
2021-06-11 11:32:53 DEBUG DefaultVFS:101 - Reader entry: <?xml version="1.0" encoding="UTF-8" ?>
2021-06-11 11:32:53 DEBUG DefaultVFS:224 - Find JAR URL: file:/F:/JavaProject/JavaMyBatis/target/classes/MyBatis/mapper/UserMapper.class
2021-06-11 11:32:53 DEBUG DefaultVFS:251 - Not a JAR: file:/F:/JavaProject/JavaMyBatis/target/classes/MyBatis/mapper/UserMapper.class
2021-06-11 11:32:53 DEBUG DefaultVFS:101 - Reader entry: ����   4 	   getUser '(Ljava/lang/Long;)LMyBatis/entity/User; 
2021-06-11 11:32:53 DEBUG DefaultVFS:224 - Find JAR URL: file:/F:/JavaProject/JavaMyBatis/target/classes/MyBatis/mapper/UserMapper.xml
2021-06-11 11:32:53 DEBUG DefaultVFS:251 - Not a JAR: file:/F:/JavaProject/JavaMyBatis/target/classes/MyBatis/mapper/UserMapper.xml
2021-06-11 11:32:53 DEBUG DefaultVFS:101 - Reader entry: <?xml version="1.0" encoding="UTF-8" ?>
2021-06-11 11:32:53 DEBUG DefaultVFS:224 - Find JAR URL: file:/F:/JavaProject/JavaMyBatis/target/classes/MyBatis/mapper/WorkCardMapper.class
2021-06-11 11:32:53 DEBUG DefaultVFS:251 - Not a JAR: file:/F:/JavaProject/JavaMyBatis/target/classes/MyBatis/mapper/WorkCardMapper.class
2021-06-11 11:32:53 DEBUG DefaultVFS:101 - Reader entry: ����   4 	   getWorkCardByEmpId +(Ljava/lang/Long;)LMyBatis/entity/WorkCard; 
2021-06-11 11:32:53 DEBUG DefaultVFS:224 - Find JAR URL: file:/F:/JavaProject/JavaMyBatis/target/classes/MyBatis/mapper/WorkCardMapper.xml
2021-06-11 11:32:53 DEBUG DefaultVFS:251 - Not a JAR: file:/F:/JavaProject/JavaMyBatis/target/classes/MyBatis/mapper/WorkCardMapper.xml
2021-06-11 11:32:53 DEBUG DefaultVFS:101 - Reader entry: <?xml version="1.0" encoding="UTF-8" ?>
2021-06-11 11:32:53 DEBUG DefaultVFS:224 - Find JAR URL: file:/F:/JavaProject/JavaMyBatis/target/classes/MyBatis/test
2021-06-11 11:32:53 DEBUG DefaultVFS:251 - Not a JAR: file:/F:/JavaProject/JavaMyBatis/target/classes/MyBatis/test
2021-06-11 11:32:53 DEBUG DefaultVFS:101 - Reader entry: TestEmployeeMapper.class
2021-06-11 11:32:53 DEBUG DefaultVFS:101 - Reader entry: TestMyBatis.class
2021-06-11 11:32:53 DEBUG DefaultVFS:101 - Reader entry: TestRoleMapper.class
2021-06-11 11:32:53 DEBUG DefaultVFS:115 - Listing file:/F:/JavaProject/JavaMyBatis/target/classes/MyBatis/test
2021-06-11 11:32:53 DEBUG DefaultVFS:224 - Find JAR URL: file:/F:/JavaProject/JavaMyBatis/target/classes/MyBatis/test/TestEmployeeMapper.class
2021-06-11 11:32:54 DEBUG DefaultVFS:251 - Not a JAR: file:/F:/JavaProject/JavaMyBatis/target/classes/MyBatis/test/TestEmployeeMapper.class
2021-06-11 11:32:54 DEBUG DefaultVFS:101 - Reader entry: ����   4 4
2021-06-11 11:32:54 DEBUG DefaultVFS:224 - Find JAR URL: file:/F:/JavaProject/JavaMyBatis/target/classes/MyBatis/test/TestMyBatis.class
2021-06-11 11:32:54 DEBUG DefaultVFS:251 - Not a JAR: file:/F:/JavaProject/JavaMyBatis/target/classes/MyBatis/test/TestMyBatis.class
2021-06-11 11:32:54 DEBUG DefaultVFS:101 - Reader entry: ����   4 >
2021-06-11 11:32:54 DEBUG DefaultVFS:224 - Find JAR URL: file:/F:/JavaProject/JavaMyBatis/target/classes/MyBatis/test/TestRoleMapper.class
2021-06-11 11:32:54 DEBUG DefaultVFS:251 - Not a JAR: file:/F:/JavaProject/JavaMyBatis/target/classes/MyBatis/test/TestRoleMapper.class
2021-06-11 11:32:54 DEBUG DefaultVFS:101 - Reader entry: ����   4 �
2021-06-11 11:32:54 DEBUG DefaultVFS:224 - Find JAR URL: file:/F:/JavaProject/JavaMyBatis/target/classes/MyBatis/utils
2021-06-11 11:32:54 DEBUG DefaultVFS:251 - Not a JAR: file:/F:/JavaProject/JavaMyBatis/target/classes/MyBatis/utils
2021-06-11 11:32:54 DEBUG DefaultVFS:101 - Reader entry: SqlSessionFactoryUtils.class
2021-06-11 11:32:54 DEBUG DefaultVFS:115 - Listing file:/F:/JavaProject/JavaMyBatis/target/classes/MyBatis/utils
2021-06-11 11:32:54 DEBUG DefaultVFS:224 - Find JAR URL: file:/F:/JavaProject/JavaMyBatis/target/classes/MyBatis/utils/SqlSessionFactoryUtils.class
2021-06-11 11:32:54 DEBUG DefaultVFS:251 - Not a JAR: file:/F:/JavaProject/JavaMyBatis/target/classes/MyBatis/utils/SqlSessionFactoryUtils.class
2021-06-11 11:32:54 DEBUG DefaultVFS:101 - Reader entry: ����   4 I
2021-06-11 11:32:54 DEBUG ResolverUtil:287 - Checking to see if class MyBatis.entity.CountRoleParams matches criteria [is assignable to Object]
2021-06-11 11:32:54 DEBUG ResolverUtil:287 - Checking to see if class MyBatis.entity.Employee matches criteria [is assignable to Object]
2021-06-11 11:32:54 DEBUG ResolverUtil:287 - Checking to see if class MyBatis.entity.EmployeeTask matches criteria [is assignable to Object]
2021-06-11 11:32:54 DEBUG ResolverUtil:287 - Checking to see if class MyBatis.entity.FemaleEmployee matches criteria [is assignable to Object]
2021-06-11 11:32:54 DEBUG ResolverUtil:287 - Checking to see if class MyBatis.entity.FemaleHealthForm matches criteria [is assignable to Object]
2021-06-11 11:32:54 DEBUG ResolverUtil:287 - Checking to see if class MyBatis.entity.HealthForm matches criteria [is assignable to Object]
2021-06-11 11:32:54 DEBUG ResolverUtil:287 - Checking to see if class MyBatis.entity.MaleEmployee matches criteria [is assignable to Object]
2021-06-11 11:32:54 DEBUG ResolverUtil:287 - Checking to see if class MyBatis.entity.MaleHealthForm matches criteria [is assignable to Object]
2021-06-11 11:32:54 DEBUG ResolverUtil:287 - Checking to see if class MyBatis.entity.PageParams matches criteria [is assignable to Object]
2021-06-11 11:32:54 DEBUG ResolverUtil:287 - Checking to see if class MyBatis.entity.Role matches criteria [is assignable to Object]
2021-06-11 11:32:54 DEBUG ResolverUtil:287 - Checking to see if class MyBatis.entity.RoleParams matches criteria [is assignable to Object]
2021-06-11 11:32:54 DEBUG ResolverUtil:287 - Checking to see if class MyBatis.entity.Task matches criteria [is assignable to Object]
2021-06-11 11:32:54 DEBUG ResolverUtil:287 - Checking to see if class MyBatis.entity.User matches criteria [is assignable to Object]
2021-06-11 11:32:54 DEBUG ResolverUtil:287 - Checking to see if class MyBatis.entity.WorkCard matches criteria [is assignable to Object]
2021-06-11 11:32:54 DEBUG ResolverUtil:287 - Checking to see if class MyBatis.enums.SexEnum matches criteria [is assignable to Object]
2021-06-11 11:32:54 DEBUG ResolverUtil:287 - Checking to see if class MyBatis.mapper.EmployeeMapper matches criteria [is assignable to Object]
2021-06-11 11:32:54 DEBUG ResolverUtil:287 - Checking to see if class MyBatis.mapper.EmployeeTaskMapper matches criteria [is assignable to Object]
2021-06-11 11:32:54 DEBUG ResolverUtil:287 - Checking to see if class MyBatis.mapper.FemaleHealthFormMapper matches criteria [is assignable to Object]
2021-06-11 11:32:54 DEBUG ResolverUtil:287 - Checking to see if class MyBatis.mapper.MaleHealthFormMapper matches criteria [is assignable to Object]
2021-06-11 11:32:54 DEBUG ResolverUtil:287 - Checking to see if class MyBatis.mapper.RoleMapper matches criteria [is assignable to Object]
2021-06-11 11:32:54 DEBUG ResolverUtil:287 - Checking to see if class MyBatis.mapper.TaskMapper matches criteria [is assignable to Object]
2021-06-11 11:32:54 DEBUG ResolverUtil:287 - Checking to see if class MyBatis.mapper.UserMapper matches criteria [is assignable to Object]
2021-06-11 11:32:54 DEBUG ResolverUtil:287 - Checking to see if class MyBatis.mapper.WorkCardMapper matches criteria [is assignable to Object]
2021-06-11 11:32:54 DEBUG ResolverUtil:287 - Checking to see if class MyBatis.test.TestEmployeeMapper matches criteria [is assignable to Object]
2021-06-11 11:32:54 DEBUG ResolverUtil:287 - Checking to see if class MyBatis.test.TestMyBatis matches criteria [is assignable to Object]
2021-06-11 11:32:54 DEBUG ResolverUtil:287 - Checking to see if class MyBatis.test.TestRoleMapper matches criteria [is assignable to Object]
2021-06-11 11:32:54 DEBUG ResolverUtil:287 - Checking to see if class MyBatis.utils.SqlSessionFactoryUtils matches criteria [is assignable to Object]
2021-06-11 11:32:54 DEBUG PooledDataSource:363 - PooledDataSource forcefully closed/removed all connections.
2021-06-11 11:32:54 DEBUG PooledDataSource:363 - PooledDataSource forcefully closed/removed all connections.
2021-06-11 11:32:54 DEBUG PooledDataSource:363 - PooledDataSource forcefully closed/removed all connections.
2021-06-11 11:32:54 DEBUG PooledDataSource:363 - PooledDataSource forcefully closed/removed all connections.
2021-06-11 11:32:55 DEBUG PooledDataSource:434 - Created connection 1636182655.
2021-06-11 11:32:55 DEBUG PooledDataSource:391 - Returned connection 1636182655 to pool.
2021-06-11 11:32:55 DEBUG DefaultVFS:224 - Find JAR URL: file:/F:/JavaProject/JavaMyBatis/target/classes/MyBatis/mapper
2021-06-11 11:32:55 DEBUG DefaultVFS:251 - Not a JAR: file:/F:/JavaProject/JavaMyBatis/target/classes/MyBatis/mapper
2021-06-11 11:32:55 DEBUG DefaultVFS:101 - Reader entry: EmployeeMapper.class
2021-06-11 11:32:55 DEBUG DefaultVFS:101 - Reader entry: EmployeeMapper.xml
2021-06-11 11:32:55 DEBUG DefaultVFS:101 - Reader entry: EmployeeTaskMapper.class
2021-06-11 11:32:55 DEBUG DefaultVFS:101 - Reader entry: EmployeeTaskMapper.xml
2021-06-11 11:32:55 DEBUG DefaultVFS:101 - Reader entry: FemaleHealthFormMapper.class
2021-06-11 11:32:55 DEBUG DefaultVFS:101 - Reader entry: FemaleHealthFormMapper.xml
2021-06-11 11:32:55 DEBUG DefaultVFS:101 - Reader entry: MaleHealthFormMapper.class
2021-06-11 11:32:55 DEBUG DefaultVFS:101 - Reader entry: MaleHealthFormMapper.xml
2021-06-11 11:32:55 DEBUG DefaultVFS:101 - Reader entry: RoleMapper.class
2021-06-11 11:32:55 DEBUG DefaultVFS:101 - Reader entry: RoleMapper.xml
2021-06-11 11:32:55 DEBUG DefaultVFS:101 - Reader entry: TaskMapper.class
2021-06-11 11:32:55 DEBUG DefaultVFS:101 - Reader entry: TaskMapper.xml
2021-06-11 11:32:55 DEBUG DefaultVFS:101 - Reader entry: UserMapper.class
2021-06-11 11:32:55 DEBUG DefaultVFS:101 - Reader entry: UserMapper.xml
2021-06-11 11:32:55 DEBUG DefaultVFS:101 - Reader entry: WorkCardMapper.class
2021-06-11 11:32:55 DEBUG DefaultVFS:101 - Reader entry: WorkCardMapper.xml
2021-06-11 11:32:55 DEBUG DefaultVFS:115 - Listing file:/F:/JavaProject/JavaMyBatis/target/classes/MyBatis/mapper
2021-06-11 11:32:55 DEBUG DefaultVFS:224 - Find JAR URL: file:/F:/JavaProject/JavaMyBatis/target/classes/MyBatis/mapper/EmployeeMapper.class
2021-06-11 11:32:55 DEBUG DefaultVFS:251 - Not a JAR: file:/F:/JavaProject/JavaMyBatis/target/classes/MyBatis/mapper/EmployeeMapper.class
2021-06-11 11:32:55 DEBUG DefaultVFS:101 - Reader entry: ����   4 
2021-06-11 11:32:55 DEBUG DefaultVFS:224 - Find JAR URL: file:/F:/JavaProject/JavaMyBatis/target/classes/MyBatis/mapper/EmployeeMapper.xml
2021-06-11 11:32:55 DEBUG DefaultVFS:251 - Not a JAR: file:/F:/JavaProject/JavaMyBatis/target/classes/MyBatis/mapper/EmployeeMapper.xml
2021-06-11 11:32:55 DEBUG DefaultVFS:101 - Reader entry: <?xml version="1.0" encoding="UTF-8" ?>
2021-06-11 11:32:55 DEBUG DefaultVFS:224 - Find JAR URL: file:/F:/JavaProject/JavaMyBatis/target/classes/MyBatis/mapper/EmployeeTaskMapper.class
2021-06-11 11:32:55 DEBUG DefaultVFS:251 - Not a JAR: file:/F:/JavaProject/JavaMyBatis/target/classes/MyBatis/mapper/EmployeeTaskMapper.class
2021-06-11 11:32:55 DEBUG DefaultVFS:101 - Reader entry: ����   4 	   getEmployeeTaskByEmpId /(Ljava/lang/Long;)LMyBatis/entity/EmployeeTask; 
2021-06-11 11:32:55 DEBUG DefaultVFS:224 - Find JAR URL: file:/F:/JavaProject/JavaMyBatis/target/classes/MyBatis/mapper/EmployeeTaskMapper.xml
2021-06-11 11:32:55 DEBUG DefaultVFS:251 - Not a JAR: file:/F:/JavaProject/JavaMyBatis/target/classes/MyBatis/mapper/EmployeeTaskMapper.xml
2021-06-11 11:32:55 DEBUG DefaultVFS:101 - Reader entry: <?xml version="1.0" encoding="UTF-8" ?>
2021-06-11 11:32:55 DEBUG DefaultVFS:224 - Find JAR URL: file:/F:/JavaProject/JavaMyBatis/target/classes/MyBatis/mapper/FemaleHealthFormMapper.class
2021-06-11 11:32:55 DEBUG DefaultVFS:251 - Not a JAR: file:/F:/JavaProject/JavaMyBatis/target/classes/MyBatis/mapper/FemaleHealthFormMapper.class
2021-06-11 11:32:55 DEBUG DefaultVFS:101 - Reader entry: ����   4 	   getFemaleHealthForm 3(Ljava/lang/Long;)LMyBatis/entity/FemaleHealthForm; 
2021-06-11 11:32:55 DEBUG DefaultVFS:224 - Find JAR URL: file:/F:/JavaProject/JavaMyBatis/target/classes/MyBatis/mapper/FemaleHealthFormMapper.xml
2021-06-11 11:32:55 DEBUG DefaultVFS:251 - Not a JAR: file:/F:/JavaProject/JavaMyBatis/target/classes/MyBatis/mapper/FemaleHealthFormMapper.xml
2021-06-11 11:32:55 DEBUG DefaultVFS:101 - Reader entry: <?xml version="1.0" encoding="UTF-8" ?>
2021-06-11 11:32:55 DEBUG DefaultVFS:224 - Find JAR URL: file:/F:/JavaProject/JavaMyBatis/target/classes/MyBatis/mapper/MaleHealthFormMapper.class
2021-06-11 11:32:55 DEBUG DefaultVFS:251 - Not a JAR: file:/F:/JavaProject/JavaMyBatis/target/classes/MyBatis/mapper/MaleHealthFormMapper.class
2021-06-11 11:32:55 DEBUG DefaultVFS:101 - Reader entry: ����   4 	   getMaleHealthForm 1(Ljava/lang/Long;)LMyBatis/entity/MaleHealthForm; 
2021-06-11 11:32:55 DEBUG DefaultVFS:224 - Find JAR URL: file:/F:/JavaProject/JavaMyBatis/target/classes/MyBatis/mapper/MaleHealthFormMapper.xml
2021-06-11 11:32:55 DEBUG DefaultVFS:251 - Not a JAR: file:/F:/JavaProject/JavaMyBatis/target/classes/MyBatis/mapper/MaleHealthFormMapper.xml
2021-06-11 11:32:55 DEBUG DefaultVFS:101 - Reader entry: <?xml version="1.0" encoding="UTF-8" ?>
2021-06-11 11:32:55 DEBUG DefaultVFS:224 - Find JAR URL: file:/F:/JavaProject/JavaMyBatis/target/classes/MyBatis/mapper/RoleMapper.class
2021-06-11 11:32:55 DEBUG DefaultVFS:251 - Not a JAR: file:/F:/JavaProject/JavaMyBatis/target/classes/MyBatis/mapper/RoleMapper.class
2021-06-11 11:32:55 DEBUG DefaultVFS:101 - Reader entry: ����   4    
2021-06-11 11:32:55 DEBUG DefaultVFS:224 - Find JAR URL: file:/F:/JavaProject/JavaMyBatis/target/classes/MyBatis/mapper/RoleMapper.xml
2021-06-11 11:32:55 DEBUG DefaultVFS:251 - Not a JAR: file:/F:/JavaProject/JavaMyBatis/target/classes/MyBatis/mapper/RoleMapper.xml
2021-06-11 11:32:55 DEBUG DefaultVFS:101 - Reader entry: <?xml version="1.0" encoding="UTF-8" ?>
2021-06-11 11:32:55 DEBUG DefaultVFS:224 - Find JAR URL: file:/F:/JavaProject/JavaMyBatis/target/classes/MyBatis/mapper/TaskMapper.class
2021-06-11 11:32:55 DEBUG DefaultVFS:251 - Not a JAR: file:/F:/JavaProject/JavaMyBatis/target/classes/MyBatis/mapper/TaskMapper.class
2021-06-11 11:32:55 DEBUG DefaultVFS:101 - Reader entry: ����   4 	   getTask '(Ljava/lang/Long;)LMyBatis/entity/Task; 
2021-06-11 11:32:55 DEBUG DefaultVFS:224 - Find JAR URL: file:/F:/JavaProject/JavaMyBatis/target/classes/MyBatis/mapper/TaskMapper.xml
2021-06-11 11:32:55 DEBUG DefaultVFS:251 - Not a JAR: file:/F:/JavaProject/JavaMyBatis/target/classes/MyBatis/mapper/TaskMapper.xml
2021-06-11 11:32:55 DEBUG DefaultVFS:101 - Reader entry: <?xml version="1.0" encoding="UTF-8" ?>
2021-06-11 11:32:55 DEBUG DefaultVFS:224 - Find JAR URL: file:/F:/JavaProject/JavaMyBatis/target/classes/MyBatis/mapper/UserMapper.class
2021-06-11 11:32:55 DEBUG DefaultVFS:251 - Not a JAR: file:/F:/JavaProject/JavaMyBatis/target/classes/MyBatis/mapper/UserMapper.class
2021-06-11 11:32:55 DEBUG DefaultVFS:101 - Reader entry: ����   4 	   getUser '(Ljava/lang/Long;)LMyBatis/entity/User; 
2021-06-11 11:32:55 DEBUG DefaultVFS:224 - Find JAR URL: file:/F:/JavaProject/JavaMyBatis/target/classes/MyBatis/mapper/UserMapper.xml
2021-06-11 11:32:55 DEBUG DefaultVFS:251 - Not a JAR: file:/F:/JavaProject/JavaMyBatis/target/classes/MyBatis/mapper/UserMapper.xml
2021-06-11 11:32:55 DEBUG DefaultVFS:101 - Reader entry: <?xml version="1.0" encoding="UTF-8" ?>
2021-06-11 11:32:55 DEBUG DefaultVFS:224 - Find JAR URL: file:/F:/JavaProject/JavaMyBatis/target/classes/MyBatis/mapper/WorkCardMapper.class
2021-06-11 11:32:55 DEBUG DefaultVFS:251 - Not a JAR: file:/F:/JavaProject/JavaMyBatis/target/classes/MyBatis/mapper/WorkCardMapper.class
2021-06-11 11:32:55 DEBUG DefaultVFS:101 - Reader entry: ����   4 	   getWorkCardByEmpId +(Ljava/lang/Long;)LMyBatis/entity/WorkCard; 
2021-06-11 11:32:55 DEBUG DefaultVFS:224 - Find JAR URL: file:/F:/JavaProject/JavaMyBatis/target/classes/MyBatis/mapper/WorkCardMapper.xml
2021-06-11 11:32:55 DEBUG DefaultVFS:251 - Not a JAR: file:/F:/JavaProject/JavaMyBatis/target/classes/MyBatis/mapper/WorkCardMapper.xml
2021-06-11 11:32:55 DEBUG DefaultVFS:101 - Reader entry: <?xml version="1.0" encoding="UTF-8" ?>
2021-06-11 11:32:55 DEBUG ResolverUtil:287 - Checking to see if class MyBatis.mapper.EmployeeMapper matches criteria [is assignable to Object]
2021-06-11 11:32:55 DEBUG ResolverUtil:287 - Checking to see if class MyBatis.mapper.EmployeeTaskMapper matches criteria [is assignable to Object]
2021-06-11 11:32:55 DEBUG ResolverUtil:287 - Checking to see if class MyBatis.mapper.FemaleHealthFormMapper matches criteria [is assignable to Object]
2021-06-11 11:32:55 DEBUG ResolverUtil:287 - Checking to see if class MyBatis.mapper.MaleHealthFormMapper matches criteria [is assignable to Object]
2021-06-11 11:32:55 DEBUG ResolverUtil:287 - Checking to see if class MyBatis.mapper.RoleMapper matches criteria [is assignable to Object]
2021-06-11 11:32:55 DEBUG ResolverUtil:287 - Checking to see if class MyBatis.mapper.TaskMapper matches criteria [is assignable to Object]
2021-06-11 11:32:55 DEBUG ResolverUtil:287 - Checking to see if class MyBatis.mapper.UserMapper matches criteria [is assignable to Object]
2021-06-11 11:32:55 DEBUG ResolverUtil:287 - Checking to see if class MyBatis.mapper.WorkCardMapper matches criteria [is assignable to Object]
2021-06-11 11:32:56 DEBUG JdbcTransaction:137 - Opening JDBC Connection
2021-06-11 11:32:56 DEBUG PooledDataSource:426 - Checked out connection 1636182655 from pool.
2021-06-11 11:32:56 DEBUG JdbcTransaction:101 - Setting autocommit to false on JDBC Connection [com.mysql.cj.jdbc.ConnectionImpl@61862a7f]
2021-06-11 11:32:56 DEBUG findRolesByParams:137 - ==>  Preparing: select id , role_name as roleName, note from t_role where 1=1 and note like concat('%', ?, '%') limit ?, ?
2021-06-11 11:32:56 DEBUG findRolesByParams:137 - ==> Parameters: note(String), 0(Integer), 100(Integer)
2021-06-11 11:32:56 DEBUG findRolesByParams:137 - <==      Total: 14
2021-06-11 11:32:56 DEBUG JdbcTransaction:123 - Resetting autocommit to true on JDBC Connection [com.mysql.cj.jdbc.ConnectionImpl@61862a7f]
2021-06-11 11:32:56 DEBUG JdbcTransaction:91 - Closing JDBC Connection [com.mysql.cj.jdbc.ConnectionImpl@61862a7f]
2021-06-11 11:32:56 DEBUG PooledDataSource:391 - Returned connection 1636182655 to pool.
2021-06-11 11:33:11 DEBUG LogFactory:105 - Logging initialized using 'class org.apache.ibatis.logging.slf4j.Slf4jImpl' adapter.
2021-06-11 11:33:11 DEBUG VFS:116 - Class not found: org.jboss.vfs.VFS
2021-06-11 11:33:11 DEBUG JBoss6VFS:149 - JBoss 6 VFS API is not available in this environment.
2021-06-11 11:33:11 DEBUG VFS:116 - Class not found: org.jboss.vfs.VirtualFile
2021-06-11 11:33:11 DEBUG VFS:64 - VFS implementation org.apache.ibatis.io.JBoss6VFS is not valid in this environment.
2021-06-11 11:33:11 DEBUG VFS:74 - Using VFS adapter org.apache.ibatis.io.DefaultVFS
2021-06-11 11:33:11 DEBUG DefaultVFS:224 - Find JAR URL: file:/F:/JavaProject/JavaMyBatis/target/classes/MyBatis
2021-06-11 11:33:11 DEBUG DefaultVFS:251 - Not a JAR: file:/F:/JavaProject/JavaMyBatis/target/classes/MyBatis
2021-06-11 11:33:11 DEBUG DefaultVFS:101 - Reader entry: entity
2021-06-11 11:33:11 DEBUG DefaultVFS:101 - Reader entry: enums
2021-06-11 11:33:11 DEBUG DefaultVFS:101 - Reader entry: mapper
2021-06-11 11:33:11 DEBUG DefaultVFS:101 - Reader entry: test
2021-06-11 11:33:11 DEBUG DefaultVFS:101 - Reader entry: utils
2021-06-11 11:33:11 DEBUG DefaultVFS:115 - Listing file:/F:/JavaProject/JavaMyBatis/target/classes/MyBatis
2021-06-11 11:33:11 DEBUG DefaultVFS:224 - Find JAR URL: file:/F:/JavaProject/JavaMyBatis/target/classes/MyBatis/entity
2021-06-11 11:33:11 DEBUG DefaultVFS:251 - Not a JAR: file:/F:/JavaProject/JavaMyBatis/target/classes/MyBatis/entity
2021-06-11 11:33:11 DEBUG DefaultVFS:101 - Reader entry: CountRoleParams.class
2021-06-11 11:33:11 DEBUG DefaultVFS:101 - Reader entry: Employee.class
2021-06-11 11:33:11 DEBUG DefaultVFS:101 - Reader entry: EmployeeTask.class
2021-06-11 11:33:11 DEBUG DefaultVFS:101 - Reader entry: FemaleEmployee.class
2021-06-11 11:33:11 DEBUG DefaultVFS:101 - Reader entry: FemaleHealthForm.class
2021-06-11 11:33:11 DEBUG DefaultVFS:101 - Reader entry: HealthForm.class
2021-06-11 11:33:11 DEBUG DefaultVFS:101 - Reader entry: MaleEmployee.class
2021-06-11 11:33:11 DEBUG DefaultVFS:101 - Reader entry: MaleHealthForm.class
2021-06-11 11:33:11 DEBUG DefaultVFS:101 - Reader entry: PageParams.class
2021-06-11 11:33:11 DEBUG DefaultVFS:101 - Reader entry: Role.class
2021-06-11 11:33:11 DEBUG DefaultVFS:101 - Reader entry: RoleParams.class
2021-06-11 11:33:11 DEBUG DefaultVFS:101 - Reader entry: Task.class
2021-06-11 11:33:11 DEBUG DefaultVFS:101 - Reader entry: User.class
2021-06-11 11:33:11 DEBUG DefaultVFS:101 - Reader entry: WorkCard.class
2021-06-11 11:33:11 DEBUG DefaultVFS:115 - Listing file:/F:/JavaProject/JavaMyBatis/target/classes/MyBatis/entity
2021-06-11 11:33:11 DEBUG DefaultVFS:224 - Find JAR URL: file:/F:/JavaProject/JavaMyBatis/target/classes/MyBatis/entity/CountRoleParams.class
2021-06-11 11:33:11 DEBUG DefaultVFS:251 - Not a JAR: file:/F:/JavaProject/JavaMyBatis/target/classes/MyBatis/entity/CountRoleParams.class
2021-06-11 11:33:11 DEBUG DefaultVFS:101 - Reader entry: ����   4 (
2021-06-11 11:33:11 DEBUG DefaultVFS:224 - Find JAR URL: file:/F:/JavaProject/JavaMyBatis/target/classes/MyBatis/entity/Employee.class
2021-06-11 11:33:11 DEBUG DefaultVFS:251 - Not a JAR: file:/F:/JavaProject/JavaMyBatis/target/classes/MyBatis/entity/Employee.class
2021-06-11 11:33:11 DEBUG DefaultVFS:101 - Reader entry: ����   4 Y
2021-06-11 11:33:11 DEBUG DefaultVFS:224 - Find JAR URL: file:/F:/JavaProject/JavaMyBatis/target/classes/MyBatis/entity/EmployeeTask.class
2021-06-11 11:33:11 DEBUG DefaultVFS:251 - Not a JAR: file:/F:/JavaProject/JavaMyBatis/target/classes/MyBatis/entity/EmployeeTask.class
2021-06-11 11:33:11 DEBUG DefaultVFS:101 - Reader entry: ����   4 2
2021-06-11 11:33:11 DEBUG DefaultVFS:224 - Find JAR URL: file:/F:/JavaProject/JavaMyBatis/target/classes/MyBatis/entity/FemaleEmployee.class
2021-06-11 11:33:11 DEBUG DefaultVFS:251 - Not a JAR: file:/F:/JavaProject/JavaMyBatis/target/classes/MyBatis/entity/FemaleEmployee.class
2021-06-11 11:33:11 DEBUG DefaultVFS:101 - Reader entry: ����   4 
2021-06-11 11:33:11 DEBUG DefaultVFS:224 - Find JAR URL: file:/F:/JavaProject/JavaMyBatis/target/classes/MyBatis/entity/FemaleHealthForm.class
2021-06-11 11:33:11 DEBUG DefaultVFS:251 - Not a JAR: file:/F:/JavaProject/JavaMyBatis/target/classes/MyBatis/entity/FemaleHealthForm.class
2021-06-11 11:33:11 DEBUG DefaultVFS:101 - Reader entry: ����   4 
2021-06-11 11:33:11 DEBUG DefaultVFS:224 - Find JAR URL: file:/F:/JavaProject/JavaMyBatis/target/classes/MyBatis/entity/HealthForm.class
2021-06-11 11:33:11 DEBUG DefaultVFS:251 - Not a JAR: file:/F:/JavaProject/JavaMyBatis/target/classes/MyBatis/entity/HealthForm.class
2021-06-11 11:33:11 DEBUG DefaultVFS:101 - Reader entry: ����   4 >
2021-06-11 11:33:11 DEBUG DefaultVFS:224 - Find JAR URL: file:/F:/JavaProject/JavaMyBatis/target/classes/MyBatis/entity/MaleEmployee.class
2021-06-11 11:33:11 DEBUG DefaultVFS:251 - Not a JAR: file:/F:/JavaProject/JavaMyBatis/target/classes/MyBatis/entity/MaleEmployee.class
2021-06-11 11:33:11 DEBUG DefaultVFS:101 - Reader entry: ����   4 
2021-06-11 11:33:11 DEBUG DefaultVFS:224 - Find JAR URL: file:/F:/JavaProject/JavaMyBatis/target/classes/MyBatis/entity/MaleHealthForm.class
2021-06-11 11:33:11 DEBUG DefaultVFS:251 - Not a JAR: file:/F:/JavaProject/JavaMyBatis/target/classes/MyBatis/entity/MaleHealthForm.class
2021-06-11 11:33:11 DEBUG DefaultVFS:101 - Reader entry: ����   4 
2021-06-11 11:33:11 DEBUG DefaultVFS:224 - Find JAR URL: file:/F:/JavaProject/JavaMyBatis/target/classes/MyBatis/entity/PageParams.class
2021-06-11 11:33:11 DEBUG DefaultVFS:251 - Not a JAR: file:/F:/JavaProject/JavaMyBatis/target/classes/MyBatis/entity/PageParams.class
2021-06-11 11:33:11 DEBUG DefaultVFS:101 - Reader entry: ����   4 
2021-06-11 11:33:11 DEBUG DefaultVFS:224 - Find JAR URL: file:/F:/JavaProject/JavaMyBatis/target/classes/MyBatis/entity/Role.class
2021-06-11 11:33:11 DEBUG DefaultVFS:251 - Not a JAR: file:/F:/JavaProject/JavaMyBatis/target/classes/MyBatis/entity/Role.class
2021-06-11 11:33:11 DEBUG DefaultVFS:101 - Reader entry: ����   4 #
2021-06-11 11:33:11 DEBUG DefaultVFS:224 - Find JAR URL: file:/F:/JavaProject/JavaMyBatis/target/classes/MyBatis/entity/RoleParams.class
2021-06-11 11:33:11 DEBUG DefaultVFS:251 - Not a JAR: file:/F:/JavaProject/JavaMyBatis/target/classes/MyBatis/entity/RoleParams.class
2021-06-11 11:33:11 DEBUG DefaultVFS:101 - Reader entry: ����   4 
2021-06-11 11:33:11 DEBUG DefaultVFS:224 - Find JAR URL: file:/F:/JavaProject/JavaMyBatis/target/classes/MyBatis/entity/Task.class
2021-06-11 11:33:11 DEBUG DefaultVFS:251 - Not a JAR: file:/F:/JavaProject/JavaMyBatis/target/classes/MyBatis/entity/Task.class
2021-06-11 11:33:11 DEBUG DefaultVFS:101 - Reader entry: ����   4 *
2021-06-11 11:33:11 DEBUG DefaultVFS:224 - Find JAR URL: file:/F:/JavaProject/JavaMyBatis/target/classes/MyBatis/entity/User.class
2021-06-11 11:33:11 DEBUG DefaultVFS:251 - Not a JAR: file:/F:/JavaProject/JavaMyBatis/target/classes/MyBatis/entity/User.class
2021-06-11 11:33:11 DEBUG DefaultVFS:101 - Reader entry: ����   4 A
2021-06-11 11:33:11 DEBUG DefaultVFS:224 - Find JAR URL: file:/F:/JavaProject/JavaMyBatis/target/classes/MyBatis/entity/WorkCard.class
2021-06-11 11:33:11 DEBUG DefaultVFS:251 - Not a JAR: file:/F:/JavaProject/JavaMyBatis/target/classes/MyBatis/entity/WorkCard.class
2021-06-11 11:33:11 DEBUG DefaultVFS:101 - Reader entry: ����   4 9
2021-06-11 11:33:11 DEBUG DefaultVFS:224 - Find JAR URL: file:/F:/JavaProject/JavaMyBatis/target/classes/MyBatis/enums
2021-06-11 11:33:11 DEBUG DefaultVFS:251 - Not a JAR: file:/F:/JavaProject/JavaMyBatis/target/classes/MyBatis/enums
2021-06-11 11:33:11 DEBUG DefaultVFS:101 - Reader entry: SexEnum.class
2021-06-11 11:33:11 DEBUG DefaultVFS:115 - Listing file:/F:/JavaProject/JavaMyBatis/target/classes/MyBatis/enums
2021-06-11 11:33:11 DEBUG DefaultVFS:224 - Find JAR URL: file:/F:/JavaProject/JavaMyBatis/target/classes/MyBatis/enums/SexEnum.class
2021-06-11 11:33:11 DEBUG DefaultVFS:251 - Not a JAR: file:/F:/JavaProject/JavaMyBatis/target/classes/MyBatis/enums/SexEnum.class
2021-06-11 11:33:11 DEBUG DefaultVFS:101 - Reader entry: ����   4 M	  9
2021-06-11 11:33:11 DEBUG DefaultVFS:224 - Find JAR URL: file:/F:/JavaProject/JavaMyBatis/target/classes/MyBatis/mapper
2021-06-11 11:33:11 DEBUG DefaultVFS:251 - Not a JAR: file:/F:/JavaProject/JavaMyBatis/target/classes/MyBatis/mapper
2021-06-11 11:33:11 DEBUG DefaultVFS:101 - Reader entry: EmployeeMapper.class
2021-06-11 11:33:11 DEBUG DefaultVFS:101 - Reader entry: EmployeeMapper.xml
2021-06-11 11:33:11 DEBUG DefaultVFS:101 - Reader entry: EmployeeTaskMapper.class
2021-06-11 11:33:11 DEBUG DefaultVFS:101 - Reader entry: EmployeeTaskMapper.xml
2021-06-11 11:33:11 DEBUG DefaultVFS:101 - Reader entry: FemaleHealthFormMapper.class
2021-06-11 11:33:11 DEBUG DefaultVFS:101 - Reader entry: FemaleHealthFormMapper.xml
2021-06-11 11:33:11 DEBUG DefaultVFS:101 - Reader entry: MaleHealthFormMapper.class
2021-06-11 11:33:11 DEBUG DefaultVFS:101 - Reader entry: MaleHealthFormMapper.xml
2021-06-11 11:33:11 DEBUG DefaultVFS:101 - Reader entry: RoleMapper.class
2021-06-11 11:33:11 DEBUG DefaultVFS:101 - Reader entry: RoleMapper.xml
2021-06-11 11:33:11 DEBUG DefaultVFS:101 - Reader entry: TaskMapper.class
2021-06-11 11:33:11 DEBUG DefaultVFS:101 - Reader entry: TaskMapper.xml
2021-06-11 11:33:11 DEBUG DefaultVFS:101 - Reader entry: UserMapper.class
2021-06-11 11:33:11 DEBUG DefaultVFS:101 - Reader entry: UserMapper.xml
2021-06-11 11:33:11 DEBUG DefaultVFS:101 - Reader entry: WorkCardMapper.class
2021-06-11 11:33:11 DEBUG DefaultVFS:101 - Reader entry: WorkCardMapper.xml
2021-06-11 11:33:11 DEBUG DefaultVFS:115 - Listing file:/F:/JavaProject/JavaMyBatis/target/classes/MyBatis/mapper
2021-06-11 11:33:11 DEBUG DefaultVFS:224 - Find JAR URL: file:/F:/JavaProject/JavaMyBatis/target/classes/MyBatis/mapper/EmployeeMapper.class
2021-06-11 11:33:11 DEBUG DefaultVFS:251 - Not a JAR: file:/F:/JavaProject/JavaMyBatis/target/classes/MyBatis/mapper/EmployeeMapper.class
2021-06-11 11:33:11 DEBUG DefaultVFS:101 - Reader entry: ����   4 
2021-06-11 11:33:11 DEBUG DefaultVFS:224 - Find JAR URL: file:/F:/JavaProject/JavaMyBatis/target/classes/MyBatis/mapper/EmployeeMapper.xml
2021-06-11 11:33:11 DEBUG DefaultVFS:251 - Not a JAR: file:/F:/JavaProject/JavaMyBatis/target/classes/MyBatis/mapper/EmployeeMapper.xml
2021-06-11 11:33:11 DEBUG DefaultVFS:101 - Reader entry: <?xml version="1.0" encoding="UTF-8" ?>
2021-06-11 11:33:11 DEBUG DefaultVFS:224 - Find JAR URL: file:/F:/JavaProject/JavaMyBatis/target/classes/MyBatis/mapper/EmployeeTaskMapper.class
2021-06-11 11:33:11 DEBUG DefaultVFS:251 - Not a JAR: file:/F:/JavaProject/JavaMyBatis/target/classes/MyBatis/mapper/EmployeeTaskMapper.class
2021-06-11 11:33:11 DEBUG DefaultVFS:101 - Reader entry: ����   4 	   getEmployeeTaskByEmpId /(Ljava/lang/Long;)LMyBatis/entity/EmployeeTask; 
2021-06-11 11:33:11 DEBUG DefaultVFS:224 - Find JAR URL: file:/F:/JavaProject/JavaMyBatis/target/classes/MyBatis/mapper/EmployeeTaskMapper.xml
2021-06-11 11:33:11 DEBUG DefaultVFS:251 - Not a JAR: file:/F:/JavaProject/JavaMyBatis/target/classes/MyBatis/mapper/EmployeeTaskMapper.xml
2021-06-11 11:33:11 DEBUG DefaultVFS:101 - Reader entry: <?xml version="1.0" encoding="UTF-8" ?>
2021-06-11 11:33:11 DEBUG DefaultVFS:224 - Find JAR URL: file:/F:/JavaProject/JavaMyBatis/target/classes/MyBatis/mapper/FemaleHealthFormMapper.class
2021-06-11 11:33:11 DEBUG DefaultVFS:251 - Not a JAR: file:/F:/JavaProject/JavaMyBatis/target/classes/MyBatis/mapper/FemaleHealthFormMapper.class
2021-06-11 11:33:11 DEBUG DefaultVFS:101 - Reader entry: ����   4 	   getFemaleHealthForm 3(Ljava/lang/Long;)LMyBatis/entity/FemaleHealthForm; 
2021-06-11 11:33:11 DEBUG DefaultVFS:224 - Find JAR URL: file:/F:/JavaProject/JavaMyBatis/target/classes/MyBatis/mapper/FemaleHealthFormMapper.xml
2021-06-11 11:33:11 DEBUG DefaultVFS:251 - Not a JAR: file:/F:/JavaProject/JavaMyBatis/target/classes/MyBatis/mapper/FemaleHealthFormMapper.xml
2021-06-11 11:33:11 DEBUG DefaultVFS:101 - Reader entry: <?xml version="1.0" encoding="UTF-8" ?>
2021-06-11 11:33:11 DEBUG DefaultVFS:224 - Find JAR URL: file:/F:/JavaProject/JavaMyBatis/target/classes/MyBatis/mapper/MaleHealthFormMapper.class
2021-06-11 11:33:11 DEBUG DefaultVFS:251 - Not a JAR: file:/F:/JavaProject/JavaMyBatis/target/classes/MyBatis/mapper/MaleHealthFormMapper.class
2021-06-11 11:33:11 DEBUG DefaultVFS:101 - Reader entry: ����   4 	   getMaleHealthForm 1(Ljava/lang/Long;)LMyBatis/entity/MaleHealthForm; 
2021-06-11 11:33:11 DEBUG DefaultVFS:224 - Find JAR URL: file:/F:/JavaProject/JavaMyBatis/target/classes/MyBatis/mapper/MaleHealthFormMapper.xml
2021-06-11 11:33:11 DEBUG DefaultVFS:251 - Not a JAR: file:/F:/JavaProject/JavaMyBatis/target/classes/MyBatis/mapper/MaleHealthFormMapper.xml
2021-06-11 11:33:11 DEBUG DefaultVFS:101 - Reader entry: <?xml version="1.0" encoding="UTF-8" ?>
2021-06-11 11:33:11 DEBUG DefaultVFS:224 - Find JAR URL: file:/F:/JavaProject/JavaMyBatis/target/classes/MyBatis/mapper/RoleMapper.class
2021-06-11 11:33:11 DEBUG DefaultVFS:251 - Not a JAR: file:/F:/JavaProject/JavaMyBatis/target/classes/MyBatis/mapper/RoleMapper.class
2021-06-11 11:33:11 DEBUG DefaultVFS:101 - Reader entry: ����   4    
2021-06-11 11:33:11 DEBUG DefaultVFS:224 - Find JAR URL: file:/F:/JavaProject/JavaMyBatis/target/classes/MyBatis/mapper/RoleMapper.xml
2021-06-11 11:33:11 DEBUG DefaultVFS:251 - Not a JAR: file:/F:/JavaProject/JavaMyBatis/target/classes/MyBatis/mapper/RoleMapper.xml
2021-06-11 11:33:11 DEBUG DefaultVFS:101 - Reader entry: <?xml version="1.0" encoding="UTF-8" ?>
2021-06-11 11:33:11 DEBUG DefaultVFS:224 - Find JAR URL: file:/F:/JavaProject/JavaMyBatis/target/classes/MyBatis/mapper/TaskMapper.class
2021-06-11 11:33:11 DEBUG DefaultVFS:251 - Not a JAR: file:/F:/JavaProject/JavaMyBatis/target/classes/MyBatis/mapper/TaskMapper.class
2021-06-11 11:33:11 DEBUG DefaultVFS:101 - Reader entry: ����   4 	   getTask '(Ljava/lang/Long;)LMyBatis/entity/Task; 
2021-06-11 11:33:11 DEBUG DefaultVFS:224 - Find JAR URL: file:/F:/JavaProject/JavaMyBatis/target/classes/MyBatis/mapper/TaskMapper.xml
2021-06-11 11:33:11 DEBUG DefaultVFS:251 - Not a JAR: file:/F:/JavaProject/JavaMyBatis/target/classes/MyBatis/mapper/TaskMapper.xml
2021-06-11 11:33:11 DEBUG DefaultVFS:101 - Reader entry: <?xml version="1.0" encoding="UTF-8" ?>
2021-06-11 11:33:11 DEBUG DefaultVFS:224 - Find JAR URL: file:/F:/JavaProject/JavaMyBatis/target/classes/MyBatis/mapper/UserMapper.class
2021-06-11 11:33:11 DEBUG DefaultVFS:251 - Not a JAR: file:/F:/JavaProject/JavaMyBatis/target/classes/MyBatis/mapper/UserMapper.class
2021-06-11 11:33:11 DEBUG DefaultVFS:101 - Reader entry: ����   4 	   getUser '(Ljava/lang/Long;)LMyBatis/entity/User; 
2021-06-11 11:33:11 DEBUG DefaultVFS:224 - Find JAR URL: file:/F:/JavaProject/JavaMyBatis/target/classes/MyBatis/mapper/UserMapper.xml
2021-06-11 11:33:11 DEBUG DefaultVFS:251 - Not a JAR: file:/F:/JavaProject/JavaMyBatis/target/classes/MyBatis/mapper/UserMapper.xml
2021-06-11 11:33:11 DEBUG DefaultVFS:101 - Reader entry: <?xml version="1.0" encoding="UTF-8" ?>
2021-06-11 11:33:11 DEBUG DefaultVFS:224 - Find JAR URL: file:/F:/JavaProject/JavaMyBatis/target/classes/MyBatis/mapper/WorkCardMapper.class
2021-06-11 11:33:11 DEBUG DefaultVFS:251 - Not a JAR: file:/F:/JavaProject/JavaMyBatis/target/classes/MyBatis/mapper/WorkCardMapper.class
2021-06-11 11:33:11 DEBUG DefaultVFS:101 - Reader entry: ����   4 	   getWorkCardByEmpId +(Ljava/lang/Long;)LMyBatis/entity/WorkCard; 
2021-06-11 11:33:11 DEBUG DefaultVFS:224 - Find JAR URL: file:/F:/JavaProject/JavaMyBatis/target/classes/MyBatis/mapper/WorkCardMapper.xml
2021-06-11 11:33:11 DEBUG DefaultVFS:251 - Not a JAR: file:/F:/JavaProject/JavaMyBatis/target/classes/MyBatis/mapper/WorkCardMapper.xml
2021-06-11 11:33:11 DEBUG DefaultVFS:101 - Reader entry: <?xml version="1.0" encoding="UTF-8" ?>
2021-06-11 11:33:11 DEBUG DefaultVFS:224 - Find JAR URL: file:/F:/JavaProject/JavaMyBatis/target/classes/MyBatis/test
2021-06-11 11:33:11 DEBUG DefaultVFS:251 - Not a JAR: file:/F:/JavaProject/JavaMyBatis/target/classes/MyBatis/test
2021-06-11 11:33:11 DEBUG DefaultVFS:101 - Reader entry: TestEmployeeMapper.class
2021-06-11 11:33:11 DEBUG DefaultVFS:101 - Reader entry: TestMyBatis.class
2021-06-11 11:33:11 DEBUG DefaultVFS:101 - Reader entry: TestRoleMapper.class
2021-06-11 11:33:11 DEBUG DefaultVFS:115 - Listing file:/F:/JavaProject/JavaMyBatis/target/classes/MyBatis/test
2021-06-11 11:33:11 DEBUG DefaultVFS:224 - Find JAR URL: file:/F:/JavaProject/JavaMyBatis/target/classes/MyBatis/test/TestEmployeeMapper.class
2021-06-11 11:33:11 DEBUG DefaultVFS:251 - Not a JAR: file:/F:/JavaProject/JavaMyBatis/target/classes/MyBatis/test/TestEmployeeMapper.class
2021-06-11 11:33:11 DEBUG DefaultVFS:101 - Reader entry: ����   4 4
2021-06-11 11:33:11 DEBUG DefaultVFS:224 - Find JAR URL: file:/F:/JavaProject/JavaMyBatis/target/classes/MyBatis/test/TestMyBatis.class
2021-06-11 11:33:11 DEBUG DefaultVFS:251 - Not a JAR: file:/F:/JavaProject/JavaMyBatis/target/classes/MyBatis/test/TestMyBatis.class
2021-06-11 11:33:11 DEBUG DefaultVFS:101 - Reader entry: ����   4 >
2021-06-11 11:33:11 DEBUG DefaultVFS:224 - Find JAR URL: file:/F:/JavaProject/JavaMyBatis/target/classes/MyBatis/test/TestRoleMapper.class
2021-06-11 11:33:11 DEBUG DefaultVFS:251 - Not a JAR: file:/F:/JavaProject/JavaMyBatis/target/classes/MyBatis/test/TestRoleMapper.class
2021-06-11 11:33:11 DEBUG DefaultVFS:101 - Reader entry: ����   4 �
2021-06-11 11:33:11 DEBUG DefaultVFS:224 - Find JAR URL: file:/F:/JavaProject/JavaMyBatis/target/classes/MyBatis/utils
2021-06-11 11:33:11 DEBUG DefaultVFS:251 - Not a JAR: file:/F:/JavaProject/JavaMyBatis/target/classes/MyBatis/utils
2021-06-11 11:33:11 DEBUG DefaultVFS:101 - Reader entry: SqlSessionFactoryUtils.class
2021-06-11 11:33:11 DEBUG DefaultVFS:115 - Listing file:/F:/JavaProject/JavaMyBatis/target/classes/MyBatis/utils
2021-06-11 11:33:11 DEBUG DefaultVFS:224 - Find JAR URL: file:/F:/JavaProject/JavaMyBatis/target/classes/MyBatis/utils/SqlSessionFactoryUtils.class
2021-06-11 11:33:11 DEBUG DefaultVFS:251 - Not a JAR: file:/F:/JavaProject/JavaMyBatis/target/classes/MyBatis/utils/SqlSessionFactoryUtils.class
2021-06-11 11:33:11 DEBUG DefaultVFS:101 - Reader entry: ����   4 I
2021-06-11 11:33:11 DEBUG ResolverUtil:287 - Checking to see if class MyBatis.entity.CountRoleParams matches criteria [is assignable to Object]
2021-06-11 11:33:11 DEBUG ResolverUtil:287 - Checking to see if class MyBatis.entity.Employee matches criteria [is assignable to Object]
2021-06-11 11:33:11 DEBUG ResolverUtil:287 - Checking to see if class MyBatis.entity.EmployeeTask matches criteria [is assignable to Object]
2021-06-11 11:33:11 DEBUG ResolverUtil:287 - Checking to see if class MyBatis.entity.FemaleEmployee matches criteria [is assignable to Object]
2021-06-11 11:33:11 DEBUG ResolverUtil:287 - Checking to see if class MyBatis.entity.FemaleHealthForm matches criteria [is assignable to Object]
2021-06-11 11:33:11 DEBUG ResolverUtil:287 - Checking to see if class MyBatis.entity.HealthForm matches criteria [is assignable to Object]
2021-06-11 11:33:11 DEBUG ResolverUtil:287 - Checking to see if class MyBatis.entity.MaleEmployee matches criteria [is assignable to Object]
2021-06-11 11:33:11 DEBUG ResolverUtil:287 - Checking to see if class MyBatis.entity.MaleHealthForm matches criteria [is assignable to Object]
2021-06-11 11:33:11 DEBUG ResolverUtil:287 - Checking to see if class MyBatis.entity.PageParams matches criteria [is assignable to Object]
2021-06-11 11:33:11 DEBUG ResolverUtil:287 - Checking to see if class MyBatis.entity.Role matches criteria [is assignable to Object]
2021-06-11 11:33:11 DEBUG ResolverUtil:287 - Checking to see if class MyBatis.entity.RoleParams matches criteria [is assignable to Object]
2021-06-11 11:33:11 DEBUG ResolverUtil:287 - Checking to see if class MyBatis.entity.Task matches criteria [is assignable to Object]
2021-06-11 11:33:11 DEBUG ResolverUtil:287 - Checking to see if class MyBatis.entity.User matches criteria [is assignable to Object]
2021-06-11 11:33:11 DEBUG ResolverUtil:287 - Checking to see if class MyBatis.entity.WorkCard matches criteria [is assignable to Object]
2021-06-11 11:33:11 DEBUG ResolverUtil:287 - Checking to see if class MyBatis.enums.SexEnum matches criteria [is assignable to Object]
2021-06-11 11:33:11 DEBUG ResolverUtil:287 - Checking to see if class MyBatis.mapper.EmployeeMapper matches criteria [is assignable to Object]
2021-06-11 11:33:11 DEBUG ResolverUtil:287 - Checking to see if class MyBatis.mapper.EmployeeTaskMapper matches criteria [is assignable to Object]
2021-06-11 11:33:11 DEBUG ResolverUtil:287 - Checking to see if class MyBatis.mapper.FemaleHealthFormMapper matches criteria [is assignable to Object]
2021-06-11 11:33:11 DEBUG ResolverUtil:287 - Checking to see if class MyBatis.mapper.MaleHealthFormMapper matches criteria [is assignable to Object]
2021-06-11 11:33:11 DEBUG ResolverUtil:287 - Checking to see if class MyBatis.mapper.RoleMapper matches criteria [is assignable to Object]
2021-06-11 11:33:11 DEBUG ResolverUtil:287 - Checking to see if class MyBatis.mapper.TaskMapper matches criteria [is assignable to Object]
2021-06-11 11:33:11 DEBUG ResolverUtil:287 - Checking to see if class MyBatis.mapper.UserMapper matches criteria [is assignable to Object]
2021-06-11 11:33:11 DEBUG ResolverUtil:287 - Checking to see if class MyBatis.mapper.WorkCardMapper matches criteria [is assignable to Object]
2021-06-11 11:33:11 DEBUG ResolverUtil:287 - Checking to see if class MyBatis.test.TestEmployeeMapper matches criteria [is assignable to Object]
2021-06-11 11:33:11 DEBUG ResolverUtil:287 - Checking to see if class MyBatis.test.TestMyBatis matches criteria [is assignable to Object]
2021-06-11 11:33:11 DEBUG ResolverUtil:287 - Checking to see if class MyBatis.test.TestRoleMapper matches criteria [is assignable to Object]
2021-06-11 11:33:11 DEBUG ResolverUtil:287 - Checking to see if class MyBatis.utils.SqlSessionFactoryUtils matches criteria [is assignable to Object]
2021-06-11 11:33:11 DEBUG PooledDataSource:363 - PooledDataSource forcefully closed/removed all connections.
2021-06-11 11:33:11 DEBUG PooledDataSource:363 - PooledDataSource forcefully closed/removed all connections.
2021-06-11 11:33:11 DEBUG PooledDataSource:363 - PooledDataSource forcefully closed/removed all connections.
2021-06-11 11:33:11 DEBUG PooledDataSource:363 - PooledDataSource forcefully closed/removed all connections.
2021-06-11 11:33:13 DEBUG PooledDataSource:434 - Created connection 1636182655.
2021-06-11 11:33:13 DEBUG PooledDataSource:391 - Returned connection 1636182655 to pool.
2021-06-11 11:33:13 DEBUG DefaultVFS:224 - Find JAR URL: file:/F:/JavaProject/JavaMyBatis/target/classes/MyBatis/mapper
2021-06-11 11:33:13 DEBUG DefaultVFS:251 - Not a JAR: file:/F:/JavaProject/JavaMyBatis/target/classes/MyBatis/mapper
2021-06-11 11:33:13 DEBUG DefaultVFS:101 - Reader entry: EmployeeMapper.class
2021-06-11 11:33:13 DEBUG DefaultVFS:101 - Reader entry: EmployeeMapper.xml
2021-06-11 11:33:13 DEBUG DefaultVFS:101 - Reader entry: EmployeeTaskMapper.class
2021-06-11 11:33:13 DEBUG DefaultVFS:101 - Reader entry: EmployeeTaskMapper.xml
2021-06-11 11:33:13 DEBUG DefaultVFS:101 - Reader entry: FemaleHealthFormMapper.class
2021-06-11 11:33:13 DEBUG DefaultVFS:101 - Reader entry: FemaleHealthFormMapper.xml
2021-06-11 11:33:13 DEBUG DefaultVFS:101 - Reader entry: MaleHealthFormMapper.class
2021-06-11 11:33:13 DEBUG DefaultVFS:101 - Reader entry: MaleHealthFormMapper.xml
2021-06-11 11:33:13 DEBUG DefaultVFS:101 - Reader entry: RoleMapper.class
2021-06-11 11:33:13 DEBUG DefaultVFS:101 - Reader entry: RoleMapper.xml
2021-06-11 11:33:13 DEBUG DefaultVFS:101 - Reader entry: TaskMapper.class
2021-06-11 11:33:13 DEBUG DefaultVFS:101 - Reader entry: TaskMapper.xml
2021-06-11 11:33:13 DEBUG DefaultVFS:101 - Reader entry: UserMapper.class
2021-06-11 11:33:13 DEBUG DefaultVFS:101 - Reader entry: UserMapper.xml
2021-06-11 11:33:13 DEBUG DefaultVFS:101 - Reader entry: WorkCardMapper.class
2021-06-11 11:33:13 DEBUG DefaultVFS:101 - Reader entry: WorkCardMapper.xml
2021-06-11 11:33:13 DEBUG DefaultVFS:115 - Listing file:/F:/JavaProject/JavaMyBatis/target/classes/MyBatis/mapper
2021-06-11 11:33:13 DEBUG DefaultVFS:224 - Find JAR URL: file:/F:/JavaProject/JavaMyBatis/target/classes/MyBatis/mapper/EmployeeMapper.class
2021-06-11 11:33:13 DEBUG DefaultVFS:251 - Not a JAR: file:/F:/JavaProject/JavaMyBatis/target/classes/MyBatis/mapper/EmployeeMapper.class
2021-06-11 11:33:13 DEBUG DefaultVFS:101 - Reader entry: ����   4 
2021-06-11 11:33:13 DEBUG DefaultVFS:224 - Find JAR URL: file:/F:/JavaProject/JavaMyBatis/target/classes/MyBatis/mapper/EmployeeMapper.xml
2021-06-11 11:33:13 DEBUG DefaultVFS:251 - Not a JAR: file:/F:/JavaProject/JavaMyBatis/target/classes/MyBatis/mapper/EmployeeMapper.xml
2021-06-11 11:33:13 DEBUG DefaultVFS:101 - Reader entry: <?xml version="1.0" encoding="UTF-8" ?>
2021-06-11 11:33:13 DEBUG DefaultVFS:224 - Find JAR URL: file:/F:/JavaProject/JavaMyBatis/target/classes/MyBatis/mapper/EmployeeTaskMapper.class
2021-06-11 11:33:13 DEBUG DefaultVFS:251 - Not a JAR: file:/F:/JavaProject/JavaMyBatis/target/classes/MyBatis/mapper/EmployeeTaskMapper.class
2021-06-11 11:33:13 DEBUG DefaultVFS:101 - Reader entry: ����   4 	   getEmployeeTaskByEmpId /(Ljava/lang/Long;)LMyBatis/entity/EmployeeTask; 
2021-06-11 11:33:13 DEBUG DefaultVFS:224 - Find JAR URL: file:/F:/JavaProject/JavaMyBatis/target/classes/MyBatis/mapper/EmployeeTaskMapper.xml
2021-06-11 11:33:13 DEBUG DefaultVFS:251 - Not a JAR: file:/F:/JavaProject/JavaMyBatis/target/classes/MyBatis/mapper/EmployeeTaskMapper.xml
2021-06-11 11:33:13 DEBUG DefaultVFS:101 - Reader entry: <?xml version="1.0" encoding="UTF-8" ?>
2021-06-11 11:33:13 DEBUG DefaultVFS:224 - Find JAR URL: file:/F:/JavaProject/JavaMyBatis/target/classes/MyBatis/mapper/FemaleHealthFormMapper.class
2021-06-11 11:33:13 DEBUG DefaultVFS:251 - Not a JAR: file:/F:/JavaProject/JavaMyBatis/target/classes/MyBatis/mapper/FemaleHealthFormMapper.class
2021-06-11 11:33:13 DEBUG DefaultVFS:101 - Reader entry: ����   4 	   getFemaleHealthForm 3(Ljava/lang/Long;)LMyBatis/entity/FemaleHealthForm; 
2021-06-11 11:33:13 DEBUG DefaultVFS:224 - Find JAR URL: file:/F:/JavaProject/JavaMyBatis/target/classes/MyBatis/mapper/FemaleHealthFormMapper.xml
2021-06-11 11:33:13 DEBUG DefaultVFS:251 - Not a JAR: file:/F:/JavaProject/JavaMyBatis/target/classes/MyBatis/mapper/FemaleHealthFormMapper.xml
2021-06-11 11:33:13 DEBUG DefaultVFS:101 - Reader entry: <?xml version="1.0" encoding="UTF-8" ?>
2021-06-11 11:33:13 DEBUG DefaultVFS:224 - Find JAR URL: file:/F:/JavaProject/JavaMyBatis/target/classes/MyBatis/mapper/MaleHealthFormMapper.class
2021-06-11 11:33:13 DEBUG DefaultVFS:251 - Not a JAR: file:/F:/JavaProject/JavaMyBatis/target/classes/MyBatis/mapper/MaleHealthFormMapper.class
2021-06-11 11:33:13 DEBUG DefaultVFS:101 - Reader entry: ����   4 	   getMaleHealthForm 1(Ljava/lang/Long;)LMyBatis/entity/MaleHealthForm; 
2021-06-11 11:33:13 DEBUG DefaultVFS:224 - Find JAR URL: file:/F:/JavaProject/JavaMyBatis/target/classes/MyBatis/mapper/MaleHealthFormMapper.xml
2021-06-11 11:33:13 DEBUG DefaultVFS:251 - Not a JAR: file:/F:/JavaProject/JavaMyBatis/target/classes/MyBatis/mapper/MaleHealthFormMapper.xml
2021-06-11 11:33:13 DEBUG DefaultVFS:101 - Reader entry: <?xml version="1.0" encoding="UTF-8" ?>
2021-06-11 11:33:13 DEBUG DefaultVFS:224 - Find JAR URL: file:/F:/JavaProject/JavaMyBatis/target/classes/MyBatis/mapper/RoleMapper.class
2021-06-11 11:33:13 DEBUG DefaultVFS:251 - Not a JAR: file:/F:/JavaProject/JavaMyBatis/target/classes/MyBatis/mapper/RoleMapper.class
2021-06-11 11:33:13 DEBUG DefaultVFS:101 - Reader entry: ����   4    
2021-06-11 11:33:13 DEBUG DefaultVFS:224 - Find JAR URL: file:/F:/JavaProject/JavaMyBatis/target/classes/MyBatis/mapper/RoleMapper.xml
2021-06-11 11:33:13 DEBUG DefaultVFS:251 - Not a JAR: file:/F:/JavaProject/JavaMyBatis/target/classes/MyBatis/mapper/RoleMapper.xml
2021-06-11 11:33:13 DEBUG DefaultVFS:101 - Reader entry: <?xml version="1.0" encoding="UTF-8" ?>
2021-06-11 11:33:13 DEBUG DefaultVFS:224 - Find JAR URL: file:/F:/JavaProject/JavaMyBatis/target/classes/MyBatis/mapper/TaskMapper.class
2021-06-11 11:33:13 DEBUG DefaultVFS:251 - Not a JAR: file:/F:/JavaProject/JavaMyBatis/target/classes/MyBatis/mapper/TaskMapper.class
2021-06-11 11:33:13 DEBUG DefaultVFS:101 - Reader entry: ����   4 	   getTask '(Ljava/lang/Long;)LMyBatis/entity/Task; 
2021-06-11 11:33:13 DEBUG DefaultVFS:224 - Find JAR URL: file:/F:/JavaProject/JavaMyBatis/target/classes/MyBatis/mapper/TaskMapper.xml
2021-06-11 11:33:13 DEBUG DefaultVFS:251 - Not a JAR: file:/F:/JavaProject/JavaMyBatis/target/classes/MyBatis/mapper/TaskMapper.xml
2021-06-11 11:33:13 DEBUG DefaultVFS:101 - Reader entry: <?xml version="1.0" encoding="UTF-8" ?>
2021-06-11 11:33:13 DEBUG DefaultVFS:224 - Find JAR URL: file:/F:/JavaProject/JavaMyBatis/target/classes/MyBatis/mapper/UserMapper.class
2021-06-11 11:33:13 DEBUG DefaultVFS:251 - Not a JAR: file:/F:/JavaProject/JavaMyBatis/target/classes/MyBatis/mapper/UserMapper.class
2021-06-11 11:33:13 DEBUG DefaultVFS:101 - Reader entry: ����   4 	   getUser '(Ljava/lang/Long;)LMyBatis/entity/User; 
2021-06-11 11:33:13 DEBUG DefaultVFS:224 - Find JAR URL: file:/F:/JavaProject/JavaMyBatis/target/classes/MyBatis/mapper/UserMapper.xml
2021-06-11 11:33:13 DEBUG DefaultVFS:251 - Not a JAR: file:/F:/JavaProject/JavaMyBatis/target/classes/MyBatis/mapper/UserMapper.xml
2021-06-11 11:33:13 DEBUG DefaultVFS:101 - Reader entry: <?xml version="1.0" encoding="UTF-8" ?>
2021-06-11 11:33:13 DEBUG DefaultVFS:224 - Find JAR URL: file:/F:/JavaProject/JavaMyBatis/target/classes/MyBatis/mapper/WorkCardMapper.class
2021-06-11 11:33:13 DEBUG DefaultVFS:251 - Not a JAR: file:/F:/JavaProject/JavaMyBatis/target/classes/MyBatis/mapper/WorkCardMapper.class
2021-06-11 11:33:13 DEBUG DefaultVFS:101 - Reader entry: ����   4 	   getWorkCardByEmpId +(Ljava/lang/Long;)LMyBatis/entity/WorkCard; 
2021-06-11 11:33:13 DEBUG DefaultVFS:224 - Find JAR URL: file:/F:/JavaProject/JavaMyBatis/target/classes/MyBatis/mapper/WorkCardMapper.xml
2021-06-11 11:33:13 DEBUG DefaultVFS:251 - Not a JAR: file:/F:/JavaProject/JavaMyBatis/target/classes/MyBatis/mapper/WorkCardMapper.xml
2021-06-11 11:33:13 DEBUG DefaultVFS:101 - Reader entry: <?xml version="1.0" encoding="UTF-8" ?>
2021-06-11 11:33:13 DEBUG ResolverUtil:287 - Checking to see if class MyBatis.mapper.EmployeeMapper matches criteria [is assignable to Object]
2021-06-11 11:33:13 DEBUG ResolverUtil:287 - Checking to see if class MyBatis.mapper.EmployeeTaskMapper matches criteria [is assignable to Object]
2021-06-11 11:33:13 DEBUG ResolverUtil:287 - Checking to see if class MyBatis.mapper.FemaleHealthFormMapper matches criteria [is assignable to Object]
2021-06-11 11:33:13 DEBUG ResolverUtil:287 - Checking to see if class MyBatis.mapper.MaleHealthFormMapper matches criteria [is assignable to Object]
2021-06-11 11:33:13 DEBUG ResolverUtil:287 - Checking to see if class MyBatis.mapper.RoleMapper matches criteria [is assignable to Object]
2021-06-11 11:33:13 DEBUG ResolverUtil:287 - Checking to see if class MyBatis.mapper.TaskMapper matches criteria [is assignable to Object]
2021-06-11 11:33:13 DEBUG ResolverUtil:287 - Checking to see if class MyBatis.mapper.UserMapper matches criteria [is assignable to Object]
2021-06-11 11:33:13 DEBUG ResolverUtil:287 - Checking to see if class MyBatis.mapper.WorkCardMapper matches criteria [is assignable to Object]
2021-06-11 11:33:14 DEBUG JdbcTransaction:137 - Opening JDBC Connection
2021-06-11 11:33:14 DEBUG PooledDataSource:426 - Checked out connection 1636182655 from pool.
2021-06-11 11:33:14 DEBUG JdbcTransaction:101 - Setting autocommit to false on JDBC Connection [com.mysql.cj.jdbc.ConnectionImpl@61862a7f]
2021-06-11 11:33:14 DEBUG findRolesByParams:137 - ==>  Preparing: select id , role_name as roleName, note from t_role where 1=1 and role_name like concat('%', ?, '%') and note like concat('%', ?, '%') limit ?, ?
2021-06-11 11:33:14 DEBUG findRolesByParams:137 - ==> Parameters: null(String), note(String), 0(Integer), 100(Integer)
2021-06-11 11:33:14 DEBUG findRolesByParams:137 - <==      Total: 0
2021-06-11 11:33:14 DEBUG JdbcTransaction:123 - Resetting autocommit to true on JDBC Connection [com.mysql.cj.jdbc.ConnectionImpl@61862a7f]
2021-06-11 11:33:14 DEBUG JdbcTransaction:91 - Closing JDBC Connection [com.mysql.cj.jdbc.ConnectionImpl@61862a7f]
2021-06-11 11:33:14 DEBUG PooledDataSource:391 - Returned connection 1636182655 to pool.
2021-06-11 11:33:26 DEBUG LogFactory:105 - Logging initialized using 'class org.apache.ibatis.logging.slf4j.Slf4jImpl' adapter.
2021-06-11 11:33:26 DEBUG VFS:116 - Class not found: org.jboss.vfs.VFS
2021-06-11 11:33:26 DEBUG JBoss6VFS:149 - JBoss 6 VFS API is not available in this environment.
2021-06-11 11:33:26 DEBUG VFS:116 - Class not found: org.jboss.vfs.VirtualFile
2021-06-11 11:33:26 DEBUG VFS:64 - VFS implementation org.apache.ibatis.io.JBoss6VFS is not valid in this environment.
2021-06-11 11:33:26 DEBUG VFS:74 - Using VFS adapter org.apache.ibatis.io.DefaultVFS
2021-06-11 11:33:26 DEBUG DefaultVFS:224 - Find JAR URL: file:/F:/JavaProject/JavaMyBatis/target/classes/MyBatis
2021-06-11 11:33:26 DEBUG DefaultVFS:251 - Not a JAR: file:/F:/JavaProject/JavaMyBatis/target/classes/MyBatis
2021-06-11 11:33:27 DEBUG DefaultVFS:101 - Reader entry: entity
2021-06-11 11:33:27 DEBUG DefaultVFS:101 - Reader entry: enums
2021-06-11 11:33:27 DEBUG DefaultVFS:101 - Reader entry: mapper
2021-06-11 11:33:27 DEBUG DefaultVFS:101 - Reader entry: test
2021-06-11 11:33:27 DEBUG DefaultVFS:101 - Reader entry: utils
2021-06-11 11:33:27 DEBUG DefaultVFS:115 - Listing file:/F:/JavaProject/JavaMyBatis/target/classes/MyBatis
2021-06-11 11:33:27 DEBUG DefaultVFS:224 - Find JAR URL: file:/F:/JavaProject/JavaMyBatis/target/classes/MyBatis/entity
2021-06-11 11:33:27 DEBUG DefaultVFS:251 - Not a JAR: file:/F:/JavaProject/JavaMyBatis/target/classes/MyBatis/entity
2021-06-11 11:33:27 DEBUG DefaultVFS:101 - Reader entry: CountRoleParams.class
2021-06-11 11:33:27 DEBUG DefaultVFS:101 - Reader entry: Employee.class
2021-06-11 11:33:27 DEBUG DefaultVFS:101 - Reader entry: EmployeeTask.class
2021-06-11 11:33:27 DEBUG DefaultVFS:101 - Reader entry: FemaleEmployee.class
2021-06-11 11:33:27 DEBUG DefaultVFS:101 - Reader entry: FemaleHealthForm.class
2021-06-11 11:33:27 DEBUG DefaultVFS:101 - Reader entry: HealthForm.class
2021-06-11 11:33:27 DEBUG DefaultVFS:101 - Reader entry: MaleEmployee.class
2021-06-11 11:33:27 DEBUG DefaultVFS:101 - Reader entry: MaleHealthForm.class
2021-06-11 11:33:27 DEBUG DefaultVFS:101 - Reader entry: PageParams.class
2021-06-11 11:33:27 DEBUG DefaultVFS:101 - Reader entry: Role.class
2021-06-11 11:33:27 DEBUG DefaultVFS:101 - Reader entry: RoleParams.class
2021-06-11 11:33:27 DEBUG DefaultVFS:101 - Reader entry: Task.class
2021-06-11 11:33:27 DEBUG DefaultVFS:101 - Reader entry: User.class
2021-06-11 11:33:27 DEBUG DefaultVFS:101 - Reader entry: WorkCard.class
2021-06-11 11:33:27 DEBUG DefaultVFS:115 - Listing file:/F:/JavaProject/JavaMyBatis/target/classes/MyBatis/entity
2021-06-11 11:33:27 DEBUG DefaultVFS:224 - Find JAR URL: file:/F:/JavaProject/JavaMyBatis/target/classes/MyBatis/entity/CountRoleParams.class
2021-06-11 11:33:27 DEBUG DefaultVFS:251 - Not a JAR: file:/F:/JavaProject/JavaMyBatis/target/classes/MyBatis/entity/CountRoleParams.class
2021-06-11 11:33:27 DEBUG DefaultVFS:101 - Reader entry: ����   4 (
2021-06-11 11:33:27 DEBUG DefaultVFS:224 - Find JAR URL: file:/F:/JavaProject/JavaMyBatis/target/classes/MyBatis/entity/Employee.class
2021-06-11 11:33:27 DEBUG DefaultVFS:251 - Not a JAR: file:/F:/JavaProject/JavaMyBatis/target/classes/MyBatis/entity/Employee.class
2021-06-11 11:33:27 DEBUG DefaultVFS:101 - Reader entry: ����   4 Y
2021-06-11 11:33:27 DEBUG DefaultVFS:224 - Find JAR URL: file:/F:/JavaProject/JavaMyBatis/target/classes/MyBatis/entity/EmployeeTask.class
2021-06-11 11:33:27 DEBUG DefaultVFS:251 - Not a JAR: file:/F:/JavaProject/JavaMyBatis/target/classes/MyBatis/entity/EmployeeTask.class
2021-06-11 11:33:27 DEBUG DefaultVFS:101 - Reader entry: ����   4 2
2021-06-11 11:33:27 DEBUG DefaultVFS:224 - Find JAR URL: file:/F:/JavaProject/JavaMyBatis/target/classes/MyBatis/entity/FemaleEmployee.class
2021-06-11 11:33:27 DEBUG DefaultVFS:251 - Not a JAR: file:/F:/JavaProject/JavaMyBatis/target/classes/MyBatis/entity/FemaleEmployee.class
2021-06-11 11:33:27 DEBUG DefaultVFS:101 - Reader entry: ����   4 
2021-06-11 11:33:27 DEBUG DefaultVFS:224 - Find JAR URL: file:/F:/JavaProject/JavaMyBatis/target/classes/MyBatis/entity/FemaleHealthForm.class
2021-06-11 11:33:27 DEBUG DefaultVFS:251 - Not a JAR: file:/F:/JavaProject/JavaMyBatis/target/classes/MyBatis/entity/FemaleHealthForm.class
2021-06-11 11:33:27 DEBUG DefaultVFS:101 - Reader entry: ����   4 
2021-06-11 11:33:27 DEBUG DefaultVFS:224 - Find JAR URL: file:/F:/JavaProject/JavaMyBatis/target/classes/MyBatis/entity/HealthForm.class
2021-06-11 11:33:27 DEBUG DefaultVFS:251 - Not a JAR: file:/F:/JavaProject/JavaMyBatis/target/classes/MyBatis/entity/HealthForm.class
2021-06-11 11:33:27 DEBUG DefaultVFS:101 - Reader entry: ����   4 >
2021-06-11 11:33:27 DEBUG DefaultVFS:224 - Find JAR URL: file:/F:/JavaProject/JavaMyBatis/target/classes/MyBatis/entity/MaleEmployee.class
2021-06-11 11:33:27 DEBUG DefaultVFS:251 - Not a JAR: file:/F:/JavaProject/JavaMyBatis/target/classes/MyBatis/entity/MaleEmployee.class
2021-06-11 11:33:27 DEBUG DefaultVFS:101 - Reader entry: ����   4 
2021-06-11 11:33:27 DEBUG DefaultVFS:224 - Find JAR URL: file:/F:/JavaProject/JavaMyBatis/target/classes/MyBatis/entity/MaleHealthForm.class
2021-06-11 11:33:27 DEBUG DefaultVFS:251 - Not a JAR: file:/F:/JavaProject/JavaMyBatis/target/classes/MyBatis/entity/MaleHealthForm.class
2021-06-11 11:33:27 DEBUG DefaultVFS:101 - Reader entry: ����   4 
2021-06-11 11:33:27 DEBUG DefaultVFS:224 - Find JAR URL: file:/F:/JavaProject/JavaMyBatis/target/classes/MyBatis/entity/PageParams.class
2021-06-11 11:33:27 DEBUG DefaultVFS:251 - Not a JAR: file:/F:/JavaProject/JavaMyBatis/target/classes/MyBatis/entity/PageParams.class
2021-06-11 11:33:27 DEBUG DefaultVFS:101 - Reader entry: ����   4 
2021-06-11 11:33:27 DEBUG DefaultVFS:224 - Find JAR URL: file:/F:/JavaProject/JavaMyBatis/target/classes/MyBatis/entity/Role.class
2021-06-11 11:33:27 DEBUG DefaultVFS:251 - Not a JAR: file:/F:/JavaProject/JavaMyBatis/target/classes/MyBatis/entity/Role.class
2021-06-11 11:33:27 DEBUG DefaultVFS:101 - Reader entry: ����   4 #
2021-06-11 11:33:27 DEBUG DefaultVFS:224 - Find JAR URL: file:/F:/JavaProject/JavaMyBatis/target/classes/MyBatis/entity/RoleParams.class
2021-06-11 11:33:27 DEBUG DefaultVFS:251 - Not a JAR: file:/F:/JavaProject/JavaMyBatis/target/classes/MyBatis/entity/RoleParams.class
2021-06-11 11:33:27 DEBUG DefaultVFS:101 - Reader entry: ����   4 
2021-06-11 11:33:27 DEBUG DefaultVFS:224 - Find JAR URL: file:/F:/JavaProject/JavaMyBatis/target/classes/MyBatis/entity/Task.class
2021-06-11 11:33:27 DEBUG DefaultVFS:251 - Not a JAR: file:/F:/JavaProject/JavaMyBatis/target/classes/MyBatis/entity/Task.class
2021-06-11 11:33:27 DEBUG DefaultVFS:101 - Reader entry: ����   4 *
2021-06-11 11:33:27 DEBUG DefaultVFS:224 - Find JAR URL: file:/F:/JavaProject/JavaMyBatis/target/classes/MyBatis/entity/User.class
2021-06-11 11:33:27 DEBUG DefaultVFS:251 - Not a JAR: file:/F:/JavaProject/JavaMyBatis/target/classes/MyBatis/entity/User.class
2021-06-11 11:33:27 DEBUG DefaultVFS:101 - Reader entry: ����   4 A
2021-06-11 11:33:27 DEBUG DefaultVFS:224 - Find JAR URL: file:/F:/JavaProject/JavaMyBatis/target/classes/MyBatis/entity/WorkCard.class
2021-06-11 11:33:27 DEBUG DefaultVFS:251 - Not a JAR: file:/F:/JavaProject/JavaMyBatis/target/classes/MyBatis/entity/WorkCard.class
2021-06-11 11:33:27 DEBUG DefaultVFS:101 - Reader entry: ����   4 9
2021-06-11 11:33:27 DEBUG DefaultVFS:224 - Find JAR URL: file:/F:/JavaProject/JavaMyBatis/target/classes/MyBatis/enums
2021-06-11 11:33:27 DEBUG DefaultVFS:251 - Not a JAR: file:/F:/JavaProject/JavaMyBatis/target/classes/MyBatis/enums
2021-06-11 11:33:27 DEBUG DefaultVFS:101 - Reader entry: SexEnum.class
2021-06-11 11:33:27 DEBUG DefaultVFS:115 - Listing file:/F:/JavaProject/JavaMyBatis/target/classes/MyBatis/enums
2021-06-11 11:33:27 DEBUG DefaultVFS:224 - Find JAR URL: file:/F:/JavaProject/JavaMyBatis/target/classes/MyBatis/enums/SexEnum.class
2021-06-11 11:33:27 DEBUG DefaultVFS:251 - Not a JAR: file:/F:/JavaProject/JavaMyBatis/target/classes/MyBatis/enums/SexEnum.class
2021-06-11 11:33:27 DEBUG DefaultVFS:101 - Reader entry: ����   4 M	  9
2021-06-11 11:33:27 DEBUG DefaultVFS:224 - Find JAR URL: file:/F:/JavaProject/JavaMyBatis/target/classes/MyBatis/mapper
2021-06-11 11:33:27 DEBUG DefaultVFS:251 - Not a JAR: file:/F:/JavaProject/JavaMyBatis/target/classes/MyBatis/mapper
2021-06-11 11:33:27 DEBUG DefaultVFS:101 - Reader entry: EmployeeMapper.class
2021-06-11 11:33:27 DEBUG DefaultVFS:101 - Reader entry: EmployeeMapper.xml
2021-06-11 11:33:27 DEBUG DefaultVFS:101 - Reader entry: EmployeeTaskMapper.class
2021-06-11 11:33:27 DEBUG DefaultVFS:101 - Reader entry: EmployeeTaskMapper.xml
2021-06-11 11:33:27 DEBUG DefaultVFS:101 - Reader entry: FemaleHealthFormMapper.class
2021-06-11 11:33:27 DEBUG DefaultVFS:101 - Reader entry: FemaleHealthFormMapper.xml
2021-06-11 11:33:27 DEBUG DefaultVFS:101 - Reader entry: MaleHealthFormMapper.class
2021-06-11 11:33:27 DEBUG DefaultVFS:101 - Reader entry: MaleHealthFormMapper.xml
2021-06-11 11:33:27 DEBUG DefaultVFS:101 - Reader entry: RoleMapper.class
2021-06-11 11:33:27 DEBUG DefaultVFS:101 - Reader entry: RoleMapper.xml
2021-06-11 11:33:27 DEBUG DefaultVFS:101 - Reader entry: TaskMapper.class
2021-06-11 11:33:27 DEBUG DefaultVFS:101 - Reader entry: TaskMapper.xml
2021-06-11 11:33:27 DEBUG DefaultVFS:101 - Reader entry: UserMapper.class
2021-06-11 11:33:27 DEBUG DefaultVFS:101 - Reader entry: UserMapper.xml
2021-06-11 11:33:27 DEBUG DefaultVFS:101 - Reader entry: WorkCardMapper.class
2021-06-11 11:33:27 DEBUG DefaultVFS:101 - Reader entry: WorkCardMapper.xml
2021-06-11 11:33:27 DEBUG DefaultVFS:115 - Listing file:/F:/JavaProject/JavaMyBatis/target/classes/MyBatis/mapper
2021-06-11 11:33:27 DEBUG DefaultVFS:224 - Find JAR URL: file:/F:/JavaProject/JavaMyBatis/target/classes/MyBatis/mapper/EmployeeMapper.class
2021-06-11 11:33:27 DEBUG DefaultVFS:251 - Not a JAR: file:/F:/JavaProject/JavaMyBatis/target/classes/MyBatis/mapper/EmployeeMapper.class
2021-06-11 11:33:27 DEBUG DefaultVFS:101 - Reader entry: ����   4 
2021-06-11 11:33:27 DEBUG DefaultVFS:224 - Find JAR URL: file:/F:/JavaProject/JavaMyBatis/target/classes/MyBatis/mapper/EmployeeMapper.xml
2021-06-11 11:33:27 DEBUG DefaultVFS:251 - Not a JAR: file:/F:/JavaProject/JavaMyBatis/target/classes/MyBatis/mapper/EmployeeMapper.xml
2021-06-11 11:33:27 DEBUG DefaultVFS:101 - Reader entry: <?xml version="1.0" encoding="UTF-8" ?>
2021-06-11 11:33:27 DEBUG DefaultVFS:224 - Find JAR URL: file:/F:/JavaProject/JavaMyBatis/target/classes/MyBatis/mapper/EmployeeTaskMapper.class
2021-06-11 11:33:27 DEBUG DefaultVFS:251 - Not a JAR: file:/F:/JavaProject/JavaMyBatis/target/classes/MyBatis/mapper/EmployeeTaskMapper.class
2021-06-11 11:33:27 DEBUG DefaultVFS:101 - Reader entry: ����   4 	   getEmployeeTaskByEmpId /(Ljava/lang/Long;)LMyBatis/entity/EmployeeTask; 
2021-06-11 11:33:27 DEBUG DefaultVFS:224 - Find JAR URL: file:/F:/JavaProject/JavaMyBatis/target/classes/MyBatis/mapper/EmployeeTaskMapper.xml
2021-06-11 11:33:27 DEBUG DefaultVFS:251 - Not a JAR: file:/F:/JavaProject/JavaMyBatis/target/classes/MyBatis/mapper/EmployeeTaskMapper.xml
2021-06-11 11:33:27 DEBUG DefaultVFS:101 - Reader entry: <?xml version="1.0" encoding="UTF-8" ?>
2021-06-11 11:33:27 DEBUG DefaultVFS:224 - Find JAR URL: file:/F:/JavaProject/JavaMyBatis/target/classes/MyBatis/mapper/FemaleHealthFormMapper.class
2021-06-11 11:33:27 DEBUG DefaultVFS:251 - Not a JAR: file:/F:/JavaProject/JavaMyBatis/target/classes/MyBatis/mapper/FemaleHealthFormMapper.class
2021-06-11 11:33:27 DEBUG DefaultVFS:101 - Reader entry: ����   4 	   getFemaleHealthForm 3(Ljava/lang/Long;)LMyBatis/entity/FemaleHealthForm; 
2021-06-11 11:33:27 DEBUG DefaultVFS:224 - Find JAR URL: file:/F:/JavaProject/JavaMyBatis/target/classes/MyBatis/mapper/FemaleHealthFormMapper.xml
2021-06-11 11:33:27 DEBUG DefaultVFS:251 - Not a JAR: file:/F:/JavaProject/JavaMyBatis/target/classes/MyBatis/mapper/FemaleHealthFormMapper.xml
2021-06-11 11:33:27 DEBUG DefaultVFS:101 - Reader entry: <?xml version="1.0" encoding="UTF-8" ?>
2021-06-11 11:33:27 DEBUG DefaultVFS:224 - Find JAR URL: file:/F:/JavaProject/JavaMyBatis/target/classes/MyBatis/mapper/MaleHealthFormMapper.class
2021-06-11 11:33:27 DEBUG DefaultVFS:251 - Not a JAR: file:/F:/JavaProject/JavaMyBatis/target/classes/MyBatis/mapper/MaleHealthFormMapper.class
2021-06-11 11:33:27 DEBUG DefaultVFS:101 - Reader entry: ����   4 	   getMaleHealthForm 1(Ljava/lang/Long;)LMyBatis/entity/MaleHealthForm; 
2021-06-11 11:33:27 DEBUG DefaultVFS:224 - Find JAR URL: file:/F:/JavaProject/JavaMyBatis/target/classes/MyBatis/mapper/MaleHealthFormMapper.xml
2021-06-11 11:33:27 DEBUG DefaultVFS:251 - Not a JAR: file:/F:/JavaProject/JavaMyBatis/target/classes/MyBatis/mapper/MaleHealthFormMapper.xml
2021-06-11 11:33:27 DEBUG DefaultVFS:101 - Reader entry: <?xml version="1.0" encoding="UTF-8" ?>
2021-06-11 11:33:27 DEBUG DefaultVFS:224 - Find JAR URL: file:/F:/JavaProject/JavaMyBatis/target/classes/MyBatis/mapper/RoleMapper.class
2021-06-11 11:33:27 DEBUG DefaultVFS:251 - Not a JAR: file:/F:/JavaProject/JavaMyBatis/target/classes/MyBatis/mapper/RoleMapper.class
2021-06-11 11:33:27 DEBUG DefaultVFS:101 - Reader entry: ����   4    
2021-06-11 11:33:27 DEBUG DefaultVFS:224 - Find JAR URL: file:/F:/JavaProject/JavaMyBatis/target/classes/MyBatis/mapper/RoleMapper.xml
2021-06-11 11:33:27 DEBUG DefaultVFS:251 - Not a JAR: file:/F:/JavaProject/JavaMyBatis/target/classes/MyBatis/mapper/RoleMapper.xml
2021-06-11 11:33:27 DEBUG DefaultVFS:101 - Reader entry: <?xml version="1.0" encoding="UTF-8" ?>
2021-06-11 11:33:27 DEBUG DefaultVFS:224 - Find JAR URL: file:/F:/JavaProject/JavaMyBatis/target/classes/MyBatis/mapper/TaskMapper.class
2021-06-11 11:33:27 DEBUG DefaultVFS:251 - Not a JAR: file:/F:/JavaProject/JavaMyBatis/target/classes/MyBatis/mapper/TaskMapper.class
2021-06-11 11:33:27 DEBUG DefaultVFS:101 - Reader entry: ����   4 	   getTask '(Ljava/lang/Long;)LMyBatis/entity/Task; 
2021-06-11 11:33:27 DEBUG DefaultVFS:224 - Find JAR URL: file:/F:/JavaProject/JavaMyBatis/target/classes/MyBatis/mapper/TaskMapper.xml
2021-06-11 11:33:27 DEBUG DefaultVFS:251 - Not a JAR: file:/F:/JavaProject/JavaMyBatis/target/classes/MyBatis/mapper/TaskMapper.xml
2021-06-11 11:33:27 DEBUG DefaultVFS:101 - Reader entry: <?xml version="1.0" encoding="UTF-8" ?>
2021-06-11 11:33:27 DEBUG DefaultVFS:224 - Find JAR URL: file:/F:/JavaProject/JavaMyBatis/target/classes/MyBatis/mapper/UserMapper.class
2021-06-11 11:33:27 DEBUG DefaultVFS:251 - Not a JAR: file:/F:/JavaProject/JavaMyBatis/target/classes/MyBatis/mapper/UserMapper.class
2021-06-11 11:33:27 DEBUG DefaultVFS:101 - Reader entry: ����   4 	   getUser '(Ljava/lang/Long;)LMyBatis/entity/User; 
2021-06-11 11:33:27 DEBUG DefaultVFS:224 - Find JAR URL: file:/F:/JavaProject/JavaMyBatis/target/classes/MyBatis/mapper/UserMapper.xml
2021-06-11 11:33:27 DEBUG DefaultVFS:251 - Not a JAR: file:/F:/JavaProject/JavaMyBatis/target/classes/MyBatis/mapper/UserMapper.xml
2021-06-11 11:33:27 DEBUG DefaultVFS:101 - Reader entry: <?xml version="1.0" encoding="UTF-8" ?>
2021-06-11 11:33:27 DEBUG DefaultVFS:224 - Find JAR URL: file:/F:/JavaProject/JavaMyBatis/target/classes/MyBatis/mapper/WorkCardMapper.class
2021-06-11 11:33:27 DEBUG DefaultVFS:251 - Not a JAR: file:/F:/JavaProject/JavaMyBatis/target/classes/MyBatis/mapper/WorkCardMapper.class
2021-06-11 11:33:27 DEBUG DefaultVFS:101 - Reader entry: ����   4 	   getWorkCardByEmpId +(Ljava/lang/Long;)LMyBatis/entity/WorkCard; 
2021-06-11 11:33:27 DEBUG DefaultVFS:224 - Find JAR URL: file:/F:/JavaProject/JavaMyBatis/target/classes/MyBatis/mapper/WorkCardMapper.xml
2021-06-11 11:33:27 DEBUG DefaultVFS:251 - Not a JAR: file:/F:/JavaProject/JavaMyBatis/target/classes/MyBatis/mapper/WorkCardMapper.xml
2021-06-11 11:33:27 DEBUG DefaultVFS:101 - Reader entry: <?xml version="1.0" encoding="UTF-8" ?>
2021-06-11 11:33:27 DEBUG DefaultVFS:224 - Find JAR URL: file:/F:/JavaProject/JavaMyBatis/target/classes/MyBatis/test
2021-06-11 11:33:27 DEBUG DefaultVFS:251 - Not a JAR: file:/F:/JavaProject/JavaMyBatis/target/classes/MyBatis/test
2021-06-11 11:33:27 DEBUG DefaultVFS:101 - Reader entry: TestEmployeeMapper.class
2021-06-11 11:33:27 DEBUG DefaultVFS:101 - Reader entry: TestMyBatis.class
2021-06-11 11:33:27 DEBUG DefaultVFS:101 - Reader entry: TestRoleMapper.class
2021-06-11 11:33:27 DEBUG DefaultVFS:115 - Listing file:/F:/JavaProject/JavaMyBatis/target/classes/MyBatis/test
2021-06-11 11:33:27 DEBUG DefaultVFS:224 - Find JAR URL: file:/F:/JavaProject/JavaMyBatis/target/classes/MyBatis/test/TestEmployeeMapper.class
2021-06-11 11:33:27 DEBUG DefaultVFS:251 - Not a JAR: file:/F:/JavaProject/JavaMyBatis/target/classes/MyBatis/test/TestEmployeeMapper.class
2021-06-11 11:33:27 DEBUG DefaultVFS:101 - Reader entry: ����   4 4
2021-06-11 11:33:27 DEBUG DefaultVFS:224 - Find JAR URL: file:/F:/JavaProject/JavaMyBatis/target/classes/MyBatis/test/TestMyBatis.class
2021-06-11 11:33:27 DEBUG DefaultVFS:251 - Not a JAR: file:/F:/JavaProject/JavaMyBatis/target/classes/MyBatis/test/TestMyBatis.class
2021-06-11 11:33:27 DEBUG DefaultVFS:101 - Reader entry: ����   4 >
2021-06-11 11:33:27 DEBUG DefaultVFS:224 - Find JAR URL: file:/F:/JavaProject/JavaMyBatis/target/classes/MyBatis/test/TestRoleMapper.class
2021-06-11 11:33:27 DEBUG DefaultVFS:251 - Not a JAR: file:/F:/JavaProject/JavaMyBatis/target/classes/MyBatis/test/TestRoleMapper.class
2021-06-11 11:33:27 DEBUG DefaultVFS:101 - Reader entry: ����   4 �
2021-06-11 11:33:27 DEBUG DefaultVFS:224 - Find JAR URL: file:/F:/JavaProject/JavaMyBatis/target/classes/MyBatis/utils
2021-06-11 11:33:27 DEBUG DefaultVFS:251 - Not a JAR: file:/F:/JavaProject/JavaMyBatis/target/classes/MyBatis/utils
2021-06-11 11:33:27 DEBUG DefaultVFS:101 - Reader entry: SqlSessionFactoryUtils.class
2021-06-11 11:33:27 DEBUG DefaultVFS:115 - Listing file:/F:/JavaProject/JavaMyBatis/target/classes/MyBatis/utils
2021-06-11 11:33:27 DEBUG DefaultVFS:224 - Find JAR URL: file:/F:/JavaProject/JavaMyBatis/target/classes/MyBatis/utils/SqlSessionFactoryUtils.class
2021-06-11 11:33:27 DEBUG DefaultVFS:251 - Not a JAR: file:/F:/JavaProject/JavaMyBatis/target/classes/MyBatis/utils/SqlSessionFactoryUtils.class
2021-06-11 11:33:27 DEBUG DefaultVFS:101 - Reader entry: ����   4 I
2021-06-11 11:33:27 DEBUG ResolverUtil:287 - Checking to see if class MyBatis.entity.CountRoleParams matches criteria [is assignable to Object]
2021-06-11 11:33:27 DEBUG ResolverUtil:287 - Checking to see if class MyBatis.entity.Employee matches criteria [is assignable to Object]
2021-06-11 11:33:27 DEBUG ResolverUtil:287 - Checking to see if class MyBatis.entity.EmployeeTask matches criteria [is assignable to Object]
2021-06-11 11:33:27 DEBUG ResolverUtil:287 - Checking to see if class MyBatis.entity.FemaleEmployee matches criteria [is assignable to Object]
2021-06-11 11:33:27 DEBUG ResolverUtil:287 - Checking to see if class MyBatis.entity.FemaleHealthForm matches criteria [is assignable to Object]
2021-06-11 11:33:27 DEBUG ResolverUtil:287 - Checking to see if class MyBatis.entity.HealthForm matches criteria [is assignable to Object]
2021-06-11 11:33:27 DEBUG ResolverUtil:287 - Checking to see if class MyBatis.entity.MaleEmployee matches criteria [is assignable to Object]
2021-06-11 11:33:27 DEBUG ResolverUtil:287 - Checking to see if class MyBatis.entity.MaleHealthForm matches criteria [is assignable to Object]
2021-06-11 11:33:27 DEBUG ResolverUtil:287 - Checking to see if class MyBatis.entity.PageParams matches criteria [is assignable to Object]
2021-06-11 11:33:27 DEBUG ResolverUtil:287 - Checking to see if class MyBatis.entity.Role matches criteria [is assignable to Object]
2021-06-11 11:33:27 DEBUG ResolverUtil:287 - Checking to see if class MyBatis.entity.RoleParams matches criteria [is assignable to Object]
2021-06-11 11:33:27 DEBUG ResolverUtil:287 - Checking to see if class MyBatis.entity.Task matches criteria [is assignable to Object]
2021-06-11 11:33:27 DEBUG ResolverUtil:287 - Checking to see if class MyBatis.entity.User matches criteria [is assignable to Object]
2021-06-11 11:33:27 DEBUG ResolverUtil:287 - Checking to see if class MyBatis.entity.WorkCard matches criteria [is assignable to Object]
2021-06-11 11:33:27 DEBUG ResolverUtil:287 - Checking to see if class MyBatis.enums.SexEnum matches criteria [is assignable to Object]
2021-06-11 11:33:27 DEBUG ResolverUtil:287 - Checking to see if class MyBatis.mapper.EmployeeMapper matches criteria [is assignable to Object]
2021-06-11 11:33:27 DEBUG ResolverUtil:287 - Checking to see if class MyBatis.mapper.EmployeeTaskMapper matches criteria [is assignable to Object]
2021-06-11 11:33:27 DEBUG ResolverUtil:287 - Checking to see if class MyBatis.mapper.FemaleHealthFormMapper matches criteria [is assignable to Object]
2021-06-11 11:33:27 DEBUG ResolverUtil:287 - Checking to see if class MyBatis.mapper.MaleHealthFormMapper matches criteria [is assignable to Object]
2021-06-11 11:33:27 DEBUG ResolverUtil:287 - Checking to see if class MyBatis.mapper.RoleMapper matches criteria [is assignable to Object]
2021-06-11 11:33:27 DEBUG ResolverUtil:287 - Checking to see if class MyBatis.mapper.TaskMapper matches criteria [is assignable to Object]
2021-06-11 11:33:27 DEBUG ResolverUtil:287 - Checking to see if class MyBatis.mapper.UserMapper matches criteria [is assignable to Object]
2021-06-11 11:33:27 DEBUG ResolverUtil:287 - Checking to see if class MyBatis.mapper.WorkCardMapper matches criteria [is assignable to Object]
2021-06-11 11:33:27 DEBUG ResolverUtil:287 - Checking to see if class MyBatis.test.TestEmployeeMapper matches criteria [is assignable to Object]
2021-06-11 11:33:27 DEBUG ResolverUtil:287 - Checking to see if class MyBatis.test.TestMyBatis matches criteria [is assignable to Object]
2021-06-11 11:33:27 DEBUG ResolverUtil:287 - Checking to see if class MyBatis.test.TestRoleMapper matches criteria [is assignable to Object]
2021-06-11 11:33:27 DEBUG ResolverUtil:287 - Checking to see if class MyBatis.utils.SqlSessionFactoryUtils matches criteria [is assignable to Object]
2021-06-11 11:33:27 DEBUG PooledDataSource:363 - PooledDataSource forcefully closed/removed all connections.
2021-06-11 11:33:27 DEBUG PooledDataSource:363 - PooledDataSource forcefully closed/removed all connections.
2021-06-11 11:33:27 DEBUG PooledDataSource:363 - PooledDataSource forcefully closed/removed all connections.
2021-06-11 11:33:27 DEBUG PooledDataSource:363 - PooledDataSource forcefully closed/removed all connections.
2021-06-11 11:33:28 DEBUG PooledDataSource:434 - Created connection 1636182655.
2021-06-11 11:33:28 DEBUG PooledDataSource:391 - Returned connection 1636182655 to pool.
2021-06-11 11:33:29 DEBUG DefaultVFS:224 - Find JAR URL: file:/F:/JavaProject/JavaMyBatis/target/classes/MyBatis/mapper
2021-06-11 11:33:29 DEBUG DefaultVFS:251 - Not a JAR: file:/F:/JavaProject/JavaMyBatis/target/classes/MyBatis/mapper
2021-06-11 11:33:29 DEBUG DefaultVFS:101 - Reader entry: EmployeeMapper.class
2021-06-11 11:33:29 DEBUG DefaultVFS:101 - Reader entry: EmployeeMapper.xml
2021-06-11 11:33:29 DEBUG DefaultVFS:101 - Reader entry: EmployeeTaskMapper.class
2021-06-11 11:33:29 DEBUG DefaultVFS:101 - Reader entry: EmployeeTaskMapper.xml
2021-06-11 11:33:29 DEBUG DefaultVFS:101 - Reader entry: FemaleHealthFormMapper.class
2021-06-11 11:33:29 DEBUG DefaultVFS:101 - Reader entry: FemaleHealthFormMapper.xml
2021-06-11 11:33:29 DEBUG DefaultVFS:101 - Reader entry: MaleHealthFormMapper.class
2021-06-11 11:33:29 DEBUG DefaultVFS:101 - Reader entry: MaleHealthFormMapper.xml
2021-06-11 11:33:29 DEBUG DefaultVFS:101 - Reader entry: RoleMapper.class
2021-06-11 11:33:29 DEBUG DefaultVFS:101 - Reader entry: RoleMapper.xml
2021-06-11 11:33:29 DEBUG DefaultVFS:101 - Reader entry: TaskMapper.class
2021-06-11 11:33:29 DEBUG DefaultVFS:101 - Reader entry: TaskMapper.xml
2021-06-11 11:33:29 DEBUG DefaultVFS:101 - Reader entry: UserMapper.class
2021-06-11 11:33:29 DEBUG DefaultVFS:101 - Reader entry: UserMapper.xml
2021-06-11 11:33:29 DEBUG DefaultVFS:101 - Reader entry: WorkCardMapper.class
2021-06-11 11:33:29 DEBUG DefaultVFS:101 - Reader entry: WorkCardMapper.xml
2021-06-11 11:33:29 DEBUG DefaultVFS:115 - Listing file:/F:/JavaProject/JavaMyBatis/target/classes/MyBatis/mapper
2021-06-11 11:33:29 DEBUG DefaultVFS:224 - Find JAR URL: file:/F:/JavaProject/JavaMyBatis/target/classes/MyBatis/mapper/EmployeeMapper.class
2021-06-11 11:33:29 DEBUG DefaultVFS:251 - Not a JAR: file:/F:/JavaProject/JavaMyBatis/target/classes/MyBatis/mapper/EmployeeMapper.class
2021-06-11 11:33:29 DEBUG DefaultVFS:101 - Reader entry: ����   4 
2021-06-11 11:33:29 DEBUG DefaultVFS:224 - Find JAR URL: file:/F:/JavaProject/JavaMyBatis/target/classes/MyBatis/mapper/EmployeeMapper.xml
2021-06-11 11:33:29 DEBUG DefaultVFS:251 - Not a JAR: file:/F:/JavaProject/JavaMyBatis/target/classes/MyBatis/mapper/EmployeeMapper.xml
2021-06-11 11:33:29 DEBUG DefaultVFS:101 - Reader entry: <?xml version="1.0" encoding="UTF-8" ?>
2021-06-11 11:33:29 DEBUG DefaultVFS:224 - Find JAR URL: file:/F:/JavaProject/JavaMyBatis/target/classes/MyBatis/mapper/EmployeeTaskMapper.class
2021-06-11 11:33:29 DEBUG DefaultVFS:251 - Not a JAR: file:/F:/JavaProject/JavaMyBatis/target/classes/MyBatis/mapper/EmployeeTaskMapper.class
2021-06-11 11:33:29 DEBUG DefaultVFS:101 - Reader entry: ����   4 	   getEmployeeTaskByEmpId /(Ljava/lang/Long;)LMyBatis/entity/EmployeeTask; 
2021-06-11 11:33:29 DEBUG DefaultVFS:224 - Find JAR URL: file:/F:/JavaProject/JavaMyBatis/target/classes/MyBatis/mapper/EmployeeTaskMapper.xml
2021-06-11 11:33:29 DEBUG DefaultVFS:251 - Not a JAR: file:/F:/JavaProject/JavaMyBatis/target/classes/MyBatis/mapper/EmployeeTaskMapper.xml
2021-06-11 11:33:29 DEBUG DefaultVFS:101 - Reader entry: <?xml version="1.0" encoding="UTF-8" ?>
2021-06-11 11:33:29 DEBUG DefaultVFS:224 - Find JAR URL: file:/F:/JavaProject/JavaMyBatis/target/classes/MyBatis/mapper/FemaleHealthFormMapper.class
2021-06-11 11:33:29 DEBUG DefaultVFS:251 - Not a JAR: file:/F:/JavaProject/JavaMyBatis/target/classes/MyBatis/mapper/FemaleHealthFormMapper.class
2021-06-11 11:33:29 DEBUG DefaultVFS:101 - Reader entry: ����   4 	   getFemaleHealthForm 3(Ljava/lang/Long;)LMyBatis/entity/FemaleHealthForm; 
2021-06-11 11:33:29 DEBUG DefaultVFS:224 - Find JAR URL: file:/F:/JavaProject/JavaMyBatis/target/classes/MyBatis/mapper/FemaleHealthFormMapper.xml
2021-06-11 11:33:29 DEBUG DefaultVFS:251 - Not a JAR: file:/F:/JavaProject/JavaMyBatis/target/classes/MyBatis/mapper/FemaleHealthFormMapper.xml
2021-06-11 11:33:29 DEBUG DefaultVFS:101 - Reader entry: <?xml version="1.0" encoding="UTF-8" ?>
2021-06-11 11:33:29 DEBUG DefaultVFS:224 - Find JAR URL: file:/F:/JavaProject/JavaMyBatis/target/classes/MyBatis/mapper/MaleHealthFormMapper.class
2021-06-11 11:33:29 DEBUG DefaultVFS:251 - Not a JAR: file:/F:/JavaProject/JavaMyBatis/target/classes/MyBatis/mapper/MaleHealthFormMapper.class
2021-06-11 11:33:29 DEBUG DefaultVFS:101 - Reader entry: ����   4 	   getMaleHealthForm 1(Ljava/lang/Long;)LMyBatis/entity/MaleHealthForm; 
2021-06-11 11:33:29 DEBUG DefaultVFS:224 - Find JAR URL: file:/F:/JavaProject/JavaMyBatis/target/classes/MyBatis/mapper/MaleHealthFormMapper.xml
2021-06-11 11:33:29 DEBUG DefaultVFS:251 - Not a JAR: file:/F:/JavaProject/JavaMyBatis/target/classes/MyBatis/mapper/MaleHealthFormMapper.xml
2021-06-11 11:33:29 DEBUG DefaultVFS:101 - Reader entry: <?xml version="1.0" encoding="UTF-8" ?>
2021-06-11 11:33:29 DEBUG DefaultVFS:224 - Find JAR URL: file:/F:/JavaProject/JavaMyBatis/target/classes/MyBatis/mapper/RoleMapper.class
2021-06-11 11:33:29 DEBUG DefaultVFS:251 - Not a JAR: file:/F:/JavaProject/JavaMyBatis/target/classes/MyBatis/mapper/RoleMapper.class
2021-06-11 11:33:29 DEBUG DefaultVFS:101 - Reader entry: ����   4    
2021-06-11 11:33:29 DEBUG DefaultVFS:224 - Find JAR URL: file:/F:/JavaProject/JavaMyBatis/target/classes/MyBatis/mapper/RoleMapper.xml
2021-06-11 11:33:29 DEBUG DefaultVFS:251 - Not a JAR: file:/F:/JavaProject/JavaMyBatis/target/classes/MyBatis/mapper/RoleMapper.xml
2021-06-11 11:33:29 DEBUG DefaultVFS:101 - Reader entry: <?xml version="1.0" encoding="UTF-8" ?>
2021-06-11 11:33:29 DEBUG DefaultVFS:224 - Find JAR URL: file:/F:/JavaProject/JavaMyBatis/target/classes/MyBatis/mapper/TaskMapper.class
2021-06-11 11:33:29 DEBUG DefaultVFS:251 - Not a JAR: file:/F:/JavaProject/JavaMyBatis/target/classes/MyBatis/mapper/TaskMapper.class
2021-06-11 11:33:29 DEBUG DefaultVFS:101 - Reader entry: ����   4 	   getTask '(Ljava/lang/Long;)LMyBatis/entity/Task; 
2021-06-11 11:33:29 DEBUG DefaultVFS:224 - Find JAR URL: file:/F:/JavaProject/JavaMyBatis/target/classes/MyBatis/mapper/TaskMapper.xml
2021-06-11 11:33:29 DEBUG DefaultVFS:251 - Not a JAR: file:/F:/JavaProject/JavaMyBatis/target/classes/MyBatis/mapper/TaskMapper.xml
2021-06-11 11:33:29 DEBUG DefaultVFS:101 - Reader entry: <?xml version="1.0" encoding="UTF-8" ?>
2021-06-11 11:33:29 DEBUG DefaultVFS:224 - Find JAR URL: file:/F:/JavaProject/JavaMyBatis/target/classes/MyBatis/mapper/UserMapper.class
2021-06-11 11:33:29 DEBUG DefaultVFS:251 - Not a JAR: file:/F:/JavaProject/JavaMyBatis/target/classes/MyBatis/mapper/UserMapper.class
2021-06-11 11:33:29 DEBUG DefaultVFS:101 - Reader entry: ����   4 	   getUser '(Ljava/lang/Long;)LMyBatis/entity/User; 
2021-06-11 11:33:29 DEBUG DefaultVFS:224 - Find JAR URL: file:/F:/JavaProject/JavaMyBatis/target/classes/MyBatis/mapper/UserMapper.xml
2021-06-11 11:33:29 DEBUG DefaultVFS:251 - Not a JAR: file:/F:/JavaProject/JavaMyBatis/target/classes/MyBatis/mapper/UserMapper.xml
2021-06-11 11:33:29 DEBUG DefaultVFS:101 - Reader entry: <?xml version="1.0" encoding="UTF-8" ?>
2021-06-11 11:33:29 DEBUG DefaultVFS:224 - Find JAR URL: file:/F:/JavaProject/JavaMyBatis/target/classes/MyBatis/mapper/WorkCardMapper.class
2021-06-11 11:33:29 DEBUG DefaultVFS:251 - Not a JAR: file:/F:/JavaProject/JavaMyBatis/target/classes/MyBatis/mapper/WorkCardMapper.class
2021-06-11 11:33:29 DEBUG DefaultVFS:101 - Reader entry: ����   4 	   getWorkCardByEmpId +(Ljava/lang/Long;)LMyBatis/entity/WorkCard; 
2021-06-11 11:33:29 DEBUG DefaultVFS:224 - Find JAR URL: file:/F:/JavaProject/JavaMyBatis/target/classes/MyBatis/mapper/WorkCardMapper.xml
2021-06-11 11:33:29 DEBUG DefaultVFS:251 - Not a JAR: file:/F:/JavaProject/JavaMyBatis/target/classes/MyBatis/mapper/WorkCardMapper.xml
2021-06-11 11:33:29 DEBUG DefaultVFS:101 - Reader entry: <?xml version="1.0" encoding="UTF-8" ?>
2021-06-11 11:33:29 DEBUG ResolverUtil:287 - Checking to see if class MyBatis.mapper.EmployeeMapper matches criteria [is assignable to Object]
2021-06-11 11:33:29 DEBUG ResolverUtil:287 - Checking to see if class MyBatis.mapper.EmployeeTaskMapper matches criteria [is assignable to Object]
2021-06-11 11:33:29 DEBUG ResolverUtil:287 - Checking to see if class MyBatis.mapper.FemaleHealthFormMapper matches criteria [is assignable to Object]
2021-06-11 11:33:29 DEBUG ResolverUtil:287 - Checking to see if class MyBatis.mapper.MaleHealthFormMapper matches criteria [is assignable to Object]
2021-06-11 11:33:29 DEBUG ResolverUtil:287 - Checking to see if class MyBatis.mapper.RoleMapper matches criteria [is assignable to Object]
2021-06-11 11:33:29 DEBUG ResolverUtil:287 - Checking to see if class MyBatis.mapper.TaskMapper matches criteria [is assignable to Object]
2021-06-11 11:33:29 DEBUG ResolverUtil:287 - Checking to see if class MyBatis.mapper.UserMapper matches criteria [is assignable to Object]
2021-06-11 11:33:29 DEBUG ResolverUtil:287 - Checking to see if class MyBatis.mapper.WorkCardMapper matches criteria [is assignable to Object]
2021-06-11 11:33:29 DEBUG JdbcTransaction:137 - Opening JDBC Connection
2021-06-11 11:33:29 DEBUG PooledDataSource:426 - Checked out connection 1636182655 from pool.
2021-06-11 11:33:29 DEBUG JdbcTransaction:101 - Setting autocommit to false on JDBC Connection [com.mysql.cj.jdbc.ConnectionImpl@61862a7f]
2021-06-11 11:33:29 DEBUG findRolesByParams:137 - ==>  Preparing: select id , role_name as roleName, note from t_role where 1=1 and note like concat('%', ?, '%') limit ?, ?
2021-06-11 11:33:29 DEBUG findRolesByParams:137 - ==> Parameters: note(String), 0(Integer), 100(Integer)
2021-06-11 11:33:29 DEBUG findRolesByParams:137 - <==      Total: 14
2021-06-11 11:33:29 DEBUG JdbcTransaction:123 - Resetting autocommit to true on JDBC Connection [com.mysql.cj.jdbc.ConnectionImpl@61862a7f]
2021-06-11 11:33:29 DEBUG JdbcTransaction:91 - Closing JDBC Connection [com.mysql.cj.jdbc.ConnectionImpl@61862a7f]
2021-06-11 11:33:29 DEBUG PooledDataSource:391 - Returned connection 1636182655 to pool.
2021-06-11 11:33:44 DEBUG LogFactory:105 - Logging initialized using 'class org.apache.ibatis.logging.slf4j.Slf4jImpl' adapter.
2021-06-11 11:33:44 DEBUG VFS:116 - Class not found: org.jboss.vfs.VFS
2021-06-11 11:33:44 DEBUG JBoss6VFS:149 - JBoss 6 VFS API is not available in this environment.
2021-06-11 11:33:44 DEBUG VFS:116 - Class not found: org.jboss.vfs.VirtualFile
2021-06-11 11:33:44 DEBUG VFS:64 - VFS implementation org.apache.ibatis.io.JBoss6VFS is not valid in this environment.
2021-06-11 11:33:44 DEBUG VFS:74 - Using VFS adapter org.apache.ibatis.io.DefaultVFS
2021-06-11 11:33:44 DEBUG DefaultVFS:224 - Find JAR URL: file:/F:/JavaProject/JavaMyBatis/target/classes/MyBatis
2021-06-11 11:33:44 DEBUG DefaultVFS:251 - Not a JAR: file:/F:/JavaProject/JavaMyBatis/target/classes/MyBatis
2021-06-11 11:33:44 DEBUG DefaultVFS:101 - Reader entry: entity
2021-06-11 11:33:44 DEBUG DefaultVFS:101 - Reader entry: enums
2021-06-11 11:33:44 DEBUG DefaultVFS:101 - Reader entry: mapper
2021-06-11 11:33:44 DEBUG DefaultVFS:101 - Reader entry: test
2021-06-11 11:33:44 DEBUG DefaultVFS:101 - Reader entry: utils
2021-06-11 11:33:44 DEBUG DefaultVFS:115 - Listing file:/F:/JavaProject/JavaMyBatis/target/classes/MyBatis
2021-06-11 11:33:44 DEBUG DefaultVFS:224 - Find JAR URL: file:/F:/JavaProject/JavaMyBatis/target/classes/MyBatis/entity
2021-06-11 11:33:44 DEBUG DefaultVFS:251 - Not a JAR: file:/F:/JavaProject/JavaMyBatis/target/classes/MyBatis/entity
2021-06-11 11:33:44 DEBUG DefaultVFS:101 - Reader entry: CountRoleParams.class
2021-06-11 11:33:44 DEBUG DefaultVFS:101 - Reader entry: Employee.class
2021-06-11 11:33:44 DEBUG DefaultVFS:101 - Reader entry: EmployeeTask.class
2021-06-11 11:33:44 DEBUG DefaultVFS:101 - Reader entry: FemaleEmployee.class
2021-06-11 11:33:44 DEBUG DefaultVFS:101 - Reader entry: FemaleHealthForm.class
2021-06-11 11:33:44 DEBUG DefaultVFS:101 - Reader entry: HealthForm.class
2021-06-11 11:33:44 DEBUG DefaultVFS:101 - Reader entry: MaleEmployee.class
2021-06-11 11:33:44 DEBUG DefaultVFS:101 - Reader entry: MaleHealthForm.class
2021-06-11 11:33:44 DEBUG DefaultVFS:101 - Reader entry: PageParams.class
2021-06-11 11:33:44 DEBUG DefaultVFS:101 - Reader entry: Role.class
2021-06-11 11:33:44 DEBUG DefaultVFS:101 - Reader entry: RoleParams.class
2021-06-11 11:33:44 DEBUG DefaultVFS:101 - Reader entry: Task.class
2021-06-11 11:33:44 DEBUG DefaultVFS:101 - Reader entry: User.class
2021-06-11 11:33:44 DEBUG DefaultVFS:101 - Reader entry: WorkCard.class
2021-06-11 11:33:44 DEBUG DefaultVFS:115 - Listing file:/F:/JavaProject/JavaMyBatis/target/classes/MyBatis/entity
2021-06-11 11:33:44 DEBUG DefaultVFS:224 - Find JAR URL: file:/F:/JavaProject/JavaMyBatis/target/classes/MyBatis/entity/CountRoleParams.class
2021-06-11 11:33:44 DEBUG DefaultVFS:251 - Not a JAR: file:/F:/JavaProject/JavaMyBatis/target/classes/MyBatis/entity/CountRoleParams.class
2021-06-11 11:33:44 DEBUG DefaultVFS:101 - Reader entry: ����   4 (
2021-06-11 11:33:44 DEBUG DefaultVFS:224 - Find JAR URL: file:/F:/JavaProject/JavaMyBatis/target/classes/MyBatis/entity/Employee.class
2021-06-11 11:33:44 DEBUG DefaultVFS:251 - Not a JAR: file:/F:/JavaProject/JavaMyBatis/target/classes/MyBatis/entity/Employee.class
2021-06-11 11:33:44 DEBUG DefaultVFS:101 - Reader entry: ����   4 Y
2021-06-11 11:33:44 DEBUG DefaultVFS:224 - Find JAR URL: file:/F:/JavaProject/JavaMyBatis/target/classes/MyBatis/entity/EmployeeTask.class
2021-06-11 11:33:44 DEBUG DefaultVFS:251 - Not a JAR: file:/F:/JavaProject/JavaMyBatis/target/classes/MyBatis/entity/EmployeeTask.class
2021-06-11 11:33:44 DEBUG DefaultVFS:101 - Reader entry: ����   4 2
2021-06-11 11:33:44 DEBUG DefaultVFS:224 - Find JAR URL: file:/F:/JavaProject/JavaMyBatis/target/classes/MyBatis/entity/FemaleEmployee.class
2021-06-11 11:33:44 DEBUG DefaultVFS:251 - Not a JAR: file:/F:/JavaProject/JavaMyBatis/target/classes/MyBatis/entity/FemaleEmployee.class
2021-06-11 11:33:44 DEBUG DefaultVFS:101 - Reader entry: ����   4 
2021-06-11 11:33:44 DEBUG DefaultVFS:224 - Find JAR URL: file:/F:/JavaProject/JavaMyBatis/target/classes/MyBatis/entity/FemaleHealthForm.class
2021-06-11 11:33:44 DEBUG DefaultVFS:251 - Not a JAR: file:/F:/JavaProject/JavaMyBatis/target/classes/MyBatis/entity/FemaleHealthForm.class
2021-06-11 11:33:44 DEBUG DefaultVFS:101 - Reader entry: ����   4 
2021-06-11 11:33:44 DEBUG DefaultVFS:224 - Find JAR URL: file:/F:/JavaProject/JavaMyBatis/target/classes/MyBatis/entity/HealthForm.class
2021-06-11 11:33:44 DEBUG DefaultVFS:251 - Not a JAR: file:/F:/JavaProject/JavaMyBatis/target/classes/MyBatis/entity/HealthForm.class
2021-06-11 11:33:44 DEBUG DefaultVFS:101 - Reader entry: ����   4 >
2021-06-11 11:33:44 DEBUG DefaultVFS:224 - Find JAR URL: file:/F:/JavaProject/JavaMyBatis/target/classes/MyBatis/entity/MaleEmployee.class
2021-06-11 11:33:44 DEBUG DefaultVFS:251 - Not a JAR: file:/F:/JavaProject/JavaMyBatis/target/classes/MyBatis/entity/MaleEmployee.class
2021-06-11 11:33:44 DEBUG DefaultVFS:101 - Reader entry: ����   4 
2021-06-11 11:33:44 DEBUG DefaultVFS:224 - Find JAR URL: file:/F:/JavaProject/JavaMyBatis/target/classes/MyBatis/entity/MaleHealthForm.class
2021-06-11 11:33:44 DEBUG DefaultVFS:251 - Not a JAR: file:/F:/JavaProject/JavaMyBatis/target/classes/MyBatis/entity/MaleHealthForm.class
2021-06-11 11:33:44 DEBUG DefaultVFS:101 - Reader entry: ����   4 
2021-06-11 11:33:44 DEBUG DefaultVFS:224 - Find JAR URL: file:/F:/JavaProject/JavaMyBatis/target/classes/MyBatis/entity/PageParams.class
2021-06-11 11:33:44 DEBUG DefaultVFS:251 - Not a JAR: file:/F:/JavaProject/JavaMyBatis/target/classes/MyBatis/entity/PageParams.class
2021-06-11 11:33:44 DEBUG DefaultVFS:101 - Reader entry: ����   4 
2021-06-11 11:33:44 DEBUG DefaultVFS:224 - Find JAR URL: file:/F:/JavaProject/JavaMyBatis/target/classes/MyBatis/entity/Role.class
2021-06-11 11:33:44 DEBUG DefaultVFS:251 - Not a JAR: file:/F:/JavaProject/JavaMyBatis/target/classes/MyBatis/entity/Role.class
2021-06-11 11:33:44 DEBUG DefaultVFS:101 - Reader entry: ����   4 #
2021-06-11 11:33:44 DEBUG DefaultVFS:224 - Find JAR URL: file:/F:/JavaProject/JavaMyBatis/target/classes/MyBatis/entity/RoleParams.class
2021-06-11 11:33:44 DEBUG DefaultVFS:251 - Not a JAR: file:/F:/JavaProject/JavaMyBatis/target/classes/MyBatis/entity/RoleParams.class
2021-06-11 11:33:44 DEBUG DefaultVFS:101 - Reader entry: ����   4 
2021-06-11 11:33:44 DEBUG DefaultVFS:224 - Find JAR URL: file:/F:/JavaProject/JavaMyBatis/target/classes/MyBatis/entity/Task.class
2021-06-11 11:33:44 DEBUG DefaultVFS:251 - Not a JAR: file:/F:/JavaProject/JavaMyBatis/target/classes/MyBatis/entity/Task.class
2021-06-11 11:33:44 DEBUG DefaultVFS:101 - Reader entry: ����   4 *
2021-06-11 11:33:44 DEBUG DefaultVFS:224 - Find JAR URL: file:/F:/JavaProject/JavaMyBatis/target/classes/MyBatis/entity/User.class
2021-06-11 11:33:44 DEBUG DefaultVFS:251 - Not a JAR: file:/F:/JavaProject/JavaMyBatis/target/classes/MyBatis/entity/User.class
2021-06-11 11:33:44 DEBUG DefaultVFS:101 - Reader entry: ����   4 A
2021-06-11 11:33:44 DEBUG DefaultVFS:224 - Find JAR URL: file:/F:/JavaProject/JavaMyBatis/target/classes/MyBatis/entity/WorkCard.class
2021-06-11 11:33:44 DEBUG DefaultVFS:251 - Not a JAR: file:/F:/JavaProject/JavaMyBatis/target/classes/MyBatis/entity/WorkCard.class
2021-06-11 11:33:44 DEBUG DefaultVFS:101 - Reader entry: ����   4 9
2021-06-11 11:33:44 DEBUG DefaultVFS:224 - Find JAR URL: file:/F:/JavaProject/JavaMyBatis/target/classes/MyBatis/enums
2021-06-11 11:33:44 DEBUG DefaultVFS:251 - Not a JAR: file:/F:/JavaProject/JavaMyBatis/target/classes/MyBatis/enums
2021-06-11 11:33:44 DEBUG DefaultVFS:101 - Reader entry: SexEnum.class
2021-06-11 11:33:44 DEBUG DefaultVFS:115 - Listing file:/F:/JavaProject/JavaMyBatis/target/classes/MyBatis/enums
2021-06-11 11:33:44 DEBUG DefaultVFS:224 - Find JAR URL: file:/F:/JavaProject/JavaMyBatis/target/classes/MyBatis/enums/SexEnum.class
2021-06-11 11:33:44 DEBUG DefaultVFS:251 - Not a JAR: file:/F:/JavaProject/JavaMyBatis/target/classes/MyBatis/enums/SexEnum.class
2021-06-11 11:33:44 DEBUG DefaultVFS:101 - Reader entry: ����   4 M	  9
2021-06-11 11:33:44 DEBUG DefaultVFS:224 - Find JAR URL: file:/F:/JavaProject/JavaMyBatis/target/classes/MyBatis/mapper
2021-06-11 11:33:44 DEBUG DefaultVFS:251 - Not a JAR: file:/F:/JavaProject/JavaMyBatis/target/classes/MyBatis/mapper
2021-06-11 11:33:44 DEBUG DefaultVFS:101 - Reader entry: EmployeeMapper.class
2021-06-11 11:33:44 DEBUG DefaultVFS:101 - Reader entry: EmployeeMapper.xml
2021-06-11 11:33:44 DEBUG DefaultVFS:101 - Reader entry: EmployeeTaskMapper.class
2021-06-11 11:33:44 DEBUG DefaultVFS:101 - Reader entry: EmployeeTaskMapper.xml
2021-06-11 11:33:44 DEBUG DefaultVFS:101 - Reader entry: FemaleHealthFormMapper.class
2021-06-11 11:33:44 DEBUG DefaultVFS:101 - Reader entry: FemaleHealthFormMapper.xml
2021-06-11 11:33:44 DEBUG DefaultVFS:101 - Reader entry: MaleHealthFormMapper.class
2021-06-11 11:33:44 DEBUG DefaultVFS:101 - Reader entry: MaleHealthFormMapper.xml
2021-06-11 11:33:44 DEBUG DefaultVFS:101 - Reader entry: RoleMapper.class
2021-06-11 11:33:44 DEBUG DefaultVFS:101 - Reader entry: RoleMapper.xml
2021-06-11 11:33:44 DEBUG DefaultVFS:101 - Reader entry: TaskMapper.class
2021-06-11 11:33:44 DEBUG DefaultVFS:101 - Reader entry: TaskMapper.xml
2021-06-11 11:33:44 DEBUG DefaultVFS:101 - Reader entry: UserMapper.class
2021-06-11 11:33:44 DEBUG DefaultVFS:101 - Reader entry: UserMapper.xml
2021-06-11 11:33:44 DEBUG DefaultVFS:101 - Reader entry: WorkCardMapper.class
2021-06-11 11:33:44 DEBUG DefaultVFS:101 - Reader entry: WorkCardMapper.xml
2021-06-11 11:33:44 DEBUG DefaultVFS:115 - Listing file:/F:/JavaProject/JavaMyBatis/target/classes/MyBatis/mapper
2021-06-11 11:33:44 DEBUG DefaultVFS:224 - Find JAR URL: file:/F:/JavaProject/JavaMyBatis/target/classes/MyBatis/mapper/EmployeeMapper.class
2021-06-11 11:33:44 DEBUG DefaultVFS:251 - Not a JAR: file:/F:/JavaProject/JavaMyBatis/target/classes/MyBatis/mapper/EmployeeMapper.class
2021-06-11 11:33:44 DEBUG DefaultVFS:101 - Reader entry: ����   4 
2021-06-11 11:33:44 DEBUG DefaultVFS:224 - Find JAR URL: file:/F:/JavaProject/JavaMyBatis/target/classes/MyBatis/mapper/EmployeeMapper.xml
2021-06-11 11:33:44 DEBUG DefaultVFS:251 - Not a JAR: file:/F:/JavaProject/JavaMyBatis/target/classes/MyBatis/mapper/EmployeeMapper.xml
2021-06-11 11:33:44 DEBUG DefaultVFS:101 - Reader entry: <?xml version="1.0" encoding="UTF-8" ?>
2021-06-11 11:33:44 DEBUG DefaultVFS:224 - Find JAR URL: file:/F:/JavaProject/JavaMyBatis/target/classes/MyBatis/mapper/EmployeeTaskMapper.class
2021-06-11 11:33:44 DEBUG DefaultVFS:251 - Not a JAR: file:/F:/JavaProject/JavaMyBatis/target/classes/MyBatis/mapper/EmployeeTaskMapper.class
2021-06-11 11:33:44 DEBUG DefaultVFS:101 - Reader entry: ����   4 	   getEmployeeTaskByEmpId /(Ljava/lang/Long;)LMyBatis/entity/EmployeeTask; 
2021-06-11 11:33:44 DEBUG DefaultVFS:224 - Find JAR URL: file:/F:/JavaProject/JavaMyBatis/target/classes/MyBatis/mapper/EmployeeTaskMapper.xml
2021-06-11 11:33:44 DEBUG DefaultVFS:251 - Not a JAR: file:/F:/JavaProject/JavaMyBatis/target/classes/MyBatis/mapper/EmployeeTaskMapper.xml
2021-06-11 11:33:44 DEBUG DefaultVFS:101 - Reader entry: <?xml version="1.0" encoding="UTF-8" ?>
2021-06-11 11:33:44 DEBUG DefaultVFS:224 - Find JAR URL: file:/F:/JavaProject/JavaMyBatis/target/classes/MyBatis/mapper/FemaleHealthFormMapper.class
2021-06-11 11:33:44 DEBUG DefaultVFS:251 - Not a JAR: file:/F:/JavaProject/JavaMyBatis/target/classes/MyBatis/mapper/FemaleHealthFormMapper.class
2021-06-11 11:33:44 DEBUG DefaultVFS:101 - Reader entry: ����   4 	   getFemaleHealthForm 3(Ljava/lang/Long;)LMyBatis/entity/FemaleHealthForm; 
2021-06-11 11:33:44 DEBUG DefaultVFS:224 - Find JAR URL: file:/F:/JavaProject/JavaMyBatis/target/classes/MyBatis/mapper/FemaleHealthFormMapper.xml
2021-06-11 11:33:44 DEBUG DefaultVFS:251 - Not a JAR: file:/F:/JavaProject/JavaMyBatis/target/classes/MyBatis/mapper/FemaleHealthFormMapper.xml
2021-06-11 11:33:44 DEBUG DefaultVFS:101 - Reader entry: <?xml version="1.0" encoding="UTF-8" ?>
2021-06-11 11:33:44 DEBUG DefaultVFS:224 - Find JAR URL: file:/F:/JavaProject/JavaMyBatis/target/classes/MyBatis/mapper/MaleHealthFormMapper.class
2021-06-11 11:33:44 DEBUG DefaultVFS:251 - Not a JAR: file:/F:/JavaProject/JavaMyBatis/target/classes/MyBatis/mapper/MaleHealthFormMapper.class
2021-06-11 11:33:44 DEBUG DefaultVFS:101 - Reader entry: ����   4 	   getMaleHealthForm 1(Ljava/lang/Long;)LMyBatis/entity/MaleHealthForm; 
2021-06-11 11:33:44 DEBUG DefaultVFS:224 - Find JAR URL: file:/F:/JavaProject/JavaMyBatis/target/classes/MyBatis/mapper/MaleHealthFormMapper.xml
2021-06-11 11:33:44 DEBUG DefaultVFS:251 - Not a JAR: file:/F:/JavaProject/JavaMyBatis/target/classes/MyBatis/mapper/MaleHealthFormMapper.xml
2021-06-11 11:33:44 DEBUG DefaultVFS:101 - Reader entry: <?xml version="1.0" encoding="UTF-8" ?>
2021-06-11 11:33:44 DEBUG DefaultVFS:224 - Find JAR URL: file:/F:/JavaProject/JavaMyBatis/target/classes/MyBatis/mapper/RoleMapper.class
2021-06-11 11:33:44 DEBUG DefaultVFS:251 - Not a JAR: file:/F:/JavaProject/JavaMyBatis/target/classes/MyBatis/mapper/RoleMapper.class
2021-06-11 11:33:44 DEBUG DefaultVFS:101 - Reader entry: ����   4    
2021-06-11 11:33:44 DEBUG DefaultVFS:224 - Find JAR URL: file:/F:/JavaProject/JavaMyBatis/target/classes/MyBatis/mapper/RoleMapper.xml
2021-06-11 11:33:44 DEBUG DefaultVFS:251 - Not a JAR: file:/F:/JavaProject/JavaMyBatis/target/classes/MyBatis/mapper/RoleMapper.xml
2021-06-11 11:33:44 DEBUG DefaultVFS:101 - Reader entry: <?xml version="1.0" encoding="UTF-8" ?>
2021-06-11 11:33:44 DEBUG DefaultVFS:224 - Find JAR URL: file:/F:/JavaProject/JavaMyBatis/target/classes/MyBatis/mapper/TaskMapper.class
2021-06-11 11:33:44 DEBUG DefaultVFS:251 - Not a JAR: file:/F:/JavaProject/JavaMyBatis/target/classes/MyBatis/mapper/TaskMapper.class
2021-06-11 11:33:44 DEBUG DefaultVFS:101 - Reader entry: ����   4 	   getTask '(Ljava/lang/Long;)LMyBatis/entity/Task; 
2021-06-11 11:33:44 DEBUG DefaultVFS:224 - Find JAR URL: file:/F:/JavaProject/JavaMyBatis/target/classes/MyBatis/mapper/TaskMapper.xml
2021-06-11 11:33:44 DEBUG DefaultVFS:251 - Not a JAR: file:/F:/JavaProject/JavaMyBatis/target/classes/MyBatis/mapper/TaskMapper.xml
2021-06-11 11:33:44 DEBUG DefaultVFS:101 - Reader entry: <?xml version="1.0" encoding="UTF-8" ?>
2021-06-11 11:33:44 DEBUG DefaultVFS:224 - Find JAR URL: file:/F:/JavaProject/JavaMyBatis/target/classes/MyBatis/mapper/UserMapper.class
2021-06-11 11:33:44 DEBUG DefaultVFS:251 - Not a JAR: file:/F:/JavaProject/JavaMyBatis/target/classes/MyBatis/mapper/UserMapper.class
2021-06-11 11:33:44 DEBUG DefaultVFS:101 - Reader entry: ����   4 	   getUser '(Ljava/lang/Long;)LMyBatis/entity/User; 
2021-06-11 11:33:44 DEBUG DefaultVFS:224 - Find JAR URL: file:/F:/JavaProject/JavaMyBatis/target/classes/MyBatis/mapper/UserMapper.xml
2021-06-11 11:33:44 DEBUG DefaultVFS:251 - Not a JAR: file:/F:/JavaProject/JavaMyBatis/target/classes/MyBatis/mapper/UserMapper.xml
2021-06-11 11:33:44 DEBUG DefaultVFS:101 - Reader entry: <?xml version="1.0" encoding="UTF-8" ?>
2021-06-11 11:33:44 DEBUG DefaultVFS:224 - Find JAR URL: file:/F:/JavaProject/JavaMyBatis/target/classes/MyBatis/mapper/WorkCardMapper.class
2021-06-11 11:33:44 DEBUG DefaultVFS:251 - Not a JAR: file:/F:/JavaProject/JavaMyBatis/target/classes/MyBatis/mapper/WorkCardMapper.class
2021-06-11 11:33:44 DEBUG DefaultVFS:101 - Reader entry: ����   4 	   getWorkCardByEmpId +(Ljava/lang/Long;)LMyBatis/entity/WorkCard; 
2021-06-11 11:33:44 DEBUG DefaultVFS:224 - Find JAR URL: file:/F:/JavaProject/JavaMyBatis/target/classes/MyBatis/mapper/WorkCardMapper.xml
2021-06-11 11:33:44 DEBUG DefaultVFS:251 - Not a JAR: file:/F:/JavaProject/JavaMyBatis/target/classes/MyBatis/mapper/WorkCardMapper.xml
2021-06-11 11:33:44 DEBUG DefaultVFS:101 - Reader entry: <?xml version="1.0" encoding="UTF-8" ?>
2021-06-11 11:33:44 DEBUG DefaultVFS:224 - Find JAR URL: file:/F:/JavaProject/JavaMyBatis/target/classes/MyBatis/test
2021-06-11 11:33:44 DEBUG DefaultVFS:251 - Not a JAR: file:/F:/JavaProject/JavaMyBatis/target/classes/MyBatis/test
2021-06-11 11:33:44 DEBUG DefaultVFS:101 - Reader entry: TestEmployeeMapper.class
2021-06-11 11:33:44 DEBUG DefaultVFS:101 - Reader entry: TestMyBatis.class
2021-06-11 11:33:44 DEBUG DefaultVFS:101 - Reader entry: TestRoleMapper.class
2021-06-11 11:33:44 DEBUG DefaultVFS:115 - Listing file:/F:/JavaProject/JavaMyBatis/target/classes/MyBatis/test
2021-06-11 11:33:44 DEBUG DefaultVFS:224 - Find JAR URL: file:/F:/JavaProject/JavaMyBatis/target/classes/MyBatis/test/TestEmployeeMapper.class
2021-06-11 11:33:44 DEBUG DefaultVFS:251 - Not a JAR: file:/F:/JavaProject/JavaMyBatis/target/classes/MyBatis/test/TestEmployeeMapper.class
2021-06-11 11:33:44 DEBUG DefaultVFS:101 - Reader entry: ����   4 4
2021-06-11 11:33:44 DEBUG DefaultVFS:224 - Find JAR URL: file:/F:/JavaProject/JavaMyBatis/target/classes/MyBatis/test/TestMyBatis.class
2021-06-11 11:33:44 DEBUG DefaultVFS:251 - Not a JAR: file:/F:/JavaProject/JavaMyBatis/target/classes/MyBatis/test/TestMyBatis.class
2021-06-11 11:33:44 DEBUG DefaultVFS:101 - Reader entry: ����   4 >
2021-06-11 11:33:44 DEBUG DefaultVFS:224 - Find JAR URL: file:/F:/JavaProject/JavaMyBatis/target/classes/MyBatis/test/TestRoleMapper.class
2021-06-11 11:33:44 DEBUG DefaultVFS:251 - Not a JAR: file:/F:/JavaProject/JavaMyBatis/target/classes/MyBatis/test/TestRoleMapper.class
2021-06-11 11:33:44 DEBUG DefaultVFS:101 - Reader entry: ����   4 �
2021-06-11 11:33:44 DEBUG DefaultVFS:224 - Find JAR URL: file:/F:/JavaProject/JavaMyBatis/target/classes/MyBatis/utils
2021-06-11 11:33:44 DEBUG DefaultVFS:251 - Not a JAR: file:/F:/JavaProject/JavaMyBatis/target/classes/MyBatis/utils
2021-06-11 11:33:44 DEBUG DefaultVFS:101 - Reader entry: SqlSessionFactoryUtils.class
2021-06-11 11:33:44 DEBUG DefaultVFS:115 - Listing file:/F:/JavaProject/JavaMyBatis/target/classes/MyBatis/utils
2021-06-11 11:33:44 DEBUG DefaultVFS:224 - Find JAR URL: file:/F:/JavaProject/JavaMyBatis/target/classes/MyBatis/utils/SqlSessionFactoryUtils.class
2021-06-11 11:33:44 DEBUG DefaultVFS:251 - Not a JAR: file:/F:/JavaProject/JavaMyBatis/target/classes/MyBatis/utils/SqlSessionFactoryUtils.class
2021-06-11 11:33:44 DEBUG DefaultVFS:101 - Reader entry: ����   4 I
2021-06-11 11:33:44 DEBUG ResolverUtil:287 - Checking to see if class MyBatis.entity.CountRoleParams matches criteria [is assignable to Object]
2021-06-11 11:33:44 DEBUG ResolverUtil:287 - Checking to see if class MyBatis.entity.Employee matches criteria [is assignable to Object]
2021-06-11 11:33:44 DEBUG ResolverUtil:287 - Checking to see if class MyBatis.entity.EmployeeTask matches criteria [is assignable to Object]
2021-06-11 11:33:44 DEBUG ResolverUtil:287 - Checking to see if class MyBatis.entity.FemaleEmployee matches criteria [is assignable to Object]
2021-06-11 11:33:44 DEBUG ResolverUtil:287 - Checking to see if class MyBatis.entity.FemaleHealthForm matches criteria [is assignable to Object]
2021-06-11 11:33:44 DEBUG ResolverUtil:287 - Checking to see if class MyBatis.entity.HealthForm matches criteria [is assignable to Object]
2021-06-11 11:33:44 DEBUG ResolverUtil:287 - Checking to see if class MyBatis.entity.MaleEmployee matches criteria [is assignable to Object]
2021-06-11 11:33:44 DEBUG ResolverUtil:287 - Checking to see if class MyBatis.entity.MaleHealthForm matches criteria [is assignable to Object]
2021-06-11 11:33:44 DEBUG ResolverUtil:287 - Checking to see if class MyBatis.entity.PageParams matches criteria [is assignable to Object]
2021-06-11 11:33:44 DEBUG ResolverUtil:287 - Checking to see if class MyBatis.entity.Role matches criteria [is assignable to Object]
2021-06-11 11:33:44 DEBUG ResolverUtil:287 - Checking to see if class MyBatis.entity.RoleParams matches criteria [is assignable to Object]
2021-06-11 11:33:44 DEBUG ResolverUtil:287 - Checking to see if class MyBatis.entity.Task matches criteria [is assignable to Object]
2021-06-11 11:33:44 DEBUG ResolverUtil:287 - Checking to see if class MyBatis.entity.User matches criteria [is assignable to Object]
2021-06-11 11:33:44 DEBUG ResolverUtil:287 - Checking to see if class MyBatis.entity.WorkCard matches criteria [is assignable to Object]
2021-06-11 11:33:44 DEBUG ResolverUtil:287 - Checking to see if class MyBatis.enums.SexEnum matches criteria [is assignable to Object]
2021-06-11 11:33:44 DEBUG ResolverUtil:287 - Checking to see if class MyBatis.mapper.EmployeeMapper matches criteria [is assignable to Object]
2021-06-11 11:33:44 DEBUG ResolverUtil:287 - Checking to see if class MyBatis.mapper.EmployeeTaskMapper matches criteria [is assignable to Object]
2021-06-11 11:33:44 DEBUG ResolverUtil:287 - Checking to see if class MyBatis.mapper.FemaleHealthFormMapper matches criteria [is assignable to Object]
2021-06-11 11:33:44 DEBUG ResolverUtil:287 - Checking to see if class MyBatis.mapper.MaleHealthFormMapper matches criteria [is assignable to Object]
2021-06-11 11:33:44 DEBUG ResolverUtil:287 - Checking to see if class MyBatis.mapper.RoleMapper matches criteria [is assignable to Object]
2021-06-11 11:33:44 DEBUG ResolverUtil:287 - Checking to see if class MyBatis.mapper.TaskMapper matches criteria [is assignable to Object]
2021-06-11 11:33:44 DEBUG ResolverUtil:287 - Checking to see if class MyBatis.mapper.UserMapper matches criteria [is assignable to Object]
2021-06-11 11:33:44 DEBUG ResolverUtil:287 - Checking to see if class MyBatis.mapper.WorkCardMapper matches criteria [is assignable to Object]
2021-06-11 11:33:44 DEBUG ResolverUtil:287 - Checking to see if class MyBatis.test.TestEmployeeMapper matches criteria [is assignable to Object]
2021-06-11 11:33:44 DEBUG ResolverUtil:287 - Checking to see if class MyBatis.test.TestMyBatis matches criteria [is assignable to Object]
2021-06-11 11:33:44 DEBUG ResolverUtil:287 - Checking to see if class MyBatis.test.TestRoleMapper matches criteria [is assignable to Object]
2021-06-11 11:33:44 DEBUG ResolverUtil:287 - Checking to see if class MyBatis.utils.SqlSessionFactoryUtils matches criteria [is assignable to Object]
2021-06-11 11:33:44 DEBUG PooledDataSource:363 - PooledDataSource forcefully closed/removed all connections.
2021-06-11 11:33:44 DEBUG PooledDataSource:363 - PooledDataSource forcefully closed/removed all connections.
2021-06-11 11:33:44 DEBUG PooledDataSource:363 - PooledDataSource forcefully closed/removed all connections.
2021-06-11 11:33:44 DEBUG PooledDataSource:363 - PooledDataSource forcefully closed/removed all connections.
2021-06-11 11:33:46 DEBUG PooledDataSource:434 - Created connection 1636182655.
2021-06-11 11:33:46 DEBUG PooledDataSource:391 - Returned connection 1636182655 to pool.
2021-06-11 11:33:46 DEBUG DefaultVFS:224 - Find JAR URL: file:/F:/JavaProject/JavaMyBatis/target/classes/MyBatis/mapper
2021-06-11 11:33:46 DEBUG DefaultVFS:251 - Not a JAR: file:/F:/JavaProject/JavaMyBatis/target/classes/MyBatis/mapper
2021-06-11 11:33:46 DEBUG DefaultVFS:101 - Reader entry: EmployeeMapper.class
2021-06-11 11:33:46 DEBUG DefaultVFS:101 - Reader entry: EmployeeMapper.xml
2021-06-11 11:33:46 DEBUG DefaultVFS:101 - Reader entry: EmployeeTaskMapper.class
2021-06-11 11:33:46 DEBUG DefaultVFS:101 - Reader entry: EmployeeTaskMapper.xml
2021-06-11 11:33:46 DEBUG DefaultVFS:101 - Reader entry: FemaleHealthFormMapper.class
2021-06-11 11:33:46 DEBUG DefaultVFS:101 - Reader entry: FemaleHealthFormMapper.xml
2021-06-11 11:33:46 DEBUG DefaultVFS:101 - Reader entry: MaleHealthFormMapper.class
2021-06-11 11:33:46 DEBUG DefaultVFS:101 - Reader entry: MaleHealthFormMapper.xml
2021-06-11 11:33:46 DEBUG DefaultVFS:101 - Reader entry: RoleMapper.class
2021-06-11 11:33:46 DEBUG DefaultVFS:101 - Reader entry: RoleMapper.xml
2021-06-11 11:33:46 DEBUG DefaultVFS:101 - Reader entry: TaskMapper.class
2021-06-11 11:33:46 DEBUG DefaultVFS:101 - Reader entry: TaskMapper.xml
2021-06-11 11:33:46 DEBUG DefaultVFS:101 - Reader entry: UserMapper.class
2021-06-11 11:33:46 DEBUG DefaultVFS:101 - Reader entry: UserMapper.xml
2021-06-11 11:33:46 DEBUG DefaultVFS:101 - Reader entry: WorkCardMapper.class
2021-06-11 11:33:46 DEBUG DefaultVFS:101 - Reader entry: WorkCardMapper.xml
2021-06-11 11:33:46 DEBUG DefaultVFS:115 - Listing file:/F:/JavaProject/JavaMyBatis/target/classes/MyBatis/mapper
2021-06-11 11:33:46 DEBUG DefaultVFS:224 - Find JAR URL: file:/F:/JavaProject/JavaMyBatis/target/classes/MyBatis/mapper/EmployeeMapper.class
2021-06-11 11:33:46 DEBUG DefaultVFS:251 - Not a JAR: file:/F:/JavaProject/JavaMyBatis/target/classes/MyBatis/mapper/EmployeeMapper.class
2021-06-11 11:33:46 DEBUG DefaultVFS:101 - Reader entry: ����   4 
2021-06-11 11:33:46 DEBUG DefaultVFS:224 - Find JAR URL: file:/F:/JavaProject/JavaMyBatis/target/classes/MyBatis/mapper/EmployeeMapper.xml
2021-06-11 11:33:46 DEBUG DefaultVFS:251 - Not a JAR: file:/F:/JavaProject/JavaMyBatis/target/classes/MyBatis/mapper/EmployeeMapper.xml
2021-06-11 11:33:46 DEBUG DefaultVFS:101 - Reader entry: <?xml version="1.0" encoding="UTF-8" ?>
2021-06-11 11:33:46 DEBUG DefaultVFS:224 - Find JAR URL: file:/F:/JavaProject/JavaMyBatis/target/classes/MyBatis/mapper/EmployeeTaskMapper.class
2021-06-11 11:33:46 DEBUG DefaultVFS:251 - Not a JAR: file:/F:/JavaProject/JavaMyBatis/target/classes/MyBatis/mapper/EmployeeTaskMapper.class
2021-06-11 11:33:46 DEBUG DefaultVFS:101 - Reader entry: ����   4 	   getEmployeeTaskByEmpId /(Ljava/lang/Long;)LMyBatis/entity/EmployeeTask; 
2021-06-11 11:33:46 DEBUG DefaultVFS:224 - Find JAR URL: file:/F:/JavaProject/JavaMyBatis/target/classes/MyBatis/mapper/EmployeeTaskMapper.xml
2021-06-11 11:33:46 DEBUG DefaultVFS:251 - Not a JAR: file:/F:/JavaProject/JavaMyBatis/target/classes/MyBatis/mapper/EmployeeTaskMapper.xml
2021-06-11 11:33:46 DEBUG DefaultVFS:101 - Reader entry: <?xml version="1.0" encoding="UTF-8" ?>
2021-06-11 11:33:46 DEBUG DefaultVFS:224 - Find JAR URL: file:/F:/JavaProject/JavaMyBatis/target/classes/MyBatis/mapper/FemaleHealthFormMapper.class
2021-06-11 11:33:46 DEBUG DefaultVFS:251 - Not a JAR: file:/F:/JavaProject/JavaMyBatis/target/classes/MyBatis/mapper/FemaleHealthFormMapper.class
2021-06-11 11:33:46 DEBUG DefaultVFS:101 - Reader entry: ����   4 	   getFemaleHealthForm 3(Ljava/lang/Long;)LMyBatis/entity/FemaleHealthForm; 
2021-06-11 11:33:46 DEBUG DefaultVFS:224 - Find JAR URL: file:/F:/JavaProject/JavaMyBatis/target/classes/MyBatis/mapper/FemaleHealthFormMapper.xml
2021-06-11 11:33:46 DEBUG DefaultVFS:251 - Not a JAR: file:/F:/JavaProject/JavaMyBatis/target/classes/MyBatis/mapper/FemaleHealthFormMapper.xml
2021-06-11 11:33:46 DEBUG DefaultVFS:101 - Reader entry: <?xml version="1.0" encoding="UTF-8" ?>
2021-06-11 11:33:46 DEBUG DefaultVFS:224 - Find JAR URL: file:/F:/JavaProject/JavaMyBatis/target/classes/MyBatis/mapper/MaleHealthFormMapper.class
2021-06-11 11:33:46 DEBUG DefaultVFS:251 - Not a JAR: file:/F:/JavaProject/JavaMyBatis/target/classes/MyBatis/mapper/MaleHealthFormMapper.class
2021-06-11 11:33:46 DEBUG DefaultVFS:101 - Reader entry: ����   4 	   getMaleHealthForm 1(Ljava/lang/Long;)LMyBatis/entity/MaleHealthForm; 
2021-06-11 11:33:46 DEBUG DefaultVFS:224 - Find JAR URL: file:/F:/JavaProject/JavaMyBatis/target/classes/MyBatis/mapper/MaleHealthFormMapper.xml
2021-06-11 11:33:46 DEBUG DefaultVFS:251 - Not a JAR: file:/F:/JavaProject/JavaMyBatis/target/classes/MyBatis/mapper/MaleHealthFormMapper.xml
2021-06-11 11:33:46 DEBUG DefaultVFS:101 - Reader entry: <?xml version="1.0" encoding="UTF-8" ?>
2021-06-11 11:33:46 DEBUG DefaultVFS:224 - Find JAR URL: file:/F:/JavaProject/JavaMyBatis/target/classes/MyBatis/mapper/RoleMapper.class
2021-06-11 11:33:46 DEBUG DefaultVFS:251 - Not a JAR: file:/F:/JavaProject/JavaMyBatis/target/classes/MyBatis/mapper/RoleMapper.class
2021-06-11 11:33:46 DEBUG DefaultVFS:101 - Reader entry: ����   4    
2021-06-11 11:33:46 DEBUG DefaultVFS:224 - Find JAR URL: file:/F:/JavaProject/JavaMyBatis/target/classes/MyBatis/mapper/RoleMapper.xml
2021-06-11 11:33:46 DEBUG DefaultVFS:251 - Not a JAR: file:/F:/JavaProject/JavaMyBatis/target/classes/MyBatis/mapper/RoleMapper.xml
2021-06-11 11:33:46 DEBUG DefaultVFS:101 - Reader entry: <?xml version="1.0" encoding="UTF-8" ?>
2021-06-11 11:33:46 DEBUG DefaultVFS:224 - Find JAR URL: file:/F:/JavaProject/JavaMyBatis/target/classes/MyBatis/mapper/TaskMapper.class
2021-06-11 11:33:46 DEBUG DefaultVFS:251 - Not a JAR: file:/F:/JavaProject/JavaMyBatis/target/classes/MyBatis/mapper/TaskMapper.class
2021-06-11 11:33:46 DEBUG DefaultVFS:101 - Reader entry: ����   4 	   getTask '(Ljava/lang/Long;)LMyBatis/entity/Task; 
2021-06-11 11:33:46 DEBUG DefaultVFS:224 - Find JAR URL: file:/F:/JavaProject/JavaMyBatis/target/classes/MyBatis/mapper/TaskMapper.xml
2021-06-11 11:33:46 DEBUG DefaultVFS:251 - Not a JAR: file:/F:/JavaProject/JavaMyBatis/target/classes/MyBatis/mapper/TaskMapper.xml
2021-06-11 11:33:46 DEBUG DefaultVFS:101 - Reader entry: <?xml version="1.0" encoding="UTF-8" ?>
2021-06-11 11:33:46 DEBUG DefaultVFS:224 - Find JAR URL: file:/F:/JavaProject/JavaMyBatis/target/classes/MyBatis/mapper/UserMapper.class
2021-06-11 11:33:46 DEBUG DefaultVFS:251 - Not a JAR: file:/F:/JavaProject/JavaMyBatis/target/classes/MyBatis/mapper/UserMapper.class
2021-06-11 11:33:46 DEBUG DefaultVFS:101 - Reader entry: ����   4 	   getUser '(Ljava/lang/Long;)LMyBatis/entity/User; 
2021-06-11 11:33:46 DEBUG DefaultVFS:224 - Find JAR URL: file:/F:/JavaProject/JavaMyBatis/target/classes/MyBatis/mapper/UserMapper.xml
2021-06-11 11:33:46 DEBUG DefaultVFS:251 - Not a JAR: file:/F:/JavaProject/JavaMyBatis/target/classes/MyBatis/mapper/UserMapper.xml
2021-06-11 11:33:46 DEBUG DefaultVFS:101 - Reader entry: <?xml version="1.0" encoding="UTF-8" ?>
2021-06-11 11:33:46 DEBUG DefaultVFS:224 - Find JAR URL: file:/F:/JavaProject/JavaMyBatis/target/classes/MyBatis/mapper/WorkCardMapper.class
2021-06-11 11:33:46 DEBUG DefaultVFS:251 - Not a JAR: file:/F:/JavaProject/JavaMyBatis/target/classes/MyBatis/mapper/WorkCardMapper.class
2021-06-11 11:33:46 DEBUG DefaultVFS:101 - Reader entry: ����   4 	   getWorkCardByEmpId +(Ljava/lang/Long;)LMyBatis/entity/WorkCard; 
2021-06-11 11:33:46 DEBUG DefaultVFS:224 - Find JAR URL: file:/F:/JavaProject/JavaMyBatis/target/classes/MyBatis/mapper/WorkCardMapper.xml
2021-06-11 11:33:46 DEBUG DefaultVFS:251 - Not a JAR: file:/F:/JavaProject/JavaMyBatis/target/classes/MyBatis/mapper/WorkCardMapper.xml
2021-06-11 11:33:46 DEBUG DefaultVFS:101 - Reader entry: <?xml version="1.0" encoding="UTF-8" ?>
2021-06-11 11:33:46 DEBUG ResolverUtil:287 - Checking to see if class MyBatis.mapper.EmployeeMapper matches criteria [is assignable to Object]
2021-06-11 11:33:46 DEBUG ResolverUtil:287 - Checking to see if class MyBatis.mapper.EmployeeTaskMapper matches criteria [is assignable to Object]
2021-06-11 11:33:46 DEBUG ResolverUtil:287 - Checking to see if class MyBatis.mapper.FemaleHealthFormMapper matches criteria [is assignable to Object]
2021-06-11 11:33:46 DEBUG ResolverUtil:287 - Checking to see if class MyBatis.mapper.MaleHealthFormMapper matches criteria [is assignable to Object]
2021-06-11 11:33:46 DEBUG ResolverUtil:287 - Checking to see if class MyBatis.mapper.RoleMapper matches criteria [is assignable to Object]
2021-06-11 11:33:46 DEBUG ResolverUtil:287 - Checking to see if class MyBatis.mapper.TaskMapper matches criteria [is assignable to Object]
2021-06-11 11:33:46 DEBUG ResolverUtil:287 - Checking to see if class MyBatis.mapper.UserMapper matches criteria [is assignable to Object]
2021-06-11 11:33:46 DEBUG ResolverUtil:287 - Checking to see if class MyBatis.mapper.WorkCardMapper matches criteria [is assignable to Object]
2021-06-11 11:33:46 DEBUG JdbcTransaction:137 - Opening JDBC Connection
2021-06-11 11:33:46 DEBUG PooledDataSource:426 - Checked out connection 1636182655 from pool.
2021-06-11 11:33:46 DEBUG JdbcTransaction:101 - Setting autocommit to false on JDBC Connection [com.mysql.cj.jdbc.ConnectionImpl@61862a7f]
2021-06-11 11:33:46 DEBUG findRolesByParams:137 - ==>  Preparing: select id , role_name as roleName, note from t_role where 1=1 and role_name like concat('%', ?, '%') and note like concat('%', ?, '%') limit ?, ?
2021-06-11 11:33:46 DEBUG findRolesByParams:137 - ==> Parameters: nam(String), note(String), 0(Integer), 100(Integer)
2021-06-11 11:33:46 DEBUG findRolesByParams:137 - <==      Total: 10
2021-06-11 11:33:46 DEBUG JdbcTransaction:123 - Resetting autocommit to true on JDBC Connection [com.mysql.cj.jdbc.ConnectionImpl@61862a7f]
2021-06-11 11:33:46 DEBUG JdbcTransaction:91 - Closing JDBC Connection [com.mysql.cj.jdbc.ConnectionImpl@61862a7f]
2021-06-11 11:33:46 DEBUG PooledDataSource:391 - Returned connection 1636182655 to pool.
2021-06-11 11:47:04 DEBUG LogFactory:105 - Logging initialized using 'class org.apache.ibatis.logging.slf4j.Slf4jImpl' adapter.
2021-06-11 11:47:04 DEBUG VFS:116 - Class not found: org.jboss.vfs.VFS
2021-06-11 11:47:04 DEBUG JBoss6VFS:149 - JBoss 6 VFS API is not available in this environment.
2021-06-11 11:47:04 DEBUG VFS:116 - Class not found: org.jboss.vfs.VirtualFile
2021-06-11 11:47:04 DEBUG VFS:64 - VFS implementation org.apache.ibatis.io.JBoss6VFS is not valid in this environment.
2021-06-11 11:47:04 DEBUG VFS:74 - Using VFS adapter org.apache.ibatis.io.DefaultVFS
2021-06-11 11:47:04 DEBUG DefaultVFS:224 - Find JAR URL: file:/F:/JavaProject/JavaMyBatis/target/classes/MyBatis
2021-06-11 11:47:04 DEBUG DefaultVFS:251 - Not a JAR: file:/F:/JavaProject/JavaMyBatis/target/classes/MyBatis
2021-06-11 11:47:04 DEBUG DefaultVFS:101 - Reader entry: entity
2021-06-11 11:47:04 DEBUG DefaultVFS:101 - Reader entry: enums
2021-06-11 11:47:04 DEBUG DefaultVFS:101 - Reader entry: mapper
2021-06-11 11:47:04 DEBUG DefaultVFS:101 - Reader entry: test
2021-06-11 11:47:04 DEBUG DefaultVFS:101 - Reader entry: utils
2021-06-11 11:47:04 DEBUG DefaultVFS:115 - Listing file:/F:/JavaProject/JavaMyBatis/target/classes/MyBatis
2021-06-11 11:47:04 DEBUG DefaultVFS:224 - Find JAR URL: file:/F:/JavaProject/JavaMyBatis/target/classes/MyBatis/entity
2021-06-11 11:47:04 DEBUG DefaultVFS:251 - Not a JAR: file:/F:/JavaProject/JavaMyBatis/target/classes/MyBatis/entity
2021-06-11 11:47:04 DEBUG DefaultVFS:101 - Reader entry: CountRoleParams.class
2021-06-11 11:47:04 DEBUG DefaultVFS:101 - Reader entry: Employee.class
2021-06-11 11:47:04 DEBUG DefaultVFS:101 - Reader entry: EmployeeTask.class
2021-06-11 11:47:04 DEBUG DefaultVFS:101 - Reader entry: FemaleEmployee.class
2021-06-11 11:47:04 DEBUG DefaultVFS:101 - Reader entry: FemaleHealthForm.class
2021-06-11 11:47:04 DEBUG DefaultVFS:101 - Reader entry: HealthForm.class
2021-06-11 11:47:04 DEBUG DefaultVFS:101 - Reader entry: MaleEmployee.class
2021-06-11 11:47:04 DEBUG DefaultVFS:101 - Reader entry: MaleHealthForm.class
2021-06-11 11:47:04 DEBUG DefaultVFS:101 - Reader entry: PageParams.class
2021-06-11 11:47:04 DEBUG DefaultVFS:101 - Reader entry: Role.class
2021-06-11 11:47:04 DEBUG DefaultVFS:101 - Reader entry: RoleParams.class
2021-06-11 11:47:04 DEBUG DefaultVFS:101 - Reader entry: Task.class
2021-06-11 11:47:04 DEBUG DefaultVFS:101 - Reader entry: User.class
2021-06-11 11:47:04 DEBUG DefaultVFS:101 - Reader entry: WorkCard.class
2021-06-11 11:47:04 DEBUG DefaultVFS:115 - Listing file:/F:/JavaProject/JavaMyBatis/target/classes/MyBatis/entity
2021-06-11 11:47:04 DEBUG DefaultVFS:224 - Find JAR URL: file:/F:/JavaProject/JavaMyBatis/target/classes/MyBatis/entity/CountRoleParams.class
2021-06-11 11:47:04 DEBUG DefaultVFS:251 - Not a JAR: file:/F:/JavaProject/JavaMyBatis/target/classes/MyBatis/entity/CountRoleParams.class
2021-06-11 11:47:04 DEBUG DefaultVFS:101 - Reader entry: ����   4 (
2021-06-11 11:47:04 DEBUG DefaultVFS:224 - Find JAR URL: file:/F:/JavaProject/JavaMyBatis/target/classes/MyBatis/entity/Employee.class
2021-06-11 11:47:04 DEBUG DefaultVFS:251 - Not a JAR: file:/F:/JavaProject/JavaMyBatis/target/classes/MyBatis/entity/Employee.class
2021-06-11 11:47:04 DEBUG DefaultVFS:101 - Reader entry: ����   4 Y
2021-06-11 11:47:04 DEBUG DefaultVFS:224 - Find JAR URL: file:/F:/JavaProject/JavaMyBatis/target/classes/MyBatis/entity/EmployeeTask.class
2021-06-11 11:47:04 DEBUG DefaultVFS:251 - Not a JAR: file:/F:/JavaProject/JavaMyBatis/target/classes/MyBatis/entity/EmployeeTask.class
2021-06-11 11:47:04 DEBUG DefaultVFS:101 - Reader entry: ����   4 2
2021-06-11 11:47:04 DEBUG DefaultVFS:224 - Find JAR URL: file:/F:/JavaProject/JavaMyBatis/target/classes/MyBatis/entity/FemaleEmployee.class
2021-06-11 11:47:04 DEBUG DefaultVFS:251 - Not a JAR: file:/F:/JavaProject/JavaMyBatis/target/classes/MyBatis/entity/FemaleEmployee.class
2021-06-11 11:47:04 DEBUG DefaultVFS:101 - Reader entry: ����   4 
2021-06-11 11:47:04 DEBUG DefaultVFS:224 - Find JAR URL: file:/F:/JavaProject/JavaMyBatis/target/classes/MyBatis/entity/FemaleHealthForm.class
2021-06-11 11:47:04 DEBUG DefaultVFS:251 - Not a JAR: file:/F:/JavaProject/JavaMyBatis/target/classes/MyBatis/entity/FemaleHealthForm.class
2021-06-11 11:47:04 DEBUG DefaultVFS:101 - Reader entry: ����   4 
2021-06-11 11:47:04 DEBUG DefaultVFS:224 - Find JAR URL: file:/F:/JavaProject/JavaMyBatis/target/classes/MyBatis/entity/HealthForm.class
2021-06-11 11:47:04 DEBUG DefaultVFS:251 - Not a JAR: file:/F:/JavaProject/JavaMyBatis/target/classes/MyBatis/entity/HealthForm.class
2021-06-11 11:47:04 DEBUG DefaultVFS:101 - Reader entry: ����   4 >
2021-06-11 11:47:04 DEBUG DefaultVFS:224 - Find JAR URL: file:/F:/JavaProject/JavaMyBatis/target/classes/MyBatis/entity/MaleEmployee.class
2021-06-11 11:47:04 DEBUG DefaultVFS:251 - Not a JAR: file:/F:/JavaProject/JavaMyBatis/target/classes/MyBatis/entity/MaleEmployee.class
2021-06-11 11:47:04 DEBUG DefaultVFS:101 - Reader entry: ����   4 
2021-06-11 11:47:04 DEBUG DefaultVFS:224 - Find JAR URL: file:/F:/JavaProject/JavaMyBatis/target/classes/MyBatis/entity/MaleHealthForm.class
2021-06-11 11:47:04 DEBUG DefaultVFS:251 - Not a JAR: file:/F:/JavaProject/JavaMyBatis/target/classes/MyBatis/entity/MaleHealthForm.class
2021-06-11 11:47:04 DEBUG DefaultVFS:101 - Reader entry: ����   4 
2021-06-11 11:47:04 DEBUG DefaultVFS:224 - Find JAR URL: file:/F:/JavaProject/JavaMyBatis/target/classes/MyBatis/entity/PageParams.class
2021-06-11 11:47:04 DEBUG DefaultVFS:251 - Not a JAR: file:/F:/JavaProject/JavaMyBatis/target/classes/MyBatis/entity/PageParams.class
2021-06-11 11:47:04 DEBUG DefaultVFS:101 - Reader entry: ����   4 
2021-06-11 11:47:04 DEBUG DefaultVFS:224 - Find JAR URL: file:/F:/JavaProject/JavaMyBatis/target/classes/MyBatis/entity/Role.class
2021-06-11 11:47:04 DEBUG DefaultVFS:251 - Not a JAR: file:/F:/JavaProject/JavaMyBatis/target/classes/MyBatis/entity/Role.class
2021-06-11 11:47:04 DEBUG DefaultVFS:101 - Reader entry: ����   4 #
2021-06-11 11:47:04 DEBUG DefaultVFS:224 - Find JAR URL: file:/F:/JavaProject/JavaMyBatis/target/classes/MyBatis/entity/RoleParams.class
2021-06-11 11:47:04 DEBUG DefaultVFS:251 - Not a JAR: file:/F:/JavaProject/JavaMyBatis/target/classes/MyBatis/entity/RoleParams.class
2021-06-11 11:47:04 DEBUG DefaultVFS:101 - Reader entry: ����   4 
2021-06-11 11:47:04 DEBUG DefaultVFS:224 - Find JAR URL: file:/F:/JavaProject/JavaMyBatis/target/classes/MyBatis/entity/Task.class
2021-06-11 11:47:04 DEBUG DefaultVFS:251 - Not a JAR: file:/F:/JavaProject/JavaMyBatis/target/classes/MyBatis/entity/Task.class
2021-06-11 11:47:04 DEBUG DefaultVFS:101 - Reader entry: ����   4 *
2021-06-11 11:47:04 DEBUG DefaultVFS:224 - Find JAR URL: file:/F:/JavaProject/JavaMyBatis/target/classes/MyBatis/entity/User.class
2021-06-11 11:47:04 DEBUG DefaultVFS:251 - Not a JAR: file:/F:/JavaProject/JavaMyBatis/target/classes/MyBatis/entity/User.class
2021-06-11 11:47:04 DEBUG DefaultVFS:101 - Reader entry: ����   4 A
2021-06-11 11:47:04 DEBUG DefaultVFS:224 - Find JAR URL: file:/F:/JavaProject/JavaMyBatis/target/classes/MyBatis/entity/WorkCard.class
2021-06-11 11:47:04 DEBUG DefaultVFS:251 - Not a JAR: file:/F:/JavaProject/JavaMyBatis/target/classes/MyBatis/entity/WorkCard.class
2021-06-11 11:47:04 DEBUG DefaultVFS:101 - Reader entry: ����   4 9
2021-06-11 11:47:04 DEBUG DefaultVFS:224 - Find JAR URL: file:/F:/JavaProject/JavaMyBatis/target/classes/MyBatis/enums
2021-06-11 11:47:04 DEBUG DefaultVFS:251 - Not a JAR: file:/F:/JavaProject/JavaMyBatis/target/classes/MyBatis/enums
2021-06-11 11:47:04 DEBUG DefaultVFS:101 - Reader entry: SexEnum.class
2021-06-11 11:47:04 DEBUG DefaultVFS:115 - Listing file:/F:/JavaProject/JavaMyBatis/target/classes/MyBatis/enums
2021-06-11 11:47:04 DEBUG DefaultVFS:224 - Find JAR URL: file:/F:/JavaProject/JavaMyBatis/target/classes/MyBatis/enums/SexEnum.class
2021-06-11 11:47:04 DEBUG DefaultVFS:251 - Not a JAR: file:/F:/JavaProject/JavaMyBatis/target/classes/MyBatis/enums/SexEnum.class
2021-06-11 11:47:04 DEBUG DefaultVFS:101 - Reader entry: ����   4 M	  9
2021-06-11 11:47:04 DEBUG DefaultVFS:224 - Find JAR URL: file:/F:/JavaProject/JavaMyBatis/target/classes/MyBatis/mapper
2021-06-11 11:47:04 DEBUG DefaultVFS:251 - Not a JAR: file:/F:/JavaProject/JavaMyBatis/target/classes/MyBatis/mapper
2021-06-11 11:47:04 DEBUG DefaultVFS:101 - Reader entry: EmployeeMapper.class
2021-06-11 11:47:04 DEBUG DefaultVFS:101 - Reader entry: EmployeeMapper.xml
2021-06-11 11:47:04 DEBUG DefaultVFS:101 - Reader entry: EmployeeTaskMapper.class
2021-06-11 11:47:04 DEBUG DefaultVFS:101 - Reader entry: EmployeeTaskMapper.xml
2021-06-11 11:47:04 DEBUG DefaultVFS:101 - Reader entry: FemaleHealthFormMapper.class
2021-06-11 11:47:04 DEBUG DefaultVFS:101 - Reader entry: FemaleHealthFormMapper.xml
2021-06-11 11:47:04 DEBUG DefaultVFS:101 - Reader entry: MaleHealthFormMapper.class
2021-06-11 11:47:04 DEBUG DefaultVFS:101 - Reader entry: MaleHealthFormMapper.xml
2021-06-11 11:47:04 DEBUG DefaultVFS:101 - Reader entry: RoleMapper.class
2021-06-11 11:47:04 DEBUG DefaultVFS:101 - Reader entry: RoleMapper.xml
2021-06-11 11:47:04 DEBUG DefaultVFS:101 - Reader entry: TaskMapper.class
2021-06-11 11:47:04 DEBUG DefaultVFS:101 - Reader entry: TaskMapper.xml
2021-06-11 11:47:04 DEBUG DefaultVFS:101 - Reader entry: UserMapper.class
2021-06-11 11:47:04 DEBUG DefaultVFS:101 - Reader entry: UserMapper.xml
2021-06-11 11:47:04 DEBUG DefaultVFS:101 - Reader entry: WorkCardMapper.class
2021-06-11 11:47:04 DEBUG DefaultVFS:101 - Reader entry: WorkCardMapper.xml
2021-06-11 11:47:04 DEBUG DefaultVFS:115 - Listing file:/F:/JavaProject/JavaMyBatis/target/classes/MyBatis/mapper
2021-06-11 11:47:04 DEBUG DefaultVFS:224 - Find JAR URL: file:/F:/JavaProject/JavaMyBatis/target/classes/MyBatis/mapper/EmployeeMapper.class
2021-06-11 11:47:04 DEBUG DefaultVFS:251 - Not a JAR: file:/F:/JavaProject/JavaMyBatis/target/classes/MyBatis/mapper/EmployeeMapper.class
2021-06-11 11:47:04 DEBUG DefaultVFS:101 - Reader entry: ����   4 
2021-06-11 11:47:04 DEBUG DefaultVFS:224 - Find JAR URL: file:/F:/JavaProject/JavaMyBatis/target/classes/MyBatis/mapper/EmployeeMapper.xml
2021-06-11 11:47:04 DEBUG DefaultVFS:251 - Not a JAR: file:/F:/JavaProject/JavaMyBatis/target/classes/MyBatis/mapper/EmployeeMapper.xml
2021-06-11 11:47:04 DEBUG DefaultVFS:101 - Reader entry: <?xml version="1.0" encoding="UTF-8" ?>
2021-06-11 11:47:04 DEBUG DefaultVFS:224 - Find JAR URL: file:/F:/JavaProject/JavaMyBatis/target/classes/MyBatis/mapper/EmployeeTaskMapper.class
2021-06-11 11:47:04 DEBUG DefaultVFS:251 - Not a JAR: file:/F:/JavaProject/JavaMyBatis/target/classes/MyBatis/mapper/EmployeeTaskMapper.class
2021-06-11 11:47:04 DEBUG DefaultVFS:101 - Reader entry: ����   4 	   getEmployeeTaskByEmpId /(Ljava/lang/Long;)LMyBatis/entity/EmployeeTask; 
2021-06-11 11:47:04 DEBUG DefaultVFS:224 - Find JAR URL: file:/F:/JavaProject/JavaMyBatis/target/classes/MyBatis/mapper/EmployeeTaskMapper.xml
2021-06-11 11:47:04 DEBUG DefaultVFS:251 - Not a JAR: file:/F:/JavaProject/JavaMyBatis/target/classes/MyBatis/mapper/EmployeeTaskMapper.xml
2021-06-11 11:47:04 DEBUG DefaultVFS:101 - Reader entry: <?xml version="1.0" encoding="UTF-8" ?>
2021-06-11 11:47:04 DEBUG DefaultVFS:224 - Find JAR URL: file:/F:/JavaProject/JavaMyBatis/target/classes/MyBatis/mapper/FemaleHealthFormMapper.class
2021-06-11 11:47:04 DEBUG DefaultVFS:251 - Not a JAR: file:/F:/JavaProject/JavaMyBatis/target/classes/MyBatis/mapper/FemaleHealthFormMapper.class
2021-06-11 11:47:04 DEBUG DefaultVFS:101 - Reader entry: ����   4 	   getFemaleHealthForm 3(Ljava/lang/Long;)LMyBatis/entity/FemaleHealthForm; 
2021-06-11 11:47:04 DEBUG DefaultVFS:224 - Find JAR URL: file:/F:/JavaProject/JavaMyBatis/target/classes/MyBatis/mapper/FemaleHealthFormMapper.xml
2021-06-11 11:47:04 DEBUG DefaultVFS:251 - Not a JAR: file:/F:/JavaProject/JavaMyBatis/target/classes/MyBatis/mapper/FemaleHealthFormMapper.xml
2021-06-11 11:47:04 DEBUG DefaultVFS:101 - Reader entry: <?xml version="1.0" encoding="UTF-8" ?>
2021-06-11 11:47:04 DEBUG DefaultVFS:224 - Find JAR URL: file:/F:/JavaProject/JavaMyBatis/target/classes/MyBatis/mapper/MaleHealthFormMapper.class
2021-06-11 11:47:04 DEBUG DefaultVFS:251 - Not a JAR: file:/F:/JavaProject/JavaMyBatis/target/classes/MyBatis/mapper/MaleHealthFormMapper.class
2021-06-11 11:47:04 DEBUG DefaultVFS:101 - Reader entry: ����   4 	   getMaleHealthForm 1(Ljava/lang/Long;)LMyBatis/entity/MaleHealthForm; 
2021-06-11 11:47:04 DEBUG DefaultVFS:224 - Find JAR URL: file:/F:/JavaProject/JavaMyBatis/target/classes/MyBatis/mapper/MaleHealthFormMapper.xml
2021-06-11 11:47:04 DEBUG DefaultVFS:251 - Not a JAR: file:/F:/JavaProject/JavaMyBatis/target/classes/MyBatis/mapper/MaleHealthFormMapper.xml
2021-06-11 11:47:04 DEBUG DefaultVFS:101 - Reader entry: <?xml version="1.0" encoding="UTF-8" ?>
2021-06-11 11:47:04 DEBUG DefaultVFS:224 - Find JAR URL: file:/F:/JavaProject/JavaMyBatis/target/classes/MyBatis/mapper/RoleMapper.class
2021-06-11 11:47:04 DEBUG DefaultVFS:251 - Not a JAR: file:/F:/JavaProject/JavaMyBatis/target/classes/MyBatis/mapper/RoleMapper.class
2021-06-11 11:47:04 DEBUG DefaultVFS:101 - Reader entry: ����   4    
2021-06-11 11:47:04 DEBUG DefaultVFS:224 - Find JAR URL: file:/F:/JavaProject/JavaMyBatis/target/classes/MyBatis/mapper/RoleMapper.xml
2021-06-11 11:47:04 DEBUG DefaultVFS:251 - Not a JAR: file:/F:/JavaProject/JavaMyBatis/target/classes/MyBatis/mapper/RoleMapper.xml
2021-06-11 11:47:04 DEBUG DefaultVFS:101 - Reader entry: <?xml version="1.0" encoding="UTF-8" ?>
2021-06-11 11:47:04 DEBUG DefaultVFS:224 - Find JAR URL: file:/F:/JavaProject/JavaMyBatis/target/classes/MyBatis/mapper/TaskMapper.class
2021-06-11 11:47:04 DEBUG DefaultVFS:251 - Not a JAR: file:/F:/JavaProject/JavaMyBatis/target/classes/MyBatis/mapper/TaskMapper.class
2021-06-11 11:47:04 DEBUG DefaultVFS:101 - Reader entry: ����   4 	   getTask '(Ljava/lang/Long;)LMyBatis/entity/Task; 
2021-06-11 11:47:04 DEBUG DefaultVFS:224 - Find JAR URL: file:/F:/JavaProject/JavaMyBatis/target/classes/MyBatis/mapper/TaskMapper.xml
2021-06-11 11:47:04 DEBUG DefaultVFS:251 - Not a JAR: file:/F:/JavaProject/JavaMyBatis/target/classes/MyBatis/mapper/TaskMapper.xml
2021-06-11 11:47:04 DEBUG DefaultVFS:101 - Reader entry: <?xml version="1.0" encoding="UTF-8" ?>
2021-06-11 11:47:04 DEBUG DefaultVFS:224 - Find JAR URL: file:/F:/JavaProject/JavaMyBatis/target/classes/MyBatis/mapper/UserMapper.class
2021-06-11 11:47:04 DEBUG DefaultVFS:251 - Not a JAR: file:/F:/JavaProject/JavaMyBatis/target/classes/MyBatis/mapper/UserMapper.class
2021-06-11 11:47:04 DEBUG DefaultVFS:101 - Reader entry: ����   4 	   getUser '(Ljava/lang/Long;)LMyBatis/entity/User; 
2021-06-11 11:47:04 DEBUG DefaultVFS:224 - Find JAR URL: file:/F:/JavaProject/JavaMyBatis/target/classes/MyBatis/mapper/UserMapper.xml
2021-06-11 11:47:04 DEBUG DefaultVFS:251 - Not a JAR: file:/F:/JavaProject/JavaMyBatis/target/classes/MyBatis/mapper/UserMapper.xml
2021-06-11 11:47:04 DEBUG DefaultVFS:101 - Reader entry: <?xml version="1.0" encoding="UTF-8" ?>
2021-06-11 11:47:04 DEBUG DefaultVFS:224 - Find JAR URL: file:/F:/JavaProject/JavaMyBatis/target/classes/MyBatis/mapper/WorkCardMapper.class
2021-06-11 11:47:04 DEBUG DefaultVFS:251 - Not a JAR: file:/F:/JavaProject/JavaMyBatis/target/classes/MyBatis/mapper/WorkCardMapper.class
2021-06-11 11:47:04 DEBUG DefaultVFS:101 - Reader entry: ����   4 	   getWorkCardByEmpId +(Ljava/lang/Long;)LMyBatis/entity/WorkCard; 
2021-06-11 11:47:04 DEBUG DefaultVFS:224 - Find JAR URL: file:/F:/JavaProject/JavaMyBatis/target/classes/MyBatis/mapper/WorkCardMapper.xml
2021-06-11 11:47:04 DEBUG DefaultVFS:251 - Not a JAR: file:/F:/JavaProject/JavaMyBatis/target/classes/MyBatis/mapper/WorkCardMapper.xml
2021-06-11 11:47:04 DEBUG DefaultVFS:101 - Reader entry: <?xml version="1.0" encoding="UTF-8" ?>
2021-06-11 11:47:04 DEBUG DefaultVFS:224 - Find JAR URL: file:/F:/JavaProject/JavaMyBatis/target/classes/MyBatis/test
2021-06-11 11:47:04 DEBUG DefaultVFS:251 - Not a JAR: file:/F:/JavaProject/JavaMyBatis/target/classes/MyBatis/test
2021-06-11 11:47:04 DEBUG DefaultVFS:101 - Reader entry: TestEmployeeMapper.class
2021-06-11 11:47:04 DEBUG DefaultVFS:101 - Reader entry: TestMyBatis.class
2021-06-11 11:47:04 DEBUG DefaultVFS:101 - Reader entry: TestRoleMapper.class
2021-06-11 11:47:04 DEBUG DefaultVFS:115 - Listing file:/F:/JavaProject/JavaMyBatis/target/classes/MyBatis/test
2021-06-11 11:47:04 DEBUG DefaultVFS:224 - Find JAR URL: file:/F:/JavaProject/JavaMyBatis/target/classes/MyBatis/test/TestEmployeeMapper.class
2021-06-11 11:47:04 DEBUG DefaultVFS:251 - Not a JAR: file:/F:/JavaProject/JavaMyBatis/target/classes/MyBatis/test/TestEmployeeMapper.class
2021-06-11 11:47:04 DEBUG DefaultVFS:101 - Reader entry: ����   4 4
2021-06-11 11:47:04 DEBUG DefaultVFS:224 - Find JAR URL: file:/F:/JavaProject/JavaMyBatis/target/classes/MyBatis/test/TestMyBatis.class
2021-06-11 11:47:04 DEBUG DefaultVFS:251 - Not a JAR: file:/F:/JavaProject/JavaMyBatis/target/classes/MyBatis/test/TestMyBatis.class
2021-06-11 11:47:04 DEBUG DefaultVFS:101 - Reader entry: ����   4 >
2021-06-11 11:47:04 DEBUG DefaultVFS:224 - Find JAR URL: file:/F:/JavaProject/JavaMyBatis/target/classes/MyBatis/test/TestRoleMapper.class
2021-06-11 11:47:04 DEBUG DefaultVFS:251 - Not a JAR: file:/F:/JavaProject/JavaMyBatis/target/classes/MyBatis/test/TestRoleMapper.class
2021-06-11 11:47:04 DEBUG DefaultVFS:101 - Reader entry: ����   4 �
2021-06-11 11:47:04 DEBUG DefaultVFS:224 - Find JAR URL: file:/F:/JavaProject/JavaMyBatis/target/classes/MyBatis/utils
2021-06-11 11:47:04 DEBUG DefaultVFS:251 - Not a JAR: file:/F:/JavaProject/JavaMyBatis/target/classes/MyBatis/utils
2021-06-11 11:47:04 DEBUG DefaultVFS:101 - Reader entry: SqlSessionFactoryUtils.class
2021-06-11 11:47:04 DEBUG DefaultVFS:115 - Listing file:/F:/JavaProject/JavaMyBatis/target/classes/MyBatis/utils
2021-06-11 11:47:04 DEBUG DefaultVFS:224 - Find JAR URL: file:/F:/JavaProject/JavaMyBatis/target/classes/MyBatis/utils/SqlSessionFactoryUtils.class
2021-06-11 11:47:04 DEBUG DefaultVFS:251 - Not a JAR: file:/F:/JavaProject/JavaMyBatis/target/classes/MyBatis/utils/SqlSessionFactoryUtils.class
2021-06-11 11:47:04 DEBUG DefaultVFS:101 - Reader entry: ����   4 I
2021-06-11 11:47:04 DEBUG ResolverUtil:287 - Checking to see if class MyBatis.entity.CountRoleParams matches criteria [is assignable to Object]
2021-06-11 11:47:04 DEBUG ResolverUtil:287 - Checking to see if class MyBatis.entity.Employee matches criteria [is assignable to Object]
2021-06-11 11:47:04 DEBUG ResolverUtil:287 - Checking to see if class MyBatis.entity.EmployeeTask matches criteria [is assignable to Object]
2021-06-11 11:47:04 DEBUG ResolverUtil:287 - Checking to see if class MyBatis.entity.FemaleEmployee matches criteria [is assignable to Object]
2021-06-11 11:47:04 DEBUG ResolverUtil:287 - Checking to see if class MyBatis.entity.FemaleHealthForm matches criteria [is assignable to Object]
2021-06-11 11:47:04 DEBUG ResolverUtil:287 - Checking to see if class MyBatis.entity.HealthForm matches criteria [is assignable to Object]
2021-06-11 11:47:04 DEBUG ResolverUtil:287 - Checking to see if class MyBatis.entity.MaleEmployee matches criteria [is assignable to Object]
2021-06-11 11:47:04 DEBUG ResolverUtil:287 - Checking to see if class MyBatis.entity.MaleHealthForm matches criteria [is assignable to Object]
2021-06-11 11:47:04 DEBUG ResolverUtil:287 - Checking to see if class MyBatis.entity.PageParams matches criteria [is assignable to Object]
2021-06-11 11:47:04 DEBUG ResolverUtil:287 - Checking to see if class MyBatis.entity.Role matches criteria [is assignable to Object]
2021-06-11 11:47:04 DEBUG ResolverUtil:287 - Checking to see if class MyBatis.entity.RoleParams matches criteria [is assignable to Object]
2021-06-11 11:47:04 DEBUG ResolverUtil:287 - Checking to see if class MyBatis.entity.Task matches criteria [is assignable to Object]
2021-06-11 11:47:04 DEBUG ResolverUtil:287 - Checking to see if class MyBatis.entity.User matches criteria [is assignable to Object]
2021-06-11 11:47:04 DEBUG ResolverUtil:287 - Checking to see if class MyBatis.entity.WorkCard matches criteria [is assignable to Object]
2021-06-11 11:47:04 DEBUG ResolverUtil:287 - Checking to see if class MyBatis.enums.SexEnum matches criteria [is assignable to Object]
2021-06-11 11:47:04 DEBUG ResolverUtil:287 - Checking to see if class MyBatis.mapper.EmployeeMapper matches criteria [is assignable to Object]
2021-06-11 11:47:04 DEBUG ResolverUtil:287 - Checking to see if class MyBatis.mapper.EmployeeTaskMapper matches criteria [is assignable to Object]
2021-06-11 11:47:04 DEBUG ResolverUtil:287 - Checking to see if class MyBatis.mapper.FemaleHealthFormMapper matches criteria [is assignable to Object]
2021-06-11 11:47:04 DEBUG ResolverUtil:287 - Checking to see if class MyBatis.mapper.MaleHealthFormMapper matches criteria [is assignable to Object]
2021-06-11 11:47:04 DEBUG ResolverUtil:287 - Checking to see if class MyBatis.mapper.RoleMapper matches criteria [is assignable to Object]
2021-06-11 11:47:04 DEBUG ResolverUtil:287 - Checking to see if class MyBatis.mapper.TaskMapper matches criteria [is assignable to Object]
2021-06-11 11:47:04 DEBUG ResolverUtil:287 - Checking to see if class MyBatis.mapper.UserMapper matches criteria [is assignable to Object]
2021-06-11 11:47:04 DEBUG ResolverUtil:287 - Checking to see if class MyBatis.mapper.WorkCardMapper matches criteria [is assignable to Object]
2021-06-11 11:47:04 DEBUG ResolverUtil:287 - Checking to see if class MyBatis.test.TestEmployeeMapper matches criteria [is assignable to Object]
2021-06-11 11:47:04 DEBUG ResolverUtil:287 - Checking to see if class MyBatis.test.TestMyBatis matches criteria [is assignable to Object]
2021-06-11 11:47:04 DEBUG ResolverUtil:287 - Checking to see if class MyBatis.test.TestRoleMapper matches criteria [is assignable to Object]
2021-06-11 11:47:04 DEBUG ResolverUtil:287 - Checking to see if class MyBatis.utils.SqlSessionFactoryUtils matches criteria [is assignable to Object]
2021-06-11 11:47:04 DEBUG PooledDataSource:363 - PooledDataSource forcefully closed/removed all connections.
2021-06-11 11:47:04 DEBUG PooledDataSource:363 - PooledDataSource forcefully closed/removed all connections.
2021-06-11 11:47:04 DEBUG PooledDataSource:363 - PooledDataSource forcefully closed/removed all connections.
2021-06-11 11:47:04 DEBUG PooledDataSource:363 - PooledDataSource forcefully closed/removed all connections.
2021-06-11 11:47:06 DEBUG PooledDataSource:434 - Created connection 1636182655.
2021-06-11 11:47:06 DEBUG PooledDataSource:391 - Returned connection 1636182655 to pool.
2021-06-11 11:47:06 DEBUG DefaultVFS:224 - Find JAR URL: file:/F:/JavaProject/JavaMyBatis/target/classes/MyBatis/mapper
2021-06-11 11:47:06 DEBUG DefaultVFS:251 - Not a JAR: file:/F:/JavaProject/JavaMyBatis/target/classes/MyBatis/mapper
2021-06-11 11:47:06 DEBUG DefaultVFS:101 - Reader entry: EmployeeMapper.class
2021-06-11 11:47:06 DEBUG DefaultVFS:101 - Reader entry: EmployeeMapper.xml
2021-06-11 11:47:06 DEBUG DefaultVFS:101 - Reader entry: EmployeeTaskMapper.class
2021-06-11 11:47:06 DEBUG DefaultVFS:101 - Reader entry: EmployeeTaskMapper.xml
2021-06-11 11:47:06 DEBUG DefaultVFS:101 - Reader entry: FemaleHealthFormMapper.class
2021-06-11 11:47:06 DEBUG DefaultVFS:101 - Reader entry: FemaleHealthFormMapper.xml
2021-06-11 11:47:06 DEBUG DefaultVFS:101 - Reader entry: MaleHealthFormMapper.class
2021-06-11 11:47:06 DEBUG DefaultVFS:101 - Reader entry: MaleHealthFormMapper.xml
2021-06-11 11:47:06 DEBUG DefaultVFS:101 - Reader entry: RoleMapper.class
2021-06-11 11:47:06 DEBUG DefaultVFS:101 - Reader entry: RoleMapper.xml
2021-06-11 11:47:06 DEBUG DefaultVFS:101 - Reader entry: TaskMapper.class
2021-06-11 11:47:06 DEBUG DefaultVFS:101 - Reader entry: TaskMapper.xml
2021-06-11 11:47:06 DEBUG DefaultVFS:101 - Reader entry: UserMapper.class
2021-06-11 11:47:06 DEBUG DefaultVFS:101 - Reader entry: UserMapper.xml
2021-06-11 11:47:06 DEBUG DefaultVFS:101 - Reader entry: WorkCardMapper.class
2021-06-11 11:47:06 DEBUG DefaultVFS:101 - Reader entry: WorkCardMapper.xml
2021-06-11 11:47:06 DEBUG DefaultVFS:115 - Listing file:/F:/JavaProject/JavaMyBatis/target/classes/MyBatis/mapper
2021-06-11 11:47:06 DEBUG DefaultVFS:224 - Find JAR URL: file:/F:/JavaProject/JavaMyBatis/target/classes/MyBatis/mapper/EmployeeMapper.class
2021-06-11 11:47:06 DEBUG DefaultVFS:251 - Not a JAR: file:/F:/JavaProject/JavaMyBatis/target/classes/MyBatis/mapper/EmployeeMapper.class
2021-06-11 11:47:06 DEBUG DefaultVFS:101 - Reader entry: ����   4 
2021-06-11 11:47:06 DEBUG DefaultVFS:224 - Find JAR URL: file:/F:/JavaProject/JavaMyBatis/target/classes/MyBatis/mapper/EmployeeMapper.xml
2021-06-11 11:47:06 DEBUG DefaultVFS:251 - Not a JAR: file:/F:/JavaProject/JavaMyBatis/target/classes/MyBatis/mapper/EmployeeMapper.xml
2021-06-11 11:47:06 DEBUG DefaultVFS:101 - Reader entry: <?xml version="1.0" encoding="UTF-8" ?>
2021-06-11 11:47:06 DEBUG DefaultVFS:224 - Find JAR URL: file:/F:/JavaProject/JavaMyBatis/target/classes/MyBatis/mapper/EmployeeTaskMapper.class
2021-06-11 11:47:06 DEBUG DefaultVFS:251 - Not a JAR: file:/F:/JavaProject/JavaMyBatis/target/classes/MyBatis/mapper/EmployeeTaskMapper.class
2021-06-11 11:47:06 DEBUG DefaultVFS:101 - Reader entry: ����   4 	   getEmployeeTaskByEmpId /(Ljava/lang/Long;)LMyBatis/entity/EmployeeTask; 
2021-06-11 11:47:06 DEBUG DefaultVFS:224 - Find JAR URL: file:/F:/JavaProject/JavaMyBatis/target/classes/MyBatis/mapper/EmployeeTaskMapper.xml
2021-06-11 11:47:06 DEBUG DefaultVFS:251 - Not a JAR: file:/F:/JavaProject/JavaMyBatis/target/classes/MyBatis/mapper/EmployeeTaskMapper.xml
2021-06-11 11:47:06 DEBUG DefaultVFS:101 - Reader entry: <?xml version="1.0" encoding="UTF-8" ?>
2021-06-11 11:47:06 DEBUG DefaultVFS:224 - Find JAR URL: file:/F:/JavaProject/JavaMyBatis/target/classes/MyBatis/mapper/FemaleHealthFormMapper.class
2021-06-11 11:47:06 DEBUG DefaultVFS:251 - Not a JAR: file:/F:/JavaProject/JavaMyBatis/target/classes/MyBatis/mapper/FemaleHealthFormMapper.class
2021-06-11 11:47:06 DEBUG DefaultVFS:101 - Reader entry: ����   4 	   getFemaleHealthForm 3(Ljava/lang/Long;)LMyBatis/entity/FemaleHealthForm; 
2021-06-11 11:47:06 DEBUG DefaultVFS:224 - Find JAR URL: file:/F:/JavaProject/JavaMyBatis/target/classes/MyBatis/mapper/FemaleHealthFormMapper.xml
2021-06-11 11:47:06 DEBUG DefaultVFS:251 - Not a JAR: file:/F:/JavaProject/JavaMyBatis/target/classes/MyBatis/mapper/FemaleHealthFormMapper.xml
2021-06-11 11:47:06 DEBUG DefaultVFS:101 - Reader entry: <?xml version="1.0" encoding="UTF-8" ?>
2021-06-11 11:47:06 DEBUG DefaultVFS:224 - Find JAR URL: file:/F:/JavaProject/JavaMyBatis/target/classes/MyBatis/mapper/MaleHealthFormMapper.class
2021-06-11 11:47:06 DEBUG DefaultVFS:251 - Not a JAR: file:/F:/JavaProject/JavaMyBatis/target/classes/MyBatis/mapper/MaleHealthFormMapper.class
2021-06-11 11:47:06 DEBUG DefaultVFS:101 - Reader entry: ����   4 	   getMaleHealthForm 1(Ljava/lang/Long;)LMyBatis/entity/MaleHealthForm; 
2021-06-11 11:47:06 DEBUG DefaultVFS:224 - Find JAR URL: file:/F:/JavaProject/JavaMyBatis/target/classes/MyBatis/mapper/MaleHealthFormMapper.xml
2021-06-11 11:47:06 DEBUG DefaultVFS:251 - Not a JAR: file:/F:/JavaProject/JavaMyBatis/target/classes/MyBatis/mapper/MaleHealthFormMapper.xml
2021-06-11 11:47:06 DEBUG DefaultVFS:101 - Reader entry: <?xml version="1.0" encoding="UTF-8" ?>
2021-06-11 11:47:06 DEBUG DefaultVFS:224 - Find JAR URL: file:/F:/JavaProject/JavaMyBatis/target/classes/MyBatis/mapper/RoleMapper.class
2021-06-11 11:47:06 DEBUG DefaultVFS:251 - Not a JAR: file:/F:/JavaProject/JavaMyBatis/target/classes/MyBatis/mapper/RoleMapper.class
2021-06-11 11:47:06 DEBUG DefaultVFS:101 - Reader entry: ����   4    
2021-06-11 11:47:06 DEBUG DefaultVFS:224 - Find JAR URL: file:/F:/JavaProject/JavaMyBatis/target/classes/MyBatis/mapper/RoleMapper.xml
2021-06-11 11:47:06 DEBUG DefaultVFS:251 - Not a JAR: file:/F:/JavaProject/JavaMyBatis/target/classes/MyBatis/mapper/RoleMapper.xml
2021-06-11 11:47:06 DEBUG DefaultVFS:101 - Reader entry: <?xml version="1.0" encoding="UTF-8" ?>
2021-06-11 11:47:06 DEBUG DefaultVFS:224 - Find JAR URL: file:/F:/JavaProject/JavaMyBatis/target/classes/MyBatis/mapper/TaskMapper.class
2021-06-11 11:47:06 DEBUG DefaultVFS:251 - Not a JAR: file:/F:/JavaProject/JavaMyBatis/target/classes/MyBatis/mapper/TaskMapper.class
2021-06-11 11:47:06 DEBUG DefaultVFS:101 - Reader entry: ����   4 	   getTask '(Ljava/lang/Long;)LMyBatis/entity/Task; 
2021-06-11 11:47:06 DEBUG DefaultVFS:224 - Find JAR URL: file:/F:/JavaProject/JavaMyBatis/target/classes/MyBatis/mapper/TaskMapper.xml
2021-06-11 11:47:06 DEBUG DefaultVFS:251 - Not a JAR: file:/F:/JavaProject/JavaMyBatis/target/classes/MyBatis/mapper/TaskMapper.xml
2021-06-11 11:47:06 DEBUG DefaultVFS:101 - Reader entry: <?xml version="1.0" encoding="UTF-8" ?>
2021-06-11 11:47:06 DEBUG DefaultVFS:224 - Find JAR URL: file:/F:/JavaProject/JavaMyBatis/target/classes/MyBatis/mapper/UserMapper.class
2021-06-11 11:47:06 DEBUG DefaultVFS:251 - Not a JAR: file:/F:/JavaProject/JavaMyBatis/target/classes/MyBatis/mapper/UserMapper.class
2021-06-11 11:47:06 DEBUG DefaultVFS:101 - Reader entry: ����   4 	   getUser '(Ljava/lang/Long;)LMyBatis/entity/User; 
2021-06-11 11:47:06 DEBUG DefaultVFS:224 - Find JAR URL: file:/F:/JavaProject/JavaMyBatis/target/classes/MyBatis/mapper/UserMapper.xml
2021-06-11 11:47:06 DEBUG DefaultVFS:251 - Not a JAR: file:/F:/JavaProject/JavaMyBatis/target/classes/MyBatis/mapper/UserMapper.xml
2021-06-11 11:47:06 DEBUG DefaultVFS:101 - Reader entry: <?xml version="1.0" encoding="UTF-8" ?>
2021-06-11 11:47:06 DEBUG DefaultVFS:224 - Find JAR URL: file:/F:/JavaProject/JavaMyBatis/target/classes/MyBatis/mapper/WorkCardMapper.class
2021-06-11 11:47:06 DEBUG DefaultVFS:251 - Not a JAR: file:/F:/JavaProject/JavaMyBatis/target/classes/MyBatis/mapper/WorkCardMapper.class
2021-06-11 11:47:06 DEBUG DefaultVFS:101 - Reader entry: ����   4 	   getWorkCardByEmpId +(Ljava/lang/Long;)LMyBatis/entity/WorkCard; 
2021-06-11 11:47:06 DEBUG DefaultVFS:224 - Find JAR URL: file:/F:/JavaProject/JavaMyBatis/target/classes/MyBatis/mapper/WorkCardMapper.xml
2021-06-11 11:47:06 DEBUG DefaultVFS:251 - Not a JAR: file:/F:/JavaProject/JavaMyBatis/target/classes/MyBatis/mapper/WorkCardMapper.xml
2021-06-11 11:47:06 DEBUG DefaultVFS:101 - Reader entry: <?xml version="1.0" encoding="UTF-8" ?>
2021-06-11 11:47:06 DEBUG ResolverUtil:287 - Checking to see if class MyBatis.mapper.EmployeeMapper matches criteria [is assignable to Object]
2021-06-11 11:47:06 DEBUG ResolverUtil:287 - Checking to see if class MyBatis.mapper.EmployeeTaskMapper matches criteria [is assignable to Object]
2021-06-11 11:47:06 DEBUG ResolverUtil:287 - Checking to see if class MyBatis.mapper.FemaleHealthFormMapper matches criteria [is assignable to Object]
2021-06-11 11:47:06 DEBUG ResolverUtil:287 - Checking to see if class MyBatis.mapper.MaleHealthFormMapper matches criteria [is assignable to Object]
2021-06-11 11:47:06 DEBUG ResolverUtil:287 - Checking to see if class MyBatis.mapper.RoleMapper matches criteria [is assignable to Object]
2021-06-11 11:47:06 DEBUG ResolverUtil:287 - Checking to see if class MyBatis.mapper.TaskMapper matches criteria [is assignable to Object]
2021-06-11 11:47:06 DEBUG ResolverUtil:287 - Checking to see if class MyBatis.mapper.UserMapper matches criteria [is assignable to Object]
2021-06-11 11:47:06 DEBUG ResolverUtil:287 - Checking to see if class MyBatis.mapper.WorkCardMapper matches criteria [is assignable to Object]
2021-06-11 11:47:06 DEBUG JdbcTransaction:137 - Opening JDBC Connection
2021-06-11 11:47:06 DEBUG PooledDataSource:426 - Checked out connection 1636182655 from pool.
2021-06-11 11:47:06 DEBUG JdbcTransaction:101 - Setting autocommit to false on JDBC Connection [com.mysql.cj.jdbc.ConnectionImpl@61862a7f]
2021-06-11 11:47:06 DEBUG findRolesByParams:137 - ==>  Preparing: select id , role_name as roleName, note from t_role where 1=1 and role_name like concat('%', ?, '%') -- and note like concat('%', ?, '%') and note like ? limit ?, ?
2021-06-11 11:47:06 DEBUG JdbcTransaction:123 - Resetting autocommit to true on JDBC Connection [com.mysql.cj.jdbc.ConnectionImpl@61862a7f]
2021-06-11 11:47:06 DEBUG JdbcTransaction:91 - Closing JDBC Connection [com.mysql.cj.jdbc.ConnectionImpl@61862a7f]
2021-06-11 11:47:06 DEBUG PooledDataSource:391 - Returned connection 1636182655 to pool.
2021-06-11 11:48:15 DEBUG LogFactory:105 - Logging initialized using 'class org.apache.ibatis.logging.slf4j.Slf4jImpl' adapter.
2021-06-11 11:48:15 DEBUG VFS:116 - Class not found: org.jboss.vfs.VFS
2021-06-11 11:48:15 DEBUG JBoss6VFS:149 - JBoss 6 VFS API is not available in this environment.
2021-06-11 11:48:15 DEBUG VFS:116 - Class not found: org.jboss.vfs.VirtualFile
2021-06-11 11:48:15 DEBUG VFS:64 - VFS implementation org.apache.ibatis.io.JBoss6VFS is not valid in this environment.
2021-06-11 11:48:15 DEBUG VFS:74 - Using VFS adapter org.apache.ibatis.io.DefaultVFS
2021-06-11 11:48:15 DEBUG DefaultVFS:224 - Find JAR URL: file:/F:/JavaProject/JavaMyBatis/target/classes/MyBatis
2021-06-11 11:48:15 DEBUG DefaultVFS:251 - Not a JAR: file:/F:/JavaProject/JavaMyBatis/target/classes/MyBatis
2021-06-11 11:48:15 DEBUG DefaultVFS:101 - Reader entry: entity
2021-06-11 11:48:15 DEBUG DefaultVFS:101 - Reader entry: enums
2021-06-11 11:48:15 DEBUG DefaultVFS:101 - Reader entry: mapper
2021-06-11 11:48:15 DEBUG DefaultVFS:101 - Reader entry: test
2021-06-11 11:48:15 DEBUG DefaultVFS:101 - Reader entry: utils
2021-06-11 11:48:15 DEBUG DefaultVFS:115 - Listing file:/F:/JavaProject/JavaMyBatis/target/classes/MyBatis
2021-06-11 11:48:15 DEBUG DefaultVFS:224 - Find JAR URL: file:/F:/JavaProject/JavaMyBatis/target/classes/MyBatis/entity
2021-06-11 11:48:15 DEBUG DefaultVFS:251 - Not a JAR: file:/F:/JavaProject/JavaMyBatis/target/classes/MyBatis/entity
2021-06-11 11:48:15 DEBUG DefaultVFS:101 - Reader entry: CountRoleParams.class
2021-06-11 11:48:15 DEBUG DefaultVFS:101 - Reader entry: Employee.class
2021-06-11 11:48:15 DEBUG DefaultVFS:101 - Reader entry: EmployeeTask.class
2021-06-11 11:48:15 DEBUG DefaultVFS:101 - Reader entry: FemaleEmployee.class
2021-06-11 11:48:15 DEBUG DefaultVFS:101 - Reader entry: FemaleHealthForm.class
2021-06-11 11:48:15 DEBUG DefaultVFS:101 - Reader entry: HealthForm.class
2021-06-11 11:48:15 DEBUG DefaultVFS:101 - Reader entry: MaleEmployee.class
2021-06-11 11:48:15 DEBUG DefaultVFS:101 - Reader entry: MaleHealthForm.class
2021-06-11 11:48:15 DEBUG DefaultVFS:101 - Reader entry: PageParams.class
2021-06-11 11:48:15 DEBUG DefaultVFS:101 - Reader entry: Role.class
2021-06-11 11:48:15 DEBUG DefaultVFS:101 - Reader entry: RoleParams.class
2021-06-11 11:48:15 DEBUG DefaultVFS:101 - Reader entry: Task.class
2021-06-11 11:48:15 DEBUG DefaultVFS:101 - Reader entry: User.class
2021-06-11 11:48:15 DEBUG DefaultVFS:101 - Reader entry: WorkCard.class
2021-06-11 11:48:15 DEBUG DefaultVFS:115 - Listing file:/F:/JavaProject/JavaMyBatis/target/classes/MyBatis/entity
2021-06-11 11:48:15 DEBUG DefaultVFS:224 - Find JAR URL: file:/F:/JavaProject/JavaMyBatis/target/classes/MyBatis/entity/CountRoleParams.class
2021-06-11 11:48:15 DEBUG DefaultVFS:251 - Not a JAR: file:/F:/JavaProject/JavaMyBatis/target/classes/MyBatis/entity/CountRoleParams.class
2021-06-11 11:48:15 DEBUG DefaultVFS:101 - Reader entry: ����   4 (
2021-06-11 11:48:15 DEBUG DefaultVFS:224 - Find JAR URL: file:/F:/JavaProject/JavaMyBatis/target/classes/MyBatis/entity/Employee.class
2021-06-11 11:48:15 DEBUG DefaultVFS:251 - Not a JAR: file:/F:/JavaProject/JavaMyBatis/target/classes/MyBatis/entity/Employee.class
2021-06-11 11:48:15 DEBUG DefaultVFS:101 - Reader entry: ����   4 Y
2021-06-11 11:48:15 DEBUG DefaultVFS:224 - Find JAR URL: file:/F:/JavaProject/JavaMyBatis/target/classes/MyBatis/entity/EmployeeTask.class
2021-06-11 11:48:15 DEBUG DefaultVFS:251 - Not a JAR: file:/F:/JavaProject/JavaMyBatis/target/classes/MyBatis/entity/EmployeeTask.class
2021-06-11 11:48:15 DEBUG DefaultVFS:101 - Reader entry: ����   4 2
2021-06-11 11:48:15 DEBUG DefaultVFS:224 - Find JAR URL: file:/F:/JavaProject/JavaMyBatis/target/classes/MyBatis/entity/FemaleEmployee.class
2021-06-11 11:48:15 DEBUG DefaultVFS:251 - Not a JAR: file:/F:/JavaProject/JavaMyBatis/target/classes/MyBatis/entity/FemaleEmployee.class
2021-06-11 11:48:15 DEBUG DefaultVFS:101 - Reader entry: ����   4 
2021-06-11 11:48:15 DEBUG DefaultVFS:224 - Find JAR URL: file:/F:/JavaProject/JavaMyBatis/target/classes/MyBatis/entity/FemaleHealthForm.class
2021-06-11 11:48:15 DEBUG DefaultVFS:251 - Not a JAR: file:/F:/JavaProject/JavaMyBatis/target/classes/MyBatis/entity/FemaleHealthForm.class
2021-06-11 11:48:15 DEBUG DefaultVFS:101 - Reader entry: ����   4 
2021-06-11 11:48:15 DEBUG DefaultVFS:224 - Find JAR URL: file:/F:/JavaProject/JavaMyBatis/target/classes/MyBatis/entity/HealthForm.class
2021-06-11 11:48:15 DEBUG DefaultVFS:251 - Not a JAR: file:/F:/JavaProject/JavaMyBatis/target/classes/MyBatis/entity/HealthForm.class
2021-06-11 11:48:15 DEBUG DefaultVFS:101 - Reader entry: ����   4 >
2021-06-11 11:48:15 DEBUG DefaultVFS:224 - Find JAR URL: file:/F:/JavaProject/JavaMyBatis/target/classes/MyBatis/entity/MaleEmployee.class
2021-06-11 11:48:15 DEBUG DefaultVFS:251 - Not a JAR: file:/F:/JavaProject/JavaMyBatis/target/classes/MyBatis/entity/MaleEmployee.class
2021-06-11 11:48:15 DEBUG DefaultVFS:101 - Reader entry: ����   4 
2021-06-11 11:48:15 DEBUG DefaultVFS:224 - Find JAR URL: file:/F:/JavaProject/JavaMyBatis/target/classes/MyBatis/entity/MaleHealthForm.class
2021-06-11 11:48:15 DEBUG DefaultVFS:251 - Not a JAR: file:/F:/JavaProject/JavaMyBatis/target/classes/MyBatis/entity/MaleHealthForm.class
2021-06-11 11:48:15 DEBUG DefaultVFS:101 - Reader entry: ����   4 
2021-06-11 11:48:15 DEBUG DefaultVFS:224 - Find JAR URL: file:/F:/JavaProject/JavaMyBatis/target/classes/MyBatis/entity/PageParams.class
2021-06-11 11:48:15 DEBUG DefaultVFS:251 - Not a JAR: file:/F:/JavaProject/JavaMyBatis/target/classes/MyBatis/entity/PageParams.class
2021-06-11 11:48:15 DEBUG DefaultVFS:101 - Reader entry: ����   4 
2021-06-11 11:48:15 DEBUG DefaultVFS:224 - Find JAR URL: file:/F:/JavaProject/JavaMyBatis/target/classes/MyBatis/entity/Role.class
2021-06-11 11:48:15 DEBUG DefaultVFS:251 - Not a JAR: file:/F:/JavaProject/JavaMyBatis/target/classes/MyBatis/entity/Role.class
2021-06-11 11:48:15 DEBUG DefaultVFS:101 - Reader entry: ����   4 #
2021-06-11 11:48:15 DEBUG DefaultVFS:224 - Find JAR URL: file:/F:/JavaProject/JavaMyBatis/target/classes/MyBatis/entity/RoleParams.class
2021-06-11 11:48:15 DEBUG DefaultVFS:251 - Not a JAR: file:/F:/JavaProject/JavaMyBatis/target/classes/MyBatis/entity/RoleParams.class
2021-06-11 11:48:15 DEBUG DefaultVFS:101 - Reader entry: ����   4 
2021-06-11 11:48:15 DEBUG DefaultVFS:224 - Find JAR URL: file:/F:/JavaProject/JavaMyBatis/target/classes/MyBatis/entity/Task.class
2021-06-11 11:48:15 DEBUG DefaultVFS:251 - Not a JAR: file:/F:/JavaProject/JavaMyBatis/target/classes/MyBatis/entity/Task.class
2021-06-11 11:48:15 DEBUG DefaultVFS:101 - Reader entry: ����   4 *
2021-06-11 11:48:15 DEBUG DefaultVFS:224 - Find JAR URL: file:/F:/JavaProject/JavaMyBatis/target/classes/MyBatis/entity/User.class
2021-06-11 11:48:15 DEBUG DefaultVFS:251 - Not a JAR: file:/F:/JavaProject/JavaMyBatis/target/classes/MyBatis/entity/User.class
2021-06-11 11:48:15 DEBUG DefaultVFS:101 - Reader entry: ����   4 A
2021-06-11 11:48:15 DEBUG DefaultVFS:224 - Find JAR URL: file:/F:/JavaProject/JavaMyBatis/target/classes/MyBatis/entity/WorkCard.class
2021-06-11 11:48:15 DEBUG DefaultVFS:251 - Not a JAR: file:/F:/JavaProject/JavaMyBatis/target/classes/MyBatis/entity/WorkCard.class
2021-06-11 11:48:15 DEBUG DefaultVFS:101 - Reader entry: ����   4 9
2021-06-11 11:48:15 DEBUG DefaultVFS:224 - Find JAR URL: file:/F:/JavaProject/JavaMyBatis/target/classes/MyBatis/enums
2021-06-11 11:48:15 DEBUG DefaultVFS:251 - Not a JAR: file:/F:/JavaProject/JavaMyBatis/target/classes/MyBatis/enums
2021-06-11 11:48:15 DEBUG DefaultVFS:101 - Reader entry: SexEnum.class
2021-06-11 11:48:15 DEBUG DefaultVFS:115 - Listing file:/F:/JavaProject/JavaMyBatis/target/classes/MyBatis/enums
2021-06-11 11:48:15 DEBUG DefaultVFS:224 - Find JAR URL: file:/F:/JavaProject/JavaMyBatis/target/classes/MyBatis/enums/SexEnum.class
2021-06-11 11:48:15 DEBUG DefaultVFS:251 - Not a JAR: file:/F:/JavaProject/JavaMyBatis/target/classes/MyBatis/enums/SexEnum.class
2021-06-11 11:48:15 DEBUG DefaultVFS:101 - Reader entry: ����   4 M	  9
2021-06-11 11:48:15 DEBUG DefaultVFS:224 - Find JAR URL: file:/F:/JavaProject/JavaMyBatis/target/classes/MyBatis/mapper
2021-06-11 11:48:15 DEBUG DefaultVFS:251 - Not a JAR: file:/F:/JavaProject/JavaMyBatis/target/classes/MyBatis/mapper
2021-06-11 11:48:15 DEBUG DefaultVFS:101 - Reader entry: EmployeeMapper.class
2021-06-11 11:48:15 DEBUG DefaultVFS:101 - Reader entry: EmployeeMapper.xml
2021-06-11 11:48:15 DEBUG DefaultVFS:101 - Reader entry: EmployeeTaskMapper.class
2021-06-11 11:48:15 DEBUG DefaultVFS:101 - Reader entry: EmployeeTaskMapper.xml
2021-06-11 11:48:15 DEBUG DefaultVFS:101 - Reader entry: FemaleHealthFormMapper.class
2021-06-11 11:48:15 DEBUG DefaultVFS:101 - Reader entry: FemaleHealthFormMapper.xml
2021-06-11 11:48:15 DEBUG DefaultVFS:101 - Reader entry: MaleHealthFormMapper.class
2021-06-11 11:48:15 DEBUG DefaultVFS:101 - Reader entry: MaleHealthFormMapper.xml
2021-06-11 11:48:15 DEBUG DefaultVFS:101 - Reader entry: RoleMapper.class
2021-06-11 11:48:15 DEBUG DefaultVFS:101 - Reader entry: RoleMapper.xml
2021-06-11 11:48:15 DEBUG DefaultVFS:101 - Reader entry: TaskMapper.class
2021-06-11 11:48:15 DEBUG DefaultVFS:101 - Reader entry: TaskMapper.xml
2021-06-11 11:48:15 DEBUG DefaultVFS:101 - Reader entry: UserMapper.class
2021-06-11 11:48:15 DEBUG DefaultVFS:101 - Reader entry: UserMapper.xml
2021-06-11 11:48:15 DEBUG DefaultVFS:101 - Reader entry: WorkCardMapper.class
2021-06-11 11:48:15 DEBUG DefaultVFS:101 - Reader entry: WorkCardMapper.xml
2021-06-11 11:48:15 DEBUG DefaultVFS:115 - Listing file:/F:/JavaProject/JavaMyBatis/target/classes/MyBatis/mapper
2021-06-11 11:48:15 DEBUG DefaultVFS:224 - Find JAR URL: file:/F:/JavaProject/JavaMyBatis/target/classes/MyBatis/mapper/EmployeeMapper.class
2021-06-11 11:48:15 DEBUG DefaultVFS:251 - Not a JAR: file:/F:/JavaProject/JavaMyBatis/target/classes/MyBatis/mapper/EmployeeMapper.class
2021-06-11 11:48:15 DEBUG DefaultVFS:101 - Reader entry: ����   4 
2021-06-11 11:48:15 DEBUG DefaultVFS:224 - Find JAR URL: file:/F:/JavaProject/JavaMyBatis/target/classes/MyBatis/mapper/EmployeeMapper.xml
2021-06-11 11:48:15 DEBUG DefaultVFS:251 - Not a JAR: file:/F:/JavaProject/JavaMyBatis/target/classes/MyBatis/mapper/EmployeeMapper.xml
2021-06-11 11:48:15 DEBUG DefaultVFS:101 - Reader entry: <?xml version="1.0" encoding="UTF-8" ?>
2021-06-11 11:48:15 DEBUG DefaultVFS:224 - Find JAR URL: file:/F:/JavaProject/JavaMyBatis/target/classes/MyBatis/mapper/EmployeeTaskMapper.class
2021-06-11 11:48:15 DEBUG DefaultVFS:251 - Not a JAR: file:/F:/JavaProject/JavaMyBatis/target/classes/MyBatis/mapper/EmployeeTaskMapper.class
2021-06-11 11:48:15 DEBUG DefaultVFS:101 - Reader entry: ����   4 	   getEmployeeTaskByEmpId /(Ljava/lang/Long;)LMyBatis/entity/EmployeeTask; 
2021-06-11 11:48:15 DEBUG DefaultVFS:224 - Find JAR URL: file:/F:/JavaProject/JavaMyBatis/target/classes/MyBatis/mapper/EmployeeTaskMapper.xml
2021-06-11 11:48:15 DEBUG DefaultVFS:251 - Not a JAR: file:/F:/JavaProject/JavaMyBatis/target/classes/MyBatis/mapper/EmployeeTaskMapper.xml
2021-06-11 11:48:15 DEBUG DefaultVFS:101 - Reader entry: <?xml version="1.0" encoding="UTF-8" ?>
2021-06-11 11:48:15 DEBUG DefaultVFS:224 - Find JAR URL: file:/F:/JavaProject/JavaMyBatis/target/classes/MyBatis/mapper/FemaleHealthFormMapper.class
2021-06-11 11:48:15 DEBUG DefaultVFS:251 - Not a JAR: file:/F:/JavaProject/JavaMyBatis/target/classes/MyBatis/mapper/FemaleHealthFormMapper.class
2021-06-11 11:48:15 DEBUG DefaultVFS:101 - Reader entry: ����   4 	   getFemaleHealthForm 3(Ljava/lang/Long;)LMyBatis/entity/FemaleHealthForm; 
2021-06-11 11:48:15 DEBUG DefaultVFS:224 - Find JAR URL: file:/F:/JavaProject/JavaMyBatis/target/classes/MyBatis/mapper/FemaleHealthFormMapper.xml
2021-06-11 11:48:15 DEBUG DefaultVFS:251 - Not a JAR: file:/F:/JavaProject/JavaMyBatis/target/classes/MyBatis/mapper/FemaleHealthFormMapper.xml
2021-06-11 11:48:15 DEBUG DefaultVFS:101 - Reader entry: <?xml version="1.0" encoding="UTF-8" ?>
2021-06-11 11:48:15 DEBUG DefaultVFS:224 - Find JAR URL: file:/F:/JavaProject/JavaMyBatis/target/classes/MyBatis/mapper/MaleHealthFormMapper.class
2021-06-11 11:48:15 DEBUG DefaultVFS:251 - Not a JAR: file:/F:/JavaProject/JavaMyBatis/target/classes/MyBatis/mapper/MaleHealthFormMapper.class
2021-06-11 11:48:15 DEBUG DefaultVFS:101 - Reader entry: ����   4 	   getMaleHealthForm 1(Ljava/lang/Long;)LMyBatis/entity/MaleHealthForm; 
2021-06-11 11:48:15 DEBUG DefaultVFS:224 - Find JAR URL: file:/F:/JavaProject/JavaMyBatis/target/classes/MyBatis/mapper/MaleHealthFormMapper.xml
2021-06-11 11:48:15 DEBUG DefaultVFS:251 - Not a JAR: file:/F:/JavaProject/JavaMyBatis/target/classes/MyBatis/mapper/MaleHealthFormMapper.xml
2021-06-11 11:48:15 DEBUG DefaultVFS:101 - Reader entry: <?xml version="1.0" encoding="UTF-8" ?>
2021-06-11 11:48:15 DEBUG DefaultVFS:224 - Find JAR URL: file:/F:/JavaProject/JavaMyBatis/target/classes/MyBatis/mapper/RoleMapper.class
2021-06-11 11:48:15 DEBUG DefaultVFS:251 - Not a JAR: file:/F:/JavaProject/JavaMyBatis/target/classes/MyBatis/mapper/RoleMapper.class
2021-06-11 11:48:15 DEBUG DefaultVFS:101 - Reader entry: ����   4    
2021-06-11 11:48:15 DEBUG DefaultVFS:224 - Find JAR URL: file:/F:/JavaProject/JavaMyBatis/target/classes/MyBatis/mapper/RoleMapper.xml
2021-06-11 11:48:15 DEBUG DefaultVFS:251 - Not a JAR: file:/F:/JavaProject/JavaMyBatis/target/classes/MyBatis/mapper/RoleMapper.xml
2021-06-11 11:48:15 DEBUG DefaultVFS:101 - Reader entry: <?xml version="1.0" encoding="UTF-8" ?>
2021-06-11 11:48:15 DEBUG DefaultVFS:224 - Find JAR URL: file:/F:/JavaProject/JavaMyBatis/target/classes/MyBatis/mapper/TaskMapper.class
2021-06-11 11:48:15 DEBUG DefaultVFS:251 - Not a JAR: file:/F:/JavaProject/JavaMyBatis/target/classes/MyBatis/mapper/TaskMapper.class
2021-06-11 11:48:15 DEBUG DefaultVFS:101 - Reader entry: ����   4 	   getTask '(Ljava/lang/Long;)LMyBatis/entity/Task; 
2021-06-11 11:48:15 DEBUG DefaultVFS:224 - Find JAR URL: file:/F:/JavaProject/JavaMyBatis/target/classes/MyBatis/mapper/TaskMapper.xml
2021-06-11 11:48:15 DEBUG DefaultVFS:251 - Not a JAR: file:/F:/JavaProject/JavaMyBatis/target/classes/MyBatis/mapper/TaskMapper.xml
2021-06-11 11:48:15 DEBUG DefaultVFS:101 - Reader entry: <?xml version="1.0" encoding="UTF-8" ?>
2021-06-11 11:48:15 DEBUG DefaultVFS:224 - Find JAR URL: file:/F:/JavaProject/JavaMyBatis/target/classes/MyBatis/mapper/UserMapper.class
2021-06-11 11:48:15 DEBUG DefaultVFS:251 - Not a JAR: file:/F:/JavaProject/JavaMyBatis/target/classes/MyBatis/mapper/UserMapper.class
2021-06-11 11:48:15 DEBUG DefaultVFS:101 - Reader entry: ����   4 	   getUser '(Ljava/lang/Long;)LMyBatis/entity/User; 
2021-06-11 11:48:15 DEBUG DefaultVFS:224 - Find JAR URL: file:/F:/JavaProject/JavaMyBatis/target/classes/MyBatis/mapper/UserMapper.xml
2021-06-11 11:48:15 DEBUG DefaultVFS:251 - Not a JAR: file:/F:/JavaProject/JavaMyBatis/target/classes/MyBatis/mapper/UserMapper.xml
2021-06-11 11:48:15 DEBUG DefaultVFS:101 - Reader entry: <?xml version="1.0" encoding="UTF-8" ?>
2021-06-11 11:48:15 DEBUG DefaultVFS:224 - Find JAR URL: file:/F:/JavaProject/JavaMyBatis/target/classes/MyBatis/mapper/WorkCardMapper.class
2021-06-11 11:48:15 DEBUG DefaultVFS:251 - Not a JAR: file:/F:/JavaProject/JavaMyBatis/target/classes/MyBatis/mapper/WorkCardMapper.class
2021-06-11 11:48:15 DEBUG DefaultVFS:101 - Reader entry: ����   4 	   getWorkCardByEmpId +(Ljava/lang/Long;)LMyBatis/entity/WorkCard; 
2021-06-11 11:48:15 DEBUG DefaultVFS:224 - Find JAR URL: file:/F:/JavaProject/JavaMyBatis/target/classes/MyBatis/mapper/WorkCardMapper.xml
2021-06-11 11:48:15 DEBUG DefaultVFS:251 - Not a JAR: file:/F:/JavaProject/JavaMyBatis/target/classes/MyBatis/mapper/WorkCardMapper.xml
2021-06-11 11:48:15 DEBUG DefaultVFS:101 - Reader entry: <?xml version="1.0" encoding="UTF-8" ?>
2021-06-11 11:48:15 DEBUG DefaultVFS:224 - Find JAR URL: file:/F:/JavaProject/JavaMyBatis/target/classes/MyBatis/test
2021-06-11 11:48:15 DEBUG DefaultVFS:251 - Not a JAR: file:/F:/JavaProject/JavaMyBatis/target/classes/MyBatis/test
2021-06-11 11:48:15 DEBUG DefaultVFS:101 - Reader entry: TestEmployeeMapper.class
2021-06-11 11:48:15 DEBUG DefaultVFS:101 - Reader entry: TestMyBatis.class
2021-06-11 11:48:15 DEBUG DefaultVFS:101 - Reader entry: TestRoleMapper.class
2021-06-11 11:48:15 DEBUG DefaultVFS:115 - Listing file:/F:/JavaProject/JavaMyBatis/target/classes/MyBatis/test
2021-06-11 11:48:15 DEBUG DefaultVFS:224 - Find JAR URL: file:/F:/JavaProject/JavaMyBatis/target/classes/MyBatis/test/TestEmployeeMapper.class
2021-06-11 11:48:15 DEBUG DefaultVFS:251 - Not a JAR: file:/F:/JavaProject/JavaMyBatis/target/classes/MyBatis/test/TestEmployeeMapper.class
2021-06-11 11:48:15 DEBUG DefaultVFS:101 - Reader entry: ����   4 4
2021-06-11 11:48:15 DEBUG DefaultVFS:224 - Find JAR URL: file:/F:/JavaProject/JavaMyBatis/target/classes/MyBatis/test/TestMyBatis.class
2021-06-11 11:48:15 DEBUG DefaultVFS:251 - Not a JAR: file:/F:/JavaProject/JavaMyBatis/target/classes/MyBatis/test/TestMyBatis.class
2021-06-11 11:48:15 DEBUG DefaultVFS:101 - Reader entry: ����   4 >
2021-06-11 11:48:15 DEBUG DefaultVFS:224 - Find JAR URL: file:/F:/JavaProject/JavaMyBatis/target/classes/MyBatis/test/TestRoleMapper.class
2021-06-11 11:48:15 DEBUG DefaultVFS:251 - Not a JAR: file:/F:/JavaProject/JavaMyBatis/target/classes/MyBatis/test/TestRoleMapper.class
2021-06-11 11:48:15 DEBUG DefaultVFS:101 - Reader entry: ����   4 �
2021-06-11 11:48:15 DEBUG DefaultVFS:224 - Find JAR URL: file:/F:/JavaProject/JavaMyBatis/target/classes/MyBatis/utils
2021-06-11 11:48:15 DEBUG DefaultVFS:251 - Not a JAR: file:/F:/JavaProject/JavaMyBatis/target/classes/MyBatis/utils
2021-06-11 11:48:15 DEBUG DefaultVFS:101 - Reader entry: SqlSessionFactoryUtils.class
2021-06-11 11:48:15 DEBUG DefaultVFS:115 - Listing file:/F:/JavaProject/JavaMyBatis/target/classes/MyBatis/utils
2021-06-11 11:48:15 DEBUG DefaultVFS:224 - Find JAR URL: file:/F:/JavaProject/JavaMyBatis/target/classes/MyBatis/utils/SqlSessionFactoryUtils.class
2021-06-11 11:48:15 DEBUG DefaultVFS:251 - Not a JAR: file:/F:/JavaProject/JavaMyBatis/target/classes/MyBatis/utils/SqlSessionFactoryUtils.class
2021-06-11 11:48:15 DEBUG DefaultVFS:101 - Reader entry: ����   4 I
2021-06-11 11:48:15 DEBUG ResolverUtil:287 - Checking to see if class MyBatis.entity.CountRoleParams matches criteria [is assignable to Object]
2021-06-11 11:48:15 DEBUG ResolverUtil:287 - Checking to see if class MyBatis.entity.Employee matches criteria [is assignable to Object]
2021-06-11 11:48:15 DEBUG ResolverUtil:287 - Checking to see if class MyBatis.entity.EmployeeTask matches criteria [is assignable to Object]
2021-06-11 11:48:15 DEBUG ResolverUtil:287 - Checking to see if class MyBatis.entity.FemaleEmployee matches criteria [is assignable to Object]
2021-06-11 11:48:15 DEBUG ResolverUtil:287 - Checking to see if class MyBatis.entity.FemaleHealthForm matches criteria [is assignable to Object]
2021-06-11 11:48:15 DEBUG ResolverUtil:287 - Checking to see if class MyBatis.entity.HealthForm matches criteria [is assignable to Object]
2021-06-11 11:48:15 DEBUG ResolverUtil:287 - Checking to see if class MyBatis.entity.MaleEmployee matches criteria [is assignable to Object]
2021-06-11 11:48:15 DEBUG ResolverUtil:287 - Checking to see if class MyBatis.entity.MaleHealthForm matches criteria [is assignable to Object]
2021-06-11 11:48:15 DEBUG ResolverUtil:287 - Checking to see if class MyBatis.entity.PageParams matches criteria [is assignable to Object]
2021-06-11 11:48:15 DEBUG ResolverUtil:287 - Checking to see if class MyBatis.entity.Role matches criteria [is assignable to Object]
2021-06-11 11:48:15 DEBUG ResolverUtil:287 - Checking to see if class MyBatis.entity.RoleParams matches criteria [is assignable to Object]
2021-06-11 11:48:15 DEBUG ResolverUtil:287 - Checking to see if class MyBatis.entity.Task matches criteria [is assignable to Object]
2021-06-11 11:48:15 DEBUG ResolverUtil:287 - Checking to see if class MyBatis.entity.User matches criteria [is assignable to Object]
2021-06-11 11:48:15 DEBUG ResolverUtil:287 - Checking to see if class MyBatis.entity.WorkCard matches criteria [is assignable to Object]
2021-06-11 11:48:15 DEBUG ResolverUtil:287 - Checking to see if class MyBatis.enums.SexEnum matches criteria [is assignable to Object]
2021-06-11 11:48:15 DEBUG ResolverUtil:287 - Checking to see if class MyBatis.mapper.EmployeeMapper matches criteria [is assignable to Object]
2021-06-11 11:48:15 DEBUG ResolverUtil:287 - Checking to see if class MyBatis.mapper.EmployeeTaskMapper matches criteria [is assignable to Object]
2021-06-11 11:48:15 DEBUG ResolverUtil:287 - Checking to see if class MyBatis.mapper.FemaleHealthFormMapper matches criteria [is assignable to Object]
2021-06-11 11:48:15 DEBUG ResolverUtil:287 - Checking to see if class MyBatis.mapper.MaleHealthFormMapper matches criteria [is assignable to Object]
2021-06-11 11:48:15 DEBUG ResolverUtil:287 - Checking to see if class MyBatis.mapper.RoleMapper matches criteria [is assignable to Object]
2021-06-11 11:48:15 DEBUG ResolverUtil:287 - Checking to see if class MyBatis.mapper.TaskMapper matches criteria [is assignable to Object]
2021-06-11 11:48:15 DEBUG ResolverUtil:287 - Checking to see if class MyBatis.mapper.UserMapper matches criteria [is assignable to Object]
2021-06-11 11:48:15 DEBUG ResolverUtil:287 - Checking to see if class MyBatis.mapper.WorkCardMapper matches criteria [is assignable to Object]
2021-06-11 11:48:15 DEBUG ResolverUtil:287 - Checking to see if class MyBatis.test.TestEmployeeMapper matches criteria [is assignable to Object]
2021-06-11 11:48:15 DEBUG ResolverUtil:287 - Checking to see if class MyBatis.test.TestMyBatis matches criteria [is assignable to Object]
2021-06-11 11:48:15 DEBUG ResolverUtil:287 - Checking to see if class MyBatis.test.TestRoleMapper matches criteria [is assignable to Object]
2021-06-11 11:48:15 DEBUG ResolverUtil:287 - Checking to see if class MyBatis.utils.SqlSessionFactoryUtils matches criteria [is assignable to Object]
2021-06-11 11:48:15 DEBUG PooledDataSource:363 - PooledDataSource forcefully closed/removed all connections.
2021-06-11 11:48:15 DEBUG PooledDataSource:363 - PooledDataSource forcefully closed/removed all connections.
2021-06-11 11:48:15 DEBUG PooledDataSource:363 - PooledDataSource forcefully closed/removed all connections.
2021-06-11 11:48:15 DEBUG PooledDataSource:363 - PooledDataSource forcefully closed/removed all connections.
2021-06-11 11:48:16 DEBUG PooledDataSource:434 - Created connection 1636182655.
2021-06-11 11:48:16 DEBUG PooledDataSource:391 - Returned connection 1636182655 to pool.
2021-06-11 11:48:16 DEBUG DefaultVFS:224 - Find JAR URL: file:/F:/JavaProject/JavaMyBatis/target/classes/MyBatis/mapper
2021-06-11 11:48:16 DEBUG DefaultVFS:251 - Not a JAR: file:/F:/JavaProject/JavaMyBatis/target/classes/MyBatis/mapper
2021-06-11 11:48:16 DEBUG DefaultVFS:101 - Reader entry: EmployeeMapper.class
2021-06-11 11:48:16 DEBUG DefaultVFS:101 - Reader entry: EmployeeMapper.xml
2021-06-11 11:48:16 DEBUG DefaultVFS:101 - Reader entry: EmployeeTaskMapper.class
2021-06-11 11:48:16 DEBUG DefaultVFS:101 - Reader entry: EmployeeTaskMapper.xml
2021-06-11 11:48:16 DEBUG DefaultVFS:101 - Reader entry: FemaleHealthFormMapper.class
2021-06-11 11:48:16 DEBUG DefaultVFS:101 - Reader entry: FemaleHealthFormMapper.xml
2021-06-11 11:48:16 DEBUG DefaultVFS:101 - Reader entry: MaleHealthFormMapper.class
2021-06-11 11:48:16 DEBUG DefaultVFS:101 - Reader entry: MaleHealthFormMapper.xml
2021-06-11 11:48:16 DEBUG DefaultVFS:101 - Reader entry: RoleMapper.class
2021-06-11 11:48:16 DEBUG DefaultVFS:101 - Reader entry: RoleMapper.xml
2021-06-11 11:48:16 DEBUG DefaultVFS:101 - Reader entry: TaskMapper.class
2021-06-11 11:48:16 DEBUG DefaultVFS:101 - Reader entry: TaskMapper.xml
2021-06-11 11:48:16 DEBUG DefaultVFS:101 - Reader entry: UserMapper.class
2021-06-11 11:48:16 DEBUG DefaultVFS:101 - Reader entry: UserMapper.xml
2021-06-11 11:48:16 DEBUG DefaultVFS:101 - Reader entry: WorkCardMapper.class
2021-06-11 11:48:16 DEBUG DefaultVFS:101 - Reader entry: WorkCardMapper.xml
2021-06-11 11:48:16 DEBUG DefaultVFS:115 - Listing file:/F:/JavaProject/JavaMyBatis/target/classes/MyBatis/mapper
2021-06-11 11:48:16 DEBUG DefaultVFS:224 - Find JAR URL: file:/F:/JavaProject/JavaMyBatis/target/classes/MyBatis/mapper/EmployeeMapper.class
2021-06-11 11:48:16 DEBUG DefaultVFS:251 - Not a JAR: file:/F:/JavaProject/JavaMyBatis/target/classes/MyBatis/mapper/EmployeeMapper.class
2021-06-11 11:48:16 DEBUG DefaultVFS:101 - Reader entry: ����   4 
2021-06-11 11:48:16 DEBUG DefaultVFS:224 - Find JAR URL: file:/F:/JavaProject/JavaMyBatis/target/classes/MyBatis/mapper/EmployeeMapper.xml
2021-06-11 11:48:16 DEBUG DefaultVFS:251 - Not a JAR: file:/F:/JavaProject/JavaMyBatis/target/classes/MyBatis/mapper/EmployeeMapper.xml
2021-06-11 11:48:16 DEBUG DefaultVFS:101 - Reader entry: <?xml version="1.0" encoding="UTF-8" ?>
2021-06-11 11:48:16 DEBUG DefaultVFS:224 - Find JAR URL: file:/F:/JavaProject/JavaMyBatis/target/classes/MyBatis/mapper/EmployeeTaskMapper.class
2021-06-11 11:48:16 DEBUG DefaultVFS:251 - Not a JAR: file:/F:/JavaProject/JavaMyBatis/target/classes/MyBatis/mapper/EmployeeTaskMapper.class
2021-06-11 11:48:16 DEBUG DefaultVFS:101 - Reader entry: ����   4 	   getEmployeeTaskByEmpId /(Ljava/lang/Long;)LMyBatis/entity/EmployeeTask; 
2021-06-11 11:48:16 DEBUG DefaultVFS:224 - Find JAR URL: file:/F:/JavaProject/JavaMyBatis/target/classes/MyBatis/mapper/EmployeeTaskMapper.xml
2021-06-11 11:48:16 DEBUG DefaultVFS:251 - Not a JAR: file:/F:/JavaProject/JavaMyBatis/target/classes/MyBatis/mapper/EmployeeTaskMapper.xml
2021-06-11 11:48:16 DEBUG DefaultVFS:101 - Reader entry: <?xml version="1.0" encoding="UTF-8" ?>
2021-06-11 11:48:16 DEBUG DefaultVFS:224 - Find JAR URL: file:/F:/JavaProject/JavaMyBatis/target/classes/MyBatis/mapper/FemaleHealthFormMapper.class
2021-06-11 11:48:16 DEBUG DefaultVFS:251 - Not a JAR: file:/F:/JavaProject/JavaMyBatis/target/classes/MyBatis/mapper/FemaleHealthFormMapper.class
2021-06-11 11:48:16 DEBUG DefaultVFS:101 - Reader entry: ����   4 	   getFemaleHealthForm 3(Ljava/lang/Long;)LMyBatis/entity/FemaleHealthForm; 
2021-06-11 11:48:16 DEBUG DefaultVFS:224 - Find JAR URL: file:/F:/JavaProject/JavaMyBatis/target/classes/MyBatis/mapper/FemaleHealthFormMapper.xml
2021-06-11 11:48:16 DEBUG DefaultVFS:251 - Not a JAR: file:/F:/JavaProject/JavaMyBatis/target/classes/MyBatis/mapper/FemaleHealthFormMapper.xml
2021-06-11 11:48:16 DEBUG DefaultVFS:101 - Reader entry: <?xml version="1.0" encoding="UTF-8" ?>
2021-06-11 11:48:16 DEBUG DefaultVFS:224 - Find JAR URL: file:/F:/JavaProject/JavaMyBatis/target/classes/MyBatis/mapper/MaleHealthFormMapper.class
2021-06-11 11:48:16 DEBUG DefaultVFS:251 - Not a JAR: file:/F:/JavaProject/JavaMyBatis/target/classes/MyBatis/mapper/MaleHealthFormMapper.class
2021-06-11 11:48:16 DEBUG DefaultVFS:101 - Reader entry: ����   4 	   getMaleHealthForm 1(Ljava/lang/Long;)LMyBatis/entity/MaleHealthForm; 
2021-06-11 11:48:16 DEBUG DefaultVFS:224 - Find JAR URL: file:/F:/JavaProject/JavaMyBatis/target/classes/MyBatis/mapper/MaleHealthFormMapper.xml
2021-06-11 11:48:16 DEBUG DefaultVFS:251 - Not a JAR: file:/F:/JavaProject/JavaMyBatis/target/classes/MyBatis/mapper/MaleHealthFormMapper.xml
2021-06-11 11:48:16 DEBUG DefaultVFS:101 - Reader entry: <?xml version="1.0" encoding="UTF-8" ?>
2021-06-11 11:48:16 DEBUG DefaultVFS:224 - Find JAR URL: file:/F:/JavaProject/JavaMyBatis/target/classes/MyBatis/mapper/RoleMapper.class
2021-06-11 11:48:16 DEBUG DefaultVFS:251 - Not a JAR: file:/F:/JavaProject/JavaMyBatis/target/classes/MyBatis/mapper/RoleMapper.class
2021-06-11 11:48:16 DEBUG DefaultVFS:101 - Reader entry: ����   4    
2021-06-11 11:48:16 DEBUG DefaultVFS:224 - Find JAR URL: file:/F:/JavaProject/JavaMyBatis/target/classes/MyBatis/mapper/RoleMapper.xml
2021-06-11 11:48:16 DEBUG DefaultVFS:251 - Not a JAR: file:/F:/JavaProject/JavaMyBatis/target/classes/MyBatis/mapper/RoleMapper.xml
2021-06-11 11:48:16 DEBUG DefaultVFS:101 - Reader entry: <?xml version="1.0" encoding="UTF-8" ?>
2021-06-11 11:48:16 DEBUG DefaultVFS:224 - Find JAR URL: file:/F:/JavaProject/JavaMyBatis/target/classes/MyBatis/mapper/TaskMapper.class
2021-06-11 11:48:16 DEBUG DefaultVFS:251 - Not a JAR: file:/F:/JavaProject/JavaMyBatis/target/classes/MyBatis/mapper/TaskMapper.class
2021-06-11 11:48:16 DEBUG DefaultVFS:101 - Reader entry: ����   4 	   getTask '(Ljava/lang/Long;)LMyBatis/entity/Task; 
2021-06-11 11:48:16 DEBUG DefaultVFS:224 - Find JAR URL: file:/F:/JavaProject/JavaMyBatis/target/classes/MyBatis/mapper/TaskMapper.xml
2021-06-11 11:48:16 DEBUG DefaultVFS:251 - Not a JAR: file:/F:/JavaProject/JavaMyBatis/target/classes/MyBatis/mapper/TaskMapper.xml
2021-06-11 11:48:16 DEBUG DefaultVFS:101 - Reader entry: <?xml version="1.0" encoding="UTF-8" ?>
2021-06-11 11:48:16 DEBUG DefaultVFS:224 - Find JAR URL: file:/F:/JavaProject/JavaMyBatis/target/classes/MyBatis/mapper/UserMapper.class
2021-06-11 11:48:16 DEBUG DefaultVFS:251 - Not a JAR: file:/F:/JavaProject/JavaMyBatis/target/classes/MyBatis/mapper/UserMapper.class
2021-06-11 11:48:16 DEBUG DefaultVFS:101 - Reader entry: ����   4 	   getUser '(Ljava/lang/Long;)LMyBatis/entity/User; 
2021-06-11 11:48:16 DEBUG DefaultVFS:224 - Find JAR URL: file:/F:/JavaProject/JavaMyBatis/target/classes/MyBatis/mapper/UserMapper.xml
2021-06-11 11:48:16 DEBUG DefaultVFS:251 - Not a JAR: file:/F:/JavaProject/JavaMyBatis/target/classes/MyBatis/mapper/UserMapper.xml
2021-06-11 11:48:16 DEBUG DefaultVFS:101 - Reader entry: <?xml version="1.0" encoding="UTF-8" ?>
2021-06-11 11:48:16 DEBUG DefaultVFS:224 - Find JAR URL: file:/F:/JavaProject/JavaMyBatis/target/classes/MyBatis/mapper/WorkCardMapper.class
2021-06-11 11:48:16 DEBUG DefaultVFS:251 - Not a JAR: file:/F:/JavaProject/JavaMyBatis/target/classes/MyBatis/mapper/WorkCardMapper.class
2021-06-11 11:48:16 DEBUG DefaultVFS:101 - Reader entry: ����   4 	   getWorkCardByEmpId +(Ljava/lang/Long;)LMyBatis/entity/WorkCard; 
2021-06-11 11:48:16 DEBUG DefaultVFS:224 - Find JAR URL: file:/F:/JavaProject/JavaMyBatis/target/classes/MyBatis/mapper/WorkCardMapper.xml
2021-06-11 11:48:16 DEBUG DefaultVFS:251 - Not a JAR: file:/F:/JavaProject/JavaMyBatis/target/classes/MyBatis/mapper/WorkCardMapper.xml
2021-06-11 11:48:16 DEBUG DefaultVFS:101 - Reader entry: <?xml version="1.0" encoding="UTF-8" ?>
2021-06-11 11:48:16 DEBUG ResolverUtil:287 - Checking to see if class MyBatis.mapper.EmployeeMapper matches criteria [is assignable to Object]
2021-06-11 11:48:16 DEBUG ResolverUtil:287 - Checking to see if class MyBatis.mapper.EmployeeTaskMapper matches criteria [is assignable to Object]
2021-06-11 11:48:16 DEBUG ResolverUtil:287 - Checking to see if class MyBatis.mapper.FemaleHealthFormMapper matches criteria [is assignable to Object]
2021-06-11 11:48:16 DEBUG ResolverUtil:287 - Checking to see if class MyBatis.mapper.MaleHealthFormMapper matches criteria [is assignable to Object]
2021-06-11 11:48:16 DEBUG ResolverUtil:287 - Checking to see if class MyBatis.mapper.RoleMapper matches criteria [is assignable to Object]
2021-06-11 11:48:16 DEBUG ResolverUtil:287 - Checking to see if class MyBatis.mapper.TaskMapper matches criteria [is assignable to Object]
2021-06-11 11:48:16 DEBUG ResolverUtil:287 - Checking to see if class MyBatis.mapper.UserMapper matches criteria [is assignable to Object]
2021-06-11 11:48:16 DEBUG ResolverUtil:287 - Checking to see if class MyBatis.mapper.WorkCardMapper matches criteria [is assignable to Object]
2021-06-11 11:48:41 DEBUG LogFactory:105 - Logging initialized using 'class org.apache.ibatis.logging.slf4j.Slf4jImpl' adapter.
2021-06-11 11:48:41 DEBUG VFS:116 - Class not found: org.jboss.vfs.VFS
2021-06-11 11:48:41 DEBUG JBoss6VFS:149 - JBoss 6 VFS API is not available in this environment.
2021-06-11 11:48:41 DEBUG VFS:116 - Class not found: org.jboss.vfs.VirtualFile
2021-06-11 11:48:41 DEBUG VFS:64 - VFS implementation org.apache.ibatis.io.JBoss6VFS is not valid in this environment.
2021-06-11 11:48:41 DEBUG VFS:74 - Using VFS adapter org.apache.ibatis.io.DefaultVFS
2021-06-11 11:48:41 DEBUG DefaultVFS:224 - Find JAR URL: file:/F:/JavaProject/JavaMyBatis/target/classes/MyBatis
2021-06-11 11:48:41 DEBUG DefaultVFS:251 - Not a JAR: file:/F:/JavaProject/JavaMyBatis/target/classes/MyBatis
2021-06-11 11:48:41 DEBUG DefaultVFS:101 - Reader entry: entity
2021-06-11 11:48:41 DEBUG DefaultVFS:101 - Reader entry: enums
2021-06-11 11:48:41 DEBUG DefaultVFS:101 - Reader entry: mapper
2021-06-11 11:48:41 DEBUG DefaultVFS:101 - Reader entry: test
2021-06-11 11:48:41 DEBUG DefaultVFS:101 - Reader entry: utils
2021-06-11 11:48:41 DEBUG DefaultVFS:115 - Listing file:/F:/JavaProject/JavaMyBatis/target/classes/MyBatis
2021-06-11 11:48:41 DEBUG DefaultVFS:224 - Find JAR URL: file:/F:/JavaProject/JavaMyBatis/target/classes/MyBatis/entity
2021-06-11 11:48:41 DEBUG DefaultVFS:251 - Not a JAR: file:/F:/JavaProject/JavaMyBatis/target/classes/MyBatis/entity
2021-06-11 11:48:41 DEBUG DefaultVFS:101 - Reader entry: CountRoleParams.class
2021-06-11 11:48:41 DEBUG DefaultVFS:101 - Reader entry: Employee.class
2021-06-11 11:48:41 DEBUG DefaultVFS:101 - Reader entry: EmployeeTask.class
2021-06-11 11:48:41 DEBUG DefaultVFS:101 - Reader entry: FemaleEmployee.class
2021-06-11 11:48:41 DEBUG DefaultVFS:101 - Reader entry: FemaleHealthForm.class
2021-06-11 11:48:41 DEBUG DefaultVFS:101 - Reader entry: HealthForm.class
2021-06-11 11:48:41 DEBUG DefaultVFS:101 - Reader entry: MaleEmployee.class
2021-06-11 11:48:41 DEBUG DefaultVFS:101 - Reader entry: MaleHealthForm.class
2021-06-11 11:48:41 DEBUG DefaultVFS:101 - Reader entry: PageParams.class
2021-06-11 11:48:41 DEBUG DefaultVFS:101 - Reader entry: Role.class
2021-06-11 11:48:41 DEBUG DefaultVFS:101 - Reader entry: RoleParams.class
2021-06-11 11:48:41 DEBUG DefaultVFS:101 - Reader entry: Task.class
2021-06-11 11:48:41 DEBUG DefaultVFS:101 - Reader entry: User.class
2021-06-11 11:48:41 DEBUG DefaultVFS:101 - Reader entry: WorkCard.class
2021-06-11 11:48:41 DEBUG DefaultVFS:115 - Listing file:/F:/JavaProject/JavaMyBatis/target/classes/MyBatis/entity
2021-06-11 11:48:41 DEBUG DefaultVFS:224 - Find JAR URL: file:/F:/JavaProject/JavaMyBatis/target/classes/MyBatis/entity/CountRoleParams.class
2021-06-11 11:48:41 DEBUG DefaultVFS:251 - Not a JAR: file:/F:/JavaProject/JavaMyBatis/target/classes/MyBatis/entity/CountRoleParams.class
2021-06-11 11:48:41 DEBUG DefaultVFS:101 - Reader entry: ����   4 (
2021-06-11 11:48:41 DEBUG DefaultVFS:224 - Find JAR URL: file:/F:/JavaProject/JavaMyBatis/target/classes/MyBatis/entity/Employee.class
2021-06-11 11:48:41 DEBUG DefaultVFS:251 - Not a JAR: file:/F:/JavaProject/JavaMyBatis/target/classes/MyBatis/entity/Employee.class
2021-06-11 11:48:41 DEBUG DefaultVFS:101 - Reader entry: ����   4 Y
2021-06-11 11:48:41 DEBUG DefaultVFS:224 - Find JAR URL: file:/F:/JavaProject/JavaMyBatis/target/classes/MyBatis/entity/EmployeeTask.class
2021-06-11 11:48:41 DEBUG DefaultVFS:251 - Not a JAR: file:/F:/JavaProject/JavaMyBatis/target/classes/MyBatis/entity/EmployeeTask.class
2021-06-11 11:48:41 DEBUG DefaultVFS:101 - Reader entry: ����   4 2
2021-06-11 11:48:41 DEBUG DefaultVFS:224 - Find JAR URL: file:/F:/JavaProject/JavaMyBatis/target/classes/MyBatis/entity/FemaleEmployee.class
2021-06-11 11:48:41 DEBUG DefaultVFS:251 - Not a JAR: file:/F:/JavaProject/JavaMyBatis/target/classes/MyBatis/entity/FemaleEmployee.class
2021-06-11 11:48:41 DEBUG DefaultVFS:101 - Reader entry: ����   4 
2021-06-11 11:48:41 DEBUG DefaultVFS:224 - Find JAR URL: file:/F:/JavaProject/JavaMyBatis/target/classes/MyBatis/entity/FemaleHealthForm.class
2021-06-11 11:48:41 DEBUG DefaultVFS:251 - Not a JAR: file:/F:/JavaProject/JavaMyBatis/target/classes/MyBatis/entity/FemaleHealthForm.class
2021-06-11 11:48:41 DEBUG DefaultVFS:101 - Reader entry: ����   4 
2021-06-11 11:48:41 DEBUG DefaultVFS:224 - Find JAR URL: file:/F:/JavaProject/JavaMyBatis/target/classes/MyBatis/entity/HealthForm.class
2021-06-11 11:48:41 DEBUG DefaultVFS:251 - Not a JAR: file:/F:/JavaProject/JavaMyBatis/target/classes/MyBatis/entity/HealthForm.class
2021-06-11 11:48:41 DEBUG DefaultVFS:101 - Reader entry: ����   4 >
2021-06-11 11:48:41 DEBUG DefaultVFS:224 - Find JAR URL: file:/F:/JavaProject/JavaMyBatis/target/classes/MyBatis/entity/MaleEmployee.class
2021-06-11 11:48:41 DEBUG DefaultVFS:251 - Not a JAR: file:/F:/JavaProject/JavaMyBatis/target/classes/MyBatis/entity/MaleEmployee.class
2021-06-11 11:48:41 DEBUG DefaultVFS:101 - Reader entry: ����   4 
2021-06-11 11:48:41 DEBUG DefaultVFS:224 - Find JAR URL: file:/F:/JavaProject/JavaMyBatis/target/classes/MyBatis/entity/MaleHealthForm.class
2021-06-11 11:48:41 DEBUG DefaultVFS:251 - Not a JAR: file:/F:/JavaProject/JavaMyBatis/target/classes/MyBatis/entity/MaleHealthForm.class
2021-06-11 11:48:41 DEBUG DefaultVFS:101 - Reader entry: ����   4 
2021-06-11 11:48:41 DEBUG DefaultVFS:224 - Find JAR URL: file:/F:/JavaProject/JavaMyBatis/target/classes/MyBatis/entity/PageParams.class
2021-06-11 11:48:41 DEBUG DefaultVFS:251 - Not a JAR: file:/F:/JavaProject/JavaMyBatis/target/classes/MyBatis/entity/PageParams.class
2021-06-11 11:48:41 DEBUG DefaultVFS:101 - Reader entry: ����   4 
2021-06-11 11:48:41 DEBUG DefaultVFS:224 - Find JAR URL: file:/F:/JavaProject/JavaMyBatis/target/classes/MyBatis/entity/Role.class
2021-06-11 11:48:41 DEBUG DefaultVFS:251 - Not a JAR: file:/F:/JavaProject/JavaMyBatis/target/classes/MyBatis/entity/Role.class
2021-06-11 11:48:41 DEBUG DefaultVFS:101 - Reader entry: ����   4 #
2021-06-11 11:48:41 DEBUG DefaultVFS:224 - Find JAR URL: file:/F:/JavaProject/JavaMyBatis/target/classes/MyBatis/entity/RoleParams.class
2021-06-11 11:48:41 DEBUG DefaultVFS:251 - Not a JAR: file:/F:/JavaProject/JavaMyBatis/target/classes/MyBatis/entity/RoleParams.class
2021-06-11 11:48:41 DEBUG DefaultVFS:101 - Reader entry: ����   4 
2021-06-11 11:48:41 DEBUG DefaultVFS:224 - Find JAR URL: file:/F:/JavaProject/JavaMyBatis/target/classes/MyBatis/entity/Task.class
2021-06-11 11:48:41 DEBUG DefaultVFS:251 - Not a JAR: file:/F:/JavaProject/JavaMyBatis/target/classes/MyBatis/entity/Task.class
2021-06-11 11:48:41 DEBUG DefaultVFS:101 - Reader entry: ����   4 *
2021-06-11 11:48:41 DEBUG DefaultVFS:224 - Find JAR URL: file:/F:/JavaProject/JavaMyBatis/target/classes/MyBatis/entity/User.class
2021-06-11 11:48:41 DEBUG DefaultVFS:251 - Not a JAR: file:/F:/JavaProject/JavaMyBatis/target/classes/MyBatis/entity/User.class
2021-06-11 11:48:41 DEBUG DefaultVFS:101 - Reader entry: ����   4 A
2021-06-11 11:48:41 DEBUG DefaultVFS:224 - Find JAR URL: file:/F:/JavaProject/JavaMyBatis/target/classes/MyBatis/entity/WorkCard.class
2021-06-11 11:48:41 DEBUG DefaultVFS:251 - Not a JAR: file:/F:/JavaProject/JavaMyBatis/target/classes/MyBatis/entity/WorkCard.class
2021-06-11 11:48:41 DEBUG DefaultVFS:101 - Reader entry: ����   4 9
2021-06-11 11:48:41 DEBUG DefaultVFS:224 - Find JAR URL: file:/F:/JavaProject/JavaMyBatis/target/classes/MyBatis/enums
2021-06-11 11:48:41 DEBUG DefaultVFS:251 - Not a JAR: file:/F:/JavaProject/JavaMyBatis/target/classes/MyBatis/enums
2021-06-11 11:48:41 DEBUG DefaultVFS:101 - Reader entry: SexEnum.class
2021-06-11 11:48:41 DEBUG DefaultVFS:115 - Listing file:/F:/JavaProject/JavaMyBatis/target/classes/MyBatis/enums
2021-06-11 11:48:41 DEBUG DefaultVFS:224 - Find JAR URL: file:/F:/JavaProject/JavaMyBatis/target/classes/MyBatis/enums/SexEnum.class
2021-06-11 11:48:41 DEBUG DefaultVFS:251 - Not a JAR: file:/F:/JavaProject/JavaMyBatis/target/classes/MyBatis/enums/SexEnum.class
2021-06-11 11:48:41 DEBUG DefaultVFS:101 - Reader entry: ����   4 M	  9
2021-06-11 11:48:41 DEBUG DefaultVFS:224 - Find JAR URL: file:/F:/JavaProject/JavaMyBatis/target/classes/MyBatis/mapper
2021-06-11 11:48:41 DEBUG DefaultVFS:251 - Not a JAR: file:/F:/JavaProject/JavaMyBatis/target/classes/MyBatis/mapper
2021-06-11 11:48:41 DEBUG DefaultVFS:101 - Reader entry: EmployeeMapper.class
2021-06-11 11:48:41 DEBUG DefaultVFS:101 - Reader entry: EmployeeMapper.xml
2021-06-11 11:48:41 DEBUG DefaultVFS:101 - Reader entry: EmployeeTaskMapper.class
2021-06-11 11:48:41 DEBUG DefaultVFS:101 - Reader entry: EmployeeTaskMapper.xml
2021-06-11 11:48:41 DEBUG DefaultVFS:101 - Reader entry: FemaleHealthFormMapper.class
2021-06-11 11:48:41 DEBUG DefaultVFS:101 - Reader entry: FemaleHealthFormMapper.xml
2021-06-11 11:48:41 DEBUG DefaultVFS:101 - Reader entry: MaleHealthFormMapper.class
2021-06-11 11:48:41 DEBUG DefaultVFS:101 - Reader entry: MaleHealthFormMapper.xml
2021-06-11 11:48:41 DEBUG DefaultVFS:101 - Reader entry: RoleMapper.class
2021-06-11 11:48:41 DEBUG DefaultVFS:101 - Reader entry: RoleMapper.xml
2021-06-11 11:48:41 DEBUG DefaultVFS:101 - Reader entry: TaskMapper.class
2021-06-11 11:48:41 DEBUG DefaultVFS:101 - Reader entry: TaskMapper.xml
2021-06-11 11:48:41 DEBUG DefaultVFS:101 - Reader entry: UserMapper.class
2021-06-11 11:48:41 DEBUG DefaultVFS:101 - Reader entry: UserMapper.xml
2021-06-11 11:48:41 DEBUG DefaultVFS:101 - Reader entry: WorkCardMapper.class
2021-06-11 11:48:41 DEBUG DefaultVFS:101 - Reader entry: WorkCardMapper.xml
2021-06-11 11:48:41 DEBUG DefaultVFS:115 - Listing file:/F:/JavaProject/JavaMyBatis/target/classes/MyBatis/mapper
2021-06-11 11:48:41 DEBUG DefaultVFS:224 - Find JAR URL: file:/F:/JavaProject/JavaMyBatis/target/classes/MyBatis/mapper/EmployeeMapper.class
2021-06-11 11:48:41 DEBUG DefaultVFS:251 - Not a JAR: file:/F:/JavaProject/JavaMyBatis/target/classes/MyBatis/mapper/EmployeeMapper.class
2021-06-11 11:48:41 DEBUG DefaultVFS:101 - Reader entry: ����   4 
2021-06-11 11:48:41 DEBUG DefaultVFS:224 - Find JAR URL: file:/F:/JavaProject/JavaMyBatis/target/classes/MyBatis/mapper/EmployeeMapper.xml
2021-06-11 11:48:41 DEBUG DefaultVFS:251 - Not a JAR: file:/F:/JavaProject/JavaMyBatis/target/classes/MyBatis/mapper/EmployeeMapper.xml
2021-06-11 11:48:41 DEBUG DefaultVFS:101 - Reader entry: <?xml version="1.0" encoding="UTF-8" ?>
2021-06-11 11:48:41 DEBUG DefaultVFS:224 - Find JAR URL: file:/F:/JavaProject/JavaMyBatis/target/classes/MyBatis/mapper/EmployeeTaskMapper.class
2021-06-11 11:48:41 DEBUG DefaultVFS:251 - Not a JAR: file:/F:/JavaProject/JavaMyBatis/target/classes/MyBatis/mapper/EmployeeTaskMapper.class
2021-06-11 11:48:41 DEBUG DefaultVFS:101 - Reader entry: ����   4 	   getEmployeeTaskByEmpId /(Ljava/lang/Long;)LMyBatis/entity/EmployeeTask; 
2021-06-11 11:48:41 DEBUG DefaultVFS:224 - Find JAR URL: file:/F:/JavaProject/JavaMyBatis/target/classes/MyBatis/mapper/EmployeeTaskMapper.xml
2021-06-11 11:48:41 DEBUG DefaultVFS:251 - Not a JAR: file:/F:/JavaProject/JavaMyBatis/target/classes/MyBatis/mapper/EmployeeTaskMapper.xml
2021-06-11 11:48:41 DEBUG DefaultVFS:101 - Reader entry: <?xml version="1.0" encoding="UTF-8" ?>
2021-06-11 11:48:41 DEBUG DefaultVFS:224 - Find JAR URL: file:/F:/JavaProject/JavaMyBatis/target/classes/MyBatis/mapper/FemaleHealthFormMapper.class
2021-06-11 11:48:41 DEBUG DefaultVFS:251 - Not a JAR: file:/F:/JavaProject/JavaMyBatis/target/classes/MyBatis/mapper/FemaleHealthFormMapper.class
2021-06-11 11:48:41 DEBUG DefaultVFS:101 - Reader entry: ����   4 	   getFemaleHealthForm 3(Ljava/lang/Long;)LMyBatis/entity/FemaleHealthForm; 
2021-06-11 11:48:41 DEBUG DefaultVFS:224 - Find JAR URL: file:/F:/JavaProject/JavaMyBatis/target/classes/MyBatis/mapper/FemaleHealthFormMapper.xml
2021-06-11 11:48:41 DEBUG DefaultVFS:251 - Not a JAR: file:/F:/JavaProject/JavaMyBatis/target/classes/MyBatis/mapper/FemaleHealthFormMapper.xml
2021-06-11 11:48:41 DEBUG DefaultVFS:101 - Reader entry: <?xml version="1.0" encoding="UTF-8" ?>
2021-06-11 11:48:41 DEBUG DefaultVFS:224 - Find JAR URL: file:/F:/JavaProject/JavaMyBatis/target/classes/MyBatis/mapper/MaleHealthFormMapper.class
2021-06-11 11:48:41 DEBUG DefaultVFS:251 - Not a JAR: file:/F:/JavaProject/JavaMyBatis/target/classes/MyBatis/mapper/MaleHealthFormMapper.class
2021-06-11 11:48:41 DEBUG DefaultVFS:101 - Reader entry: ����   4 	   getMaleHealthForm 1(Ljava/lang/Long;)LMyBatis/entity/MaleHealthForm; 
2021-06-11 11:48:41 DEBUG DefaultVFS:224 - Find JAR URL: file:/F:/JavaProject/JavaMyBatis/target/classes/MyBatis/mapper/MaleHealthFormMapper.xml
2021-06-11 11:48:41 DEBUG DefaultVFS:251 - Not a JAR: file:/F:/JavaProject/JavaMyBatis/target/classes/MyBatis/mapper/MaleHealthFormMapper.xml
2021-06-11 11:48:41 DEBUG DefaultVFS:101 - Reader entry: <?xml version="1.0" encoding="UTF-8" ?>
2021-06-11 11:48:41 DEBUG DefaultVFS:224 - Find JAR URL: file:/F:/JavaProject/JavaMyBatis/target/classes/MyBatis/mapper/RoleMapper.class
2021-06-11 11:48:41 DEBUG DefaultVFS:251 - Not a JAR: file:/F:/JavaProject/JavaMyBatis/target/classes/MyBatis/mapper/RoleMapper.class
2021-06-11 11:48:41 DEBUG DefaultVFS:101 - Reader entry: ����   4    
2021-06-11 11:48:41 DEBUG DefaultVFS:224 - Find JAR URL: file:/F:/JavaProject/JavaMyBatis/target/classes/MyBatis/mapper/RoleMapper.xml
2021-06-11 11:48:41 DEBUG DefaultVFS:251 - Not a JAR: file:/F:/JavaProject/JavaMyBatis/target/classes/MyBatis/mapper/RoleMapper.xml
2021-06-11 11:48:41 DEBUG DefaultVFS:101 - Reader entry: <?xml version="1.0" encoding="UTF-8" ?>
2021-06-11 11:48:41 DEBUG DefaultVFS:224 - Find JAR URL: file:/F:/JavaProject/JavaMyBatis/target/classes/MyBatis/mapper/TaskMapper.class
2021-06-11 11:48:41 DEBUG DefaultVFS:251 - Not a JAR: file:/F:/JavaProject/JavaMyBatis/target/classes/MyBatis/mapper/TaskMapper.class
2021-06-11 11:48:41 DEBUG DefaultVFS:101 - Reader entry: ����   4 	   getTask '(Ljava/lang/Long;)LMyBatis/entity/Task; 
2021-06-11 11:48:41 DEBUG DefaultVFS:224 - Find JAR URL: file:/F:/JavaProject/JavaMyBatis/target/classes/MyBatis/mapper/TaskMapper.xml
2021-06-11 11:48:41 DEBUG DefaultVFS:251 - Not a JAR: file:/F:/JavaProject/JavaMyBatis/target/classes/MyBatis/mapper/TaskMapper.xml
2021-06-11 11:48:41 DEBUG DefaultVFS:101 - Reader entry: <?xml version="1.0" encoding="UTF-8" ?>
2021-06-11 11:48:41 DEBUG DefaultVFS:224 - Find JAR URL: file:/F:/JavaProject/JavaMyBatis/target/classes/MyBatis/mapper/UserMapper.class
2021-06-11 11:48:41 DEBUG DefaultVFS:251 - Not a JAR: file:/F:/JavaProject/JavaMyBatis/target/classes/MyBatis/mapper/UserMapper.class
2021-06-11 11:48:41 DEBUG DefaultVFS:101 - Reader entry: ����   4 	   getUser '(Ljava/lang/Long;)LMyBatis/entity/User; 
2021-06-11 11:48:41 DEBUG DefaultVFS:224 - Find JAR URL: file:/F:/JavaProject/JavaMyBatis/target/classes/MyBatis/mapper/UserMapper.xml
2021-06-11 11:48:41 DEBUG DefaultVFS:251 - Not a JAR: file:/F:/JavaProject/JavaMyBatis/target/classes/MyBatis/mapper/UserMapper.xml
2021-06-11 11:48:41 DEBUG DefaultVFS:101 - Reader entry: <?xml version="1.0" encoding="UTF-8" ?>
2021-06-11 11:48:41 DEBUG DefaultVFS:224 - Find JAR URL: file:/F:/JavaProject/JavaMyBatis/target/classes/MyBatis/mapper/WorkCardMapper.class
2021-06-11 11:48:41 DEBUG DefaultVFS:251 - Not a JAR: file:/F:/JavaProject/JavaMyBatis/target/classes/MyBatis/mapper/WorkCardMapper.class
2021-06-11 11:48:41 DEBUG DefaultVFS:101 - Reader entry: ����   4 	   getWorkCardByEmpId +(Ljava/lang/Long;)LMyBatis/entity/WorkCard; 
2021-06-11 11:48:41 DEBUG DefaultVFS:224 - Find JAR URL: file:/F:/JavaProject/JavaMyBatis/target/classes/MyBatis/mapper/WorkCardMapper.xml
2021-06-11 11:48:41 DEBUG DefaultVFS:251 - Not a JAR: file:/F:/JavaProject/JavaMyBatis/target/classes/MyBatis/mapper/WorkCardMapper.xml
2021-06-11 11:48:41 DEBUG DefaultVFS:101 - Reader entry: <?xml version="1.0" encoding="UTF-8" ?>
2021-06-11 11:48:41 DEBUG DefaultVFS:224 - Find JAR URL: file:/F:/JavaProject/JavaMyBatis/target/classes/MyBatis/test
2021-06-11 11:48:41 DEBUG DefaultVFS:251 - Not a JAR: file:/F:/JavaProject/JavaMyBatis/target/classes/MyBatis/test
2021-06-11 11:48:41 DEBUG DefaultVFS:101 - Reader entry: TestEmployeeMapper.class
2021-06-11 11:48:41 DEBUG DefaultVFS:101 - Reader entry: TestMyBatis.class
2021-06-11 11:48:41 DEBUG DefaultVFS:101 - Reader entry: TestRoleMapper.class
2021-06-11 11:48:41 DEBUG DefaultVFS:115 - Listing file:/F:/JavaProject/JavaMyBatis/target/classes/MyBatis/test
2021-06-11 11:48:41 DEBUG DefaultVFS:224 - Find JAR URL: file:/F:/JavaProject/JavaMyBatis/target/classes/MyBatis/test/TestEmployeeMapper.class
2021-06-11 11:48:41 DEBUG DefaultVFS:251 - Not a JAR: file:/F:/JavaProject/JavaMyBatis/target/classes/MyBatis/test/TestEmployeeMapper.class
2021-06-11 11:48:41 DEBUG DefaultVFS:101 - Reader entry: ����   4 4
2021-06-11 11:48:41 DEBUG DefaultVFS:224 - Find JAR URL: file:/F:/JavaProject/JavaMyBatis/target/classes/MyBatis/test/TestMyBatis.class
2021-06-11 11:48:41 DEBUG DefaultVFS:251 - Not a JAR: file:/F:/JavaProject/JavaMyBatis/target/classes/MyBatis/test/TestMyBatis.class
2021-06-11 11:48:41 DEBUG DefaultVFS:101 - Reader entry: ����   4 >
2021-06-11 11:48:41 DEBUG DefaultVFS:224 - Find JAR URL: file:/F:/JavaProject/JavaMyBatis/target/classes/MyBatis/test/TestRoleMapper.class
2021-06-11 11:48:41 DEBUG DefaultVFS:251 - Not a JAR: file:/F:/JavaProject/JavaMyBatis/target/classes/MyBatis/test/TestRoleMapper.class
2021-06-11 11:48:41 DEBUG DefaultVFS:101 - Reader entry: ����   4 �
2021-06-11 11:48:41 DEBUG DefaultVFS:224 - Find JAR URL: file:/F:/JavaProject/JavaMyBatis/target/classes/MyBatis/utils
2021-06-11 11:48:41 DEBUG DefaultVFS:251 - Not a JAR: file:/F:/JavaProject/JavaMyBatis/target/classes/MyBatis/utils
2021-06-11 11:48:41 DEBUG DefaultVFS:101 - Reader entry: SqlSessionFactoryUtils.class
2021-06-11 11:48:41 DEBUG DefaultVFS:115 - Listing file:/F:/JavaProject/JavaMyBatis/target/classes/MyBatis/utils
2021-06-11 11:48:41 DEBUG DefaultVFS:224 - Find JAR URL: file:/F:/JavaProject/JavaMyBatis/target/classes/MyBatis/utils/SqlSessionFactoryUtils.class
2021-06-11 11:48:41 DEBUG DefaultVFS:251 - Not a JAR: file:/F:/JavaProject/JavaMyBatis/target/classes/MyBatis/utils/SqlSessionFactoryUtils.class
2021-06-11 11:48:41 DEBUG DefaultVFS:101 - Reader entry: ����   4 I
2021-06-11 11:48:41 DEBUG ResolverUtil:287 - Checking to see if class MyBatis.entity.CountRoleParams matches criteria [is assignable to Object]
2021-06-11 11:48:41 DEBUG ResolverUtil:287 - Checking to see if class MyBatis.entity.Employee matches criteria [is assignable to Object]
2021-06-11 11:48:41 DEBUG ResolverUtil:287 - Checking to see if class MyBatis.entity.EmployeeTask matches criteria [is assignable to Object]
2021-06-11 11:48:41 DEBUG ResolverUtil:287 - Checking to see if class MyBatis.entity.FemaleEmployee matches criteria [is assignable to Object]
2021-06-11 11:48:41 DEBUG ResolverUtil:287 - Checking to see if class MyBatis.entity.FemaleHealthForm matches criteria [is assignable to Object]
2021-06-11 11:48:41 DEBUG ResolverUtil:287 - Checking to see if class MyBatis.entity.HealthForm matches criteria [is assignable to Object]
2021-06-11 11:48:41 DEBUG ResolverUtil:287 - Checking to see if class MyBatis.entity.MaleEmployee matches criteria [is assignable to Object]
2021-06-11 11:48:41 DEBUG ResolverUtil:287 - Checking to see if class MyBatis.entity.MaleHealthForm matches criteria [is assignable to Object]
2021-06-11 11:48:41 DEBUG ResolverUtil:287 - Checking to see if class MyBatis.entity.PageParams matches criteria [is assignable to Object]
2021-06-11 11:48:41 DEBUG ResolverUtil:287 - Checking to see if class MyBatis.entity.Role matches criteria [is assignable to Object]
2021-06-11 11:48:41 DEBUG ResolverUtil:287 - Checking to see if class MyBatis.entity.RoleParams matches criteria [is assignable to Object]
2021-06-11 11:48:41 DEBUG ResolverUtil:287 - Checking to see if class MyBatis.entity.Task matches criteria [is assignable to Object]
2021-06-11 11:48:41 DEBUG ResolverUtil:287 - Checking to see if class MyBatis.entity.User matches criteria [is assignable to Object]
2021-06-11 11:48:41 DEBUG ResolverUtil:287 - Checking to see if class MyBatis.entity.WorkCard matches criteria [is assignable to Object]
2021-06-11 11:48:41 DEBUG ResolverUtil:287 - Checking to see if class MyBatis.enums.SexEnum matches criteria [is assignable to Object]
2021-06-11 11:48:41 DEBUG ResolverUtil:287 - Checking to see if class MyBatis.mapper.EmployeeMapper matches criteria [is assignable to Object]
2021-06-11 11:48:41 DEBUG ResolverUtil:287 - Checking to see if class MyBatis.mapper.EmployeeTaskMapper matches criteria [is assignable to Object]
2021-06-11 11:48:41 DEBUG ResolverUtil:287 - Checking to see if class MyBatis.mapper.FemaleHealthFormMapper matches criteria [is assignable to Object]
2021-06-11 11:48:41 DEBUG ResolverUtil:287 - Checking to see if class MyBatis.mapper.MaleHealthFormMapper matches criteria [is assignable to Object]
2021-06-11 11:48:41 DEBUG ResolverUtil:287 - Checking to see if class MyBatis.mapper.RoleMapper matches criteria [is assignable to Object]
2021-06-11 11:48:41 DEBUG ResolverUtil:287 - Checking to see if class MyBatis.mapper.TaskMapper matches criteria [is assignable to Object]
2021-06-11 11:48:41 DEBUG ResolverUtil:287 - Checking to see if class MyBatis.mapper.UserMapper matches criteria [is assignable to Object]
2021-06-11 11:48:41 DEBUG ResolverUtil:287 - Checking to see if class MyBatis.mapper.WorkCardMapper matches criteria [is assignable to Object]
2021-06-11 11:48:41 DEBUG ResolverUtil:287 - Checking to see if class MyBatis.test.TestEmployeeMapper matches criteria [is assignable to Object]
2021-06-11 11:48:41 DEBUG ResolverUtil:287 - Checking to see if class MyBatis.test.TestMyBatis matches criteria [is assignable to Object]
2021-06-11 11:48:41 DEBUG ResolverUtil:287 - Checking to see if class MyBatis.test.TestRoleMapper matches criteria [is assignable to Object]
2021-06-11 11:48:41 DEBUG ResolverUtil:287 - Checking to see if class MyBatis.utils.SqlSessionFactoryUtils matches criteria [is assignable to Object]
2021-06-11 11:48:41 DEBUG PooledDataSource:363 - PooledDataSource forcefully closed/removed all connections.
2021-06-11 11:48:41 DEBUG PooledDataSource:363 - PooledDataSource forcefully closed/removed all connections.
2021-06-11 11:48:41 DEBUG PooledDataSource:363 - PooledDataSource forcefully closed/removed all connections.
2021-06-11 11:48:41 DEBUG PooledDataSource:363 - PooledDataSource forcefully closed/removed all connections.
2021-06-11 11:48:43 DEBUG PooledDataSource:434 - Created connection 1636182655.
2021-06-11 11:48:43 DEBUG PooledDataSource:391 - Returned connection 1636182655 to pool.
2021-06-11 11:48:43 DEBUG DefaultVFS:224 - Find JAR URL: file:/F:/JavaProject/JavaMyBatis/target/classes/MyBatis/mapper
2021-06-11 11:48:43 DEBUG DefaultVFS:251 - Not a JAR: file:/F:/JavaProject/JavaMyBatis/target/classes/MyBatis/mapper
2021-06-11 11:48:43 DEBUG DefaultVFS:101 - Reader entry: EmployeeMapper.class
2021-06-11 11:48:43 DEBUG DefaultVFS:101 - Reader entry: EmployeeMapper.xml
2021-06-11 11:48:43 DEBUG DefaultVFS:101 - Reader entry: EmployeeTaskMapper.class
2021-06-11 11:48:43 DEBUG DefaultVFS:101 - Reader entry: EmployeeTaskMapper.xml
2021-06-11 11:48:43 DEBUG DefaultVFS:101 - Reader entry: FemaleHealthFormMapper.class
2021-06-11 11:48:43 DEBUG DefaultVFS:101 - Reader entry: FemaleHealthFormMapper.xml
2021-06-11 11:48:43 DEBUG DefaultVFS:101 - Reader entry: MaleHealthFormMapper.class
2021-06-11 11:48:43 DEBUG DefaultVFS:101 - Reader entry: MaleHealthFormMapper.xml
2021-06-11 11:48:43 DEBUG DefaultVFS:101 - Reader entry: RoleMapper.class
2021-06-11 11:48:43 DEBUG DefaultVFS:101 - Reader entry: RoleMapper.xml
2021-06-11 11:48:43 DEBUG DefaultVFS:101 - Reader entry: TaskMapper.class
2021-06-11 11:48:43 DEBUG DefaultVFS:101 - Reader entry: TaskMapper.xml
2021-06-11 11:48:43 DEBUG DefaultVFS:101 - Reader entry: UserMapper.class
2021-06-11 11:48:43 DEBUG DefaultVFS:101 - Reader entry: UserMapper.xml
2021-06-11 11:48:43 DEBUG DefaultVFS:101 - Reader entry: WorkCardMapper.class
2021-06-11 11:48:43 DEBUG DefaultVFS:101 - Reader entry: WorkCardMapper.xml
2021-06-11 11:48:43 DEBUG DefaultVFS:115 - Listing file:/F:/JavaProject/JavaMyBatis/target/classes/MyBatis/mapper
2021-06-11 11:48:43 DEBUG DefaultVFS:224 - Find JAR URL: file:/F:/JavaProject/JavaMyBatis/target/classes/MyBatis/mapper/EmployeeMapper.class
2021-06-11 11:48:43 DEBUG DefaultVFS:251 - Not a JAR: file:/F:/JavaProject/JavaMyBatis/target/classes/MyBatis/mapper/EmployeeMapper.class
2021-06-11 11:48:43 DEBUG DefaultVFS:101 - Reader entry: ����   4 
2021-06-11 11:48:43 DEBUG DefaultVFS:224 - Find JAR URL: file:/F:/JavaProject/JavaMyBatis/target/classes/MyBatis/mapper/EmployeeMapper.xml
2021-06-11 11:48:43 DEBUG DefaultVFS:251 - Not a JAR: file:/F:/JavaProject/JavaMyBatis/target/classes/MyBatis/mapper/EmployeeMapper.xml
2021-06-11 11:48:43 DEBUG DefaultVFS:101 - Reader entry: <?xml version="1.0" encoding="UTF-8" ?>
2021-06-11 11:48:43 DEBUG DefaultVFS:224 - Find JAR URL: file:/F:/JavaProject/JavaMyBatis/target/classes/MyBatis/mapper/EmployeeTaskMapper.class
2021-06-11 11:48:43 DEBUG DefaultVFS:251 - Not a JAR: file:/F:/JavaProject/JavaMyBatis/target/classes/MyBatis/mapper/EmployeeTaskMapper.class
2021-06-11 11:48:43 DEBUG DefaultVFS:101 - Reader entry: ����   4 	   getEmployeeTaskByEmpId /(Ljava/lang/Long;)LMyBatis/entity/EmployeeTask; 
2021-06-11 11:48:43 DEBUG DefaultVFS:224 - Find JAR URL: file:/F:/JavaProject/JavaMyBatis/target/classes/MyBatis/mapper/EmployeeTaskMapper.xml
2021-06-11 11:48:43 DEBUG DefaultVFS:251 - Not a JAR: file:/F:/JavaProject/JavaMyBatis/target/classes/MyBatis/mapper/EmployeeTaskMapper.xml
2021-06-11 11:48:43 DEBUG DefaultVFS:101 - Reader entry: <?xml version="1.0" encoding="UTF-8" ?>
2021-06-11 11:48:43 DEBUG DefaultVFS:224 - Find JAR URL: file:/F:/JavaProject/JavaMyBatis/target/classes/MyBatis/mapper/FemaleHealthFormMapper.class
2021-06-11 11:48:43 DEBUG DefaultVFS:251 - Not a JAR: file:/F:/JavaProject/JavaMyBatis/target/classes/MyBatis/mapper/FemaleHealthFormMapper.class
2021-06-11 11:48:43 DEBUG DefaultVFS:101 - Reader entry: ����   4 	   getFemaleHealthForm 3(Ljava/lang/Long;)LMyBatis/entity/FemaleHealthForm; 
2021-06-11 11:48:43 DEBUG DefaultVFS:224 - Find JAR URL: file:/F:/JavaProject/JavaMyBatis/target/classes/MyBatis/mapper/FemaleHealthFormMapper.xml
2021-06-11 11:48:43 DEBUG DefaultVFS:251 - Not a JAR: file:/F:/JavaProject/JavaMyBatis/target/classes/MyBatis/mapper/FemaleHealthFormMapper.xml
2021-06-11 11:48:43 DEBUG DefaultVFS:101 - Reader entry: <?xml version="1.0" encoding="UTF-8" ?>
2021-06-11 11:48:43 DEBUG DefaultVFS:224 - Find JAR URL: file:/F:/JavaProject/JavaMyBatis/target/classes/MyBatis/mapper/MaleHealthFormMapper.class
2021-06-11 11:48:43 DEBUG DefaultVFS:251 - Not a JAR: file:/F:/JavaProject/JavaMyBatis/target/classes/MyBatis/mapper/MaleHealthFormMapper.class
2021-06-11 11:48:43 DEBUG DefaultVFS:101 - Reader entry: ����   4 	   getMaleHealthForm 1(Ljava/lang/Long;)LMyBatis/entity/MaleHealthForm; 
2021-06-11 11:48:43 DEBUG DefaultVFS:224 - Find JAR URL: file:/F:/JavaProject/JavaMyBatis/target/classes/MyBatis/mapper/MaleHealthFormMapper.xml
2021-06-11 11:48:43 DEBUG DefaultVFS:251 - Not a JAR: file:/F:/JavaProject/JavaMyBatis/target/classes/MyBatis/mapper/MaleHealthFormMapper.xml
2021-06-11 11:48:43 DEBUG DefaultVFS:101 - Reader entry: <?xml version="1.0" encoding="UTF-8" ?>
2021-06-11 11:48:43 DEBUG DefaultVFS:224 - Find JAR URL: file:/F:/JavaProject/JavaMyBatis/target/classes/MyBatis/mapper/RoleMapper.class
2021-06-11 11:48:43 DEBUG DefaultVFS:251 - Not a JAR: file:/F:/JavaProject/JavaMyBatis/target/classes/MyBatis/mapper/RoleMapper.class
2021-06-11 11:48:43 DEBUG DefaultVFS:101 - Reader entry: ����   4    
2021-06-11 11:48:43 DEBUG DefaultVFS:224 - Find JAR URL: file:/F:/JavaProject/JavaMyBatis/target/classes/MyBatis/mapper/RoleMapper.xml
2021-06-11 11:48:43 DEBUG DefaultVFS:251 - Not a JAR: file:/F:/JavaProject/JavaMyBatis/target/classes/MyBatis/mapper/RoleMapper.xml
2021-06-11 11:48:43 DEBUG DefaultVFS:101 - Reader entry: <?xml version="1.0" encoding="UTF-8" ?>
2021-06-11 11:48:43 DEBUG DefaultVFS:224 - Find JAR URL: file:/F:/JavaProject/JavaMyBatis/target/classes/MyBatis/mapper/TaskMapper.class
2021-06-11 11:48:43 DEBUG DefaultVFS:251 - Not a JAR: file:/F:/JavaProject/JavaMyBatis/target/classes/MyBatis/mapper/TaskMapper.class
2021-06-11 11:48:43 DEBUG DefaultVFS:101 - Reader entry: ����   4 	   getTask '(Ljava/lang/Long;)LMyBatis/entity/Task; 
2021-06-11 11:48:43 DEBUG DefaultVFS:224 - Find JAR URL: file:/F:/JavaProject/JavaMyBatis/target/classes/MyBatis/mapper/TaskMapper.xml
2021-06-11 11:48:43 DEBUG DefaultVFS:251 - Not a JAR: file:/F:/JavaProject/JavaMyBatis/target/classes/MyBatis/mapper/TaskMapper.xml
2021-06-11 11:48:43 DEBUG DefaultVFS:101 - Reader entry: <?xml version="1.0" encoding="UTF-8" ?>
2021-06-11 11:48:43 DEBUG DefaultVFS:224 - Find JAR URL: file:/F:/JavaProject/JavaMyBatis/target/classes/MyBatis/mapper/UserMapper.class
2021-06-11 11:48:43 DEBUG DefaultVFS:251 - Not a JAR: file:/F:/JavaProject/JavaMyBatis/target/classes/MyBatis/mapper/UserMapper.class
2021-06-11 11:48:43 DEBUG DefaultVFS:101 - Reader entry: ����   4 	   getUser '(Ljava/lang/Long;)LMyBatis/entity/User; 
2021-06-11 11:48:43 DEBUG DefaultVFS:224 - Find JAR URL: file:/F:/JavaProject/JavaMyBatis/target/classes/MyBatis/mapper/UserMapper.xml
2021-06-11 11:48:43 DEBUG DefaultVFS:251 - Not a JAR: file:/F:/JavaProject/JavaMyBatis/target/classes/MyBatis/mapper/UserMapper.xml
2021-06-11 11:48:43 DEBUG DefaultVFS:101 - Reader entry: <?xml version="1.0" encoding="UTF-8" ?>
2021-06-11 11:48:43 DEBUG DefaultVFS:224 - Find JAR URL: file:/F:/JavaProject/JavaMyBatis/target/classes/MyBatis/mapper/WorkCardMapper.class
2021-06-11 11:48:43 DEBUG DefaultVFS:251 - Not a JAR: file:/F:/JavaProject/JavaMyBatis/target/classes/MyBatis/mapper/WorkCardMapper.class
2021-06-11 11:48:43 DEBUG DefaultVFS:101 - Reader entry: ����   4 	   getWorkCardByEmpId +(Ljava/lang/Long;)LMyBatis/entity/WorkCard; 
2021-06-11 11:48:43 DEBUG DefaultVFS:224 - Find JAR URL: file:/F:/JavaProject/JavaMyBatis/target/classes/MyBatis/mapper/WorkCardMapper.xml
2021-06-11 11:48:43 DEBUG DefaultVFS:251 - Not a JAR: file:/F:/JavaProject/JavaMyBatis/target/classes/MyBatis/mapper/WorkCardMapper.xml
2021-06-11 11:48:43 DEBUG DefaultVFS:101 - Reader entry: <?xml version="1.0" encoding="UTF-8" ?>
2021-06-11 11:48:43 DEBUG ResolverUtil:287 - Checking to see if class MyBatis.mapper.EmployeeMapper matches criteria [is assignable to Object]
2021-06-11 11:48:43 DEBUG ResolverUtil:287 - Checking to see if class MyBatis.mapper.EmployeeTaskMapper matches criteria [is assignable to Object]
2021-06-11 11:48:43 DEBUG ResolverUtil:287 - Checking to see if class MyBatis.mapper.FemaleHealthFormMapper matches criteria [is assignable to Object]
2021-06-11 11:48:43 DEBUG ResolverUtil:287 - Checking to see if class MyBatis.mapper.MaleHealthFormMapper matches criteria [is assignable to Object]
2021-06-11 11:48:43 DEBUG ResolverUtil:287 - Checking to see if class MyBatis.mapper.RoleMapper matches criteria [is assignable to Object]
2021-06-11 11:48:43 DEBUG ResolverUtil:287 - Checking to see if class MyBatis.mapper.TaskMapper matches criteria [is assignable to Object]
2021-06-11 11:48:43 DEBUG ResolverUtil:287 - Checking to see if class MyBatis.mapper.UserMapper matches criteria [is assignable to Object]
2021-06-11 11:48:43 DEBUG ResolverUtil:287 - Checking to see if class MyBatis.mapper.WorkCardMapper matches criteria [is assignable to Object]
2021-06-11 11:48:43 DEBUG JdbcTransaction:137 - Opening JDBC Connection
2021-06-11 11:48:43 DEBUG PooledDataSource:426 - Checked out connection 1636182655 from pool.
2021-06-11 11:48:43 DEBUG JdbcTransaction:101 - Setting autocommit to false on JDBC Connection [com.mysql.cj.jdbc.ConnectionImpl@61862a7f]
2021-06-11 11:48:43 DEBUG findRolesByParams:137 - ==>  Preparing: select id , role_name as roleName, note from t_role where 1=1 and role_name like concat('%', ?, '%') and note like concat('%', ?, '%') limit ?, ?
2021-06-11 11:48:43 DEBUG findRolesByParams:137 - ==> Parameters: nam(String), note(String), 0(Integer), 100(Integer)
2021-06-11 11:48:43 DEBUG findRolesByParams:137 - <==      Total: 10
2021-06-11 11:48:43 DEBUG JdbcTransaction:123 - Resetting autocommit to true on JDBC Connection [com.mysql.cj.jdbc.ConnectionImpl@61862a7f]
2021-06-11 11:48:43 DEBUG JdbcTransaction:91 - Closing JDBC Connection [com.mysql.cj.jdbc.ConnectionImpl@61862a7f]
2021-06-11 11:48:43 DEBUG PooledDataSource:391 - Returned connection 1636182655 to pool.
2021-06-11 11:49:03 DEBUG LogFactory:105 - Logging initialized using 'class org.apache.ibatis.logging.slf4j.Slf4jImpl' adapter.
2021-06-11 11:49:03 DEBUG VFS:116 - Class not found: org.jboss.vfs.VFS
2021-06-11 11:49:03 DEBUG JBoss6VFS:149 - JBoss 6 VFS API is not available in this environment.
2021-06-11 11:49:03 DEBUG VFS:116 - Class not found: org.jboss.vfs.VirtualFile
2021-06-11 11:49:03 DEBUG VFS:64 - VFS implementation org.apache.ibatis.io.JBoss6VFS is not valid in this environment.
2021-06-11 11:49:03 DEBUG VFS:74 - Using VFS adapter org.apache.ibatis.io.DefaultVFS
2021-06-11 11:49:03 DEBUG DefaultVFS:224 - Find JAR URL: file:/F:/JavaProject/JavaMyBatis/target/classes/MyBatis
2021-06-11 11:49:03 DEBUG DefaultVFS:251 - Not a JAR: file:/F:/JavaProject/JavaMyBatis/target/classes/MyBatis
2021-06-11 11:49:03 DEBUG DefaultVFS:101 - Reader entry: entity
2021-06-11 11:49:03 DEBUG DefaultVFS:101 - Reader entry: enums
2021-06-11 11:49:03 DEBUG DefaultVFS:101 - Reader entry: mapper
2021-06-11 11:49:03 DEBUG DefaultVFS:101 - Reader entry: test
2021-06-11 11:49:03 DEBUG DefaultVFS:101 - Reader entry: utils
2021-06-11 11:49:03 DEBUG DefaultVFS:115 - Listing file:/F:/JavaProject/JavaMyBatis/target/classes/MyBatis
2021-06-11 11:49:03 DEBUG DefaultVFS:224 - Find JAR URL: file:/F:/JavaProject/JavaMyBatis/target/classes/MyBatis/entity
2021-06-11 11:49:03 DEBUG DefaultVFS:251 - Not a JAR: file:/F:/JavaProject/JavaMyBatis/target/classes/MyBatis/entity
2021-06-11 11:49:03 DEBUG DefaultVFS:101 - Reader entry: CountRoleParams.class
2021-06-11 11:49:03 DEBUG DefaultVFS:101 - Reader entry: Employee.class
2021-06-11 11:49:03 DEBUG DefaultVFS:101 - Reader entry: EmployeeTask.class
2021-06-11 11:49:03 DEBUG DefaultVFS:101 - Reader entry: FemaleEmployee.class
2021-06-11 11:49:03 DEBUG DefaultVFS:101 - Reader entry: FemaleHealthForm.class
2021-06-11 11:49:03 DEBUG DefaultVFS:101 - Reader entry: HealthForm.class
2021-06-11 11:49:03 DEBUG DefaultVFS:101 - Reader entry: MaleEmployee.class
2021-06-11 11:49:03 DEBUG DefaultVFS:101 - Reader entry: MaleHealthForm.class
2021-06-11 11:49:03 DEBUG DefaultVFS:101 - Reader entry: PageParams.class
2021-06-11 11:49:03 DEBUG DefaultVFS:101 - Reader entry: Role.class
2021-06-11 11:49:03 DEBUG DefaultVFS:101 - Reader entry: RoleParams.class
2021-06-11 11:49:03 DEBUG DefaultVFS:101 - Reader entry: Task.class
2021-06-11 11:49:03 DEBUG DefaultVFS:101 - Reader entry: User.class
2021-06-11 11:49:03 DEBUG DefaultVFS:101 - Reader entry: WorkCard.class
2021-06-11 11:49:03 DEBUG DefaultVFS:115 - Listing file:/F:/JavaProject/JavaMyBatis/target/classes/MyBatis/entity
2021-06-11 11:49:03 DEBUG DefaultVFS:224 - Find JAR URL: file:/F:/JavaProject/JavaMyBatis/target/classes/MyBatis/entity/CountRoleParams.class
2021-06-11 11:49:03 DEBUG DefaultVFS:251 - Not a JAR: file:/F:/JavaProject/JavaMyBatis/target/classes/MyBatis/entity/CountRoleParams.class
2021-06-11 11:49:03 DEBUG DefaultVFS:101 - Reader entry: ����   4 (
2021-06-11 11:49:03 DEBUG DefaultVFS:224 - Find JAR URL: file:/F:/JavaProject/JavaMyBatis/target/classes/MyBatis/entity/Employee.class
2021-06-11 11:49:03 DEBUG DefaultVFS:251 - Not a JAR: file:/F:/JavaProject/JavaMyBatis/target/classes/MyBatis/entity/Employee.class
2021-06-11 11:49:03 DEBUG DefaultVFS:101 - Reader entry: ����   4 Y
2021-06-11 11:49:03 DEBUG DefaultVFS:224 - Find JAR URL: file:/F:/JavaProject/JavaMyBatis/target/classes/MyBatis/entity/EmployeeTask.class
2021-06-11 11:49:03 DEBUG DefaultVFS:251 - Not a JAR: file:/F:/JavaProject/JavaMyBatis/target/classes/MyBatis/entity/EmployeeTask.class
2021-06-11 11:49:03 DEBUG DefaultVFS:101 - Reader entry: ����   4 2
2021-06-11 11:49:03 DEBUG DefaultVFS:224 - Find JAR URL: file:/F:/JavaProject/JavaMyBatis/target/classes/MyBatis/entity/FemaleEmployee.class
2021-06-11 11:49:03 DEBUG DefaultVFS:251 - Not a JAR: file:/F:/JavaProject/JavaMyBatis/target/classes/MyBatis/entity/FemaleEmployee.class
2021-06-11 11:49:03 DEBUG DefaultVFS:101 - Reader entry: ����   4 
2021-06-11 11:49:03 DEBUG DefaultVFS:224 - Find JAR URL: file:/F:/JavaProject/JavaMyBatis/target/classes/MyBatis/entity/FemaleHealthForm.class
2021-06-11 11:49:03 DEBUG DefaultVFS:251 - Not a JAR: file:/F:/JavaProject/JavaMyBatis/target/classes/MyBatis/entity/FemaleHealthForm.class
2021-06-11 11:49:03 DEBUG DefaultVFS:101 - Reader entry: ����   4 
2021-06-11 11:49:03 DEBUG DefaultVFS:224 - Find JAR URL: file:/F:/JavaProject/JavaMyBatis/target/classes/MyBatis/entity/HealthForm.class
2021-06-11 11:49:03 DEBUG DefaultVFS:251 - Not a JAR: file:/F:/JavaProject/JavaMyBatis/target/classes/MyBatis/entity/HealthForm.class
2021-06-11 11:49:03 DEBUG DefaultVFS:101 - Reader entry: ����   4 >
2021-06-11 11:49:03 DEBUG DefaultVFS:224 - Find JAR URL: file:/F:/JavaProject/JavaMyBatis/target/classes/MyBatis/entity/MaleEmployee.class
2021-06-11 11:49:03 DEBUG DefaultVFS:251 - Not a JAR: file:/F:/JavaProject/JavaMyBatis/target/classes/MyBatis/entity/MaleEmployee.class
2021-06-11 11:49:03 DEBUG DefaultVFS:101 - Reader entry: ����   4 
2021-06-11 11:49:03 DEBUG DefaultVFS:224 - Find JAR URL: file:/F:/JavaProject/JavaMyBatis/target/classes/MyBatis/entity/MaleHealthForm.class
2021-06-11 11:49:03 DEBUG DefaultVFS:251 - Not a JAR: file:/F:/JavaProject/JavaMyBatis/target/classes/MyBatis/entity/MaleHealthForm.class
2021-06-11 11:49:03 DEBUG DefaultVFS:101 - Reader entry: ����   4 
2021-06-11 11:49:03 DEBUG DefaultVFS:224 - Find JAR URL: file:/F:/JavaProject/JavaMyBatis/target/classes/MyBatis/entity/PageParams.class
2021-06-11 11:49:03 DEBUG DefaultVFS:251 - Not a JAR: file:/F:/JavaProject/JavaMyBatis/target/classes/MyBatis/entity/PageParams.class
2021-06-11 11:49:03 DEBUG DefaultVFS:101 - Reader entry: ����   4 
2021-06-11 11:49:03 DEBUG DefaultVFS:224 - Find JAR URL: file:/F:/JavaProject/JavaMyBatis/target/classes/MyBatis/entity/Role.class
2021-06-11 11:49:03 DEBUG DefaultVFS:251 - Not a JAR: file:/F:/JavaProject/JavaMyBatis/target/classes/MyBatis/entity/Role.class
2021-06-11 11:49:03 DEBUG DefaultVFS:101 - Reader entry: ����   4 #
2021-06-11 11:49:03 DEBUG DefaultVFS:224 - Find JAR URL: file:/F:/JavaProject/JavaMyBatis/target/classes/MyBatis/entity/RoleParams.class
2021-06-11 11:49:03 DEBUG DefaultVFS:251 - Not a JAR: file:/F:/JavaProject/JavaMyBatis/target/classes/MyBatis/entity/RoleParams.class
2021-06-11 11:49:03 DEBUG DefaultVFS:101 - Reader entry: ����   4 
2021-06-11 11:49:03 DEBUG DefaultVFS:224 - Find JAR URL: file:/F:/JavaProject/JavaMyBatis/target/classes/MyBatis/entity/Task.class
2021-06-11 11:49:03 DEBUG DefaultVFS:251 - Not a JAR: file:/F:/JavaProject/JavaMyBatis/target/classes/MyBatis/entity/Task.class
2021-06-11 11:49:03 DEBUG DefaultVFS:101 - Reader entry: ����   4 *
2021-06-11 11:49:03 DEBUG DefaultVFS:224 - Find JAR URL: file:/F:/JavaProject/JavaMyBatis/target/classes/MyBatis/entity/User.class
2021-06-11 11:49:03 DEBUG DefaultVFS:251 - Not a JAR: file:/F:/JavaProject/JavaMyBatis/target/classes/MyBatis/entity/User.class
2021-06-11 11:49:03 DEBUG DefaultVFS:101 - Reader entry: ����   4 A
2021-06-11 11:49:03 DEBUG DefaultVFS:224 - Find JAR URL: file:/F:/JavaProject/JavaMyBatis/target/classes/MyBatis/entity/WorkCard.class
2021-06-11 11:49:03 DEBUG DefaultVFS:251 - Not a JAR: file:/F:/JavaProject/JavaMyBatis/target/classes/MyBatis/entity/WorkCard.class
2021-06-11 11:49:03 DEBUG DefaultVFS:101 - Reader entry: ����   4 9
2021-06-11 11:49:03 DEBUG DefaultVFS:224 - Find JAR URL: file:/F:/JavaProject/JavaMyBatis/target/classes/MyBatis/enums
2021-06-11 11:49:03 DEBUG DefaultVFS:251 - Not a JAR: file:/F:/JavaProject/JavaMyBatis/target/classes/MyBatis/enums
2021-06-11 11:49:03 DEBUG DefaultVFS:101 - Reader entry: SexEnum.class
2021-06-11 11:49:03 DEBUG DefaultVFS:115 - Listing file:/F:/JavaProject/JavaMyBatis/target/classes/MyBatis/enums
2021-06-11 11:49:03 DEBUG DefaultVFS:224 - Find JAR URL: file:/F:/JavaProject/JavaMyBatis/target/classes/MyBatis/enums/SexEnum.class
2021-06-11 11:49:03 DEBUG DefaultVFS:251 - Not a JAR: file:/F:/JavaProject/JavaMyBatis/target/classes/MyBatis/enums/SexEnum.class
2021-06-11 11:49:03 DEBUG DefaultVFS:101 - Reader entry: ����   4 M	  9
2021-06-11 11:49:03 DEBUG DefaultVFS:224 - Find JAR URL: file:/F:/JavaProject/JavaMyBatis/target/classes/MyBatis/mapper
2021-06-11 11:49:03 DEBUG DefaultVFS:251 - Not a JAR: file:/F:/JavaProject/JavaMyBatis/target/classes/MyBatis/mapper
2021-06-11 11:49:03 DEBUG DefaultVFS:101 - Reader entry: EmployeeMapper.class
2021-06-11 11:49:03 DEBUG DefaultVFS:101 - Reader entry: EmployeeMapper.xml
2021-06-11 11:49:03 DEBUG DefaultVFS:101 - Reader entry: EmployeeTaskMapper.class
2021-06-11 11:49:03 DEBUG DefaultVFS:101 - Reader entry: EmployeeTaskMapper.xml
2021-06-11 11:49:03 DEBUG DefaultVFS:101 - Reader entry: FemaleHealthFormMapper.class
2021-06-11 11:49:03 DEBUG DefaultVFS:101 - Reader entry: FemaleHealthFormMapper.xml
2021-06-11 11:49:03 DEBUG DefaultVFS:101 - Reader entry: MaleHealthFormMapper.class
2021-06-11 11:49:03 DEBUG DefaultVFS:101 - Reader entry: MaleHealthFormMapper.xml
2021-06-11 11:49:03 DEBUG DefaultVFS:101 - Reader entry: RoleMapper.class
2021-06-11 11:49:03 DEBUG DefaultVFS:101 - Reader entry: RoleMapper.xml
2021-06-11 11:49:03 DEBUG DefaultVFS:101 - Reader entry: TaskMapper.class
2021-06-11 11:49:03 DEBUG DefaultVFS:101 - Reader entry: TaskMapper.xml
2021-06-11 11:49:03 DEBUG DefaultVFS:101 - Reader entry: UserMapper.class
2021-06-11 11:49:03 DEBUG DefaultVFS:101 - Reader entry: UserMapper.xml
2021-06-11 11:49:03 DEBUG DefaultVFS:101 - Reader entry: WorkCardMapper.class
2021-06-11 11:49:03 DEBUG DefaultVFS:101 - Reader entry: WorkCardMapper.xml
2021-06-11 11:49:03 DEBUG DefaultVFS:115 - Listing file:/F:/JavaProject/JavaMyBatis/target/classes/MyBatis/mapper
2021-06-11 11:49:03 DEBUG DefaultVFS:224 - Find JAR URL: file:/F:/JavaProject/JavaMyBatis/target/classes/MyBatis/mapper/EmployeeMapper.class
2021-06-11 11:49:03 DEBUG DefaultVFS:251 - Not a JAR: file:/F:/JavaProject/JavaMyBatis/target/classes/MyBatis/mapper/EmployeeMapper.class
2021-06-11 11:49:03 DEBUG DefaultVFS:101 - Reader entry: ����   4 
2021-06-11 11:49:03 DEBUG DefaultVFS:224 - Find JAR URL: file:/F:/JavaProject/JavaMyBatis/target/classes/MyBatis/mapper/EmployeeMapper.xml
2021-06-11 11:49:03 DEBUG DefaultVFS:251 - Not a JAR: file:/F:/JavaProject/JavaMyBatis/target/classes/MyBatis/mapper/EmployeeMapper.xml
2021-06-11 11:49:03 DEBUG DefaultVFS:101 - Reader entry: <?xml version="1.0" encoding="UTF-8" ?>
2021-06-11 11:49:03 DEBUG DefaultVFS:224 - Find JAR URL: file:/F:/JavaProject/JavaMyBatis/target/classes/MyBatis/mapper/EmployeeTaskMapper.class
2021-06-11 11:49:03 DEBUG DefaultVFS:251 - Not a JAR: file:/F:/JavaProject/JavaMyBatis/target/classes/MyBatis/mapper/EmployeeTaskMapper.class
2021-06-11 11:49:03 DEBUG DefaultVFS:101 - Reader entry: ����   4 	   getEmployeeTaskByEmpId /(Ljava/lang/Long;)LMyBatis/entity/EmployeeTask; 
2021-06-11 11:49:03 DEBUG DefaultVFS:224 - Find JAR URL: file:/F:/JavaProject/JavaMyBatis/target/classes/MyBatis/mapper/EmployeeTaskMapper.xml
2021-06-11 11:49:03 DEBUG DefaultVFS:251 - Not a JAR: file:/F:/JavaProject/JavaMyBatis/target/classes/MyBatis/mapper/EmployeeTaskMapper.xml
2021-06-11 11:49:03 DEBUG DefaultVFS:101 - Reader entry: <?xml version="1.0" encoding="UTF-8" ?>
2021-06-11 11:49:03 DEBUG DefaultVFS:224 - Find JAR URL: file:/F:/JavaProject/JavaMyBatis/target/classes/MyBatis/mapper/FemaleHealthFormMapper.class
2021-06-11 11:49:03 DEBUG DefaultVFS:251 - Not a JAR: file:/F:/JavaProject/JavaMyBatis/target/classes/MyBatis/mapper/FemaleHealthFormMapper.class
2021-06-11 11:49:03 DEBUG DefaultVFS:101 - Reader entry: ����   4 	   getFemaleHealthForm 3(Ljava/lang/Long;)LMyBatis/entity/FemaleHealthForm; 
2021-06-11 11:49:03 DEBUG DefaultVFS:224 - Find JAR URL: file:/F:/JavaProject/JavaMyBatis/target/classes/MyBatis/mapper/FemaleHealthFormMapper.xml
2021-06-11 11:49:03 DEBUG DefaultVFS:251 - Not a JAR: file:/F:/JavaProject/JavaMyBatis/target/classes/MyBatis/mapper/FemaleHealthFormMapper.xml
2021-06-11 11:49:03 DEBUG DefaultVFS:101 - Reader entry: <?xml version="1.0" encoding="UTF-8" ?>
2021-06-11 11:49:03 DEBUG DefaultVFS:224 - Find JAR URL: file:/F:/JavaProject/JavaMyBatis/target/classes/MyBatis/mapper/MaleHealthFormMapper.class
2021-06-11 11:49:03 DEBUG DefaultVFS:251 - Not a JAR: file:/F:/JavaProject/JavaMyBatis/target/classes/MyBatis/mapper/MaleHealthFormMapper.class
2021-06-11 11:49:03 DEBUG DefaultVFS:101 - Reader entry: ����   4 	   getMaleHealthForm 1(Ljava/lang/Long;)LMyBatis/entity/MaleHealthForm; 
2021-06-11 11:49:03 DEBUG DefaultVFS:224 - Find JAR URL: file:/F:/JavaProject/JavaMyBatis/target/classes/MyBatis/mapper/MaleHealthFormMapper.xml
2021-06-11 11:49:03 DEBUG DefaultVFS:251 - Not a JAR: file:/F:/JavaProject/JavaMyBatis/target/classes/MyBatis/mapper/MaleHealthFormMapper.xml
2021-06-11 11:49:03 DEBUG DefaultVFS:101 - Reader entry: <?xml version="1.0" encoding="UTF-8" ?>
2021-06-11 11:49:03 DEBUG DefaultVFS:224 - Find JAR URL: file:/F:/JavaProject/JavaMyBatis/target/classes/MyBatis/mapper/RoleMapper.class
2021-06-11 11:49:03 DEBUG DefaultVFS:251 - Not a JAR: file:/F:/JavaProject/JavaMyBatis/target/classes/MyBatis/mapper/RoleMapper.class
2021-06-11 11:49:03 DEBUG DefaultVFS:101 - Reader entry: ����   4    
2021-06-11 11:49:03 DEBUG DefaultVFS:224 - Find JAR URL: file:/F:/JavaProject/JavaMyBatis/target/classes/MyBatis/mapper/RoleMapper.xml
2021-06-11 11:49:03 DEBUG DefaultVFS:251 - Not a JAR: file:/F:/JavaProject/JavaMyBatis/target/classes/MyBatis/mapper/RoleMapper.xml
2021-06-11 11:49:03 DEBUG DefaultVFS:101 - Reader entry: <?xml version="1.0" encoding="UTF-8" ?>
2021-06-11 11:49:03 DEBUG DefaultVFS:224 - Find JAR URL: file:/F:/JavaProject/JavaMyBatis/target/classes/MyBatis/mapper/TaskMapper.class
2021-06-11 11:49:03 DEBUG DefaultVFS:251 - Not a JAR: file:/F:/JavaProject/JavaMyBatis/target/classes/MyBatis/mapper/TaskMapper.class
2021-06-11 11:49:03 DEBUG DefaultVFS:101 - Reader entry: ����   4 	   getTask '(Ljava/lang/Long;)LMyBatis/entity/Task; 
2021-06-11 11:49:03 DEBUG DefaultVFS:224 - Find JAR URL: file:/F:/JavaProject/JavaMyBatis/target/classes/MyBatis/mapper/TaskMapper.xml
2021-06-11 11:49:03 DEBUG DefaultVFS:251 - Not a JAR: file:/F:/JavaProject/JavaMyBatis/target/classes/MyBatis/mapper/TaskMapper.xml
2021-06-11 11:49:03 DEBUG DefaultVFS:101 - Reader entry: <?xml version="1.0" encoding="UTF-8" ?>
2021-06-11 11:49:03 DEBUG DefaultVFS:224 - Find JAR URL: file:/F:/JavaProject/JavaMyBatis/target/classes/MyBatis/mapper/UserMapper.class
2021-06-11 11:49:03 DEBUG DefaultVFS:251 - Not a JAR: file:/F:/JavaProject/JavaMyBatis/target/classes/MyBatis/mapper/UserMapper.class
2021-06-11 11:49:03 DEBUG DefaultVFS:101 - Reader entry: ����   4 	   getUser '(Ljava/lang/Long;)LMyBatis/entity/User; 
2021-06-11 11:49:03 DEBUG DefaultVFS:224 - Find JAR URL: file:/F:/JavaProject/JavaMyBatis/target/classes/MyBatis/mapper/UserMapper.xml
2021-06-11 11:49:03 DEBUG DefaultVFS:251 - Not a JAR: file:/F:/JavaProject/JavaMyBatis/target/classes/MyBatis/mapper/UserMapper.xml
2021-06-11 11:49:03 DEBUG DefaultVFS:101 - Reader entry: <?xml version="1.0" encoding="UTF-8" ?>
2021-06-11 11:49:03 DEBUG DefaultVFS:224 - Find JAR URL: file:/F:/JavaProject/JavaMyBatis/target/classes/MyBatis/mapper/WorkCardMapper.class
2021-06-11 11:49:03 DEBUG DefaultVFS:251 - Not a JAR: file:/F:/JavaProject/JavaMyBatis/target/classes/MyBatis/mapper/WorkCardMapper.class
2021-06-11 11:49:03 DEBUG DefaultVFS:101 - Reader entry: ����   4 	   getWorkCardByEmpId +(Ljava/lang/Long;)LMyBatis/entity/WorkCard; 
2021-06-11 11:49:03 DEBUG DefaultVFS:224 - Find JAR URL: file:/F:/JavaProject/JavaMyBatis/target/classes/MyBatis/mapper/WorkCardMapper.xml
2021-06-11 11:49:03 DEBUG DefaultVFS:251 - Not a JAR: file:/F:/JavaProject/JavaMyBatis/target/classes/MyBatis/mapper/WorkCardMapper.xml
2021-06-11 11:49:03 DEBUG DefaultVFS:101 - Reader entry: <?xml version="1.0" encoding="UTF-8" ?>
2021-06-11 11:49:03 DEBUG DefaultVFS:224 - Find JAR URL: file:/F:/JavaProject/JavaMyBatis/target/classes/MyBatis/test
2021-06-11 11:49:03 DEBUG DefaultVFS:251 - Not a JAR: file:/F:/JavaProject/JavaMyBatis/target/classes/MyBatis/test
2021-06-11 11:49:03 DEBUG DefaultVFS:101 - Reader entry: TestEmployeeMapper.class
2021-06-11 11:49:03 DEBUG DefaultVFS:101 - Reader entry: TestMyBatis.class
2021-06-11 11:49:03 DEBUG DefaultVFS:101 - Reader entry: TestRoleMapper.class
2021-06-11 11:49:03 DEBUG DefaultVFS:115 - Listing file:/F:/JavaProject/JavaMyBatis/target/classes/MyBatis/test
2021-06-11 11:49:03 DEBUG DefaultVFS:224 - Find JAR URL: file:/F:/JavaProject/JavaMyBatis/target/classes/MyBatis/test/TestEmployeeMapper.class
2021-06-11 11:49:03 DEBUG DefaultVFS:251 - Not a JAR: file:/F:/JavaProject/JavaMyBatis/target/classes/MyBatis/test/TestEmployeeMapper.class
2021-06-11 11:49:03 DEBUG DefaultVFS:101 - Reader entry: ����   4 4
2021-06-11 11:49:03 DEBUG DefaultVFS:224 - Find JAR URL: file:/F:/JavaProject/JavaMyBatis/target/classes/MyBatis/test/TestMyBatis.class
2021-06-11 11:49:03 DEBUG DefaultVFS:251 - Not a JAR: file:/F:/JavaProject/JavaMyBatis/target/classes/MyBatis/test/TestMyBatis.class
2021-06-11 11:49:03 DEBUG DefaultVFS:101 - Reader entry: ����   4 >
2021-06-11 11:49:03 DEBUG DefaultVFS:224 - Find JAR URL: file:/F:/JavaProject/JavaMyBatis/target/classes/MyBatis/test/TestRoleMapper.class
2021-06-11 11:49:03 DEBUG DefaultVFS:251 - Not a JAR: file:/F:/JavaProject/JavaMyBatis/target/classes/MyBatis/test/TestRoleMapper.class
2021-06-11 11:49:03 DEBUG DefaultVFS:101 - Reader entry: ����   4 �
2021-06-11 11:49:03 DEBUG DefaultVFS:224 - Find JAR URL: file:/F:/JavaProject/JavaMyBatis/target/classes/MyBatis/utils
2021-06-11 11:49:03 DEBUG DefaultVFS:251 - Not a JAR: file:/F:/JavaProject/JavaMyBatis/target/classes/MyBatis/utils
2021-06-11 11:49:03 DEBUG DefaultVFS:101 - Reader entry: SqlSessionFactoryUtils.class
2021-06-11 11:49:03 DEBUG DefaultVFS:115 - Listing file:/F:/JavaProject/JavaMyBatis/target/classes/MyBatis/utils
2021-06-11 11:49:03 DEBUG DefaultVFS:224 - Find JAR URL: file:/F:/JavaProject/JavaMyBatis/target/classes/MyBatis/utils/SqlSessionFactoryUtils.class
2021-06-11 11:49:03 DEBUG DefaultVFS:251 - Not a JAR: file:/F:/JavaProject/JavaMyBatis/target/classes/MyBatis/utils/SqlSessionFactoryUtils.class
2021-06-11 11:49:03 DEBUG DefaultVFS:101 - Reader entry: ����   4 I
2021-06-11 11:49:03 DEBUG ResolverUtil:287 - Checking to see if class MyBatis.entity.CountRoleParams matches criteria [is assignable to Object]
2021-06-11 11:49:03 DEBUG ResolverUtil:287 - Checking to see if class MyBatis.entity.Employee matches criteria [is assignable to Object]
2021-06-11 11:49:03 DEBUG ResolverUtil:287 - Checking to see if class MyBatis.entity.EmployeeTask matches criteria [is assignable to Object]
2021-06-11 11:49:03 DEBUG ResolverUtil:287 - Checking to see if class MyBatis.entity.FemaleEmployee matches criteria [is assignable to Object]
2021-06-11 11:49:03 DEBUG ResolverUtil:287 - Checking to see if class MyBatis.entity.FemaleHealthForm matches criteria [is assignable to Object]
2021-06-11 11:49:03 DEBUG ResolverUtil:287 - Checking to see if class MyBatis.entity.HealthForm matches criteria [is assignable to Object]
2021-06-11 11:49:03 DEBUG ResolverUtil:287 - Checking to see if class MyBatis.entity.MaleEmployee matches criteria [is assignable to Object]
2021-06-11 11:49:03 DEBUG ResolverUtil:287 - Checking to see if class MyBatis.entity.MaleHealthForm matches criteria [is assignable to Object]
2021-06-11 11:49:03 DEBUG ResolverUtil:287 - Checking to see if class MyBatis.entity.PageParams matches criteria [is assignable to Object]
2021-06-11 11:49:03 DEBUG ResolverUtil:287 - Checking to see if class MyBatis.entity.Role matches criteria [is assignable to Object]
2021-06-11 11:49:03 DEBUG ResolverUtil:287 - Checking to see if class MyBatis.entity.RoleParams matches criteria [is assignable to Object]
2021-06-11 11:49:03 DEBUG ResolverUtil:287 - Checking to see if class MyBatis.entity.Task matches criteria [is assignable to Object]
2021-06-11 11:49:03 DEBUG ResolverUtil:287 - Checking to see if class MyBatis.entity.User matches criteria [is assignable to Object]
2021-06-11 11:49:03 DEBUG ResolverUtil:287 - Checking to see if class MyBatis.entity.WorkCard matches criteria [is assignable to Object]
2021-06-11 11:49:03 DEBUG ResolverUtil:287 - Checking to see if class MyBatis.enums.SexEnum matches criteria [is assignable to Object]
2021-06-11 11:49:03 DEBUG ResolverUtil:287 - Checking to see if class MyBatis.mapper.EmployeeMapper matches criteria [is assignable to Object]
2021-06-11 11:49:03 DEBUG ResolverUtil:287 - Checking to see if class MyBatis.mapper.EmployeeTaskMapper matches criteria [is assignable to Object]
2021-06-11 11:49:03 DEBUG ResolverUtil:287 - Checking to see if class MyBatis.mapper.FemaleHealthFormMapper matches criteria [is assignable to Object]
2021-06-11 11:49:03 DEBUG ResolverUtil:287 - Checking to see if class MyBatis.mapper.MaleHealthFormMapper matches criteria [is assignable to Object]
2021-06-11 11:49:03 DEBUG ResolverUtil:287 - Checking to see if class MyBatis.mapper.RoleMapper matches criteria [is assignable to Object]
2021-06-11 11:49:03 DEBUG ResolverUtil:287 - Checking to see if class MyBatis.mapper.TaskMapper matches criteria [is assignable to Object]
2021-06-11 11:49:03 DEBUG ResolverUtil:287 - Checking to see if class MyBatis.mapper.UserMapper matches criteria [is assignable to Object]
2021-06-11 11:49:03 DEBUG ResolverUtil:287 - Checking to see if class MyBatis.mapper.WorkCardMapper matches criteria [is assignable to Object]
2021-06-11 11:49:03 DEBUG ResolverUtil:287 - Checking to see if class MyBatis.test.TestEmployeeMapper matches criteria [is assignable to Object]
2021-06-11 11:49:03 DEBUG ResolverUtil:287 - Checking to see if class MyBatis.test.TestMyBatis matches criteria [is assignable to Object]
2021-06-11 11:49:03 DEBUG ResolverUtil:287 - Checking to see if class MyBatis.test.TestRoleMapper matches criteria [is assignable to Object]
2021-06-11 11:49:03 DEBUG ResolverUtil:287 - Checking to see if class MyBatis.utils.SqlSessionFactoryUtils matches criteria [is assignable to Object]
2021-06-11 11:49:03 DEBUG PooledDataSource:363 - PooledDataSource forcefully closed/removed all connections.
2021-06-11 11:49:03 DEBUG PooledDataSource:363 - PooledDataSource forcefully closed/removed all connections.
2021-06-11 11:49:03 DEBUG PooledDataSource:363 - PooledDataSource forcefully closed/removed all connections.
2021-06-11 11:49:03 DEBUG PooledDataSource:363 - PooledDataSource forcefully closed/removed all connections.
2021-06-11 11:49:04 DEBUG PooledDataSource:434 - Created connection 1636182655.
2021-06-11 11:49:04 DEBUG PooledDataSource:391 - Returned connection 1636182655 to pool.
2021-06-11 11:49:04 DEBUG DefaultVFS:224 - Find JAR URL: file:/F:/JavaProject/JavaMyBatis/target/classes/MyBatis/mapper
2021-06-11 11:49:04 DEBUG DefaultVFS:251 - Not a JAR: file:/F:/JavaProject/JavaMyBatis/target/classes/MyBatis/mapper
2021-06-11 11:49:04 DEBUG DefaultVFS:101 - Reader entry: EmployeeMapper.class
2021-06-11 11:49:04 DEBUG DefaultVFS:101 - Reader entry: EmployeeMapper.xml
2021-06-11 11:49:04 DEBUG DefaultVFS:101 - Reader entry: EmployeeTaskMapper.class
2021-06-11 11:49:04 DEBUG DefaultVFS:101 - Reader entry: EmployeeTaskMapper.xml
2021-06-11 11:49:04 DEBUG DefaultVFS:101 - Reader entry: FemaleHealthFormMapper.class
2021-06-11 11:49:04 DEBUG DefaultVFS:101 - Reader entry: FemaleHealthFormMapper.xml
2021-06-11 11:49:04 DEBUG DefaultVFS:101 - Reader entry: MaleHealthFormMapper.class
2021-06-11 11:49:04 DEBUG DefaultVFS:101 - Reader entry: MaleHealthFormMapper.xml
2021-06-11 11:49:04 DEBUG DefaultVFS:101 - Reader entry: RoleMapper.class
2021-06-11 11:49:04 DEBUG DefaultVFS:101 - Reader entry: RoleMapper.xml
2021-06-11 11:49:04 DEBUG DefaultVFS:101 - Reader entry: TaskMapper.class
2021-06-11 11:49:04 DEBUG DefaultVFS:101 - Reader entry: TaskMapper.xml
2021-06-11 11:49:04 DEBUG DefaultVFS:101 - Reader entry: UserMapper.class
2021-06-11 11:49:04 DEBUG DefaultVFS:101 - Reader entry: UserMapper.xml
2021-06-11 11:49:04 DEBUG DefaultVFS:101 - Reader entry: WorkCardMapper.class
2021-06-11 11:49:04 DEBUG DefaultVFS:101 - Reader entry: WorkCardMapper.xml
2021-06-11 11:49:04 DEBUG DefaultVFS:115 - Listing file:/F:/JavaProject/JavaMyBatis/target/classes/MyBatis/mapper
2021-06-11 11:49:04 DEBUG DefaultVFS:224 - Find JAR URL: file:/F:/JavaProject/JavaMyBatis/target/classes/MyBatis/mapper/EmployeeMapper.class
2021-06-11 11:49:04 DEBUG DefaultVFS:251 - Not a JAR: file:/F:/JavaProject/JavaMyBatis/target/classes/MyBatis/mapper/EmployeeMapper.class
2021-06-11 11:49:04 DEBUG DefaultVFS:101 - Reader entry: ����   4 
2021-06-11 11:49:04 DEBUG DefaultVFS:224 - Find JAR URL: file:/F:/JavaProject/JavaMyBatis/target/classes/MyBatis/mapper/EmployeeMapper.xml
2021-06-11 11:49:04 DEBUG DefaultVFS:251 - Not a JAR: file:/F:/JavaProject/JavaMyBatis/target/classes/MyBatis/mapper/EmployeeMapper.xml
2021-06-11 11:49:04 DEBUG DefaultVFS:101 - Reader entry: <?xml version="1.0" encoding="UTF-8" ?>
2021-06-11 11:49:04 DEBUG DefaultVFS:224 - Find JAR URL: file:/F:/JavaProject/JavaMyBatis/target/classes/MyBatis/mapper/EmployeeTaskMapper.class
2021-06-11 11:49:04 DEBUG DefaultVFS:251 - Not a JAR: file:/F:/JavaProject/JavaMyBatis/target/classes/MyBatis/mapper/EmployeeTaskMapper.class
2021-06-11 11:49:04 DEBUG DefaultVFS:101 - Reader entry: ����   4 	   getEmployeeTaskByEmpId /(Ljava/lang/Long;)LMyBatis/entity/EmployeeTask; 
2021-06-11 11:49:04 DEBUG DefaultVFS:224 - Find JAR URL: file:/F:/JavaProject/JavaMyBatis/target/classes/MyBatis/mapper/EmployeeTaskMapper.xml
2021-06-11 11:49:04 DEBUG DefaultVFS:251 - Not a JAR: file:/F:/JavaProject/JavaMyBatis/target/classes/MyBatis/mapper/EmployeeTaskMapper.xml
2021-06-11 11:49:04 DEBUG DefaultVFS:101 - Reader entry: <?xml version="1.0" encoding="UTF-8" ?>
2021-06-11 11:49:04 DEBUG DefaultVFS:224 - Find JAR URL: file:/F:/JavaProject/JavaMyBatis/target/classes/MyBatis/mapper/FemaleHealthFormMapper.class
2021-06-11 11:49:04 DEBUG DefaultVFS:251 - Not a JAR: file:/F:/JavaProject/JavaMyBatis/target/classes/MyBatis/mapper/FemaleHealthFormMapper.class
2021-06-11 11:49:04 DEBUG DefaultVFS:101 - Reader entry: ����   4 	   getFemaleHealthForm 3(Ljava/lang/Long;)LMyBatis/entity/FemaleHealthForm; 
2021-06-11 11:49:04 DEBUG DefaultVFS:224 - Find JAR URL: file:/F:/JavaProject/JavaMyBatis/target/classes/MyBatis/mapper/FemaleHealthFormMapper.xml
2021-06-11 11:49:04 DEBUG DefaultVFS:251 - Not a JAR: file:/F:/JavaProject/JavaMyBatis/target/classes/MyBatis/mapper/FemaleHealthFormMapper.xml
2021-06-11 11:49:04 DEBUG DefaultVFS:101 - Reader entry: <?xml version="1.0" encoding="UTF-8" ?>
2021-06-11 11:49:04 DEBUG DefaultVFS:224 - Find JAR URL: file:/F:/JavaProject/JavaMyBatis/target/classes/MyBatis/mapper/MaleHealthFormMapper.class
2021-06-11 11:49:04 DEBUG DefaultVFS:251 - Not a JAR: file:/F:/JavaProject/JavaMyBatis/target/classes/MyBatis/mapper/MaleHealthFormMapper.class
2021-06-11 11:49:04 DEBUG DefaultVFS:101 - Reader entry: ����   4 	   getMaleHealthForm 1(Ljava/lang/Long;)LMyBatis/entity/MaleHealthForm; 
2021-06-11 11:49:04 DEBUG DefaultVFS:224 - Find JAR URL: file:/F:/JavaProject/JavaMyBatis/target/classes/MyBatis/mapper/MaleHealthFormMapper.xml
2021-06-11 11:49:04 DEBUG DefaultVFS:251 - Not a JAR: file:/F:/JavaProject/JavaMyBatis/target/classes/MyBatis/mapper/MaleHealthFormMapper.xml
2021-06-11 11:49:04 DEBUG DefaultVFS:101 - Reader entry: <?xml version="1.0" encoding="UTF-8" ?>
2021-06-11 11:49:04 DEBUG DefaultVFS:224 - Find JAR URL: file:/F:/JavaProject/JavaMyBatis/target/classes/MyBatis/mapper/RoleMapper.class
2021-06-11 11:49:04 DEBUG DefaultVFS:251 - Not a JAR: file:/F:/JavaProject/JavaMyBatis/target/classes/MyBatis/mapper/RoleMapper.class
2021-06-11 11:49:04 DEBUG DefaultVFS:101 - Reader entry: ����   4    
2021-06-11 11:49:04 DEBUG DefaultVFS:224 - Find JAR URL: file:/F:/JavaProject/JavaMyBatis/target/classes/MyBatis/mapper/RoleMapper.xml
2021-06-11 11:49:04 DEBUG DefaultVFS:251 - Not a JAR: file:/F:/JavaProject/JavaMyBatis/target/classes/MyBatis/mapper/RoleMapper.xml
2021-06-11 11:49:04 DEBUG DefaultVFS:101 - Reader entry: <?xml version="1.0" encoding="UTF-8" ?>
2021-06-11 11:49:04 DEBUG DefaultVFS:224 - Find JAR URL: file:/F:/JavaProject/JavaMyBatis/target/classes/MyBatis/mapper/TaskMapper.class
2021-06-11 11:49:04 DEBUG DefaultVFS:251 - Not a JAR: file:/F:/JavaProject/JavaMyBatis/target/classes/MyBatis/mapper/TaskMapper.class
2021-06-11 11:49:04 DEBUG DefaultVFS:101 - Reader entry: ����   4 	   getTask '(Ljava/lang/Long;)LMyBatis/entity/Task; 
2021-06-11 11:49:04 DEBUG DefaultVFS:224 - Find JAR URL: file:/F:/JavaProject/JavaMyBatis/target/classes/MyBatis/mapper/TaskMapper.xml
2021-06-11 11:49:04 DEBUG DefaultVFS:251 - Not a JAR: file:/F:/JavaProject/JavaMyBatis/target/classes/MyBatis/mapper/TaskMapper.xml
2021-06-11 11:49:04 DEBUG DefaultVFS:101 - Reader entry: <?xml version="1.0" encoding="UTF-8" ?>
2021-06-11 11:49:04 DEBUG DefaultVFS:224 - Find JAR URL: file:/F:/JavaProject/JavaMyBatis/target/classes/MyBatis/mapper/UserMapper.class
2021-06-11 11:49:04 DEBUG DefaultVFS:251 - Not a JAR: file:/F:/JavaProject/JavaMyBatis/target/classes/MyBatis/mapper/UserMapper.class
2021-06-11 11:49:04 DEBUG DefaultVFS:101 - Reader entry: ����   4 	   getUser '(Ljava/lang/Long;)LMyBatis/entity/User; 
2021-06-11 11:49:04 DEBUG DefaultVFS:224 - Find JAR URL: file:/F:/JavaProject/JavaMyBatis/target/classes/MyBatis/mapper/UserMapper.xml
2021-06-11 11:49:04 DEBUG DefaultVFS:251 - Not a JAR: file:/F:/JavaProject/JavaMyBatis/target/classes/MyBatis/mapper/UserMapper.xml
2021-06-11 11:49:04 DEBUG DefaultVFS:101 - Reader entry: <?xml version="1.0" encoding="UTF-8" ?>
2021-06-11 11:49:04 DEBUG DefaultVFS:224 - Find JAR URL: file:/F:/JavaProject/JavaMyBatis/target/classes/MyBatis/mapper/WorkCardMapper.class
2021-06-11 11:49:04 DEBUG DefaultVFS:251 - Not a JAR: file:/F:/JavaProject/JavaMyBatis/target/classes/MyBatis/mapper/WorkCardMapper.class
2021-06-11 11:49:04 DEBUG DefaultVFS:101 - Reader entry: ����   4 	   getWorkCardByEmpId +(Ljava/lang/Long;)LMyBatis/entity/WorkCard; 
2021-06-11 11:49:04 DEBUG DefaultVFS:224 - Find JAR URL: file:/F:/JavaProject/JavaMyBatis/target/classes/MyBatis/mapper/WorkCardMapper.xml
2021-06-11 11:49:04 DEBUG DefaultVFS:251 - Not a JAR: file:/F:/JavaProject/JavaMyBatis/target/classes/MyBatis/mapper/WorkCardMapper.xml
2021-06-11 11:49:04 DEBUG DefaultVFS:101 - Reader entry: <?xml version="1.0" encoding="UTF-8" ?>
2021-06-11 11:49:04 DEBUG ResolverUtil:287 - Checking to see if class MyBatis.mapper.EmployeeMapper matches criteria [is assignable to Object]
2021-06-11 11:49:04 DEBUG ResolverUtil:287 - Checking to see if class MyBatis.mapper.EmployeeTaskMapper matches criteria [is assignable to Object]
2021-06-11 11:49:04 DEBUG ResolverUtil:287 - Checking to see if class MyBatis.mapper.FemaleHealthFormMapper matches criteria [is assignable to Object]
2021-06-11 11:49:04 DEBUG ResolverUtil:287 - Checking to see if class MyBatis.mapper.MaleHealthFormMapper matches criteria [is assignable to Object]
2021-06-11 11:49:04 DEBUG ResolverUtil:287 - Checking to see if class MyBatis.mapper.RoleMapper matches criteria [is assignable to Object]
2021-06-11 11:49:04 DEBUG ResolverUtil:287 - Checking to see if class MyBatis.mapper.TaskMapper matches criteria [is assignable to Object]
2021-06-11 11:49:04 DEBUG ResolverUtil:287 - Checking to see if class MyBatis.mapper.UserMapper matches criteria [is assignable to Object]
2021-06-11 11:49:04 DEBUG ResolverUtil:287 - Checking to see if class MyBatis.mapper.WorkCardMapper matches criteria [is assignable to Object]
2021-06-11 11:49:04 DEBUG JdbcTransaction:137 - Opening JDBC Connection
2021-06-11 11:49:04 DEBUG PooledDataSource:426 - Checked out connection 1636182655 from pool.
2021-06-11 11:49:04 DEBUG JdbcTransaction:101 - Setting autocommit to false on JDBC Connection [com.mysql.cj.jdbc.ConnectionImpl@61862a7f]
2021-06-11 11:49:04 DEBUG findRolesByParams:137 - ==>  Preparing: select id , role_name as roleName, note from t_role where 1=1 and role_name like concat('%', ?, '%') and note like concat('%', ?, '%') limit ?, ?
2021-06-11 11:49:04 DEBUG findRolesByParams:137 - ==> Parameters: nam(String), note(String), 0(Integer), 100(Integer)
2021-06-11 11:49:04 DEBUG findRolesByParams:137 - <==      Total: 10
2021-06-11 11:49:04 DEBUG JdbcTransaction:123 - Resetting autocommit to true on JDBC Connection [com.mysql.cj.jdbc.ConnectionImpl@61862a7f]
2021-06-11 11:49:04 DEBUG JdbcTransaction:91 - Closing JDBC Connection [com.mysql.cj.jdbc.ConnectionImpl@61862a7f]
2021-06-11 11:49:04 DEBUG PooledDataSource:391 - Returned connection 1636182655 to pool.
2021-06-11 11:51:25 DEBUG LogFactory:105 - Logging initialized using 'class org.apache.ibatis.logging.slf4j.Slf4jImpl' adapter.
2021-06-11 11:51:25 DEBUG VFS:116 - Class not found: org.jboss.vfs.VFS
2021-06-11 11:51:25 DEBUG JBoss6VFS:149 - JBoss 6 VFS API is not available in this environment.
2021-06-11 11:51:25 DEBUG VFS:116 - Class not found: org.jboss.vfs.VirtualFile
2021-06-11 11:51:25 DEBUG VFS:64 - VFS implementation org.apache.ibatis.io.JBoss6VFS is not valid in this environment.
2021-06-11 11:51:25 DEBUG VFS:74 - Using VFS adapter org.apache.ibatis.io.DefaultVFS
2021-06-11 11:51:25 DEBUG DefaultVFS:224 - Find JAR URL: file:/F:/JavaProject/JavaMyBatis/target/classes/MyBatis
2021-06-11 11:51:25 DEBUG DefaultVFS:251 - Not a JAR: file:/F:/JavaProject/JavaMyBatis/target/classes/MyBatis
2021-06-11 11:51:25 DEBUG DefaultVFS:101 - Reader entry: entity
2021-06-11 11:51:25 DEBUG DefaultVFS:101 - Reader entry: enums
2021-06-11 11:51:25 DEBUG DefaultVFS:101 - Reader entry: mapper
2021-06-11 11:51:25 DEBUG DefaultVFS:101 - Reader entry: test
2021-06-11 11:51:25 DEBUG DefaultVFS:101 - Reader entry: utils
2021-06-11 11:51:25 DEBUG DefaultVFS:115 - Listing file:/F:/JavaProject/JavaMyBatis/target/classes/MyBatis
2021-06-11 11:51:25 DEBUG DefaultVFS:224 - Find JAR URL: file:/F:/JavaProject/JavaMyBatis/target/classes/MyBatis/entity
2021-06-11 11:51:25 DEBUG DefaultVFS:251 - Not a JAR: file:/F:/JavaProject/JavaMyBatis/target/classes/MyBatis/entity
2021-06-11 11:51:25 DEBUG DefaultVFS:101 - Reader entry: CountRoleParams.class
2021-06-11 11:51:25 DEBUG DefaultVFS:101 - Reader entry: Employee.class
2021-06-11 11:51:25 DEBUG DefaultVFS:101 - Reader entry: EmployeeTask.class
2021-06-11 11:51:25 DEBUG DefaultVFS:101 - Reader entry: FemaleEmployee.class
2021-06-11 11:51:25 DEBUG DefaultVFS:101 - Reader entry: FemaleHealthForm.class
2021-06-11 11:51:25 DEBUG DefaultVFS:101 - Reader entry: HealthForm.class
2021-06-11 11:51:25 DEBUG DefaultVFS:101 - Reader entry: MaleEmployee.class
2021-06-11 11:51:25 DEBUG DefaultVFS:101 - Reader entry: MaleHealthForm.class
2021-06-11 11:51:25 DEBUG DefaultVFS:101 - Reader entry: PageParams.class
2021-06-11 11:51:25 DEBUG DefaultVFS:101 - Reader entry: Role.class
2021-06-11 11:51:25 DEBUG DefaultVFS:101 - Reader entry: RoleParams.class
2021-06-11 11:51:25 DEBUG DefaultVFS:101 - Reader entry: Task.class
2021-06-11 11:51:25 DEBUG DefaultVFS:101 - Reader entry: User.class
2021-06-11 11:51:25 DEBUG DefaultVFS:101 - Reader entry: WorkCard.class
2021-06-11 11:51:25 DEBUG DefaultVFS:115 - Listing file:/F:/JavaProject/JavaMyBatis/target/classes/MyBatis/entity
2021-06-11 11:51:25 DEBUG DefaultVFS:224 - Find JAR URL: file:/F:/JavaProject/JavaMyBatis/target/classes/MyBatis/entity/CountRoleParams.class
2021-06-11 11:51:25 DEBUG DefaultVFS:251 - Not a JAR: file:/F:/JavaProject/JavaMyBatis/target/classes/MyBatis/entity/CountRoleParams.class
2021-06-11 11:51:25 DEBUG DefaultVFS:101 - Reader entry: ����   4 (
2021-06-11 11:51:25 DEBUG DefaultVFS:224 - Find JAR URL: file:/F:/JavaProject/JavaMyBatis/target/classes/MyBatis/entity/Employee.class
2021-06-11 11:51:25 DEBUG DefaultVFS:251 - Not a JAR: file:/F:/JavaProject/JavaMyBatis/target/classes/MyBatis/entity/Employee.class
2021-06-11 11:51:25 DEBUG DefaultVFS:101 - Reader entry: ����   4 Y
2021-06-11 11:51:25 DEBUG DefaultVFS:224 - Find JAR URL: file:/F:/JavaProject/JavaMyBatis/target/classes/MyBatis/entity/EmployeeTask.class
2021-06-11 11:51:25 DEBUG DefaultVFS:251 - Not a JAR: file:/F:/JavaProject/JavaMyBatis/target/classes/MyBatis/entity/EmployeeTask.class
2021-06-11 11:51:25 DEBUG DefaultVFS:101 - Reader entry: ����   4 2
2021-06-11 11:51:25 DEBUG DefaultVFS:224 - Find JAR URL: file:/F:/JavaProject/JavaMyBatis/target/classes/MyBatis/entity/FemaleEmployee.class
2021-06-11 11:51:25 DEBUG DefaultVFS:251 - Not a JAR: file:/F:/JavaProject/JavaMyBatis/target/classes/MyBatis/entity/FemaleEmployee.class
2021-06-11 11:51:25 DEBUG DefaultVFS:101 - Reader entry: ����   4 
2021-06-11 11:51:25 DEBUG DefaultVFS:224 - Find JAR URL: file:/F:/JavaProject/JavaMyBatis/target/classes/MyBatis/entity/FemaleHealthForm.class
2021-06-11 11:51:25 DEBUG DefaultVFS:251 - Not a JAR: file:/F:/JavaProject/JavaMyBatis/target/classes/MyBatis/entity/FemaleHealthForm.class
2021-06-11 11:51:25 DEBUG DefaultVFS:101 - Reader entry: ����   4 
2021-06-11 11:51:25 DEBUG DefaultVFS:224 - Find JAR URL: file:/F:/JavaProject/JavaMyBatis/target/classes/MyBatis/entity/HealthForm.class
2021-06-11 11:51:25 DEBUG DefaultVFS:251 - Not a JAR: file:/F:/JavaProject/JavaMyBatis/target/classes/MyBatis/entity/HealthForm.class
2021-06-11 11:51:25 DEBUG DefaultVFS:101 - Reader entry: ����   4 >
2021-06-11 11:51:25 DEBUG DefaultVFS:224 - Find JAR URL: file:/F:/JavaProject/JavaMyBatis/target/classes/MyBatis/entity/MaleEmployee.class
2021-06-11 11:51:25 DEBUG DefaultVFS:251 - Not a JAR: file:/F:/JavaProject/JavaMyBatis/target/classes/MyBatis/entity/MaleEmployee.class
2021-06-11 11:51:25 DEBUG DefaultVFS:101 - Reader entry: ����   4 
2021-06-11 11:51:25 DEBUG DefaultVFS:224 - Find JAR URL: file:/F:/JavaProject/JavaMyBatis/target/classes/MyBatis/entity/MaleHealthForm.class
2021-06-11 11:51:25 DEBUG DefaultVFS:251 - Not a JAR: file:/F:/JavaProject/JavaMyBatis/target/classes/MyBatis/entity/MaleHealthForm.class
2021-06-11 11:51:25 DEBUG DefaultVFS:101 - Reader entry: ����   4 
2021-06-11 11:51:25 DEBUG DefaultVFS:224 - Find JAR URL: file:/F:/JavaProject/JavaMyBatis/target/classes/MyBatis/entity/PageParams.class
2021-06-11 11:51:25 DEBUG DefaultVFS:251 - Not a JAR: file:/F:/JavaProject/JavaMyBatis/target/classes/MyBatis/entity/PageParams.class
2021-06-11 11:51:25 DEBUG DefaultVFS:101 - Reader entry: ����   4 
2021-06-11 11:51:25 DEBUG DefaultVFS:224 - Find JAR URL: file:/F:/JavaProject/JavaMyBatis/target/classes/MyBatis/entity/Role.class
2021-06-11 11:51:25 DEBUG DefaultVFS:251 - Not a JAR: file:/F:/JavaProject/JavaMyBatis/target/classes/MyBatis/entity/Role.class
2021-06-11 11:51:25 DEBUG DefaultVFS:101 - Reader entry: ����   4 #
2021-06-11 11:51:25 DEBUG DefaultVFS:224 - Find JAR URL: file:/F:/JavaProject/JavaMyBatis/target/classes/MyBatis/entity/RoleParams.class
2021-06-11 11:51:25 DEBUG DefaultVFS:251 - Not a JAR: file:/F:/JavaProject/JavaMyBatis/target/classes/MyBatis/entity/RoleParams.class
2021-06-11 11:51:25 DEBUG DefaultVFS:101 - Reader entry: ����   4 
2021-06-11 11:51:25 DEBUG DefaultVFS:224 - Find JAR URL: file:/F:/JavaProject/JavaMyBatis/target/classes/MyBatis/entity/Task.class
2021-06-11 11:51:25 DEBUG DefaultVFS:251 - Not a JAR: file:/F:/JavaProject/JavaMyBatis/target/classes/MyBatis/entity/Task.class
2021-06-11 11:51:25 DEBUG DefaultVFS:101 - Reader entry: ����   4 *
2021-06-11 11:51:25 DEBUG DefaultVFS:224 - Find JAR URL: file:/F:/JavaProject/JavaMyBatis/target/classes/MyBatis/entity/User.class
2021-06-11 11:51:25 DEBUG DefaultVFS:251 - Not a JAR: file:/F:/JavaProject/JavaMyBatis/target/classes/MyBatis/entity/User.class
2021-06-11 11:51:25 DEBUG DefaultVFS:101 - Reader entry: ����   4 A
2021-06-11 11:51:25 DEBUG DefaultVFS:224 - Find JAR URL: file:/F:/JavaProject/JavaMyBatis/target/classes/MyBatis/entity/WorkCard.class
2021-06-11 11:51:25 DEBUG DefaultVFS:251 - Not a JAR: file:/F:/JavaProject/JavaMyBatis/target/classes/MyBatis/entity/WorkCard.class
2021-06-11 11:51:25 DEBUG DefaultVFS:101 - Reader entry: ����   4 9
2021-06-11 11:51:25 DEBUG DefaultVFS:224 - Find JAR URL: file:/F:/JavaProject/JavaMyBatis/target/classes/MyBatis/enums
2021-06-11 11:51:25 DEBUG DefaultVFS:251 - Not a JAR: file:/F:/JavaProject/JavaMyBatis/target/classes/MyBatis/enums
2021-06-11 11:51:25 DEBUG DefaultVFS:101 - Reader entry: SexEnum.class
2021-06-11 11:51:25 DEBUG DefaultVFS:115 - Listing file:/F:/JavaProject/JavaMyBatis/target/classes/MyBatis/enums
2021-06-11 11:51:25 DEBUG DefaultVFS:224 - Find JAR URL: file:/F:/JavaProject/JavaMyBatis/target/classes/MyBatis/enums/SexEnum.class
2021-06-11 11:51:25 DEBUG DefaultVFS:251 - Not a JAR: file:/F:/JavaProject/JavaMyBatis/target/classes/MyBatis/enums/SexEnum.class
2021-06-11 11:51:25 DEBUG DefaultVFS:101 - Reader entry: ����   4 M	  9
2021-06-11 11:51:25 DEBUG DefaultVFS:224 - Find JAR URL: file:/F:/JavaProject/JavaMyBatis/target/classes/MyBatis/mapper
2021-06-11 11:51:25 DEBUG DefaultVFS:251 - Not a JAR: file:/F:/JavaProject/JavaMyBatis/target/classes/MyBatis/mapper
2021-06-11 11:51:25 DEBUG DefaultVFS:101 - Reader entry: EmployeeMapper.class
2021-06-11 11:51:25 DEBUG DefaultVFS:101 - Reader entry: EmployeeMapper.xml
2021-06-11 11:51:25 DEBUG DefaultVFS:101 - Reader entry: EmployeeTaskMapper.class
2021-06-11 11:51:25 DEBUG DefaultVFS:101 - Reader entry: EmployeeTaskMapper.xml
2021-06-11 11:51:25 DEBUG DefaultVFS:101 - Reader entry: FemaleHealthFormMapper.class
2021-06-11 11:51:25 DEBUG DefaultVFS:101 - Reader entry: FemaleHealthFormMapper.xml
2021-06-11 11:51:25 DEBUG DefaultVFS:101 - Reader entry: MaleHealthFormMapper.class
2021-06-11 11:51:25 DEBUG DefaultVFS:101 - Reader entry: MaleHealthFormMapper.xml
2021-06-11 11:51:25 DEBUG DefaultVFS:101 - Reader entry: RoleMapper.class
2021-06-11 11:51:25 DEBUG DefaultVFS:101 - Reader entry: RoleMapper.xml
2021-06-11 11:51:25 DEBUG DefaultVFS:101 - Reader entry: TaskMapper.class
2021-06-11 11:51:25 DEBUG DefaultVFS:101 - Reader entry: TaskMapper.xml
2021-06-11 11:51:25 DEBUG DefaultVFS:101 - Reader entry: UserMapper.class
2021-06-11 11:51:25 DEBUG DefaultVFS:101 - Reader entry: UserMapper.xml
2021-06-11 11:51:25 DEBUG DefaultVFS:101 - Reader entry: WorkCardMapper.class
2021-06-11 11:51:25 DEBUG DefaultVFS:101 - Reader entry: WorkCardMapper.xml
2021-06-11 11:51:25 DEBUG DefaultVFS:115 - Listing file:/F:/JavaProject/JavaMyBatis/target/classes/MyBatis/mapper
2021-06-11 11:51:25 DEBUG DefaultVFS:224 - Find JAR URL: file:/F:/JavaProject/JavaMyBatis/target/classes/MyBatis/mapper/EmployeeMapper.class
2021-06-11 11:51:25 DEBUG DefaultVFS:251 - Not a JAR: file:/F:/JavaProject/JavaMyBatis/target/classes/MyBatis/mapper/EmployeeMapper.class
2021-06-11 11:51:25 DEBUG DefaultVFS:101 - Reader entry: ����   4 
2021-06-11 11:51:25 DEBUG DefaultVFS:224 - Find JAR URL: file:/F:/JavaProject/JavaMyBatis/target/classes/MyBatis/mapper/EmployeeMapper.xml
2021-06-11 11:51:25 DEBUG DefaultVFS:251 - Not a JAR: file:/F:/JavaProject/JavaMyBatis/target/classes/MyBatis/mapper/EmployeeMapper.xml
2021-06-11 11:51:25 DEBUG DefaultVFS:101 - Reader entry: <?xml version="1.0" encoding="UTF-8" ?>
2021-06-11 11:51:25 DEBUG DefaultVFS:224 - Find JAR URL: file:/F:/JavaProject/JavaMyBatis/target/classes/MyBatis/mapper/EmployeeTaskMapper.class
2021-06-11 11:51:25 DEBUG DefaultVFS:251 - Not a JAR: file:/F:/JavaProject/JavaMyBatis/target/classes/MyBatis/mapper/EmployeeTaskMapper.class
2021-06-11 11:51:25 DEBUG DefaultVFS:101 - Reader entry: ����   4 	   getEmployeeTaskByEmpId /(Ljava/lang/Long;)LMyBatis/entity/EmployeeTask; 
2021-06-11 11:51:25 DEBUG DefaultVFS:224 - Find JAR URL: file:/F:/JavaProject/JavaMyBatis/target/classes/MyBatis/mapper/EmployeeTaskMapper.xml
2021-06-11 11:51:25 DEBUG DefaultVFS:251 - Not a JAR: file:/F:/JavaProject/JavaMyBatis/target/classes/MyBatis/mapper/EmployeeTaskMapper.xml
2021-06-11 11:51:25 DEBUG DefaultVFS:101 - Reader entry: <?xml version="1.0" encoding="UTF-8" ?>
2021-06-11 11:51:25 DEBUG DefaultVFS:224 - Find JAR URL: file:/F:/JavaProject/JavaMyBatis/target/classes/MyBatis/mapper/FemaleHealthFormMapper.class
2021-06-11 11:51:25 DEBUG DefaultVFS:251 - Not a JAR: file:/F:/JavaProject/JavaMyBatis/target/classes/MyBatis/mapper/FemaleHealthFormMapper.class
2021-06-11 11:51:25 DEBUG DefaultVFS:101 - Reader entry: ����   4 	   getFemaleHealthForm 3(Ljava/lang/Long;)LMyBatis/entity/FemaleHealthForm; 
2021-06-11 11:51:25 DEBUG DefaultVFS:224 - Find JAR URL: file:/F:/JavaProject/JavaMyBatis/target/classes/MyBatis/mapper/FemaleHealthFormMapper.xml
2021-06-11 11:51:25 DEBUG DefaultVFS:251 - Not a JAR: file:/F:/JavaProject/JavaMyBatis/target/classes/MyBatis/mapper/FemaleHealthFormMapper.xml
2021-06-11 11:51:25 DEBUG DefaultVFS:101 - Reader entry: <?xml version="1.0" encoding="UTF-8" ?>
2021-06-11 11:51:25 DEBUG DefaultVFS:224 - Find JAR URL: file:/F:/JavaProject/JavaMyBatis/target/classes/MyBatis/mapper/MaleHealthFormMapper.class
2021-06-11 11:51:25 DEBUG DefaultVFS:251 - Not a JAR: file:/F:/JavaProject/JavaMyBatis/target/classes/MyBatis/mapper/MaleHealthFormMapper.class
2021-06-11 11:51:25 DEBUG DefaultVFS:101 - Reader entry: ����   4 	   getMaleHealthForm 1(Ljava/lang/Long;)LMyBatis/entity/MaleHealthForm; 
2021-06-11 11:51:25 DEBUG DefaultVFS:224 - Find JAR URL: file:/F:/JavaProject/JavaMyBatis/target/classes/MyBatis/mapper/MaleHealthFormMapper.xml
2021-06-11 11:51:25 DEBUG DefaultVFS:251 - Not a JAR: file:/F:/JavaProject/JavaMyBatis/target/classes/MyBatis/mapper/MaleHealthFormMapper.xml
2021-06-11 11:51:25 DEBUG DefaultVFS:101 - Reader entry: <?xml version="1.0" encoding="UTF-8" ?>
2021-06-11 11:51:25 DEBUG DefaultVFS:224 - Find JAR URL: file:/F:/JavaProject/JavaMyBatis/target/classes/MyBatis/mapper/RoleMapper.class
2021-06-11 11:51:25 DEBUG DefaultVFS:251 - Not a JAR: file:/F:/JavaProject/JavaMyBatis/target/classes/MyBatis/mapper/RoleMapper.class
2021-06-11 11:51:25 DEBUG DefaultVFS:101 - Reader entry: ����   4    
2021-06-11 11:51:25 DEBUG DefaultVFS:224 - Find JAR URL: file:/F:/JavaProject/JavaMyBatis/target/classes/MyBatis/mapper/RoleMapper.xml
2021-06-11 11:51:25 DEBUG DefaultVFS:251 - Not a JAR: file:/F:/JavaProject/JavaMyBatis/target/classes/MyBatis/mapper/RoleMapper.xml
2021-06-11 11:51:25 DEBUG DefaultVFS:101 - Reader entry: <?xml version="1.0" encoding="UTF-8" ?>
2021-06-11 11:51:25 DEBUG DefaultVFS:224 - Find JAR URL: file:/F:/JavaProject/JavaMyBatis/target/classes/MyBatis/mapper/TaskMapper.class
2021-06-11 11:51:25 DEBUG DefaultVFS:251 - Not a JAR: file:/F:/JavaProject/JavaMyBatis/target/classes/MyBatis/mapper/TaskMapper.class
2021-06-11 11:51:25 DEBUG DefaultVFS:101 - Reader entry: ����   4 	   getTask '(Ljava/lang/Long;)LMyBatis/entity/Task; 
2021-06-11 11:51:25 DEBUG DefaultVFS:224 - Find JAR URL: file:/F:/JavaProject/JavaMyBatis/target/classes/MyBatis/mapper/TaskMapper.xml
2021-06-11 11:51:25 DEBUG DefaultVFS:251 - Not a JAR: file:/F:/JavaProject/JavaMyBatis/target/classes/MyBatis/mapper/TaskMapper.xml
2021-06-11 11:51:25 DEBUG DefaultVFS:101 - Reader entry: <?xml version="1.0" encoding="UTF-8" ?>
2021-06-11 11:51:25 DEBUG DefaultVFS:224 - Find JAR URL: file:/F:/JavaProject/JavaMyBatis/target/classes/MyBatis/mapper/UserMapper.class
2021-06-11 11:51:25 DEBUG DefaultVFS:251 - Not a JAR: file:/F:/JavaProject/JavaMyBatis/target/classes/MyBatis/mapper/UserMapper.class
2021-06-11 11:51:25 DEBUG DefaultVFS:101 - Reader entry: ����   4 	   getUser '(Ljava/lang/Long;)LMyBatis/entity/User; 
2021-06-11 11:51:25 DEBUG DefaultVFS:224 - Find JAR URL: file:/F:/JavaProject/JavaMyBatis/target/classes/MyBatis/mapper/UserMapper.xml
2021-06-11 11:51:25 DEBUG DefaultVFS:251 - Not a JAR: file:/F:/JavaProject/JavaMyBatis/target/classes/MyBatis/mapper/UserMapper.xml
2021-06-11 11:51:25 DEBUG DefaultVFS:101 - Reader entry: <?xml version="1.0" encoding="UTF-8" ?>
2021-06-11 11:51:25 DEBUG DefaultVFS:224 - Find JAR URL: file:/F:/JavaProject/JavaMyBatis/target/classes/MyBatis/mapper/WorkCardMapper.class
2021-06-11 11:51:25 DEBUG DefaultVFS:251 - Not a JAR: file:/F:/JavaProject/JavaMyBatis/target/classes/MyBatis/mapper/WorkCardMapper.class
2021-06-11 11:51:25 DEBUG DefaultVFS:101 - Reader entry: ����   4 	   getWorkCardByEmpId +(Ljava/lang/Long;)LMyBatis/entity/WorkCard; 
2021-06-11 11:51:25 DEBUG DefaultVFS:224 - Find JAR URL: file:/F:/JavaProject/JavaMyBatis/target/classes/MyBatis/mapper/WorkCardMapper.xml
2021-06-11 11:51:25 DEBUG DefaultVFS:251 - Not a JAR: file:/F:/JavaProject/JavaMyBatis/target/classes/MyBatis/mapper/WorkCardMapper.xml
2021-06-11 11:51:25 DEBUG DefaultVFS:101 - Reader entry: <?xml version="1.0" encoding="UTF-8" ?>
2021-06-11 11:51:25 DEBUG DefaultVFS:224 - Find JAR URL: file:/F:/JavaProject/JavaMyBatis/target/classes/MyBatis/test
2021-06-11 11:51:25 DEBUG DefaultVFS:251 - Not a JAR: file:/F:/JavaProject/JavaMyBatis/target/classes/MyBatis/test
2021-06-11 11:51:25 DEBUG DefaultVFS:101 - Reader entry: TestEmployeeMapper.class
2021-06-11 11:51:25 DEBUG DefaultVFS:101 - Reader entry: TestMyBatis.class
2021-06-11 11:51:25 DEBUG DefaultVFS:101 - Reader entry: TestRoleMapper.class
2021-06-11 11:51:25 DEBUG DefaultVFS:115 - Listing file:/F:/JavaProject/JavaMyBatis/target/classes/MyBatis/test
2021-06-11 11:51:25 DEBUG DefaultVFS:224 - Find JAR URL: file:/F:/JavaProject/JavaMyBatis/target/classes/MyBatis/test/TestEmployeeMapper.class
2021-06-11 11:51:25 DEBUG DefaultVFS:251 - Not a JAR: file:/F:/JavaProject/JavaMyBatis/target/classes/MyBatis/test/TestEmployeeMapper.class
2021-06-11 11:51:25 DEBUG DefaultVFS:101 - Reader entry: ����   4 4
2021-06-11 11:51:25 DEBUG DefaultVFS:224 - Find JAR URL: file:/F:/JavaProject/JavaMyBatis/target/classes/MyBatis/test/TestMyBatis.class
2021-06-11 11:51:25 DEBUG DefaultVFS:251 - Not a JAR: file:/F:/JavaProject/JavaMyBatis/target/classes/MyBatis/test/TestMyBatis.class
2021-06-11 11:51:25 DEBUG DefaultVFS:101 - Reader entry: ����   4 >
2021-06-11 11:51:25 DEBUG DefaultVFS:224 - Find JAR URL: file:/F:/JavaProject/JavaMyBatis/target/classes/MyBatis/test/TestRoleMapper.class
2021-06-11 11:51:25 DEBUG DefaultVFS:251 - Not a JAR: file:/F:/JavaProject/JavaMyBatis/target/classes/MyBatis/test/TestRoleMapper.class
2021-06-11 11:51:25 DEBUG DefaultVFS:101 - Reader entry: ����   4 �
2021-06-11 11:51:25 DEBUG DefaultVFS:224 - Find JAR URL: file:/F:/JavaProject/JavaMyBatis/target/classes/MyBatis/utils
2021-06-11 11:51:25 DEBUG DefaultVFS:251 - Not a JAR: file:/F:/JavaProject/JavaMyBatis/target/classes/MyBatis/utils
2021-06-11 11:51:25 DEBUG DefaultVFS:101 - Reader entry: SqlSessionFactoryUtils.class
2021-06-11 11:51:25 DEBUG DefaultVFS:115 - Listing file:/F:/JavaProject/JavaMyBatis/target/classes/MyBatis/utils
2021-06-11 11:51:25 DEBUG DefaultVFS:224 - Find JAR URL: file:/F:/JavaProject/JavaMyBatis/target/classes/MyBatis/utils/SqlSessionFactoryUtils.class
2021-06-11 11:51:25 DEBUG DefaultVFS:251 - Not a JAR: file:/F:/JavaProject/JavaMyBatis/target/classes/MyBatis/utils/SqlSessionFactoryUtils.class
2021-06-11 11:51:25 DEBUG DefaultVFS:101 - Reader entry: ����   4 I
2021-06-11 11:51:25 DEBUG ResolverUtil:287 - Checking to see if class MyBatis.entity.CountRoleParams matches criteria [is assignable to Object]
2021-06-11 11:51:25 DEBUG ResolverUtil:287 - Checking to see if class MyBatis.entity.Employee matches criteria [is assignable to Object]
2021-06-11 11:51:25 DEBUG ResolverUtil:287 - Checking to see if class MyBatis.entity.EmployeeTask matches criteria [is assignable to Object]
2021-06-11 11:51:25 DEBUG ResolverUtil:287 - Checking to see if class MyBatis.entity.FemaleEmployee matches criteria [is assignable to Object]
2021-06-11 11:51:25 DEBUG ResolverUtil:287 - Checking to see if class MyBatis.entity.FemaleHealthForm matches criteria [is assignable to Object]
2021-06-11 11:51:25 DEBUG ResolverUtil:287 - Checking to see if class MyBatis.entity.HealthForm matches criteria [is assignable to Object]
2021-06-11 11:51:25 DEBUG ResolverUtil:287 - Checking to see if class MyBatis.entity.MaleEmployee matches criteria [is assignable to Object]
2021-06-11 11:51:25 DEBUG ResolverUtil:287 - Checking to see if class MyBatis.entity.MaleHealthForm matches criteria [is assignable to Object]
2021-06-11 11:51:25 DEBUG ResolverUtil:287 - Checking to see if class MyBatis.entity.PageParams matches criteria [is assignable to Object]
2021-06-11 11:51:25 DEBUG ResolverUtil:287 - Checking to see if class MyBatis.entity.Role matches criteria [is assignable to Object]
2021-06-11 11:51:25 DEBUG ResolverUtil:287 - Checking to see if class MyBatis.entity.RoleParams matches criteria [is assignable to Object]
2021-06-11 11:51:25 DEBUG ResolverUtil:287 - Checking to see if class MyBatis.entity.Task matches criteria [is assignable to Object]
2021-06-11 11:51:25 DEBUG ResolverUtil:287 - Checking to see if class MyBatis.entity.User matches criteria [is assignable to Object]
2021-06-11 11:51:25 DEBUG ResolverUtil:287 - Checking to see if class MyBatis.entity.WorkCard matches criteria [is assignable to Object]
2021-06-11 11:51:25 DEBUG ResolverUtil:287 - Checking to see if class MyBatis.enums.SexEnum matches criteria [is assignable to Object]
2021-06-11 11:51:25 DEBUG ResolverUtil:287 - Checking to see if class MyBatis.mapper.EmployeeMapper matches criteria [is assignable to Object]
2021-06-11 11:51:25 DEBUG ResolverUtil:287 - Checking to see if class MyBatis.mapper.EmployeeTaskMapper matches criteria [is assignable to Object]
2021-06-11 11:51:25 DEBUG ResolverUtil:287 - Checking to see if class MyBatis.mapper.FemaleHealthFormMapper matches criteria [is assignable to Object]
2021-06-11 11:51:25 DEBUG ResolverUtil:287 - Checking to see if class MyBatis.mapper.MaleHealthFormMapper matches criteria [is assignable to Object]
2021-06-11 11:51:25 DEBUG ResolverUtil:287 - Checking to see if class MyBatis.mapper.RoleMapper matches criteria [is assignable to Object]
2021-06-11 11:51:25 DEBUG ResolverUtil:287 - Checking to see if class MyBatis.mapper.TaskMapper matches criteria [is assignable to Object]
2021-06-11 11:51:25 DEBUG ResolverUtil:287 - Checking to see if class MyBatis.mapper.UserMapper matches criteria [is assignable to Object]
2021-06-11 11:51:25 DEBUG ResolverUtil:287 - Checking to see if class MyBatis.mapper.WorkCardMapper matches criteria [is assignable to Object]
2021-06-11 11:51:25 DEBUG ResolverUtil:287 - Checking to see if class MyBatis.test.TestEmployeeMapper matches criteria [is assignable to Object]
2021-06-11 11:51:25 DEBUG ResolverUtil:287 - Checking to see if class MyBatis.test.TestMyBatis matches criteria [is assignable to Object]
2021-06-11 11:51:25 DEBUG ResolverUtil:287 - Checking to see if class MyBatis.test.TestRoleMapper matches criteria [is assignable to Object]
2021-06-11 11:51:25 DEBUG ResolverUtil:287 - Checking to see if class MyBatis.utils.SqlSessionFactoryUtils matches criteria [is assignable to Object]
2021-06-11 11:51:25 DEBUG PooledDataSource:363 - PooledDataSource forcefully closed/removed all connections.
2021-06-11 11:51:25 DEBUG PooledDataSource:363 - PooledDataSource forcefully closed/removed all connections.
2021-06-11 11:51:25 DEBUG PooledDataSource:363 - PooledDataSource forcefully closed/removed all connections.
2021-06-11 11:51:25 DEBUG PooledDataSource:363 - PooledDataSource forcefully closed/removed all connections.
2021-06-11 11:51:26 DEBUG PooledDataSource:434 - Created connection 1636182655.
2021-06-11 11:51:26 DEBUG PooledDataSource:391 - Returned connection 1636182655 to pool.
2021-06-11 11:51:26 DEBUG DefaultVFS:224 - Find JAR URL: file:/F:/JavaProject/JavaMyBatis/target/classes/MyBatis/mapper
2021-06-11 11:51:26 DEBUG DefaultVFS:251 - Not a JAR: file:/F:/JavaProject/JavaMyBatis/target/classes/MyBatis/mapper
2021-06-11 11:51:26 DEBUG DefaultVFS:101 - Reader entry: EmployeeMapper.class
2021-06-11 11:51:26 DEBUG DefaultVFS:101 - Reader entry: EmployeeMapper.xml
2021-06-11 11:51:26 DEBUG DefaultVFS:101 - Reader entry: EmployeeTaskMapper.class
2021-06-11 11:51:26 DEBUG DefaultVFS:101 - Reader entry: EmployeeTaskMapper.xml
2021-06-11 11:51:26 DEBUG DefaultVFS:101 - Reader entry: FemaleHealthFormMapper.class
2021-06-11 11:51:26 DEBUG DefaultVFS:101 - Reader entry: FemaleHealthFormMapper.xml
2021-06-11 11:51:26 DEBUG DefaultVFS:101 - Reader entry: MaleHealthFormMapper.class
2021-06-11 11:51:26 DEBUG DefaultVFS:101 - Reader entry: MaleHealthFormMapper.xml
2021-06-11 11:51:26 DEBUG DefaultVFS:101 - Reader entry: RoleMapper.class
2021-06-11 11:51:26 DEBUG DefaultVFS:101 - Reader entry: RoleMapper.xml
2021-06-11 11:51:26 DEBUG DefaultVFS:101 - Reader entry: TaskMapper.class
2021-06-11 11:51:26 DEBUG DefaultVFS:101 - Reader entry: TaskMapper.xml
2021-06-11 11:51:26 DEBUG DefaultVFS:101 - Reader entry: UserMapper.class
2021-06-11 11:51:26 DEBUG DefaultVFS:101 - Reader entry: UserMapper.xml
2021-06-11 11:51:26 DEBUG DefaultVFS:101 - Reader entry: WorkCardMapper.class
2021-06-11 11:51:26 DEBUG DefaultVFS:101 - Reader entry: WorkCardMapper.xml
2021-06-11 11:51:26 DEBUG DefaultVFS:115 - Listing file:/F:/JavaProject/JavaMyBatis/target/classes/MyBatis/mapper
2021-06-11 11:51:26 DEBUG DefaultVFS:224 - Find JAR URL: file:/F:/JavaProject/JavaMyBatis/target/classes/MyBatis/mapper/EmployeeMapper.class
2021-06-11 11:51:26 DEBUG DefaultVFS:251 - Not a JAR: file:/F:/JavaProject/JavaMyBatis/target/classes/MyBatis/mapper/EmployeeMapper.class
2021-06-11 11:51:26 DEBUG DefaultVFS:101 - Reader entry: ����   4 
2021-06-11 11:51:26 DEBUG DefaultVFS:224 - Find JAR URL: file:/F:/JavaProject/JavaMyBatis/target/classes/MyBatis/mapper/EmployeeMapper.xml
2021-06-11 11:51:26 DEBUG DefaultVFS:251 - Not a JAR: file:/F:/JavaProject/JavaMyBatis/target/classes/MyBatis/mapper/EmployeeMapper.xml
2021-06-11 11:51:26 DEBUG DefaultVFS:101 - Reader entry: <?xml version="1.0" encoding="UTF-8" ?>
2021-06-11 11:51:26 DEBUG DefaultVFS:224 - Find JAR URL: file:/F:/JavaProject/JavaMyBatis/target/classes/MyBatis/mapper/EmployeeTaskMapper.class
2021-06-11 11:51:26 DEBUG DefaultVFS:251 - Not a JAR: file:/F:/JavaProject/JavaMyBatis/target/classes/MyBatis/mapper/EmployeeTaskMapper.class
2021-06-11 11:51:26 DEBUG DefaultVFS:101 - Reader entry: ����   4 	   getEmployeeTaskByEmpId /(Ljava/lang/Long;)LMyBatis/entity/EmployeeTask; 
2021-06-11 11:51:26 DEBUG DefaultVFS:224 - Find JAR URL: file:/F:/JavaProject/JavaMyBatis/target/classes/MyBatis/mapper/EmployeeTaskMapper.xml
2021-06-11 11:51:26 DEBUG DefaultVFS:251 - Not a JAR: file:/F:/JavaProject/JavaMyBatis/target/classes/MyBatis/mapper/EmployeeTaskMapper.xml
2021-06-11 11:51:26 DEBUG DefaultVFS:101 - Reader entry: <?xml version="1.0" encoding="UTF-8" ?>
2021-06-11 11:51:26 DEBUG DefaultVFS:224 - Find JAR URL: file:/F:/JavaProject/JavaMyBatis/target/classes/MyBatis/mapper/FemaleHealthFormMapper.class
2021-06-11 11:51:26 DEBUG DefaultVFS:251 - Not a JAR: file:/F:/JavaProject/JavaMyBatis/target/classes/MyBatis/mapper/FemaleHealthFormMapper.class
2021-06-11 11:51:26 DEBUG DefaultVFS:101 - Reader entry: ����   4 	   getFemaleHealthForm 3(Ljava/lang/Long;)LMyBatis/entity/FemaleHealthForm; 
2021-06-11 11:51:26 DEBUG DefaultVFS:224 - Find JAR URL: file:/F:/JavaProject/JavaMyBatis/target/classes/MyBatis/mapper/FemaleHealthFormMapper.xml
2021-06-11 11:51:26 DEBUG DefaultVFS:251 - Not a JAR: file:/F:/JavaProject/JavaMyBatis/target/classes/MyBatis/mapper/FemaleHealthFormMapper.xml
2021-06-11 11:51:26 DEBUG DefaultVFS:101 - Reader entry: <?xml version="1.0" encoding="UTF-8" ?>
2021-06-11 11:51:26 DEBUG DefaultVFS:224 - Find JAR URL: file:/F:/JavaProject/JavaMyBatis/target/classes/MyBatis/mapper/MaleHealthFormMapper.class
2021-06-11 11:51:26 DEBUG DefaultVFS:251 - Not a JAR: file:/F:/JavaProject/JavaMyBatis/target/classes/MyBatis/mapper/MaleHealthFormMapper.class
2021-06-11 11:51:26 DEBUG DefaultVFS:101 - Reader entry: ����   4 	   getMaleHealthForm 1(Ljava/lang/Long;)LMyBatis/entity/MaleHealthForm; 
2021-06-11 11:51:26 DEBUG DefaultVFS:224 - Find JAR URL: file:/F:/JavaProject/JavaMyBatis/target/classes/MyBatis/mapper/MaleHealthFormMapper.xml
2021-06-11 11:51:26 DEBUG DefaultVFS:251 - Not a JAR: file:/F:/JavaProject/JavaMyBatis/target/classes/MyBatis/mapper/MaleHealthFormMapper.xml
2021-06-11 11:51:26 DEBUG DefaultVFS:101 - Reader entry: <?xml version="1.0" encoding="UTF-8" ?>
2021-06-11 11:51:26 DEBUG DefaultVFS:224 - Find JAR URL: file:/F:/JavaProject/JavaMyBatis/target/classes/MyBatis/mapper/RoleMapper.class
2021-06-11 11:51:26 DEBUG DefaultVFS:251 - Not a JAR: file:/F:/JavaProject/JavaMyBatis/target/classes/MyBatis/mapper/RoleMapper.class
2021-06-11 11:51:26 DEBUG DefaultVFS:101 - Reader entry: ����   4    
2021-06-11 11:51:26 DEBUG DefaultVFS:224 - Find JAR URL: file:/F:/JavaProject/JavaMyBatis/target/classes/MyBatis/mapper/RoleMapper.xml
2021-06-11 11:51:26 DEBUG DefaultVFS:251 - Not a JAR: file:/F:/JavaProject/JavaMyBatis/target/classes/MyBatis/mapper/RoleMapper.xml
2021-06-11 11:51:26 DEBUG DefaultVFS:101 - Reader entry: <?xml version="1.0" encoding="UTF-8" ?>
2021-06-11 11:51:26 DEBUG DefaultVFS:224 - Find JAR URL: file:/F:/JavaProject/JavaMyBatis/target/classes/MyBatis/mapper/TaskMapper.class
2021-06-11 11:51:26 DEBUG DefaultVFS:251 - Not a JAR: file:/F:/JavaProject/JavaMyBatis/target/classes/MyBatis/mapper/TaskMapper.class
2021-06-11 11:51:26 DEBUG DefaultVFS:101 - Reader entry: ����   4 	   getTask '(Ljava/lang/Long;)LMyBatis/entity/Task; 
2021-06-11 11:51:26 DEBUG DefaultVFS:224 - Find JAR URL: file:/F:/JavaProject/JavaMyBatis/target/classes/MyBatis/mapper/TaskMapper.xml
2021-06-11 11:51:26 DEBUG DefaultVFS:251 - Not a JAR: file:/F:/JavaProject/JavaMyBatis/target/classes/MyBatis/mapper/TaskMapper.xml
2021-06-11 11:51:26 DEBUG DefaultVFS:101 - Reader entry: <?xml version="1.0" encoding="UTF-8" ?>
2021-06-11 11:51:26 DEBUG DefaultVFS:224 - Find JAR URL: file:/F:/JavaProject/JavaMyBatis/target/classes/MyBatis/mapper/UserMapper.class
2021-06-11 11:51:26 DEBUG DefaultVFS:251 - Not a JAR: file:/F:/JavaProject/JavaMyBatis/target/classes/MyBatis/mapper/UserMapper.class
2021-06-11 11:51:26 DEBUG DefaultVFS:101 - Reader entry: ����   4 	   getUser '(Ljava/lang/Long;)LMyBatis/entity/User; 
2021-06-11 11:51:26 DEBUG DefaultVFS:224 - Find JAR URL: file:/F:/JavaProject/JavaMyBatis/target/classes/MyBatis/mapper/UserMapper.xml
2021-06-11 11:51:26 DEBUG DefaultVFS:251 - Not a JAR: file:/F:/JavaProject/JavaMyBatis/target/classes/MyBatis/mapper/UserMapper.xml
2021-06-11 11:51:26 DEBUG DefaultVFS:101 - Reader entry: <?xml version="1.0" encoding="UTF-8" ?>
2021-06-11 11:51:26 DEBUG DefaultVFS:224 - Find JAR URL: file:/F:/JavaProject/JavaMyBatis/target/classes/MyBatis/mapper/WorkCardMapper.class
2021-06-11 11:51:26 DEBUG DefaultVFS:251 - Not a JAR: file:/F:/JavaProject/JavaMyBatis/target/classes/MyBatis/mapper/WorkCardMapper.class
2021-06-11 11:51:26 DEBUG DefaultVFS:101 - Reader entry: ����   4 	   getWorkCardByEmpId +(Ljava/lang/Long;)LMyBatis/entity/WorkCard; 
2021-06-11 11:51:26 DEBUG DefaultVFS:224 - Find JAR URL: file:/F:/JavaProject/JavaMyBatis/target/classes/MyBatis/mapper/WorkCardMapper.xml
2021-06-11 11:51:26 DEBUG DefaultVFS:251 - Not a JAR: file:/F:/JavaProject/JavaMyBatis/target/classes/MyBatis/mapper/WorkCardMapper.xml
2021-06-11 11:51:26 DEBUG DefaultVFS:101 - Reader entry: <?xml version="1.0" encoding="UTF-8" ?>
2021-06-11 11:51:26 DEBUG ResolverUtil:287 - Checking to see if class MyBatis.mapper.EmployeeMapper matches criteria [is assignable to Object]
2021-06-11 11:51:26 DEBUG ResolverUtil:287 - Checking to see if class MyBatis.mapper.EmployeeTaskMapper matches criteria [is assignable to Object]
2021-06-11 11:51:26 DEBUG ResolverUtil:287 - Checking to see if class MyBatis.mapper.FemaleHealthFormMapper matches criteria [is assignable to Object]
2021-06-11 11:51:26 DEBUG ResolverUtil:287 - Checking to see if class MyBatis.mapper.MaleHealthFormMapper matches criteria [is assignable to Object]
2021-06-11 11:51:26 DEBUG ResolverUtil:287 - Checking to see if class MyBatis.mapper.RoleMapper matches criteria [is assignable to Object]
2021-06-11 11:51:26 DEBUG ResolverUtil:287 - Checking to see if class MyBatis.mapper.TaskMapper matches criteria [is assignable to Object]
2021-06-11 11:51:26 DEBUG ResolverUtil:287 - Checking to see if class MyBatis.mapper.UserMapper matches criteria [is assignable to Object]
2021-06-11 11:51:26 DEBUG ResolverUtil:287 - Checking to see if class MyBatis.mapper.WorkCardMapper matches criteria [is assignable to Object]
2021-06-11 11:51:27 DEBUG JdbcTransaction:137 - Opening JDBC Connection
2021-06-11 11:51:27 DEBUG PooledDataSource:426 - Checked out connection 1636182655 from pool.
2021-06-11 11:51:27 DEBUG JdbcTransaction:101 - Setting autocommit to false on JDBC Connection [com.mysql.cj.jdbc.ConnectionImpl@61862a7f]
2021-06-11 11:51:27 DEBUG findRolesByParams:137 - ==>  Preparing: select id , role_name as roleName, note from t_role where 1=1 and role_name like concat('%', ?, '%') -- and note like concat('%', ?, '%') and note like ? limit ?, ?
2021-06-11 11:51:27 DEBUG JdbcTransaction:123 - Resetting autocommit to true on JDBC Connection [com.mysql.cj.jdbc.ConnectionImpl@61862a7f]
2021-06-11 11:51:27 DEBUG JdbcTransaction:91 - Closing JDBC Connection [com.mysql.cj.jdbc.ConnectionImpl@61862a7f]
2021-06-11 11:51:27 DEBUG PooledDataSource:391 - Returned connection 1636182655 to pool.
2021-06-11 11:53:46 DEBUG LogFactory:105 - Logging initialized using 'class org.apache.ibatis.logging.slf4j.Slf4jImpl' adapter.
2021-06-11 11:53:46 DEBUG VFS:116 - Class not found: org.jboss.vfs.VFS
2021-06-11 11:53:46 DEBUG JBoss6VFS:149 - JBoss 6 VFS API is not available in this environment.
2021-06-11 11:53:46 DEBUG VFS:116 - Class not found: org.jboss.vfs.VirtualFile
2021-06-11 11:53:46 DEBUG VFS:64 - VFS implementation org.apache.ibatis.io.JBoss6VFS is not valid in this environment.
2021-06-11 11:53:46 DEBUG VFS:74 - Using VFS adapter org.apache.ibatis.io.DefaultVFS
2021-06-11 11:53:46 DEBUG DefaultVFS:224 - Find JAR URL: file:/F:/JavaProject/JavaMyBatis/target/classes/MyBatis
2021-06-11 11:53:46 DEBUG DefaultVFS:251 - Not a JAR: file:/F:/JavaProject/JavaMyBatis/target/classes/MyBatis
2021-06-11 11:53:46 DEBUG DefaultVFS:101 - Reader entry: entity
2021-06-11 11:53:46 DEBUG DefaultVFS:101 - Reader entry: enums
2021-06-11 11:53:46 DEBUG DefaultVFS:101 - Reader entry: mapper
2021-06-11 11:53:46 DEBUG DefaultVFS:101 - Reader entry: test
2021-06-11 11:53:46 DEBUG DefaultVFS:101 - Reader entry: utils
2021-06-11 11:53:46 DEBUG DefaultVFS:115 - Listing file:/F:/JavaProject/JavaMyBatis/target/classes/MyBatis
2021-06-11 11:53:46 DEBUG DefaultVFS:224 - Find JAR URL: file:/F:/JavaProject/JavaMyBatis/target/classes/MyBatis/entity
2021-06-11 11:53:46 DEBUG DefaultVFS:251 - Not a JAR: file:/F:/JavaProject/JavaMyBatis/target/classes/MyBatis/entity
2021-06-11 11:53:46 DEBUG DefaultVFS:101 - Reader entry: CountRoleParams.class
2021-06-11 11:53:46 DEBUG DefaultVFS:101 - Reader entry: Employee.class
2021-06-11 11:53:46 DEBUG DefaultVFS:101 - Reader entry: EmployeeTask.class
2021-06-11 11:53:46 DEBUG DefaultVFS:101 - Reader entry: FemaleEmployee.class
2021-06-11 11:53:46 DEBUG DefaultVFS:101 - Reader entry: FemaleHealthForm.class
2021-06-11 11:53:46 DEBUG DefaultVFS:101 - Reader entry: HealthForm.class
2021-06-11 11:53:46 DEBUG DefaultVFS:101 - Reader entry: MaleEmployee.class
2021-06-11 11:53:46 DEBUG DefaultVFS:101 - Reader entry: MaleHealthForm.class
2021-06-11 11:53:46 DEBUG DefaultVFS:101 - Reader entry: PageParams.class
2021-06-11 11:53:46 DEBUG DefaultVFS:101 - Reader entry: Role.class
2021-06-11 11:53:46 DEBUG DefaultVFS:101 - Reader entry: RoleParams.class
2021-06-11 11:53:46 DEBUG DefaultVFS:101 - Reader entry: Task.class
2021-06-11 11:53:46 DEBUG DefaultVFS:101 - Reader entry: User.class
2021-06-11 11:53:46 DEBUG DefaultVFS:101 - Reader entry: WorkCard.class
2021-06-11 11:53:46 DEBUG DefaultVFS:115 - Listing file:/F:/JavaProject/JavaMyBatis/target/classes/MyBatis/entity
2021-06-11 11:53:46 DEBUG DefaultVFS:224 - Find JAR URL: file:/F:/JavaProject/JavaMyBatis/target/classes/MyBatis/entity/CountRoleParams.class
2021-06-11 11:53:46 DEBUG DefaultVFS:251 - Not a JAR: file:/F:/JavaProject/JavaMyBatis/target/classes/MyBatis/entity/CountRoleParams.class
2021-06-11 11:53:46 DEBUG DefaultVFS:101 - Reader entry: ����   4 (
2021-06-11 11:53:46 DEBUG DefaultVFS:224 - Find JAR URL: file:/F:/JavaProject/JavaMyBatis/target/classes/MyBatis/entity/Employee.class
2021-06-11 11:53:46 DEBUG DefaultVFS:251 - Not a JAR: file:/F:/JavaProject/JavaMyBatis/target/classes/MyBatis/entity/Employee.class
2021-06-11 11:53:46 DEBUG DefaultVFS:101 - Reader entry: ����   4 Y
2021-06-11 11:53:46 DEBUG DefaultVFS:224 - Find JAR URL: file:/F:/JavaProject/JavaMyBatis/target/classes/MyBatis/entity/EmployeeTask.class
2021-06-11 11:53:46 DEBUG DefaultVFS:251 - Not a JAR: file:/F:/JavaProject/JavaMyBatis/target/classes/MyBatis/entity/EmployeeTask.class
2021-06-11 11:53:46 DEBUG DefaultVFS:101 - Reader entry: ����   4 2
2021-06-11 11:53:46 DEBUG DefaultVFS:224 - Find JAR URL: file:/F:/JavaProject/JavaMyBatis/target/classes/MyBatis/entity/FemaleEmployee.class
2021-06-11 11:53:46 DEBUG DefaultVFS:251 - Not a JAR: file:/F:/JavaProject/JavaMyBatis/target/classes/MyBatis/entity/FemaleEmployee.class
2021-06-11 11:53:46 DEBUG DefaultVFS:101 - Reader entry: ����   4 
2021-06-11 11:53:46 DEBUG DefaultVFS:224 - Find JAR URL: file:/F:/JavaProject/JavaMyBatis/target/classes/MyBatis/entity/FemaleHealthForm.class
2021-06-11 11:53:46 DEBUG DefaultVFS:251 - Not a JAR: file:/F:/JavaProject/JavaMyBatis/target/classes/MyBatis/entity/FemaleHealthForm.class
2021-06-11 11:53:46 DEBUG DefaultVFS:101 - Reader entry: ����   4 
2021-06-11 11:53:46 DEBUG DefaultVFS:224 - Find JAR URL: file:/F:/JavaProject/JavaMyBatis/target/classes/MyBatis/entity/HealthForm.class
2021-06-11 11:53:46 DEBUG DefaultVFS:251 - Not a JAR: file:/F:/JavaProject/JavaMyBatis/target/classes/MyBatis/entity/HealthForm.class
2021-06-11 11:53:46 DEBUG DefaultVFS:101 - Reader entry: ����   4 >
2021-06-11 11:53:46 DEBUG DefaultVFS:224 - Find JAR URL: file:/F:/JavaProject/JavaMyBatis/target/classes/MyBatis/entity/MaleEmployee.class
2021-06-11 11:53:46 DEBUG DefaultVFS:251 - Not a JAR: file:/F:/JavaProject/JavaMyBatis/target/classes/MyBatis/entity/MaleEmployee.class
2021-06-11 11:53:46 DEBUG DefaultVFS:101 - Reader entry: ����   4 
2021-06-11 11:53:46 DEBUG DefaultVFS:224 - Find JAR URL: file:/F:/JavaProject/JavaMyBatis/target/classes/MyBatis/entity/MaleHealthForm.class
2021-06-11 11:53:46 DEBUG DefaultVFS:251 - Not a JAR: file:/F:/JavaProject/JavaMyBatis/target/classes/MyBatis/entity/MaleHealthForm.class
2021-06-11 11:53:46 DEBUG DefaultVFS:101 - Reader entry: ����   4 
2021-06-11 11:53:46 DEBUG DefaultVFS:224 - Find JAR URL: file:/F:/JavaProject/JavaMyBatis/target/classes/MyBatis/entity/PageParams.class
2021-06-11 11:53:46 DEBUG DefaultVFS:251 - Not a JAR: file:/F:/JavaProject/JavaMyBatis/target/classes/MyBatis/entity/PageParams.class
2021-06-11 11:53:46 DEBUG DefaultVFS:101 - Reader entry: ����   4 
2021-06-11 11:53:46 DEBUG DefaultVFS:224 - Find JAR URL: file:/F:/JavaProject/JavaMyBatis/target/classes/MyBatis/entity/Role.class
2021-06-11 11:53:46 DEBUG DefaultVFS:251 - Not a JAR: file:/F:/JavaProject/JavaMyBatis/target/classes/MyBatis/entity/Role.class
2021-06-11 11:53:46 DEBUG DefaultVFS:101 - Reader entry: ����   4 #
2021-06-11 11:53:46 DEBUG DefaultVFS:224 - Find JAR URL: file:/F:/JavaProject/JavaMyBatis/target/classes/MyBatis/entity/RoleParams.class
2021-06-11 11:53:46 DEBUG DefaultVFS:251 - Not a JAR: file:/F:/JavaProject/JavaMyBatis/target/classes/MyBatis/entity/RoleParams.class
2021-06-11 11:53:46 DEBUG DefaultVFS:101 - Reader entry: ����   4 
2021-06-11 11:53:46 DEBUG DefaultVFS:224 - Find JAR URL: file:/F:/JavaProject/JavaMyBatis/target/classes/MyBatis/entity/Task.class
2021-06-11 11:53:46 DEBUG DefaultVFS:251 - Not a JAR: file:/F:/JavaProject/JavaMyBatis/target/classes/MyBatis/entity/Task.class
2021-06-11 11:53:46 DEBUG DefaultVFS:101 - Reader entry: ����   4 *
2021-06-11 11:53:46 DEBUG DefaultVFS:224 - Find JAR URL: file:/F:/JavaProject/JavaMyBatis/target/classes/MyBatis/entity/User.class
2021-06-11 11:53:46 DEBUG DefaultVFS:251 - Not a JAR: file:/F:/JavaProject/JavaMyBatis/target/classes/MyBatis/entity/User.class
2021-06-11 11:53:46 DEBUG DefaultVFS:101 - Reader entry: ����   4 A
2021-06-11 11:53:46 DEBUG DefaultVFS:224 - Find JAR URL: file:/F:/JavaProject/JavaMyBatis/target/classes/MyBatis/entity/WorkCard.class
2021-06-11 11:53:46 DEBUG DefaultVFS:251 - Not a JAR: file:/F:/JavaProject/JavaMyBatis/target/classes/MyBatis/entity/WorkCard.class
2021-06-11 11:53:46 DEBUG DefaultVFS:101 - Reader entry: ����   4 9
2021-06-11 11:53:46 DEBUG DefaultVFS:224 - Find JAR URL: file:/F:/JavaProject/JavaMyBatis/target/classes/MyBatis/enums
2021-06-11 11:53:46 DEBUG DefaultVFS:251 - Not a JAR: file:/F:/JavaProject/JavaMyBatis/target/classes/MyBatis/enums
2021-06-11 11:53:46 DEBUG DefaultVFS:101 - Reader entry: SexEnum.class
2021-06-11 11:53:46 DEBUG DefaultVFS:115 - Listing file:/F:/JavaProject/JavaMyBatis/target/classes/MyBatis/enums
2021-06-11 11:53:46 DEBUG DefaultVFS:224 - Find JAR URL: file:/F:/JavaProject/JavaMyBatis/target/classes/MyBatis/enums/SexEnum.class
2021-06-11 11:53:46 DEBUG DefaultVFS:251 - Not a JAR: file:/F:/JavaProject/JavaMyBatis/target/classes/MyBatis/enums/SexEnum.class
2021-06-11 11:53:46 DEBUG DefaultVFS:101 - Reader entry: ����   4 M	  9
2021-06-11 11:53:46 DEBUG DefaultVFS:224 - Find JAR URL: file:/F:/JavaProject/JavaMyBatis/target/classes/MyBatis/mapper
2021-06-11 11:53:46 DEBUG DefaultVFS:251 - Not a JAR: file:/F:/JavaProject/JavaMyBatis/target/classes/MyBatis/mapper
2021-06-11 11:53:46 DEBUG DefaultVFS:101 - Reader entry: EmployeeMapper.class
2021-06-11 11:53:46 DEBUG DefaultVFS:101 - Reader entry: EmployeeMapper.xml
2021-06-11 11:53:46 DEBUG DefaultVFS:101 - Reader entry: EmployeeTaskMapper.class
2021-06-11 11:53:46 DEBUG DefaultVFS:101 - Reader entry: EmployeeTaskMapper.xml
2021-06-11 11:53:46 DEBUG DefaultVFS:101 - Reader entry: FemaleHealthFormMapper.class
2021-06-11 11:53:46 DEBUG DefaultVFS:101 - Reader entry: FemaleHealthFormMapper.xml
2021-06-11 11:53:46 DEBUG DefaultVFS:101 - Reader entry: MaleHealthFormMapper.class
2021-06-11 11:53:46 DEBUG DefaultVFS:101 - Reader entry: MaleHealthFormMapper.xml
2021-06-11 11:53:46 DEBUG DefaultVFS:101 - Reader entry: RoleMapper.class
2021-06-11 11:53:46 DEBUG DefaultVFS:101 - Reader entry: RoleMapper.xml
2021-06-11 11:53:46 DEBUG DefaultVFS:101 - Reader entry: TaskMapper.class
2021-06-11 11:53:46 DEBUG DefaultVFS:101 - Reader entry: TaskMapper.xml
2021-06-11 11:53:46 DEBUG DefaultVFS:101 - Reader entry: UserMapper.class
2021-06-11 11:53:46 DEBUG DefaultVFS:101 - Reader entry: UserMapper.xml
2021-06-11 11:53:46 DEBUG DefaultVFS:101 - Reader entry: WorkCardMapper.class
2021-06-11 11:53:46 DEBUG DefaultVFS:101 - Reader entry: WorkCardMapper.xml
2021-06-11 11:53:46 DEBUG DefaultVFS:115 - Listing file:/F:/JavaProject/JavaMyBatis/target/classes/MyBatis/mapper
2021-06-11 11:53:46 DEBUG DefaultVFS:224 - Find JAR URL: file:/F:/JavaProject/JavaMyBatis/target/classes/MyBatis/mapper/EmployeeMapper.class
2021-06-11 11:53:46 DEBUG DefaultVFS:251 - Not a JAR: file:/F:/JavaProject/JavaMyBatis/target/classes/MyBatis/mapper/EmployeeMapper.class
2021-06-11 11:53:46 DEBUG DefaultVFS:101 - Reader entry: ����   4 
2021-06-11 11:53:46 DEBUG DefaultVFS:224 - Find JAR URL: file:/F:/JavaProject/JavaMyBatis/target/classes/MyBatis/mapper/EmployeeMapper.xml
2021-06-11 11:53:46 DEBUG DefaultVFS:251 - Not a JAR: file:/F:/JavaProject/JavaMyBatis/target/classes/MyBatis/mapper/EmployeeMapper.xml
2021-06-11 11:53:46 DEBUG DefaultVFS:101 - Reader entry: <?xml version="1.0" encoding="UTF-8" ?>
2021-06-11 11:53:46 DEBUG DefaultVFS:224 - Find JAR URL: file:/F:/JavaProject/JavaMyBatis/target/classes/MyBatis/mapper/EmployeeTaskMapper.class
2021-06-11 11:53:46 DEBUG DefaultVFS:251 - Not a JAR: file:/F:/JavaProject/JavaMyBatis/target/classes/MyBatis/mapper/EmployeeTaskMapper.class
2021-06-11 11:53:46 DEBUG DefaultVFS:101 - Reader entry: ����   4 	   getEmployeeTaskByEmpId /(Ljava/lang/Long;)LMyBatis/entity/EmployeeTask; 
2021-06-11 11:53:46 DEBUG DefaultVFS:224 - Find JAR URL: file:/F:/JavaProject/JavaMyBatis/target/classes/MyBatis/mapper/EmployeeTaskMapper.xml
2021-06-11 11:53:46 DEBUG DefaultVFS:251 - Not a JAR: file:/F:/JavaProject/JavaMyBatis/target/classes/MyBatis/mapper/EmployeeTaskMapper.xml
2021-06-11 11:53:46 DEBUG DefaultVFS:101 - Reader entry: <?xml version="1.0" encoding="UTF-8" ?>
2021-06-11 11:53:46 DEBUG DefaultVFS:224 - Find JAR URL: file:/F:/JavaProject/JavaMyBatis/target/classes/MyBatis/mapper/FemaleHealthFormMapper.class
2021-06-11 11:53:46 DEBUG DefaultVFS:251 - Not a JAR: file:/F:/JavaProject/JavaMyBatis/target/classes/MyBatis/mapper/FemaleHealthFormMapper.class
2021-06-11 11:53:46 DEBUG DefaultVFS:101 - Reader entry: ����   4 	   getFemaleHealthForm 3(Ljava/lang/Long;)LMyBatis/entity/FemaleHealthForm; 
2021-06-11 11:53:46 DEBUG DefaultVFS:224 - Find JAR URL: file:/F:/JavaProject/JavaMyBatis/target/classes/MyBatis/mapper/FemaleHealthFormMapper.xml
2021-06-11 11:53:46 DEBUG DefaultVFS:251 - Not a JAR: file:/F:/JavaProject/JavaMyBatis/target/classes/MyBatis/mapper/FemaleHealthFormMapper.xml
2021-06-11 11:53:46 DEBUG DefaultVFS:101 - Reader entry: <?xml version="1.0" encoding="UTF-8" ?>
2021-06-11 11:53:46 DEBUG DefaultVFS:224 - Find JAR URL: file:/F:/JavaProject/JavaMyBatis/target/classes/MyBatis/mapper/MaleHealthFormMapper.class
2021-06-11 11:53:46 DEBUG DefaultVFS:251 - Not a JAR: file:/F:/JavaProject/JavaMyBatis/target/classes/MyBatis/mapper/MaleHealthFormMapper.class
2021-06-11 11:53:46 DEBUG DefaultVFS:101 - Reader entry: ����   4 	   getMaleHealthForm 1(Ljava/lang/Long;)LMyBatis/entity/MaleHealthForm; 
2021-06-11 11:53:46 DEBUG DefaultVFS:224 - Find JAR URL: file:/F:/JavaProject/JavaMyBatis/target/classes/MyBatis/mapper/MaleHealthFormMapper.xml
2021-06-11 11:53:46 DEBUG DefaultVFS:251 - Not a JAR: file:/F:/JavaProject/JavaMyBatis/target/classes/MyBatis/mapper/MaleHealthFormMapper.xml
2021-06-11 11:53:46 DEBUG DefaultVFS:101 - Reader entry: <?xml version="1.0" encoding="UTF-8" ?>
2021-06-11 11:53:46 DEBUG DefaultVFS:224 - Find JAR URL: file:/F:/JavaProject/JavaMyBatis/target/classes/MyBatis/mapper/RoleMapper.class
2021-06-11 11:53:46 DEBUG DefaultVFS:251 - Not a JAR: file:/F:/JavaProject/JavaMyBatis/target/classes/MyBatis/mapper/RoleMapper.class
2021-06-11 11:53:46 DEBUG DefaultVFS:101 - Reader entry: ����   4    
2021-06-11 11:53:46 DEBUG DefaultVFS:224 - Find JAR URL: file:/F:/JavaProject/JavaMyBatis/target/classes/MyBatis/mapper/RoleMapper.xml
2021-06-11 11:53:46 DEBUG DefaultVFS:251 - Not a JAR: file:/F:/JavaProject/JavaMyBatis/target/classes/MyBatis/mapper/RoleMapper.xml
2021-06-11 11:53:46 DEBUG DefaultVFS:101 - Reader entry: <?xml version="1.0" encoding="UTF-8" ?>
2021-06-11 11:53:46 DEBUG DefaultVFS:224 - Find JAR URL: file:/F:/JavaProject/JavaMyBatis/target/classes/MyBatis/mapper/TaskMapper.class
2021-06-11 11:53:46 DEBUG DefaultVFS:251 - Not a JAR: file:/F:/JavaProject/JavaMyBatis/target/classes/MyBatis/mapper/TaskMapper.class
2021-06-11 11:53:46 DEBUG DefaultVFS:101 - Reader entry: ����   4 	   getTask '(Ljava/lang/Long;)LMyBatis/entity/Task; 
2021-06-11 11:53:46 DEBUG DefaultVFS:224 - Find JAR URL: file:/F:/JavaProject/JavaMyBatis/target/classes/MyBatis/mapper/TaskMapper.xml
2021-06-11 11:53:46 DEBUG DefaultVFS:251 - Not a JAR: file:/F:/JavaProject/JavaMyBatis/target/classes/MyBatis/mapper/TaskMapper.xml
2021-06-11 11:53:46 DEBUG DefaultVFS:101 - Reader entry: <?xml version="1.0" encoding="UTF-8" ?>
2021-06-11 11:53:46 DEBUG DefaultVFS:224 - Find JAR URL: file:/F:/JavaProject/JavaMyBatis/target/classes/MyBatis/mapper/UserMapper.class
2021-06-11 11:53:46 DEBUG DefaultVFS:251 - Not a JAR: file:/F:/JavaProject/JavaMyBatis/target/classes/MyBatis/mapper/UserMapper.class
2021-06-11 11:53:46 DEBUG DefaultVFS:101 - Reader entry: ����   4 	   getUser '(Ljava/lang/Long;)LMyBatis/entity/User; 
2021-06-11 11:53:46 DEBUG DefaultVFS:224 - Find JAR URL: file:/F:/JavaProject/JavaMyBatis/target/classes/MyBatis/mapper/UserMapper.xml
2021-06-11 11:53:46 DEBUG DefaultVFS:251 - Not a JAR: file:/F:/JavaProject/JavaMyBatis/target/classes/MyBatis/mapper/UserMapper.xml
2021-06-11 11:53:46 DEBUG DefaultVFS:101 - Reader entry: <?xml version="1.0" encoding="UTF-8" ?>
2021-06-11 11:53:46 DEBUG DefaultVFS:224 - Find JAR URL: file:/F:/JavaProject/JavaMyBatis/target/classes/MyBatis/mapper/WorkCardMapper.class
2021-06-11 11:53:46 DEBUG DefaultVFS:251 - Not a JAR: file:/F:/JavaProject/JavaMyBatis/target/classes/MyBatis/mapper/WorkCardMapper.class
2021-06-11 11:53:46 DEBUG DefaultVFS:101 - Reader entry: ����   4 	   getWorkCardByEmpId +(Ljava/lang/Long;)LMyBatis/entity/WorkCard; 
2021-06-11 11:53:46 DEBUG DefaultVFS:224 - Find JAR URL: file:/F:/JavaProject/JavaMyBatis/target/classes/MyBatis/mapper/WorkCardMapper.xml
2021-06-11 11:53:46 DEBUG DefaultVFS:251 - Not a JAR: file:/F:/JavaProject/JavaMyBatis/target/classes/MyBatis/mapper/WorkCardMapper.xml
2021-06-11 11:53:46 DEBUG DefaultVFS:101 - Reader entry: <?xml version="1.0" encoding="UTF-8" ?>
2021-06-11 11:53:46 DEBUG DefaultVFS:224 - Find JAR URL: file:/F:/JavaProject/JavaMyBatis/target/classes/MyBatis/test
2021-06-11 11:53:46 DEBUG DefaultVFS:251 - Not a JAR: file:/F:/JavaProject/JavaMyBatis/target/classes/MyBatis/test
2021-06-11 11:53:46 DEBUG DefaultVFS:101 - Reader entry: TestEmployeeMapper.class
2021-06-11 11:53:46 DEBUG DefaultVFS:101 - Reader entry: TestMyBatis.class
2021-06-11 11:53:46 DEBUG DefaultVFS:101 - Reader entry: TestRoleMapper.class
2021-06-11 11:53:46 DEBUG DefaultVFS:115 - Listing file:/F:/JavaProject/JavaMyBatis/target/classes/MyBatis/test
2021-06-11 11:53:46 DEBUG DefaultVFS:224 - Find JAR URL: file:/F:/JavaProject/JavaMyBatis/target/classes/MyBatis/test/TestEmployeeMapper.class
2021-06-11 11:53:46 DEBUG DefaultVFS:251 - Not a JAR: file:/F:/JavaProject/JavaMyBatis/target/classes/MyBatis/test/TestEmployeeMapper.class
2021-06-11 11:53:46 DEBUG DefaultVFS:101 - Reader entry: ����   4 4
2021-06-11 11:53:46 DEBUG DefaultVFS:224 - Find JAR URL: file:/F:/JavaProject/JavaMyBatis/target/classes/MyBatis/test/TestMyBatis.class
2021-06-11 11:53:46 DEBUG DefaultVFS:251 - Not a JAR: file:/F:/JavaProject/JavaMyBatis/target/classes/MyBatis/test/TestMyBatis.class
2021-06-11 11:53:46 DEBUG DefaultVFS:101 - Reader entry: ����   4 >
2021-06-11 11:53:46 DEBUG DefaultVFS:224 - Find JAR URL: file:/F:/JavaProject/JavaMyBatis/target/classes/MyBatis/test/TestRoleMapper.class
2021-06-11 11:53:46 DEBUG DefaultVFS:251 - Not a JAR: file:/F:/JavaProject/JavaMyBatis/target/classes/MyBatis/test/TestRoleMapper.class
2021-06-11 11:53:46 DEBUG DefaultVFS:101 - Reader entry: ����   4 �
2021-06-11 11:53:46 DEBUG DefaultVFS:224 - Find JAR URL: file:/F:/JavaProject/JavaMyBatis/target/classes/MyBatis/utils
2021-06-11 11:53:46 DEBUG DefaultVFS:251 - Not a JAR: file:/F:/JavaProject/JavaMyBatis/target/classes/MyBatis/utils
2021-06-11 11:53:46 DEBUG DefaultVFS:101 - Reader entry: SqlSessionFactoryUtils.class
2021-06-11 11:53:46 DEBUG DefaultVFS:115 - Listing file:/F:/JavaProject/JavaMyBatis/target/classes/MyBatis/utils
2021-06-11 11:53:46 DEBUG DefaultVFS:224 - Find JAR URL: file:/F:/JavaProject/JavaMyBatis/target/classes/MyBatis/utils/SqlSessionFactoryUtils.class
2021-06-11 11:53:46 DEBUG DefaultVFS:251 - Not a JAR: file:/F:/JavaProject/JavaMyBatis/target/classes/MyBatis/utils/SqlSessionFactoryUtils.class
2021-06-11 11:53:46 DEBUG DefaultVFS:101 - Reader entry: ����   4 I
2021-06-11 11:53:46 DEBUG ResolverUtil:287 - Checking to see if class MyBatis.entity.CountRoleParams matches criteria [is assignable to Object]
2021-06-11 11:53:46 DEBUG ResolverUtil:287 - Checking to see if class MyBatis.entity.Employee matches criteria [is assignable to Object]
2021-06-11 11:53:46 DEBUG ResolverUtil:287 - Checking to see if class MyBatis.entity.EmployeeTask matches criteria [is assignable to Object]
2021-06-11 11:53:46 DEBUG ResolverUtil:287 - Checking to see if class MyBatis.entity.FemaleEmployee matches criteria [is assignable to Object]
2021-06-11 11:53:46 DEBUG ResolverUtil:287 - Checking to see if class MyBatis.entity.FemaleHealthForm matches criteria [is assignable to Object]
2021-06-11 11:53:46 DEBUG ResolverUtil:287 - Checking to see if class MyBatis.entity.HealthForm matches criteria [is assignable to Object]
2021-06-11 11:53:46 DEBUG ResolverUtil:287 - Checking to see if class MyBatis.entity.MaleEmployee matches criteria [is assignable to Object]
2021-06-11 11:53:46 DEBUG ResolverUtil:287 - Checking to see if class MyBatis.entity.MaleHealthForm matches criteria [is assignable to Object]
2021-06-11 11:53:46 DEBUG ResolverUtil:287 - Checking to see if class MyBatis.entity.PageParams matches criteria [is assignable to Object]
2021-06-11 11:53:46 DEBUG ResolverUtil:287 - Checking to see if class MyBatis.entity.Role matches criteria [is assignable to Object]
2021-06-11 11:53:46 DEBUG ResolverUtil:287 - Checking to see if class MyBatis.entity.RoleParams matches criteria [is assignable to Object]
2021-06-11 11:53:46 DEBUG ResolverUtil:287 - Checking to see if class MyBatis.entity.Task matches criteria [is assignable to Object]
2021-06-11 11:53:46 DEBUG ResolverUtil:287 - Checking to see if class MyBatis.entity.User matches criteria [is assignable to Object]
2021-06-11 11:53:46 DEBUG ResolverUtil:287 - Checking to see if class MyBatis.entity.WorkCard matches criteria [is assignable to Object]
2021-06-11 11:53:46 DEBUG ResolverUtil:287 - Checking to see if class MyBatis.enums.SexEnum matches criteria [is assignable to Object]
2021-06-11 11:53:46 DEBUG ResolverUtil:287 - Checking to see if class MyBatis.mapper.EmployeeMapper matches criteria [is assignable to Object]
2021-06-11 11:53:46 DEBUG ResolverUtil:287 - Checking to see if class MyBatis.mapper.EmployeeTaskMapper matches criteria [is assignable to Object]
2021-06-11 11:53:46 DEBUG ResolverUtil:287 - Checking to see if class MyBatis.mapper.FemaleHealthFormMapper matches criteria [is assignable to Object]
2021-06-11 11:53:46 DEBUG ResolverUtil:287 - Checking to see if class MyBatis.mapper.MaleHealthFormMapper matches criteria [is assignable to Object]
2021-06-11 11:53:46 DEBUG ResolverUtil:287 - Checking to see if class MyBatis.mapper.RoleMapper matches criteria [is assignable to Object]
2021-06-11 11:53:46 DEBUG ResolverUtil:287 - Checking to see if class MyBatis.mapper.TaskMapper matches criteria [is assignable to Object]
2021-06-11 11:53:46 DEBUG ResolverUtil:287 - Checking to see if class MyBatis.mapper.UserMapper matches criteria [is assignable to Object]
2021-06-11 11:53:46 DEBUG ResolverUtil:287 - Checking to see if class MyBatis.mapper.WorkCardMapper matches criteria [is assignable to Object]
2021-06-11 11:53:46 DEBUG ResolverUtil:287 - Checking to see if class MyBatis.test.TestEmployeeMapper matches criteria [is assignable to Object]
2021-06-11 11:53:46 DEBUG ResolverUtil:287 - Checking to see if class MyBatis.test.TestMyBatis matches criteria [is assignable to Object]
2021-06-11 11:53:46 DEBUG ResolverUtil:287 - Checking to see if class MyBatis.test.TestRoleMapper matches criteria [is assignable to Object]
2021-06-11 11:53:46 DEBUG ResolverUtil:287 - Checking to see if class MyBatis.utils.SqlSessionFactoryUtils matches criteria [is assignable to Object]
2021-06-11 11:53:46 DEBUG PooledDataSource:363 - PooledDataSource forcefully closed/removed all connections.
2021-06-11 11:53:46 DEBUG PooledDataSource:363 - PooledDataSource forcefully closed/removed all connections.
2021-06-11 11:53:46 DEBUG PooledDataSource:363 - PooledDataSource forcefully closed/removed all connections.
2021-06-11 11:53:46 DEBUG PooledDataSource:363 - PooledDataSource forcefully closed/removed all connections.
2021-06-11 11:53:47 DEBUG PooledDataSource:434 - Created connection 1636182655.
2021-06-11 11:53:47 DEBUG PooledDataSource:391 - Returned connection 1636182655 to pool.
2021-06-11 11:53:47 DEBUG DefaultVFS:224 - Find JAR URL: file:/F:/JavaProject/JavaMyBatis/target/classes/MyBatis/mapper
2021-06-11 11:53:47 DEBUG DefaultVFS:251 - Not a JAR: file:/F:/JavaProject/JavaMyBatis/target/classes/MyBatis/mapper
2021-06-11 11:53:47 DEBUG DefaultVFS:101 - Reader entry: EmployeeMapper.class
2021-06-11 11:53:47 DEBUG DefaultVFS:101 - Reader entry: EmployeeMapper.xml
2021-06-11 11:53:47 DEBUG DefaultVFS:101 - Reader entry: EmployeeTaskMapper.class
2021-06-11 11:53:47 DEBUG DefaultVFS:101 - Reader entry: EmployeeTaskMapper.xml
2021-06-11 11:53:47 DEBUG DefaultVFS:101 - Reader entry: FemaleHealthFormMapper.class
2021-06-11 11:53:47 DEBUG DefaultVFS:101 - Reader entry: FemaleHealthFormMapper.xml
2021-06-11 11:53:47 DEBUG DefaultVFS:101 - Reader entry: MaleHealthFormMapper.class
2021-06-11 11:53:47 DEBUG DefaultVFS:101 - Reader entry: MaleHealthFormMapper.xml
2021-06-11 11:53:47 DEBUG DefaultVFS:101 - Reader entry: RoleMapper.class
2021-06-11 11:53:47 DEBUG DefaultVFS:101 - Reader entry: RoleMapper.xml
2021-06-11 11:53:47 DEBUG DefaultVFS:101 - Reader entry: TaskMapper.class
2021-06-11 11:53:47 DEBUG DefaultVFS:101 - Reader entry: TaskMapper.xml
2021-06-11 11:53:47 DEBUG DefaultVFS:101 - Reader entry: UserMapper.class
2021-06-11 11:53:47 DEBUG DefaultVFS:101 - Reader entry: UserMapper.xml
2021-06-11 11:53:47 DEBUG DefaultVFS:101 - Reader entry: WorkCardMapper.class
2021-06-11 11:53:47 DEBUG DefaultVFS:101 - Reader entry: WorkCardMapper.xml
2021-06-11 11:53:47 DEBUG DefaultVFS:115 - Listing file:/F:/JavaProject/JavaMyBatis/target/classes/MyBatis/mapper
2021-06-11 11:53:47 DEBUG DefaultVFS:224 - Find JAR URL: file:/F:/JavaProject/JavaMyBatis/target/classes/MyBatis/mapper/EmployeeMapper.class
2021-06-11 11:53:47 DEBUG DefaultVFS:251 - Not a JAR: file:/F:/JavaProject/JavaMyBatis/target/classes/MyBatis/mapper/EmployeeMapper.class
2021-06-11 11:53:47 DEBUG DefaultVFS:101 - Reader entry: ����   4 
2021-06-11 11:53:47 DEBUG DefaultVFS:224 - Find JAR URL: file:/F:/JavaProject/JavaMyBatis/target/classes/MyBatis/mapper/EmployeeMapper.xml
2021-06-11 11:53:47 DEBUG DefaultVFS:251 - Not a JAR: file:/F:/JavaProject/JavaMyBatis/target/classes/MyBatis/mapper/EmployeeMapper.xml
2021-06-11 11:53:47 DEBUG DefaultVFS:101 - Reader entry: <?xml version="1.0" encoding="UTF-8" ?>
2021-06-11 11:53:47 DEBUG DefaultVFS:224 - Find JAR URL: file:/F:/JavaProject/JavaMyBatis/target/classes/MyBatis/mapper/EmployeeTaskMapper.class
2021-06-11 11:53:47 DEBUG DefaultVFS:251 - Not a JAR: file:/F:/JavaProject/JavaMyBatis/target/classes/MyBatis/mapper/EmployeeTaskMapper.class
2021-06-11 11:53:47 DEBUG DefaultVFS:101 - Reader entry: ����   4 	   getEmployeeTaskByEmpId /(Ljava/lang/Long;)LMyBatis/entity/EmployeeTask; 
2021-06-11 11:53:47 DEBUG DefaultVFS:224 - Find JAR URL: file:/F:/JavaProject/JavaMyBatis/target/classes/MyBatis/mapper/EmployeeTaskMapper.xml
2021-06-11 11:53:47 DEBUG DefaultVFS:251 - Not a JAR: file:/F:/JavaProject/JavaMyBatis/target/classes/MyBatis/mapper/EmployeeTaskMapper.xml
2021-06-11 11:53:47 DEBUG DefaultVFS:101 - Reader entry: <?xml version="1.0" encoding="UTF-8" ?>
2021-06-11 11:53:47 DEBUG DefaultVFS:224 - Find JAR URL: file:/F:/JavaProject/JavaMyBatis/target/classes/MyBatis/mapper/FemaleHealthFormMapper.class
2021-06-11 11:53:47 DEBUG DefaultVFS:251 - Not a JAR: file:/F:/JavaProject/JavaMyBatis/target/classes/MyBatis/mapper/FemaleHealthFormMapper.class
2021-06-11 11:53:47 DEBUG DefaultVFS:101 - Reader entry: ����   4 	   getFemaleHealthForm 3(Ljava/lang/Long;)LMyBatis/entity/FemaleHealthForm; 
2021-06-11 11:53:47 DEBUG DefaultVFS:224 - Find JAR URL: file:/F:/JavaProject/JavaMyBatis/target/classes/MyBatis/mapper/FemaleHealthFormMapper.xml
2021-06-11 11:53:47 DEBUG DefaultVFS:251 - Not a JAR: file:/F:/JavaProject/JavaMyBatis/target/classes/MyBatis/mapper/FemaleHealthFormMapper.xml
2021-06-11 11:53:47 DEBUG DefaultVFS:101 - Reader entry: <?xml version="1.0" encoding="UTF-8" ?>
2021-06-11 11:53:47 DEBUG DefaultVFS:224 - Find JAR URL: file:/F:/JavaProject/JavaMyBatis/target/classes/MyBatis/mapper/MaleHealthFormMapper.class
2021-06-11 11:53:47 DEBUG DefaultVFS:251 - Not a JAR: file:/F:/JavaProject/JavaMyBatis/target/classes/MyBatis/mapper/MaleHealthFormMapper.class
2021-06-11 11:53:47 DEBUG DefaultVFS:101 - Reader entry: ����   4 	   getMaleHealthForm 1(Ljava/lang/Long;)LMyBatis/entity/MaleHealthForm; 
2021-06-11 11:53:47 DEBUG DefaultVFS:224 - Find JAR URL: file:/F:/JavaProject/JavaMyBatis/target/classes/MyBatis/mapper/MaleHealthFormMapper.xml
2021-06-11 11:53:47 DEBUG DefaultVFS:251 - Not a JAR: file:/F:/JavaProject/JavaMyBatis/target/classes/MyBatis/mapper/MaleHealthFormMapper.xml
2021-06-11 11:53:47 DEBUG DefaultVFS:101 - Reader entry: <?xml version="1.0" encoding="UTF-8" ?>
2021-06-11 11:53:47 DEBUG DefaultVFS:224 - Find JAR URL: file:/F:/JavaProject/JavaMyBatis/target/classes/MyBatis/mapper/RoleMapper.class
2021-06-11 11:53:47 DEBUG DefaultVFS:251 - Not a JAR: file:/F:/JavaProject/JavaMyBatis/target/classes/MyBatis/mapper/RoleMapper.class
2021-06-11 11:53:47 DEBUG DefaultVFS:101 - Reader entry: ����   4    
2021-06-11 11:53:47 DEBUG DefaultVFS:224 - Find JAR URL: file:/F:/JavaProject/JavaMyBatis/target/classes/MyBatis/mapper/RoleMapper.xml
2021-06-11 11:53:47 DEBUG DefaultVFS:251 - Not a JAR: file:/F:/JavaProject/JavaMyBatis/target/classes/MyBatis/mapper/RoleMapper.xml
2021-06-11 11:53:47 DEBUG DefaultVFS:101 - Reader entry: <?xml version="1.0" encoding="UTF-8" ?>
2021-06-11 11:53:47 DEBUG DefaultVFS:224 - Find JAR URL: file:/F:/JavaProject/JavaMyBatis/target/classes/MyBatis/mapper/TaskMapper.class
2021-06-11 11:53:47 DEBUG DefaultVFS:251 - Not a JAR: file:/F:/JavaProject/JavaMyBatis/target/classes/MyBatis/mapper/TaskMapper.class
2021-06-11 11:53:47 DEBUG DefaultVFS:101 - Reader entry: ����   4 	   getTask '(Ljava/lang/Long;)LMyBatis/entity/Task; 
2021-06-11 11:53:47 DEBUG DefaultVFS:224 - Find JAR URL: file:/F:/JavaProject/JavaMyBatis/target/classes/MyBatis/mapper/TaskMapper.xml
2021-06-11 11:53:47 DEBUG DefaultVFS:251 - Not a JAR: file:/F:/JavaProject/JavaMyBatis/target/classes/MyBatis/mapper/TaskMapper.xml
2021-06-11 11:53:47 DEBUG DefaultVFS:101 - Reader entry: <?xml version="1.0" encoding="UTF-8" ?>
2021-06-11 11:53:47 DEBUG DefaultVFS:224 - Find JAR URL: file:/F:/JavaProject/JavaMyBatis/target/classes/MyBatis/mapper/UserMapper.class
2021-06-11 11:53:47 DEBUG DefaultVFS:251 - Not a JAR: file:/F:/JavaProject/JavaMyBatis/target/classes/MyBatis/mapper/UserMapper.class
2021-06-11 11:53:47 DEBUG DefaultVFS:101 - Reader entry: ����   4 	   getUser '(Ljava/lang/Long;)LMyBatis/entity/User; 
2021-06-11 11:53:47 DEBUG DefaultVFS:224 - Find JAR URL: file:/F:/JavaProject/JavaMyBatis/target/classes/MyBatis/mapper/UserMapper.xml
2021-06-11 11:53:47 DEBUG DefaultVFS:251 - Not a JAR: file:/F:/JavaProject/JavaMyBatis/target/classes/MyBatis/mapper/UserMapper.xml
2021-06-11 11:53:47 DEBUG DefaultVFS:101 - Reader entry: <?xml version="1.0" encoding="UTF-8" ?>
2021-06-11 11:53:47 DEBUG DefaultVFS:224 - Find JAR URL: file:/F:/JavaProject/JavaMyBatis/target/classes/MyBatis/mapper/WorkCardMapper.class
2021-06-11 11:53:47 DEBUG DefaultVFS:251 - Not a JAR: file:/F:/JavaProject/JavaMyBatis/target/classes/MyBatis/mapper/WorkCardMapper.class
2021-06-11 11:53:47 DEBUG DefaultVFS:101 - Reader entry: ����   4 	   getWorkCardByEmpId +(Ljava/lang/Long;)LMyBatis/entity/WorkCard; 
2021-06-11 11:53:47 DEBUG DefaultVFS:224 - Find JAR URL: file:/F:/JavaProject/JavaMyBatis/target/classes/MyBatis/mapper/WorkCardMapper.xml
2021-06-11 11:53:47 DEBUG DefaultVFS:251 - Not a JAR: file:/F:/JavaProject/JavaMyBatis/target/classes/MyBatis/mapper/WorkCardMapper.xml
2021-06-11 11:53:47 DEBUG DefaultVFS:101 - Reader entry: <?xml version="1.0" encoding="UTF-8" ?>
2021-06-11 11:53:47 DEBUG ResolverUtil:287 - Checking to see if class MyBatis.mapper.EmployeeMapper matches criteria [is assignable to Object]
2021-06-11 11:53:47 DEBUG ResolverUtil:287 - Checking to see if class MyBatis.mapper.EmployeeTaskMapper matches criteria [is assignable to Object]
2021-06-11 11:53:47 DEBUG ResolverUtil:287 - Checking to see if class MyBatis.mapper.FemaleHealthFormMapper matches criteria [is assignable to Object]
2021-06-11 11:53:47 DEBUG ResolverUtil:287 - Checking to see if class MyBatis.mapper.MaleHealthFormMapper matches criteria [is assignable to Object]
2021-06-11 11:53:47 DEBUG ResolverUtil:287 - Checking to see if class MyBatis.mapper.RoleMapper matches criteria [is assignable to Object]
2021-06-11 11:53:47 DEBUG ResolverUtil:287 - Checking to see if class MyBatis.mapper.TaskMapper matches criteria [is assignable to Object]
2021-06-11 11:53:47 DEBUG ResolverUtil:287 - Checking to see if class MyBatis.mapper.UserMapper matches criteria [is assignable to Object]
2021-06-11 11:53:47 DEBUG ResolverUtil:287 - Checking to see if class MyBatis.mapper.WorkCardMapper matches criteria [is assignable to Object]
2021-06-11 11:54:10 DEBUG LogFactory:105 - Logging initialized using 'class org.apache.ibatis.logging.slf4j.Slf4jImpl' adapter.
2021-06-11 11:54:10 DEBUG VFS:116 - Class not found: org.jboss.vfs.VFS
2021-06-11 11:54:10 DEBUG JBoss6VFS:149 - JBoss 6 VFS API is not available in this environment.
2021-06-11 11:54:10 DEBUG VFS:116 - Class not found: org.jboss.vfs.VirtualFile
2021-06-11 11:54:10 DEBUG VFS:64 - VFS implementation org.apache.ibatis.io.JBoss6VFS is not valid in this environment.
2021-06-11 11:54:10 DEBUG VFS:74 - Using VFS adapter org.apache.ibatis.io.DefaultVFS
2021-06-11 11:54:10 DEBUG DefaultVFS:224 - Find JAR URL: file:/F:/JavaProject/JavaMyBatis/target/classes/MyBatis
2021-06-11 11:54:10 DEBUG DefaultVFS:251 - Not a JAR: file:/F:/JavaProject/JavaMyBatis/target/classes/MyBatis
2021-06-11 11:54:10 DEBUG DefaultVFS:101 - Reader entry: entity
2021-06-11 11:54:10 DEBUG DefaultVFS:101 - Reader entry: enums
2021-06-11 11:54:10 DEBUG DefaultVFS:101 - Reader entry: mapper
2021-06-11 11:54:10 DEBUG DefaultVFS:101 - Reader entry: test
2021-06-11 11:54:10 DEBUG DefaultVFS:101 - Reader entry: utils
2021-06-11 11:54:10 DEBUG DefaultVFS:115 - Listing file:/F:/JavaProject/JavaMyBatis/target/classes/MyBatis
2021-06-11 11:54:10 DEBUG DefaultVFS:224 - Find JAR URL: file:/F:/JavaProject/JavaMyBatis/target/classes/MyBatis/entity
2021-06-11 11:54:10 DEBUG DefaultVFS:251 - Not a JAR: file:/F:/JavaProject/JavaMyBatis/target/classes/MyBatis/entity
2021-06-11 11:54:10 DEBUG DefaultVFS:101 - Reader entry: CountRoleParams.class
2021-06-11 11:54:10 DEBUG DefaultVFS:101 - Reader entry: Employee.class
2021-06-11 11:54:10 DEBUG DefaultVFS:101 - Reader entry: EmployeeTask.class
2021-06-11 11:54:10 DEBUG DefaultVFS:101 - Reader entry: FemaleEmployee.class
2021-06-11 11:54:10 DEBUG DefaultVFS:101 - Reader entry: FemaleHealthForm.class
2021-06-11 11:54:10 DEBUG DefaultVFS:101 - Reader entry: HealthForm.class
2021-06-11 11:54:10 DEBUG DefaultVFS:101 - Reader entry: MaleEmployee.class
2021-06-11 11:54:10 DEBUG DefaultVFS:101 - Reader entry: MaleHealthForm.class
2021-06-11 11:54:10 DEBUG DefaultVFS:101 - Reader entry: PageParams.class
2021-06-11 11:54:10 DEBUG DefaultVFS:101 - Reader entry: Role.class
2021-06-11 11:54:10 DEBUG DefaultVFS:101 - Reader entry: RoleParams.class
2021-06-11 11:54:10 DEBUG DefaultVFS:101 - Reader entry: Task.class
2021-06-11 11:54:10 DEBUG DefaultVFS:101 - Reader entry: User.class
2021-06-11 11:54:10 DEBUG DefaultVFS:101 - Reader entry: WorkCard.class
2021-06-11 11:54:10 DEBUG DefaultVFS:115 - Listing file:/F:/JavaProject/JavaMyBatis/target/classes/MyBatis/entity
2021-06-11 11:54:10 DEBUG DefaultVFS:224 - Find JAR URL: file:/F:/JavaProject/JavaMyBatis/target/classes/MyBatis/entity/CountRoleParams.class
2021-06-11 11:54:10 DEBUG DefaultVFS:251 - Not a JAR: file:/F:/JavaProject/JavaMyBatis/target/classes/MyBatis/entity/CountRoleParams.class
2021-06-11 11:54:10 DEBUG DefaultVFS:101 - Reader entry: ����   4 (
2021-06-11 11:54:10 DEBUG DefaultVFS:224 - Find JAR URL: file:/F:/JavaProject/JavaMyBatis/target/classes/MyBatis/entity/Employee.class
2021-06-11 11:54:10 DEBUG DefaultVFS:251 - Not a JAR: file:/F:/JavaProject/JavaMyBatis/target/classes/MyBatis/entity/Employee.class
2021-06-11 11:54:10 DEBUG DefaultVFS:101 - Reader entry: ����   4 Y
2021-06-11 11:54:10 DEBUG DefaultVFS:224 - Find JAR URL: file:/F:/JavaProject/JavaMyBatis/target/classes/MyBatis/entity/EmployeeTask.class
2021-06-11 11:54:10 DEBUG DefaultVFS:251 - Not a JAR: file:/F:/JavaProject/JavaMyBatis/target/classes/MyBatis/entity/EmployeeTask.class
2021-06-11 11:54:10 DEBUG DefaultVFS:101 - Reader entry: ����   4 2
2021-06-11 11:54:10 DEBUG DefaultVFS:224 - Find JAR URL: file:/F:/JavaProject/JavaMyBatis/target/classes/MyBatis/entity/FemaleEmployee.class
2021-06-11 11:54:10 DEBUG DefaultVFS:251 - Not a JAR: file:/F:/JavaProject/JavaMyBatis/target/classes/MyBatis/entity/FemaleEmployee.class
2021-06-11 11:54:10 DEBUG DefaultVFS:101 - Reader entry: ����   4 
2021-06-11 11:54:10 DEBUG DefaultVFS:224 - Find JAR URL: file:/F:/JavaProject/JavaMyBatis/target/classes/MyBatis/entity/FemaleHealthForm.class
2021-06-11 11:54:10 DEBUG DefaultVFS:251 - Not a JAR: file:/F:/JavaProject/JavaMyBatis/target/classes/MyBatis/entity/FemaleHealthForm.class
2021-06-11 11:54:10 DEBUG DefaultVFS:101 - Reader entry: ����   4 
2021-06-11 11:54:10 DEBUG DefaultVFS:224 - Find JAR URL: file:/F:/JavaProject/JavaMyBatis/target/classes/MyBatis/entity/HealthForm.class
2021-06-11 11:54:10 DEBUG DefaultVFS:251 - Not a JAR: file:/F:/JavaProject/JavaMyBatis/target/classes/MyBatis/entity/HealthForm.class
2021-06-11 11:54:10 DEBUG DefaultVFS:101 - Reader entry: ����   4 >
2021-06-11 11:54:10 DEBUG DefaultVFS:224 - Find JAR URL: file:/F:/JavaProject/JavaMyBatis/target/classes/MyBatis/entity/MaleEmployee.class
2021-06-11 11:54:10 DEBUG DefaultVFS:251 - Not a JAR: file:/F:/JavaProject/JavaMyBatis/target/classes/MyBatis/entity/MaleEmployee.class
2021-06-11 11:54:10 DEBUG DefaultVFS:101 - Reader entry: ����   4 
2021-06-11 11:54:10 DEBUG DefaultVFS:224 - Find JAR URL: file:/F:/JavaProject/JavaMyBatis/target/classes/MyBatis/entity/MaleHealthForm.class
2021-06-11 11:54:10 DEBUG DefaultVFS:251 - Not a JAR: file:/F:/JavaProject/JavaMyBatis/target/classes/MyBatis/entity/MaleHealthForm.class
2021-06-11 11:54:10 DEBUG DefaultVFS:101 - Reader entry: ����   4 
2021-06-11 11:54:10 DEBUG DefaultVFS:224 - Find JAR URL: file:/F:/JavaProject/JavaMyBatis/target/classes/MyBatis/entity/PageParams.class
2021-06-11 11:54:10 DEBUG DefaultVFS:251 - Not a JAR: file:/F:/JavaProject/JavaMyBatis/target/classes/MyBatis/entity/PageParams.class
2021-06-11 11:54:10 DEBUG DefaultVFS:101 - Reader entry: ����   4 
2021-06-11 11:54:10 DEBUG DefaultVFS:224 - Find JAR URL: file:/F:/JavaProject/JavaMyBatis/target/classes/MyBatis/entity/Role.class
2021-06-11 11:54:10 DEBUG DefaultVFS:251 - Not a JAR: file:/F:/JavaProject/JavaMyBatis/target/classes/MyBatis/entity/Role.class
2021-06-11 11:54:10 DEBUG DefaultVFS:101 - Reader entry: ����   4 #
2021-06-11 11:54:10 DEBUG DefaultVFS:224 - Find JAR URL: file:/F:/JavaProject/JavaMyBatis/target/classes/MyBatis/entity/RoleParams.class
2021-06-11 11:54:10 DEBUG DefaultVFS:251 - Not a JAR: file:/F:/JavaProject/JavaMyBatis/target/classes/MyBatis/entity/RoleParams.class
2021-06-11 11:54:10 DEBUG DefaultVFS:101 - Reader entry: ����   4 
2021-06-11 11:54:10 DEBUG DefaultVFS:224 - Find JAR URL: file:/F:/JavaProject/JavaMyBatis/target/classes/MyBatis/entity/Task.class
2021-06-11 11:54:10 DEBUG DefaultVFS:251 - Not a JAR: file:/F:/JavaProject/JavaMyBatis/target/classes/MyBatis/entity/Task.class
2021-06-11 11:54:10 DEBUG DefaultVFS:101 - Reader entry: ����   4 *
2021-06-11 11:54:10 DEBUG DefaultVFS:224 - Find JAR URL: file:/F:/JavaProject/JavaMyBatis/target/classes/MyBatis/entity/User.class
2021-06-11 11:54:10 DEBUG DefaultVFS:251 - Not a JAR: file:/F:/JavaProject/JavaMyBatis/target/classes/MyBatis/entity/User.class
2021-06-11 11:54:10 DEBUG DefaultVFS:101 - Reader entry: ����   4 A
2021-06-11 11:54:10 DEBUG DefaultVFS:224 - Find JAR URL: file:/F:/JavaProject/JavaMyBatis/target/classes/MyBatis/entity/WorkCard.class
2021-06-11 11:54:10 DEBUG DefaultVFS:251 - Not a JAR: file:/F:/JavaProject/JavaMyBatis/target/classes/MyBatis/entity/WorkCard.class
2021-06-11 11:54:10 DEBUG DefaultVFS:101 - Reader entry: ����   4 9
2021-06-11 11:54:10 DEBUG DefaultVFS:224 - Find JAR URL: file:/F:/JavaProject/JavaMyBatis/target/classes/MyBatis/enums
2021-06-11 11:54:10 DEBUG DefaultVFS:251 - Not a JAR: file:/F:/JavaProject/JavaMyBatis/target/classes/MyBatis/enums
2021-06-11 11:54:10 DEBUG DefaultVFS:101 - Reader entry: SexEnum.class
2021-06-11 11:54:10 DEBUG DefaultVFS:115 - Listing file:/F:/JavaProject/JavaMyBatis/target/classes/MyBatis/enums
2021-06-11 11:54:10 DEBUG DefaultVFS:224 - Find JAR URL: file:/F:/JavaProject/JavaMyBatis/target/classes/MyBatis/enums/SexEnum.class
2021-06-11 11:54:10 DEBUG DefaultVFS:251 - Not a JAR: file:/F:/JavaProject/JavaMyBatis/target/classes/MyBatis/enums/SexEnum.class
2021-06-11 11:54:10 DEBUG DefaultVFS:101 - Reader entry: ����   4 M	  9
2021-06-11 11:54:10 DEBUG DefaultVFS:224 - Find JAR URL: file:/F:/JavaProject/JavaMyBatis/target/classes/MyBatis/mapper
2021-06-11 11:54:10 DEBUG DefaultVFS:251 - Not a JAR: file:/F:/JavaProject/JavaMyBatis/target/classes/MyBatis/mapper
2021-06-11 11:54:10 DEBUG DefaultVFS:101 - Reader entry: EmployeeMapper.class
2021-06-11 11:54:10 DEBUG DefaultVFS:101 - Reader entry: EmployeeMapper.xml
2021-06-11 11:54:10 DEBUG DefaultVFS:101 - Reader entry: EmployeeTaskMapper.class
2021-06-11 11:54:10 DEBUG DefaultVFS:101 - Reader entry: EmployeeTaskMapper.xml
2021-06-11 11:54:10 DEBUG DefaultVFS:101 - Reader entry: FemaleHealthFormMapper.class
2021-06-11 11:54:10 DEBUG DefaultVFS:101 - Reader entry: FemaleHealthFormMapper.xml
2021-06-11 11:54:10 DEBUG DefaultVFS:101 - Reader entry: MaleHealthFormMapper.class
2021-06-11 11:54:10 DEBUG DefaultVFS:101 - Reader entry: MaleHealthFormMapper.xml
2021-06-11 11:54:10 DEBUG DefaultVFS:101 - Reader entry: RoleMapper.class
2021-06-11 11:54:10 DEBUG DefaultVFS:101 - Reader entry: RoleMapper.xml
2021-06-11 11:54:10 DEBUG DefaultVFS:101 - Reader entry: TaskMapper.class
2021-06-11 11:54:10 DEBUG DefaultVFS:101 - Reader entry: TaskMapper.xml
2021-06-11 11:54:10 DEBUG DefaultVFS:101 - Reader entry: UserMapper.class
2021-06-11 11:54:10 DEBUG DefaultVFS:101 - Reader entry: UserMapper.xml
2021-06-11 11:54:10 DEBUG DefaultVFS:101 - Reader entry: WorkCardMapper.class
2021-06-11 11:54:10 DEBUG DefaultVFS:101 - Reader entry: WorkCardMapper.xml
2021-06-11 11:54:10 DEBUG DefaultVFS:115 - Listing file:/F:/JavaProject/JavaMyBatis/target/classes/MyBatis/mapper
2021-06-11 11:54:10 DEBUG DefaultVFS:224 - Find JAR URL: file:/F:/JavaProject/JavaMyBatis/target/classes/MyBatis/mapper/EmployeeMapper.class
2021-06-11 11:54:10 DEBUG DefaultVFS:251 - Not a JAR: file:/F:/JavaProject/JavaMyBatis/target/classes/MyBatis/mapper/EmployeeMapper.class
2021-06-11 11:54:10 DEBUG DefaultVFS:101 - Reader entry: ����   4 
2021-06-11 11:54:10 DEBUG DefaultVFS:224 - Find JAR URL: file:/F:/JavaProject/JavaMyBatis/target/classes/MyBatis/mapper/EmployeeMapper.xml
2021-06-11 11:54:10 DEBUG DefaultVFS:251 - Not a JAR: file:/F:/JavaProject/JavaMyBatis/target/classes/MyBatis/mapper/EmployeeMapper.xml
2021-06-11 11:54:10 DEBUG DefaultVFS:101 - Reader entry: <?xml version="1.0" encoding="UTF-8" ?>
2021-06-11 11:54:10 DEBUG DefaultVFS:224 - Find JAR URL: file:/F:/JavaProject/JavaMyBatis/target/classes/MyBatis/mapper/EmployeeTaskMapper.class
2021-06-11 11:54:10 DEBUG DefaultVFS:251 - Not a JAR: file:/F:/JavaProject/JavaMyBatis/target/classes/MyBatis/mapper/EmployeeTaskMapper.class
2021-06-11 11:54:10 DEBUG DefaultVFS:101 - Reader entry: ����   4 	   getEmployeeTaskByEmpId /(Ljava/lang/Long;)LMyBatis/entity/EmployeeTask; 
2021-06-11 11:54:10 DEBUG DefaultVFS:224 - Find JAR URL: file:/F:/JavaProject/JavaMyBatis/target/classes/MyBatis/mapper/EmployeeTaskMapper.xml
2021-06-11 11:54:10 DEBUG DefaultVFS:251 - Not a JAR: file:/F:/JavaProject/JavaMyBatis/target/classes/MyBatis/mapper/EmployeeTaskMapper.xml
2021-06-11 11:54:10 DEBUG DefaultVFS:101 - Reader entry: <?xml version="1.0" encoding="UTF-8" ?>
2021-06-11 11:54:10 DEBUG DefaultVFS:224 - Find JAR URL: file:/F:/JavaProject/JavaMyBatis/target/classes/MyBatis/mapper/FemaleHealthFormMapper.class
2021-06-11 11:54:10 DEBUG DefaultVFS:251 - Not a JAR: file:/F:/JavaProject/JavaMyBatis/target/classes/MyBatis/mapper/FemaleHealthFormMapper.class
2021-06-11 11:54:10 DEBUG DefaultVFS:101 - Reader entry: ����   4 	   getFemaleHealthForm 3(Ljava/lang/Long;)LMyBatis/entity/FemaleHealthForm; 
2021-06-11 11:54:10 DEBUG DefaultVFS:224 - Find JAR URL: file:/F:/JavaProject/JavaMyBatis/target/classes/MyBatis/mapper/FemaleHealthFormMapper.xml
2021-06-11 11:54:10 DEBUG DefaultVFS:251 - Not a JAR: file:/F:/JavaProject/JavaMyBatis/target/classes/MyBatis/mapper/FemaleHealthFormMapper.xml
2021-06-11 11:54:10 DEBUG DefaultVFS:101 - Reader entry: <?xml version="1.0" encoding="UTF-8" ?>
2021-06-11 11:54:10 DEBUG DefaultVFS:224 - Find JAR URL: file:/F:/JavaProject/JavaMyBatis/target/classes/MyBatis/mapper/MaleHealthFormMapper.class
2021-06-11 11:54:10 DEBUG DefaultVFS:251 - Not a JAR: file:/F:/JavaProject/JavaMyBatis/target/classes/MyBatis/mapper/MaleHealthFormMapper.class
2021-06-11 11:54:10 DEBUG DefaultVFS:101 - Reader entry: ����   4 	   getMaleHealthForm 1(Ljava/lang/Long;)LMyBatis/entity/MaleHealthForm; 
2021-06-11 11:54:10 DEBUG DefaultVFS:224 - Find JAR URL: file:/F:/JavaProject/JavaMyBatis/target/classes/MyBatis/mapper/MaleHealthFormMapper.xml
2021-06-11 11:54:10 DEBUG DefaultVFS:251 - Not a JAR: file:/F:/JavaProject/JavaMyBatis/target/classes/MyBatis/mapper/MaleHealthFormMapper.xml
2021-06-11 11:54:10 DEBUG DefaultVFS:101 - Reader entry: <?xml version="1.0" encoding="UTF-8" ?>
2021-06-11 11:54:10 DEBUG DefaultVFS:224 - Find JAR URL: file:/F:/JavaProject/JavaMyBatis/target/classes/MyBatis/mapper/RoleMapper.class
2021-06-11 11:54:10 DEBUG DefaultVFS:251 - Not a JAR: file:/F:/JavaProject/JavaMyBatis/target/classes/MyBatis/mapper/RoleMapper.class
2021-06-11 11:54:10 DEBUG DefaultVFS:101 - Reader entry: ����   4    
2021-06-11 11:54:10 DEBUG DefaultVFS:224 - Find JAR URL: file:/F:/JavaProject/JavaMyBatis/target/classes/MyBatis/mapper/RoleMapper.xml
2021-06-11 11:54:10 DEBUG DefaultVFS:251 - Not a JAR: file:/F:/JavaProject/JavaMyBatis/target/classes/MyBatis/mapper/RoleMapper.xml
2021-06-11 11:54:10 DEBUG DefaultVFS:101 - Reader entry: <?xml version="1.0" encoding="UTF-8" ?>
2021-06-11 11:54:10 DEBUG DefaultVFS:224 - Find JAR URL: file:/F:/JavaProject/JavaMyBatis/target/classes/MyBatis/mapper/TaskMapper.class
2021-06-11 11:54:10 DEBUG DefaultVFS:251 - Not a JAR: file:/F:/JavaProject/JavaMyBatis/target/classes/MyBatis/mapper/TaskMapper.class
2021-06-11 11:54:10 DEBUG DefaultVFS:101 - Reader entry: ����   4 	   getTask '(Ljava/lang/Long;)LMyBatis/entity/Task; 
2021-06-11 11:54:10 DEBUG DefaultVFS:224 - Find JAR URL: file:/F:/JavaProject/JavaMyBatis/target/classes/MyBatis/mapper/TaskMapper.xml
2021-06-11 11:54:10 DEBUG DefaultVFS:251 - Not a JAR: file:/F:/JavaProject/JavaMyBatis/target/classes/MyBatis/mapper/TaskMapper.xml
2021-06-11 11:54:10 DEBUG DefaultVFS:101 - Reader entry: <?xml version="1.0" encoding="UTF-8" ?>
2021-06-11 11:54:10 DEBUG DefaultVFS:224 - Find JAR URL: file:/F:/JavaProject/JavaMyBatis/target/classes/MyBatis/mapper/UserMapper.class
2021-06-11 11:54:10 DEBUG DefaultVFS:251 - Not a JAR: file:/F:/JavaProject/JavaMyBatis/target/classes/MyBatis/mapper/UserMapper.class
2021-06-11 11:54:10 DEBUG DefaultVFS:101 - Reader entry: ����   4 	   getUser '(Ljava/lang/Long;)LMyBatis/entity/User; 
2021-06-11 11:54:10 DEBUG DefaultVFS:224 - Find JAR URL: file:/F:/JavaProject/JavaMyBatis/target/classes/MyBatis/mapper/UserMapper.xml
2021-06-11 11:54:10 DEBUG DefaultVFS:251 - Not a JAR: file:/F:/JavaProject/JavaMyBatis/target/classes/MyBatis/mapper/UserMapper.xml
2021-06-11 11:54:10 DEBUG DefaultVFS:101 - Reader entry: <?xml version="1.0" encoding="UTF-8" ?>
2021-06-11 11:54:10 DEBUG DefaultVFS:224 - Find JAR URL: file:/F:/JavaProject/JavaMyBatis/target/classes/MyBatis/mapper/WorkCardMapper.class
2021-06-11 11:54:10 DEBUG DefaultVFS:251 - Not a JAR: file:/F:/JavaProject/JavaMyBatis/target/classes/MyBatis/mapper/WorkCardMapper.class
2021-06-11 11:54:10 DEBUG DefaultVFS:101 - Reader entry: ����   4 	   getWorkCardByEmpId +(Ljava/lang/Long;)LMyBatis/entity/WorkCard; 
2021-06-11 11:54:10 DEBUG DefaultVFS:224 - Find JAR URL: file:/F:/JavaProject/JavaMyBatis/target/classes/MyBatis/mapper/WorkCardMapper.xml
2021-06-11 11:54:10 DEBUG DefaultVFS:251 - Not a JAR: file:/F:/JavaProject/JavaMyBatis/target/classes/MyBatis/mapper/WorkCardMapper.xml
2021-06-11 11:54:10 DEBUG DefaultVFS:101 - Reader entry: <?xml version="1.0" encoding="UTF-8" ?>
2021-06-11 11:54:10 DEBUG DefaultVFS:224 - Find JAR URL: file:/F:/JavaProject/JavaMyBatis/target/classes/MyBatis/test
2021-06-11 11:54:10 DEBUG DefaultVFS:251 - Not a JAR: file:/F:/JavaProject/JavaMyBatis/target/classes/MyBatis/test
2021-06-11 11:54:10 DEBUG DefaultVFS:101 - Reader entry: TestEmployeeMapper.class
2021-06-11 11:54:10 DEBUG DefaultVFS:101 - Reader entry: TestMyBatis.class
2021-06-11 11:54:10 DEBUG DefaultVFS:101 - Reader entry: TestRoleMapper.class
2021-06-11 11:54:10 DEBUG DefaultVFS:115 - Listing file:/F:/JavaProject/JavaMyBatis/target/classes/MyBatis/test
2021-06-11 11:54:10 DEBUG DefaultVFS:224 - Find JAR URL: file:/F:/JavaProject/JavaMyBatis/target/classes/MyBatis/test/TestEmployeeMapper.class
2021-06-11 11:54:10 DEBUG DefaultVFS:251 - Not a JAR: file:/F:/JavaProject/JavaMyBatis/target/classes/MyBatis/test/TestEmployeeMapper.class
2021-06-11 11:54:10 DEBUG DefaultVFS:101 - Reader entry: ����   4 4
2021-06-11 11:54:10 DEBUG DefaultVFS:224 - Find JAR URL: file:/F:/JavaProject/JavaMyBatis/target/classes/MyBatis/test/TestMyBatis.class
2021-06-11 11:54:10 DEBUG DefaultVFS:251 - Not a JAR: file:/F:/JavaProject/JavaMyBatis/target/classes/MyBatis/test/TestMyBatis.class
2021-06-11 11:54:10 DEBUG DefaultVFS:101 - Reader entry: ����   4 >
2021-06-11 11:54:10 DEBUG DefaultVFS:224 - Find JAR URL: file:/F:/JavaProject/JavaMyBatis/target/classes/MyBatis/test/TestRoleMapper.class
2021-06-11 11:54:10 DEBUG DefaultVFS:251 - Not a JAR: file:/F:/JavaProject/JavaMyBatis/target/classes/MyBatis/test/TestRoleMapper.class
2021-06-11 11:54:10 DEBUG DefaultVFS:101 - Reader entry: ����   4 �
2021-06-11 11:54:10 DEBUG DefaultVFS:224 - Find JAR URL: file:/F:/JavaProject/JavaMyBatis/target/classes/MyBatis/utils
2021-06-11 11:54:10 DEBUG DefaultVFS:251 - Not a JAR: file:/F:/JavaProject/JavaMyBatis/target/classes/MyBatis/utils
2021-06-11 11:54:10 DEBUG DefaultVFS:101 - Reader entry: SqlSessionFactoryUtils.class
2021-06-11 11:54:10 DEBUG DefaultVFS:115 - Listing file:/F:/JavaProject/JavaMyBatis/target/classes/MyBatis/utils
2021-06-11 11:54:10 DEBUG DefaultVFS:224 - Find JAR URL: file:/F:/JavaProject/JavaMyBatis/target/classes/MyBatis/utils/SqlSessionFactoryUtils.class
2021-06-11 11:54:10 DEBUG DefaultVFS:251 - Not a JAR: file:/F:/JavaProject/JavaMyBatis/target/classes/MyBatis/utils/SqlSessionFactoryUtils.class
2021-06-11 11:54:10 DEBUG DefaultVFS:101 - Reader entry: ����   4 I
2021-06-11 11:54:10 DEBUG ResolverUtil:287 - Checking to see if class MyBatis.entity.CountRoleParams matches criteria [is assignable to Object]
2021-06-11 11:54:10 DEBUG ResolverUtil:287 - Checking to see if class MyBatis.entity.Employee matches criteria [is assignable to Object]
2021-06-11 11:54:10 DEBUG ResolverUtil:287 - Checking to see if class MyBatis.entity.EmployeeTask matches criteria [is assignable to Object]
2021-06-11 11:54:10 DEBUG ResolverUtil:287 - Checking to see if class MyBatis.entity.FemaleEmployee matches criteria [is assignable to Object]
2021-06-11 11:54:10 DEBUG ResolverUtil:287 - Checking to see if class MyBatis.entity.FemaleHealthForm matches criteria [is assignable to Object]
2021-06-11 11:54:10 DEBUG ResolverUtil:287 - Checking to see if class MyBatis.entity.HealthForm matches criteria [is assignable to Object]
2021-06-11 11:54:10 DEBUG ResolverUtil:287 - Checking to see if class MyBatis.entity.MaleEmployee matches criteria [is assignable to Object]
2021-06-11 11:54:10 DEBUG ResolverUtil:287 - Checking to see if class MyBatis.entity.MaleHealthForm matches criteria [is assignable to Object]
2021-06-11 11:54:10 DEBUG ResolverUtil:287 - Checking to see if class MyBatis.entity.PageParams matches criteria [is assignable to Object]
2021-06-11 11:54:10 DEBUG ResolverUtil:287 - Checking to see if class MyBatis.entity.Role matches criteria [is assignable to Object]
2021-06-11 11:54:10 DEBUG ResolverUtil:287 - Checking to see if class MyBatis.entity.RoleParams matches criteria [is assignable to Object]
2021-06-11 11:54:10 DEBUG ResolverUtil:287 - Checking to see if class MyBatis.entity.Task matches criteria [is assignable to Object]
2021-06-11 11:54:10 DEBUG ResolverUtil:287 - Checking to see if class MyBatis.entity.User matches criteria [is assignable to Object]
2021-06-11 11:54:10 DEBUG ResolverUtil:287 - Checking to see if class MyBatis.entity.WorkCard matches criteria [is assignable to Object]
2021-06-11 11:54:10 DEBUG ResolverUtil:287 - Checking to see if class MyBatis.enums.SexEnum matches criteria [is assignable to Object]
2021-06-11 11:54:10 DEBUG ResolverUtil:287 - Checking to see if class MyBatis.mapper.EmployeeMapper matches criteria [is assignable to Object]
2021-06-11 11:54:10 DEBUG ResolverUtil:287 - Checking to see if class MyBatis.mapper.EmployeeTaskMapper matches criteria [is assignable to Object]
2021-06-11 11:54:10 DEBUG ResolverUtil:287 - Checking to see if class MyBatis.mapper.FemaleHealthFormMapper matches criteria [is assignable to Object]
2021-06-11 11:54:10 DEBUG ResolverUtil:287 - Checking to see if class MyBatis.mapper.MaleHealthFormMapper matches criteria [is assignable to Object]
2021-06-11 11:54:10 DEBUG ResolverUtil:287 - Checking to see if class MyBatis.mapper.RoleMapper matches criteria [is assignable to Object]
2021-06-11 11:54:10 DEBUG ResolverUtil:287 - Checking to see if class MyBatis.mapper.TaskMapper matches criteria [is assignable to Object]
2021-06-11 11:54:10 DEBUG ResolverUtil:287 - Checking to see if class MyBatis.mapper.UserMapper matches criteria [is assignable to Object]
2021-06-11 11:54:10 DEBUG ResolverUtil:287 - Checking to see if class MyBatis.mapper.WorkCardMapper matches criteria [is assignable to Object]
2021-06-11 11:54:10 DEBUG ResolverUtil:287 - Checking to see if class MyBatis.test.TestEmployeeMapper matches criteria [is assignable to Object]
2021-06-11 11:54:10 DEBUG ResolverUtil:287 - Checking to see if class MyBatis.test.TestMyBatis matches criteria [is assignable to Object]
2021-06-11 11:54:10 DEBUG ResolverUtil:287 - Checking to see if class MyBatis.test.TestRoleMapper matches criteria [is assignable to Object]
2021-06-11 11:54:10 DEBUG ResolverUtil:287 - Checking to see if class MyBatis.utils.SqlSessionFactoryUtils matches criteria [is assignable to Object]
2021-06-11 11:54:10 DEBUG PooledDataSource:363 - PooledDataSource forcefully closed/removed all connections.
2021-06-11 11:54:10 DEBUG PooledDataSource:363 - PooledDataSource forcefully closed/removed all connections.
2021-06-11 11:54:10 DEBUG PooledDataSource:363 - PooledDataSource forcefully closed/removed all connections.
2021-06-11 11:54:10 DEBUG PooledDataSource:363 - PooledDataSource forcefully closed/removed all connections.
2021-06-11 11:54:11 DEBUG PooledDataSource:434 - Created connection 1636182655.
2021-06-11 11:54:11 DEBUG PooledDataSource:391 - Returned connection 1636182655 to pool.
2021-06-11 11:54:11 DEBUG DefaultVFS:224 - Find JAR URL: file:/F:/JavaProject/JavaMyBatis/target/classes/MyBatis/mapper
2021-06-11 11:54:11 DEBUG DefaultVFS:251 - Not a JAR: file:/F:/JavaProject/JavaMyBatis/target/classes/MyBatis/mapper
2021-06-11 11:54:11 DEBUG DefaultVFS:101 - Reader entry: EmployeeMapper.class
2021-06-11 11:54:11 DEBUG DefaultVFS:101 - Reader entry: EmployeeMapper.xml
2021-06-11 11:54:11 DEBUG DefaultVFS:101 - Reader entry: EmployeeTaskMapper.class
2021-06-11 11:54:11 DEBUG DefaultVFS:101 - Reader entry: EmployeeTaskMapper.xml
2021-06-11 11:54:11 DEBUG DefaultVFS:101 - Reader entry: FemaleHealthFormMapper.class
2021-06-11 11:54:11 DEBUG DefaultVFS:101 - Reader entry: FemaleHealthFormMapper.xml
2021-06-11 11:54:11 DEBUG DefaultVFS:101 - Reader entry: MaleHealthFormMapper.class
2021-06-11 11:54:11 DEBUG DefaultVFS:101 - Reader entry: MaleHealthFormMapper.xml
2021-06-11 11:54:11 DEBUG DefaultVFS:101 - Reader entry: RoleMapper.class
2021-06-11 11:54:11 DEBUG DefaultVFS:101 - Reader entry: RoleMapper.xml
2021-06-11 11:54:11 DEBUG DefaultVFS:101 - Reader entry: TaskMapper.class
2021-06-11 11:54:11 DEBUG DefaultVFS:101 - Reader entry: TaskMapper.xml
2021-06-11 11:54:11 DEBUG DefaultVFS:101 - Reader entry: UserMapper.class
2021-06-11 11:54:11 DEBUG DefaultVFS:101 - Reader entry: UserMapper.xml
2021-06-11 11:54:11 DEBUG DefaultVFS:101 - Reader entry: WorkCardMapper.class
2021-06-11 11:54:11 DEBUG DefaultVFS:101 - Reader entry: WorkCardMapper.xml
2021-06-11 11:54:11 DEBUG DefaultVFS:115 - Listing file:/F:/JavaProject/JavaMyBatis/target/classes/MyBatis/mapper
2021-06-11 11:54:11 DEBUG DefaultVFS:224 - Find JAR URL: file:/F:/JavaProject/JavaMyBatis/target/classes/MyBatis/mapper/EmployeeMapper.class
2021-06-11 11:54:11 DEBUG DefaultVFS:251 - Not a JAR: file:/F:/JavaProject/JavaMyBatis/target/classes/MyBatis/mapper/EmployeeMapper.class
2021-06-11 11:54:11 DEBUG DefaultVFS:101 - Reader entry: ����   4 
2021-06-11 11:54:11 DEBUG DefaultVFS:224 - Find JAR URL: file:/F:/JavaProject/JavaMyBatis/target/classes/MyBatis/mapper/EmployeeMapper.xml
2021-06-11 11:54:11 DEBUG DefaultVFS:251 - Not a JAR: file:/F:/JavaProject/JavaMyBatis/target/classes/MyBatis/mapper/EmployeeMapper.xml
2021-06-11 11:54:11 DEBUG DefaultVFS:101 - Reader entry: <?xml version="1.0" encoding="UTF-8" ?>
2021-06-11 11:54:11 DEBUG DefaultVFS:224 - Find JAR URL: file:/F:/JavaProject/JavaMyBatis/target/classes/MyBatis/mapper/EmployeeTaskMapper.class
2021-06-11 11:54:11 DEBUG DefaultVFS:251 - Not a JAR: file:/F:/JavaProject/JavaMyBatis/target/classes/MyBatis/mapper/EmployeeTaskMapper.class
2021-06-11 11:54:11 DEBUG DefaultVFS:101 - Reader entry: ����   4 	   getEmployeeTaskByEmpId /(Ljava/lang/Long;)LMyBatis/entity/EmployeeTask; 
2021-06-11 11:54:11 DEBUG DefaultVFS:224 - Find JAR URL: file:/F:/JavaProject/JavaMyBatis/target/classes/MyBatis/mapper/EmployeeTaskMapper.xml
2021-06-11 11:54:11 DEBUG DefaultVFS:251 - Not a JAR: file:/F:/JavaProject/JavaMyBatis/target/classes/MyBatis/mapper/EmployeeTaskMapper.xml
2021-06-11 11:54:11 DEBUG DefaultVFS:101 - Reader entry: <?xml version="1.0" encoding="UTF-8" ?>
2021-06-11 11:54:11 DEBUG DefaultVFS:224 - Find JAR URL: file:/F:/JavaProject/JavaMyBatis/target/classes/MyBatis/mapper/FemaleHealthFormMapper.class
2021-06-11 11:54:11 DEBUG DefaultVFS:251 - Not a JAR: file:/F:/JavaProject/JavaMyBatis/target/classes/MyBatis/mapper/FemaleHealthFormMapper.class
2021-06-11 11:54:11 DEBUG DefaultVFS:101 - Reader entry: ����   4 	   getFemaleHealthForm 3(Ljava/lang/Long;)LMyBatis/entity/FemaleHealthForm; 
2021-06-11 11:54:11 DEBUG DefaultVFS:224 - Find JAR URL: file:/F:/JavaProject/JavaMyBatis/target/classes/MyBatis/mapper/FemaleHealthFormMapper.xml
2021-06-11 11:54:11 DEBUG DefaultVFS:251 - Not a JAR: file:/F:/JavaProject/JavaMyBatis/target/classes/MyBatis/mapper/FemaleHealthFormMapper.xml
2021-06-11 11:54:11 DEBUG DefaultVFS:101 - Reader entry: <?xml version="1.0" encoding="UTF-8" ?>
2021-06-11 11:54:11 DEBUG DefaultVFS:224 - Find JAR URL: file:/F:/JavaProject/JavaMyBatis/target/classes/MyBatis/mapper/MaleHealthFormMapper.class
2021-06-11 11:54:11 DEBUG DefaultVFS:251 - Not a JAR: file:/F:/JavaProject/JavaMyBatis/target/classes/MyBatis/mapper/MaleHealthFormMapper.class
2021-06-11 11:54:11 DEBUG DefaultVFS:101 - Reader entry: ����   4 	   getMaleHealthForm 1(Ljava/lang/Long;)LMyBatis/entity/MaleHealthForm; 
2021-06-11 11:54:11 DEBUG DefaultVFS:224 - Find JAR URL: file:/F:/JavaProject/JavaMyBatis/target/classes/MyBatis/mapper/MaleHealthFormMapper.xml
2021-06-11 11:54:11 DEBUG DefaultVFS:251 - Not a JAR: file:/F:/JavaProject/JavaMyBatis/target/classes/MyBatis/mapper/MaleHealthFormMapper.xml
2021-06-11 11:54:11 DEBUG DefaultVFS:101 - Reader entry: <?xml version="1.0" encoding="UTF-8" ?>
2021-06-11 11:54:11 DEBUG DefaultVFS:224 - Find JAR URL: file:/F:/JavaProject/JavaMyBatis/target/classes/MyBatis/mapper/RoleMapper.class
2021-06-11 11:54:11 DEBUG DefaultVFS:251 - Not a JAR: file:/F:/JavaProject/JavaMyBatis/target/classes/MyBatis/mapper/RoleMapper.class
2021-06-11 11:54:11 DEBUG DefaultVFS:101 - Reader entry: ����   4    
2021-06-11 11:54:11 DEBUG DefaultVFS:224 - Find JAR URL: file:/F:/JavaProject/JavaMyBatis/target/classes/MyBatis/mapper/RoleMapper.xml
2021-06-11 11:54:11 DEBUG DefaultVFS:251 - Not a JAR: file:/F:/JavaProject/JavaMyBatis/target/classes/MyBatis/mapper/RoleMapper.xml
2021-06-11 11:54:11 DEBUG DefaultVFS:101 - Reader entry: <?xml version="1.0" encoding="UTF-8" ?>
2021-06-11 11:54:11 DEBUG DefaultVFS:224 - Find JAR URL: file:/F:/JavaProject/JavaMyBatis/target/classes/MyBatis/mapper/TaskMapper.class
2021-06-11 11:54:11 DEBUG DefaultVFS:251 - Not a JAR: file:/F:/JavaProject/JavaMyBatis/target/classes/MyBatis/mapper/TaskMapper.class
2021-06-11 11:54:11 DEBUG DefaultVFS:101 - Reader entry: ����   4 	   getTask '(Ljava/lang/Long;)LMyBatis/entity/Task; 
2021-06-11 11:54:11 DEBUG DefaultVFS:224 - Find JAR URL: file:/F:/JavaProject/JavaMyBatis/target/classes/MyBatis/mapper/TaskMapper.xml
2021-06-11 11:54:11 DEBUG DefaultVFS:251 - Not a JAR: file:/F:/JavaProject/JavaMyBatis/target/classes/MyBatis/mapper/TaskMapper.xml
2021-06-11 11:54:11 DEBUG DefaultVFS:101 - Reader entry: <?xml version="1.0" encoding="UTF-8" ?>
2021-06-11 11:54:11 DEBUG DefaultVFS:224 - Find JAR URL: file:/F:/JavaProject/JavaMyBatis/target/classes/MyBatis/mapper/UserMapper.class
2021-06-11 11:54:11 DEBUG DefaultVFS:251 - Not a JAR: file:/F:/JavaProject/JavaMyBatis/target/classes/MyBatis/mapper/UserMapper.class
2021-06-11 11:54:11 DEBUG DefaultVFS:101 - Reader entry: ����   4 	   getUser '(Ljava/lang/Long;)LMyBatis/entity/User; 
2021-06-11 11:54:11 DEBUG DefaultVFS:224 - Find JAR URL: file:/F:/JavaProject/JavaMyBatis/target/classes/MyBatis/mapper/UserMapper.xml
2021-06-11 11:54:11 DEBUG DefaultVFS:251 - Not a JAR: file:/F:/JavaProject/JavaMyBatis/target/classes/MyBatis/mapper/UserMapper.xml
2021-06-11 11:54:11 DEBUG DefaultVFS:101 - Reader entry: <?xml version="1.0" encoding="UTF-8" ?>
2021-06-11 11:54:11 DEBUG DefaultVFS:224 - Find JAR URL: file:/F:/JavaProject/JavaMyBatis/target/classes/MyBatis/mapper/WorkCardMapper.class
2021-06-11 11:54:11 DEBUG DefaultVFS:251 - Not a JAR: file:/F:/JavaProject/JavaMyBatis/target/classes/MyBatis/mapper/WorkCardMapper.class
2021-06-11 11:54:11 DEBUG DefaultVFS:101 - Reader entry: ����   4 	   getWorkCardByEmpId +(Ljava/lang/Long;)LMyBatis/entity/WorkCard; 
2021-06-11 11:54:11 DEBUG DefaultVFS:224 - Find JAR URL: file:/F:/JavaProject/JavaMyBatis/target/classes/MyBatis/mapper/WorkCardMapper.xml
2021-06-11 11:54:11 DEBUG DefaultVFS:251 - Not a JAR: file:/F:/JavaProject/JavaMyBatis/target/classes/MyBatis/mapper/WorkCardMapper.xml
2021-06-11 11:54:11 DEBUG DefaultVFS:101 - Reader entry: <?xml version="1.0" encoding="UTF-8" ?>
2021-06-11 11:54:11 DEBUG ResolverUtil:287 - Checking to see if class MyBatis.mapper.EmployeeMapper matches criteria [is assignable to Object]
2021-06-11 11:54:11 DEBUG ResolverUtil:287 - Checking to see if class MyBatis.mapper.EmployeeTaskMapper matches criteria [is assignable to Object]
2021-06-11 11:54:11 DEBUG ResolverUtil:287 - Checking to see if class MyBatis.mapper.FemaleHealthFormMapper matches criteria [is assignable to Object]
2021-06-11 11:54:11 DEBUG ResolverUtil:287 - Checking to see if class MyBatis.mapper.MaleHealthFormMapper matches criteria [is assignable to Object]
2021-06-11 11:54:11 DEBUG ResolverUtil:287 - Checking to see if class MyBatis.mapper.RoleMapper matches criteria [is assignable to Object]
2021-06-11 11:54:11 DEBUG ResolverUtil:287 - Checking to see if class MyBatis.mapper.TaskMapper matches criteria [is assignable to Object]
2021-06-11 11:54:11 DEBUG ResolverUtil:287 - Checking to see if class MyBatis.mapper.UserMapper matches criteria [is assignable to Object]
2021-06-11 11:54:11 DEBUG ResolverUtil:287 - Checking to see if class MyBatis.mapper.WorkCardMapper matches criteria [is assignable to Object]
2021-06-11 11:54:12 DEBUG JdbcTransaction:137 - Opening JDBC Connection
2021-06-11 11:54:12 DEBUG PooledDataSource:426 - Checked out connection 1636182655 from pool.
2021-06-11 11:54:12 DEBUG JdbcTransaction:101 - Setting autocommit to false on JDBC Connection [com.mysql.cj.jdbc.ConnectionImpl@61862a7f]
2021-06-11 11:54:12 DEBUG findRolesByParams:137 - ==>  Preparing: select id , role_name as roleName, note from t_role where 1=1 and role_name like concat('%', ?, '%') and note like concat('%', ?, '%') limit ?, ?
2021-06-11 11:54:12 DEBUG findRolesByParams:137 - ==> Parameters: nam(String), note(String), 0(Integer), 100(Integer)
2021-06-11 11:54:12 DEBUG findRolesByParams:137 - <==      Total: 10
2021-06-11 11:54:12 DEBUG JdbcTransaction:123 - Resetting autocommit to true on JDBC Connection [com.mysql.cj.jdbc.ConnectionImpl@61862a7f]
2021-06-11 11:54:12 DEBUG JdbcTransaction:91 - Closing JDBC Connection [com.mysql.cj.jdbc.ConnectionImpl@61862a7f]
2021-06-11 11:54:12 DEBUG PooledDataSource:391 - Returned connection 1636182655 to pool.
2021-06-11 11:57:18 DEBUG LogFactory:105 - Logging initialized using 'class org.apache.ibatis.logging.slf4j.Slf4jImpl' adapter.
2021-06-11 11:57:18 DEBUG VFS:116 - Class not found: org.jboss.vfs.VFS
2021-06-11 11:57:18 DEBUG JBoss6VFS:149 - JBoss 6 VFS API is not available in this environment.
2021-06-11 11:57:18 DEBUG VFS:116 - Class not found: org.jboss.vfs.VirtualFile
2021-06-11 11:57:18 DEBUG VFS:64 - VFS implementation org.apache.ibatis.io.JBoss6VFS is not valid in this environment.
2021-06-11 11:57:18 DEBUG VFS:74 - Using VFS adapter org.apache.ibatis.io.DefaultVFS
2021-06-11 11:57:18 DEBUG DefaultVFS:224 - Find JAR URL: file:/F:/JavaProject/JavaMyBatis/target/classes/MyBatis
2021-06-11 11:57:18 DEBUG DefaultVFS:251 - Not a JAR: file:/F:/JavaProject/JavaMyBatis/target/classes/MyBatis
2021-06-11 11:57:18 DEBUG DefaultVFS:101 - Reader entry: entity
2021-06-11 11:57:18 DEBUG DefaultVFS:101 - Reader entry: enums
2021-06-11 11:57:18 DEBUG DefaultVFS:101 - Reader entry: mapper
2021-06-11 11:57:18 DEBUG DefaultVFS:101 - Reader entry: test
2021-06-11 11:57:18 DEBUG DefaultVFS:101 - Reader entry: utils
2021-06-11 11:57:18 DEBUG DefaultVFS:115 - Listing file:/F:/JavaProject/JavaMyBatis/target/classes/MyBatis
2021-06-11 11:57:18 DEBUG DefaultVFS:224 - Find JAR URL: file:/F:/JavaProject/JavaMyBatis/target/classes/MyBatis/entity
2021-06-11 11:57:18 DEBUG DefaultVFS:251 - Not a JAR: file:/F:/JavaProject/JavaMyBatis/target/classes/MyBatis/entity
2021-06-11 11:57:18 DEBUG DefaultVFS:101 - Reader entry: CountRoleParams.class
2021-06-11 11:57:18 DEBUG DefaultVFS:101 - Reader entry: Employee.class
2021-06-11 11:57:18 DEBUG DefaultVFS:101 - Reader entry: EmployeeTask.class
2021-06-11 11:57:18 DEBUG DefaultVFS:101 - Reader entry: FemaleEmployee.class
2021-06-11 11:57:18 DEBUG DefaultVFS:101 - Reader entry: FemaleHealthForm.class
2021-06-11 11:57:18 DEBUG DefaultVFS:101 - Reader entry: HealthForm.class
2021-06-11 11:57:18 DEBUG DefaultVFS:101 - Reader entry: MaleEmployee.class
2021-06-11 11:57:18 DEBUG DefaultVFS:101 - Reader entry: MaleHealthForm.class
2021-06-11 11:57:18 DEBUG DefaultVFS:101 - Reader entry: PageParams.class
2021-06-11 11:57:18 DEBUG DefaultVFS:101 - Reader entry: Role.class
2021-06-11 11:57:18 DEBUG DefaultVFS:101 - Reader entry: RoleParams.class
2021-06-11 11:57:18 DEBUG DefaultVFS:101 - Reader entry: Task.class
2021-06-11 11:57:18 DEBUG DefaultVFS:101 - Reader entry: User.class
2021-06-11 11:57:18 DEBUG DefaultVFS:101 - Reader entry: WorkCard.class
2021-06-11 11:57:18 DEBUG DefaultVFS:115 - Listing file:/F:/JavaProject/JavaMyBatis/target/classes/MyBatis/entity
2021-06-11 11:57:18 DEBUG DefaultVFS:224 - Find JAR URL: file:/F:/JavaProject/JavaMyBatis/target/classes/MyBatis/entity/CountRoleParams.class
2021-06-11 11:57:18 DEBUG DefaultVFS:251 - Not a JAR: file:/F:/JavaProject/JavaMyBatis/target/classes/MyBatis/entity/CountRoleParams.class
2021-06-11 11:57:18 DEBUG DefaultVFS:101 - Reader entry: ����   4 (
2021-06-11 11:57:18 DEBUG DefaultVFS:224 - Find JAR URL: file:/F:/JavaProject/JavaMyBatis/target/classes/MyBatis/entity/Employee.class
2021-06-11 11:57:18 DEBUG DefaultVFS:251 - Not a JAR: file:/F:/JavaProject/JavaMyBatis/target/classes/MyBatis/entity/Employee.class
2021-06-11 11:57:18 DEBUG DefaultVFS:101 - Reader entry: ����   4 Y
2021-06-11 11:57:18 DEBUG DefaultVFS:224 - Find JAR URL: file:/F:/JavaProject/JavaMyBatis/target/classes/MyBatis/entity/EmployeeTask.class
2021-06-11 11:57:18 DEBUG DefaultVFS:251 - Not a JAR: file:/F:/JavaProject/JavaMyBatis/target/classes/MyBatis/entity/EmployeeTask.class
2021-06-11 11:57:18 DEBUG DefaultVFS:101 - Reader entry: ����   4 2
2021-06-11 11:57:18 DEBUG DefaultVFS:224 - Find JAR URL: file:/F:/JavaProject/JavaMyBatis/target/classes/MyBatis/entity/FemaleEmployee.class
2021-06-11 11:57:18 DEBUG DefaultVFS:251 - Not a JAR: file:/F:/JavaProject/JavaMyBatis/target/classes/MyBatis/entity/FemaleEmployee.class
2021-06-11 11:57:18 DEBUG DefaultVFS:101 - Reader entry: ����   4 
2021-06-11 11:57:18 DEBUG DefaultVFS:224 - Find JAR URL: file:/F:/JavaProject/JavaMyBatis/target/classes/MyBatis/entity/FemaleHealthForm.class
2021-06-11 11:57:18 DEBUG DefaultVFS:251 - Not a JAR: file:/F:/JavaProject/JavaMyBatis/target/classes/MyBatis/entity/FemaleHealthForm.class
2021-06-11 11:57:18 DEBUG DefaultVFS:101 - Reader entry: ����   4 
2021-06-11 11:57:18 DEBUG DefaultVFS:224 - Find JAR URL: file:/F:/JavaProject/JavaMyBatis/target/classes/MyBatis/entity/HealthForm.class
2021-06-11 11:57:18 DEBUG DefaultVFS:251 - Not a JAR: file:/F:/JavaProject/JavaMyBatis/target/classes/MyBatis/entity/HealthForm.class
2021-06-11 11:57:18 DEBUG DefaultVFS:101 - Reader entry: ����   4 >
2021-06-11 11:57:18 DEBUG DefaultVFS:224 - Find JAR URL: file:/F:/JavaProject/JavaMyBatis/target/classes/MyBatis/entity/MaleEmployee.class
2021-06-11 11:57:18 DEBUG DefaultVFS:251 - Not a JAR: file:/F:/JavaProject/JavaMyBatis/target/classes/MyBatis/entity/MaleEmployee.class
2021-06-11 11:57:18 DEBUG DefaultVFS:101 - Reader entry: ����   4 
2021-06-11 11:57:18 DEBUG DefaultVFS:224 - Find JAR URL: file:/F:/JavaProject/JavaMyBatis/target/classes/MyBatis/entity/MaleHealthForm.class
2021-06-11 11:57:18 DEBUG DefaultVFS:251 - Not a JAR: file:/F:/JavaProject/JavaMyBatis/target/classes/MyBatis/entity/MaleHealthForm.class
2021-06-11 11:57:18 DEBUG DefaultVFS:101 - Reader entry: ����   4 
2021-06-11 11:57:18 DEBUG DefaultVFS:224 - Find JAR URL: file:/F:/JavaProject/JavaMyBatis/target/classes/MyBatis/entity/PageParams.class
2021-06-11 11:57:18 DEBUG DefaultVFS:251 - Not a JAR: file:/F:/JavaProject/JavaMyBatis/target/classes/MyBatis/entity/PageParams.class
2021-06-11 11:57:18 DEBUG DefaultVFS:101 - Reader entry: ����   4 
2021-06-11 11:57:18 DEBUG DefaultVFS:224 - Find JAR URL: file:/F:/JavaProject/JavaMyBatis/target/classes/MyBatis/entity/Role.class
2021-06-11 11:57:18 DEBUG DefaultVFS:251 - Not a JAR: file:/F:/JavaProject/JavaMyBatis/target/classes/MyBatis/entity/Role.class
2021-06-11 11:57:18 DEBUG DefaultVFS:101 - Reader entry: ����   4 #
2021-06-11 11:57:18 DEBUG DefaultVFS:224 - Find JAR URL: file:/F:/JavaProject/JavaMyBatis/target/classes/MyBatis/entity/RoleParams.class
2021-06-11 11:57:18 DEBUG DefaultVFS:251 - Not a JAR: file:/F:/JavaProject/JavaMyBatis/target/classes/MyBatis/entity/RoleParams.class
2021-06-11 11:57:18 DEBUG DefaultVFS:101 - Reader entry: ����   4 
2021-06-11 11:57:18 DEBUG DefaultVFS:224 - Find JAR URL: file:/F:/JavaProject/JavaMyBatis/target/classes/MyBatis/entity/Task.class
2021-06-11 11:57:18 DEBUG DefaultVFS:251 - Not a JAR: file:/F:/JavaProject/JavaMyBatis/target/classes/MyBatis/entity/Task.class
2021-06-11 11:57:18 DEBUG DefaultVFS:101 - Reader entry: ����   4 *
2021-06-11 11:57:18 DEBUG DefaultVFS:224 - Find JAR URL: file:/F:/JavaProject/JavaMyBatis/target/classes/MyBatis/entity/User.class
2021-06-11 11:57:18 DEBUG DefaultVFS:251 - Not a JAR: file:/F:/JavaProject/JavaMyBatis/target/classes/MyBatis/entity/User.class
2021-06-11 11:57:18 DEBUG DefaultVFS:101 - Reader entry: ����   4 A
2021-06-11 11:57:18 DEBUG DefaultVFS:224 - Find JAR URL: file:/F:/JavaProject/JavaMyBatis/target/classes/MyBatis/entity/WorkCard.class
2021-06-11 11:57:18 DEBUG DefaultVFS:251 - Not a JAR: file:/F:/JavaProject/JavaMyBatis/target/classes/MyBatis/entity/WorkCard.class
2021-06-11 11:57:18 DEBUG DefaultVFS:101 - Reader entry: ����   4 9
2021-06-11 11:57:18 DEBUG DefaultVFS:224 - Find JAR URL: file:/F:/JavaProject/JavaMyBatis/target/classes/MyBatis/enums
2021-06-11 11:57:18 DEBUG DefaultVFS:251 - Not a JAR: file:/F:/JavaProject/JavaMyBatis/target/classes/MyBatis/enums
2021-06-11 11:57:18 DEBUG DefaultVFS:101 - Reader entry: SexEnum.class
2021-06-11 11:57:18 DEBUG DefaultVFS:115 - Listing file:/F:/JavaProject/JavaMyBatis/target/classes/MyBatis/enums
2021-06-11 11:57:18 DEBUG DefaultVFS:224 - Find JAR URL: file:/F:/JavaProject/JavaMyBatis/target/classes/MyBatis/enums/SexEnum.class
2021-06-11 11:57:18 DEBUG DefaultVFS:251 - Not a JAR: file:/F:/JavaProject/JavaMyBatis/target/classes/MyBatis/enums/SexEnum.class
2021-06-11 11:57:18 DEBUG DefaultVFS:101 - Reader entry: ����   4 M	  9
2021-06-11 11:57:18 DEBUG DefaultVFS:224 - Find JAR URL: file:/F:/JavaProject/JavaMyBatis/target/classes/MyBatis/mapper
2021-06-11 11:57:18 DEBUG DefaultVFS:251 - Not a JAR: file:/F:/JavaProject/JavaMyBatis/target/classes/MyBatis/mapper
2021-06-11 11:57:18 DEBUG DefaultVFS:101 - Reader entry: EmployeeMapper.class
2021-06-11 11:57:18 DEBUG DefaultVFS:101 - Reader entry: EmployeeMapper.xml
2021-06-11 11:57:18 DEBUG DefaultVFS:101 - Reader entry: EmployeeTaskMapper.class
2021-06-11 11:57:18 DEBUG DefaultVFS:101 - Reader entry: EmployeeTaskMapper.xml
2021-06-11 11:57:18 DEBUG DefaultVFS:101 - Reader entry: FemaleHealthFormMapper.class
2021-06-11 11:57:18 DEBUG DefaultVFS:101 - Reader entry: FemaleHealthFormMapper.xml
2021-06-11 11:57:18 DEBUG DefaultVFS:101 - Reader entry: MaleHealthFormMapper.class
2021-06-11 11:57:18 DEBUG DefaultVFS:101 - Reader entry: MaleHealthFormMapper.xml
2021-06-11 11:57:18 DEBUG DefaultVFS:101 - Reader entry: RoleMapper.class
2021-06-11 11:57:18 DEBUG DefaultVFS:101 - Reader entry: RoleMapper.xml
2021-06-11 11:57:18 DEBUG DefaultVFS:101 - Reader entry: TaskMapper.class
2021-06-11 11:57:18 DEBUG DefaultVFS:101 - Reader entry: TaskMapper.xml
2021-06-11 11:57:18 DEBUG DefaultVFS:101 - Reader entry: UserMapper.class
2021-06-11 11:57:18 DEBUG DefaultVFS:101 - Reader entry: UserMapper.xml
2021-06-11 11:57:18 DEBUG DefaultVFS:101 - Reader entry: WorkCardMapper.class
2021-06-11 11:57:18 DEBUG DefaultVFS:101 - Reader entry: WorkCardMapper.xml
2021-06-11 11:57:18 DEBUG DefaultVFS:115 - Listing file:/F:/JavaProject/JavaMyBatis/target/classes/MyBatis/mapper
2021-06-11 11:57:18 DEBUG DefaultVFS:224 - Find JAR URL: file:/F:/JavaProject/JavaMyBatis/target/classes/MyBatis/mapper/EmployeeMapper.class
2021-06-11 11:57:18 DEBUG DefaultVFS:251 - Not a JAR: file:/F:/JavaProject/JavaMyBatis/target/classes/MyBatis/mapper/EmployeeMapper.class
2021-06-11 11:57:18 DEBUG DefaultVFS:101 - Reader entry: ����   4 
2021-06-11 11:57:18 DEBUG DefaultVFS:224 - Find JAR URL: file:/F:/JavaProject/JavaMyBatis/target/classes/MyBatis/mapper/EmployeeMapper.xml
2021-06-11 11:57:18 DEBUG DefaultVFS:251 - Not a JAR: file:/F:/JavaProject/JavaMyBatis/target/classes/MyBatis/mapper/EmployeeMapper.xml
2021-06-11 11:57:18 DEBUG DefaultVFS:101 - Reader entry: <?xml version="1.0" encoding="UTF-8" ?>
2021-06-11 11:57:18 DEBUG DefaultVFS:224 - Find JAR URL: file:/F:/JavaProject/JavaMyBatis/target/classes/MyBatis/mapper/EmployeeTaskMapper.class
2021-06-11 11:57:18 DEBUG DefaultVFS:251 - Not a JAR: file:/F:/JavaProject/JavaMyBatis/target/classes/MyBatis/mapper/EmployeeTaskMapper.class
2021-06-11 11:57:18 DEBUG DefaultVFS:101 - Reader entry: ����   4 	   getEmployeeTaskByEmpId /(Ljava/lang/Long;)LMyBatis/entity/EmployeeTask; 
2021-06-11 11:57:18 DEBUG DefaultVFS:224 - Find JAR URL: file:/F:/JavaProject/JavaMyBatis/target/classes/MyBatis/mapper/EmployeeTaskMapper.xml
2021-06-11 11:57:18 DEBUG DefaultVFS:251 - Not a JAR: file:/F:/JavaProject/JavaMyBatis/target/classes/MyBatis/mapper/EmployeeTaskMapper.xml
2021-06-11 11:57:18 DEBUG DefaultVFS:101 - Reader entry: <?xml version="1.0" encoding="UTF-8" ?>
2021-06-11 11:57:18 DEBUG DefaultVFS:224 - Find JAR URL: file:/F:/JavaProject/JavaMyBatis/target/classes/MyBatis/mapper/FemaleHealthFormMapper.class
2021-06-11 11:57:18 DEBUG DefaultVFS:251 - Not a JAR: file:/F:/JavaProject/JavaMyBatis/target/classes/MyBatis/mapper/FemaleHealthFormMapper.class
2021-06-11 11:57:18 DEBUG DefaultVFS:101 - Reader entry: ����   4 	   getFemaleHealthForm 3(Ljava/lang/Long;)LMyBatis/entity/FemaleHealthForm; 
2021-06-11 11:57:18 DEBUG DefaultVFS:224 - Find JAR URL: file:/F:/JavaProject/JavaMyBatis/target/classes/MyBatis/mapper/FemaleHealthFormMapper.xml
2021-06-11 11:57:18 DEBUG DefaultVFS:251 - Not a JAR: file:/F:/JavaProject/JavaMyBatis/target/classes/MyBatis/mapper/FemaleHealthFormMapper.xml
2021-06-11 11:57:18 DEBUG DefaultVFS:101 - Reader entry: <?xml version="1.0" encoding="UTF-8" ?>
2021-06-11 11:57:18 DEBUG DefaultVFS:224 - Find JAR URL: file:/F:/JavaProject/JavaMyBatis/target/classes/MyBatis/mapper/MaleHealthFormMapper.class
2021-06-11 11:57:18 DEBUG DefaultVFS:251 - Not a JAR: file:/F:/JavaProject/JavaMyBatis/target/classes/MyBatis/mapper/MaleHealthFormMapper.class
2021-06-11 11:57:18 DEBUG DefaultVFS:101 - Reader entry: ����   4 	   getMaleHealthForm 1(Ljava/lang/Long;)LMyBatis/entity/MaleHealthForm; 
2021-06-11 11:57:18 DEBUG DefaultVFS:224 - Find JAR URL: file:/F:/JavaProject/JavaMyBatis/target/classes/MyBatis/mapper/MaleHealthFormMapper.xml
2021-06-11 11:57:18 DEBUG DefaultVFS:251 - Not a JAR: file:/F:/JavaProject/JavaMyBatis/target/classes/MyBatis/mapper/MaleHealthFormMapper.xml
2021-06-11 11:57:18 DEBUG DefaultVFS:101 - Reader entry: <?xml version="1.0" encoding="UTF-8" ?>
2021-06-11 11:57:18 DEBUG DefaultVFS:224 - Find JAR URL: file:/F:/JavaProject/JavaMyBatis/target/classes/MyBatis/mapper/RoleMapper.class
2021-06-11 11:57:18 DEBUG DefaultVFS:251 - Not a JAR: file:/F:/JavaProject/JavaMyBatis/target/classes/MyBatis/mapper/RoleMapper.class
2021-06-11 11:57:18 DEBUG DefaultVFS:101 - Reader entry: ����   4    
2021-06-11 11:57:18 DEBUG DefaultVFS:224 - Find JAR URL: file:/F:/JavaProject/JavaMyBatis/target/classes/MyBatis/mapper/RoleMapper.xml
2021-06-11 11:57:18 DEBUG DefaultVFS:251 - Not a JAR: file:/F:/JavaProject/JavaMyBatis/target/classes/MyBatis/mapper/RoleMapper.xml
2021-06-11 11:57:18 DEBUG DefaultVFS:101 - Reader entry: <?xml version="1.0" encoding="UTF-8" ?>
2021-06-11 11:57:18 DEBUG DefaultVFS:224 - Find JAR URL: file:/F:/JavaProject/JavaMyBatis/target/classes/MyBatis/mapper/TaskMapper.class
2021-06-11 11:57:18 DEBUG DefaultVFS:251 - Not a JAR: file:/F:/JavaProject/JavaMyBatis/target/classes/MyBatis/mapper/TaskMapper.class
2021-06-11 11:57:18 DEBUG DefaultVFS:101 - Reader entry: ����   4 	   getTask '(Ljava/lang/Long;)LMyBatis/entity/Task; 
2021-06-11 11:57:18 DEBUG DefaultVFS:224 - Find JAR URL: file:/F:/JavaProject/JavaMyBatis/target/classes/MyBatis/mapper/TaskMapper.xml
2021-06-11 11:57:18 DEBUG DefaultVFS:251 - Not a JAR: file:/F:/JavaProject/JavaMyBatis/target/classes/MyBatis/mapper/TaskMapper.xml
2021-06-11 11:57:18 DEBUG DefaultVFS:101 - Reader entry: <?xml version="1.0" encoding="UTF-8" ?>
2021-06-11 11:57:18 DEBUG DefaultVFS:224 - Find JAR URL: file:/F:/JavaProject/JavaMyBatis/target/classes/MyBatis/mapper/UserMapper.class
2021-06-11 11:57:18 DEBUG DefaultVFS:251 - Not a JAR: file:/F:/JavaProject/JavaMyBatis/target/classes/MyBatis/mapper/UserMapper.class
2021-06-11 11:57:18 DEBUG DefaultVFS:101 - Reader entry: ����   4 	   getUser '(Ljava/lang/Long;)LMyBatis/entity/User; 
2021-06-11 11:57:18 DEBUG DefaultVFS:224 - Find JAR URL: file:/F:/JavaProject/JavaMyBatis/target/classes/MyBatis/mapper/UserMapper.xml
2021-06-11 11:57:18 DEBUG DefaultVFS:251 - Not a JAR: file:/F:/JavaProject/JavaMyBatis/target/classes/MyBatis/mapper/UserMapper.xml
2021-06-11 11:57:18 DEBUG DefaultVFS:101 - Reader entry: <?xml version="1.0" encoding="UTF-8" ?>
2021-06-11 11:57:18 DEBUG DefaultVFS:224 - Find JAR URL: file:/F:/JavaProject/JavaMyBatis/target/classes/MyBatis/mapper/WorkCardMapper.class
2021-06-11 11:57:18 DEBUG DefaultVFS:251 - Not a JAR: file:/F:/JavaProject/JavaMyBatis/target/classes/MyBatis/mapper/WorkCardMapper.class
2021-06-11 11:57:18 DEBUG DefaultVFS:101 - Reader entry: ����   4 	   getWorkCardByEmpId +(Ljava/lang/Long;)LMyBatis/entity/WorkCard; 
2021-06-11 11:57:18 DEBUG DefaultVFS:224 - Find JAR URL: file:/F:/JavaProject/JavaMyBatis/target/classes/MyBatis/mapper/WorkCardMapper.xml
2021-06-11 11:57:18 DEBUG DefaultVFS:251 - Not a JAR: file:/F:/JavaProject/JavaMyBatis/target/classes/MyBatis/mapper/WorkCardMapper.xml
2021-06-11 11:57:18 DEBUG DefaultVFS:101 - Reader entry: <?xml version="1.0" encoding="UTF-8" ?>
2021-06-11 11:57:18 DEBUG DefaultVFS:224 - Find JAR URL: file:/F:/JavaProject/JavaMyBatis/target/classes/MyBatis/test
2021-06-11 11:57:18 DEBUG DefaultVFS:251 - Not a JAR: file:/F:/JavaProject/JavaMyBatis/target/classes/MyBatis/test
2021-06-11 11:57:18 DEBUG DefaultVFS:101 - Reader entry: TestEmployeeMapper.class
2021-06-11 11:57:18 DEBUG DefaultVFS:101 - Reader entry: TestMyBatis.class
2021-06-11 11:57:18 DEBUG DefaultVFS:101 - Reader entry: TestRoleMapper.class
2021-06-11 11:57:18 DEBUG DefaultVFS:115 - Listing file:/F:/JavaProject/JavaMyBatis/target/classes/MyBatis/test
2021-06-11 11:57:18 DEBUG DefaultVFS:224 - Find JAR URL: file:/F:/JavaProject/JavaMyBatis/target/classes/MyBatis/test/TestEmployeeMapper.class
2021-06-11 11:57:18 DEBUG DefaultVFS:251 - Not a JAR: file:/F:/JavaProject/JavaMyBatis/target/classes/MyBatis/test/TestEmployeeMapper.class
2021-06-11 11:57:18 DEBUG DefaultVFS:101 - Reader entry: ����   4 4
2021-06-11 11:57:18 DEBUG DefaultVFS:224 - Find JAR URL: file:/F:/JavaProject/JavaMyBatis/target/classes/MyBatis/test/TestMyBatis.class
2021-06-11 11:57:18 DEBUG DefaultVFS:251 - Not a JAR: file:/F:/JavaProject/JavaMyBatis/target/classes/MyBatis/test/TestMyBatis.class
2021-06-11 11:57:18 DEBUG DefaultVFS:101 - Reader entry: ����   4 >
2021-06-11 11:57:18 DEBUG DefaultVFS:224 - Find JAR URL: file:/F:/JavaProject/JavaMyBatis/target/classes/MyBatis/test/TestRoleMapper.class
2021-06-11 11:57:18 DEBUG DefaultVFS:251 - Not a JAR: file:/F:/JavaProject/JavaMyBatis/target/classes/MyBatis/test/TestRoleMapper.class
2021-06-11 11:57:18 DEBUG DefaultVFS:101 - Reader entry: ����   4 �
2021-06-11 11:57:18 DEBUG DefaultVFS:224 - Find JAR URL: file:/F:/JavaProject/JavaMyBatis/target/classes/MyBatis/utils
2021-06-11 11:57:18 DEBUG DefaultVFS:251 - Not a JAR: file:/F:/JavaProject/JavaMyBatis/target/classes/MyBatis/utils
2021-06-11 11:57:18 DEBUG DefaultVFS:101 - Reader entry: SqlSessionFactoryUtils.class
2021-06-11 11:57:18 DEBUG DefaultVFS:115 - Listing file:/F:/JavaProject/JavaMyBatis/target/classes/MyBatis/utils
2021-06-11 11:57:18 DEBUG DefaultVFS:224 - Find JAR URL: file:/F:/JavaProject/JavaMyBatis/target/classes/MyBatis/utils/SqlSessionFactoryUtils.class
2021-06-11 11:57:18 DEBUG DefaultVFS:251 - Not a JAR: file:/F:/JavaProject/JavaMyBatis/target/classes/MyBatis/utils/SqlSessionFactoryUtils.class
2021-06-11 11:57:18 DEBUG DefaultVFS:101 - Reader entry: ����   4 I
2021-06-11 11:57:18 DEBUG ResolverUtil:287 - Checking to see if class MyBatis.entity.CountRoleParams matches criteria [is assignable to Object]
2021-06-11 11:57:18 DEBUG ResolverUtil:287 - Checking to see if class MyBatis.entity.Employee matches criteria [is assignable to Object]
2021-06-11 11:57:18 DEBUG ResolverUtil:287 - Checking to see if class MyBatis.entity.EmployeeTask matches criteria [is assignable to Object]
2021-06-11 11:57:18 DEBUG ResolverUtil:287 - Checking to see if class MyBatis.entity.FemaleEmployee matches criteria [is assignable to Object]
2021-06-11 11:57:18 DEBUG ResolverUtil:287 - Checking to see if class MyBatis.entity.FemaleHealthForm matches criteria [is assignable to Object]
2021-06-11 11:57:18 DEBUG ResolverUtil:287 - Checking to see if class MyBatis.entity.HealthForm matches criteria [is assignable to Object]
2021-06-11 11:57:18 DEBUG ResolverUtil:287 - Checking to see if class MyBatis.entity.MaleEmployee matches criteria [is assignable to Object]
2021-06-11 11:57:18 DEBUG ResolverUtil:287 - Checking to see if class MyBatis.entity.MaleHealthForm matches criteria [is assignable to Object]
2021-06-11 11:57:18 DEBUG ResolverUtil:287 - Checking to see if class MyBatis.entity.PageParams matches criteria [is assignable to Object]
2021-06-11 11:57:18 DEBUG ResolverUtil:287 - Checking to see if class MyBatis.entity.Role matches criteria [is assignable to Object]
2021-06-11 11:57:18 DEBUG ResolverUtil:287 - Checking to see if class MyBatis.entity.RoleParams matches criteria [is assignable to Object]
2021-06-11 11:57:18 DEBUG ResolverUtil:287 - Checking to see if class MyBatis.entity.Task matches criteria [is assignable to Object]
2021-06-11 11:57:18 DEBUG ResolverUtil:287 - Checking to see if class MyBatis.entity.User matches criteria [is assignable to Object]
2021-06-11 11:57:18 DEBUG ResolverUtil:287 - Checking to see if class MyBatis.entity.WorkCard matches criteria [is assignable to Object]
2021-06-11 11:57:18 DEBUG ResolverUtil:287 - Checking to see if class MyBatis.enums.SexEnum matches criteria [is assignable to Object]
2021-06-11 11:57:18 DEBUG ResolverUtil:287 - Checking to see if class MyBatis.mapper.EmployeeMapper matches criteria [is assignable to Object]
2021-06-11 11:57:18 DEBUG ResolverUtil:287 - Checking to see if class MyBatis.mapper.EmployeeTaskMapper matches criteria [is assignable to Object]
2021-06-11 11:57:18 DEBUG ResolverUtil:287 - Checking to see if class MyBatis.mapper.FemaleHealthFormMapper matches criteria [is assignable to Object]
2021-06-11 11:57:18 DEBUG ResolverUtil:287 - Checking to see if class MyBatis.mapper.MaleHealthFormMapper matches criteria [is assignable to Object]
2021-06-11 11:57:18 DEBUG ResolverUtil:287 - Checking to see if class MyBatis.mapper.RoleMapper matches criteria [is assignable to Object]
2021-06-11 11:57:18 DEBUG ResolverUtil:287 - Checking to see if class MyBatis.mapper.TaskMapper matches criteria [is assignable to Object]
2021-06-11 11:57:18 DEBUG ResolverUtil:287 - Checking to see if class MyBatis.mapper.UserMapper matches criteria [is assignable to Object]
2021-06-11 11:57:18 DEBUG ResolverUtil:287 - Checking to see if class MyBatis.mapper.WorkCardMapper matches criteria [is assignable to Object]
2021-06-11 11:57:18 DEBUG ResolverUtil:287 - Checking to see if class MyBatis.test.TestEmployeeMapper matches criteria [is assignable to Object]
2021-06-11 11:57:18 DEBUG ResolverUtil:287 - Checking to see if class MyBatis.test.TestMyBatis matches criteria [is assignable to Object]
2021-06-11 11:57:18 DEBUG ResolverUtil:287 - Checking to see if class MyBatis.test.TestRoleMapper matches criteria [is assignable to Object]
2021-06-11 11:57:18 DEBUG ResolverUtil:287 - Checking to see if class MyBatis.utils.SqlSessionFactoryUtils matches criteria [is assignable to Object]
2021-06-11 11:57:18 DEBUG PooledDataSource:363 - PooledDataSource forcefully closed/removed all connections.
2021-06-11 11:57:18 DEBUG PooledDataSource:363 - PooledDataSource forcefully closed/removed all connections.
2021-06-11 11:57:18 DEBUG PooledDataSource:363 - PooledDataSource forcefully closed/removed all connections.
2021-06-11 11:57:18 DEBUG PooledDataSource:363 - PooledDataSource forcefully closed/removed all connections.
2021-06-11 11:57:19 DEBUG PooledDataSource:434 - Created connection 1636182655.
2021-06-11 11:57:19 DEBUG PooledDataSource:391 - Returned connection 1636182655 to pool.
2021-06-11 11:57:19 DEBUG DefaultVFS:224 - Find JAR URL: file:/F:/JavaProject/JavaMyBatis/target/classes/MyBatis/mapper
2021-06-11 11:57:19 DEBUG DefaultVFS:251 - Not a JAR: file:/F:/JavaProject/JavaMyBatis/target/classes/MyBatis/mapper
2021-06-11 11:57:19 DEBUG DefaultVFS:101 - Reader entry: EmployeeMapper.class
2021-06-11 11:57:19 DEBUG DefaultVFS:101 - Reader entry: EmployeeMapper.xml
2021-06-11 11:57:19 DEBUG DefaultVFS:101 - Reader entry: EmployeeTaskMapper.class
2021-06-11 11:57:19 DEBUG DefaultVFS:101 - Reader entry: EmployeeTaskMapper.xml
2021-06-11 11:57:19 DEBUG DefaultVFS:101 - Reader entry: FemaleHealthFormMapper.class
2021-06-11 11:57:19 DEBUG DefaultVFS:101 - Reader entry: FemaleHealthFormMapper.xml
2021-06-11 11:57:19 DEBUG DefaultVFS:101 - Reader entry: MaleHealthFormMapper.class
2021-06-11 11:57:19 DEBUG DefaultVFS:101 - Reader entry: MaleHealthFormMapper.xml
2021-06-11 11:57:19 DEBUG DefaultVFS:101 - Reader entry: RoleMapper.class
2021-06-11 11:57:19 DEBUG DefaultVFS:101 - Reader entry: RoleMapper.xml
2021-06-11 11:57:19 DEBUG DefaultVFS:101 - Reader entry: TaskMapper.class
2021-06-11 11:57:19 DEBUG DefaultVFS:101 - Reader entry: TaskMapper.xml
2021-06-11 11:57:19 DEBUG DefaultVFS:101 - Reader entry: UserMapper.class
2021-06-11 11:57:19 DEBUG DefaultVFS:101 - Reader entry: UserMapper.xml
2021-06-11 11:57:19 DEBUG DefaultVFS:101 - Reader entry: WorkCardMapper.class
2021-06-11 11:57:19 DEBUG DefaultVFS:101 - Reader entry: WorkCardMapper.xml
2021-06-11 11:57:19 DEBUG DefaultVFS:115 - Listing file:/F:/JavaProject/JavaMyBatis/target/classes/MyBatis/mapper
2021-06-11 11:57:19 DEBUG DefaultVFS:224 - Find JAR URL: file:/F:/JavaProject/JavaMyBatis/target/classes/MyBatis/mapper/EmployeeMapper.class
2021-06-11 11:57:19 DEBUG DefaultVFS:251 - Not a JAR: file:/F:/JavaProject/JavaMyBatis/target/classes/MyBatis/mapper/EmployeeMapper.class
2021-06-11 11:57:19 DEBUG DefaultVFS:101 - Reader entry: ����   4 
2021-06-11 11:57:19 DEBUG DefaultVFS:224 - Find JAR URL: file:/F:/JavaProject/JavaMyBatis/target/classes/MyBatis/mapper/EmployeeMapper.xml
2021-06-11 11:57:19 DEBUG DefaultVFS:251 - Not a JAR: file:/F:/JavaProject/JavaMyBatis/target/classes/MyBatis/mapper/EmployeeMapper.xml
2021-06-11 11:57:19 DEBUG DefaultVFS:101 - Reader entry: <?xml version="1.0" encoding="UTF-8" ?>
2021-06-11 11:57:19 DEBUG DefaultVFS:224 - Find JAR URL: file:/F:/JavaProject/JavaMyBatis/target/classes/MyBatis/mapper/EmployeeTaskMapper.class
2021-06-11 11:57:19 DEBUG DefaultVFS:251 - Not a JAR: file:/F:/JavaProject/JavaMyBatis/target/classes/MyBatis/mapper/EmployeeTaskMapper.class
2021-06-11 11:57:19 DEBUG DefaultVFS:101 - Reader entry: ����   4 	   getEmployeeTaskByEmpId /(Ljava/lang/Long;)LMyBatis/entity/EmployeeTask; 
2021-06-11 11:57:19 DEBUG DefaultVFS:224 - Find JAR URL: file:/F:/JavaProject/JavaMyBatis/target/classes/MyBatis/mapper/EmployeeTaskMapper.xml
2021-06-11 11:57:19 DEBUG DefaultVFS:251 - Not a JAR: file:/F:/JavaProject/JavaMyBatis/target/classes/MyBatis/mapper/EmployeeTaskMapper.xml
2021-06-11 11:57:19 DEBUG DefaultVFS:101 - Reader entry: <?xml version="1.0" encoding="UTF-8" ?>
2021-06-11 11:57:19 DEBUG DefaultVFS:224 - Find JAR URL: file:/F:/JavaProject/JavaMyBatis/target/classes/MyBatis/mapper/FemaleHealthFormMapper.class
2021-06-11 11:57:19 DEBUG DefaultVFS:251 - Not a JAR: file:/F:/JavaProject/JavaMyBatis/target/classes/MyBatis/mapper/FemaleHealthFormMapper.class
2021-06-11 11:57:19 DEBUG DefaultVFS:101 - Reader entry: ����   4 	   getFemaleHealthForm 3(Ljava/lang/Long;)LMyBatis/entity/FemaleHealthForm; 
2021-06-11 11:57:19 DEBUG DefaultVFS:224 - Find JAR URL: file:/F:/JavaProject/JavaMyBatis/target/classes/MyBatis/mapper/FemaleHealthFormMapper.xml
2021-06-11 11:57:19 DEBUG DefaultVFS:251 - Not a JAR: file:/F:/JavaProject/JavaMyBatis/target/classes/MyBatis/mapper/FemaleHealthFormMapper.xml
2021-06-11 11:57:19 DEBUG DefaultVFS:101 - Reader entry: <?xml version="1.0" encoding="UTF-8" ?>
2021-06-11 11:57:19 DEBUG DefaultVFS:224 - Find JAR URL: file:/F:/JavaProject/JavaMyBatis/target/classes/MyBatis/mapper/MaleHealthFormMapper.class
2021-06-11 11:57:19 DEBUG DefaultVFS:251 - Not a JAR: file:/F:/JavaProject/JavaMyBatis/target/classes/MyBatis/mapper/MaleHealthFormMapper.class
2021-06-11 11:57:19 DEBUG DefaultVFS:101 - Reader entry: ����   4 	   getMaleHealthForm 1(Ljava/lang/Long;)LMyBatis/entity/MaleHealthForm; 
2021-06-11 11:57:19 DEBUG DefaultVFS:224 - Find JAR URL: file:/F:/JavaProject/JavaMyBatis/target/classes/MyBatis/mapper/MaleHealthFormMapper.xml
2021-06-11 11:57:19 DEBUG DefaultVFS:251 - Not a JAR: file:/F:/JavaProject/JavaMyBatis/target/classes/MyBatis/mapper/MaleHealthFormMapper.xml
2021-06-11 11:57:19 DEBUG DefaultVFS:101 - Reader entry: <?xml version="1.0" encoding="UTF-8" ?>
2021-06-11 11:57:19 DEBUG DefaultVFS:224 - Find JAR URL: file:/F:/JavaProject/JavaMyBatis/target/classes/MyBatis/mapper/RoleMapper.class
2021-06-11 11:57:19 DEBUG DefaultVFS:251 - Not a JAR: file:/F:/JavaProject/JavaMyBatis/target/classes/MyBatis/mapper/RoleMapper.class
2021-06-11 11:57:19 DEBUG DefaultVFS:101 - Reader entry: ����   4    
2021-06-11 11:57:19 DEBUG DefaultVFS:224 - Find JAR URL: file:/F:/JavaProject/JavaMyBatis/target/classes/MyBatis/mapper/RoleMapper.xml
2021-06-11 11:57:19 DEBUG DefaultVFS:251 - Not a JAR: file:/F:/JavaProject/JavaMyBatis/target/classes/MyBatis/mapper/RoleMapper.xml
2021-06-11 11:57:19 DEBUG DefaultVFS:101 - Reader entry: <?xml version="1.0" encoding="UTF-8" ?>
2021-06-11 11:57:19 DEBUG DefaultVFS:224 - Find JAR URL: file:/F:/JavaProject/JavaMyBatis/target/classes/MyBatis/mapper/TaskMapper.class
2021-06-11 11:57:19 DEBUG DefaultVFS:251 - Not a JAR: file:/F:/JavaProject/JavaMyBatis/target/classes/MyBatis/mapper/TaskMapper.class
2021-06-11 11:57:19 DEBUG DefaultVFS:101 - Reader entry: ����   4 	   getTask '(Ljava/lang/Long;)LMyBatis/entity/Task; 
2021-06-11 11:57:19 DEBUG DefaultVFS:224 - Find JAR URL: file:/F:/JavaProject/JavaMyBatis/target/classes/MyBatis/mapper/TaskMapper.xml
2021-06-11 11:57:19 DEBUG DefaultVFS:251 - Not a JAR: file:/F:/JavaProject/JavaMyBatis/target/classes/MyBatis/mapper/TaskMapper.xml
2021-06-11 11:57:19 DEBUG DefaultVFS:101 - Reader entry: <?xml version="1.0" encoding="UTF-8" ?>
2021-06-11 11:57:19 DEBUG DefaultVFS:224 - Find JAR URL: file:/F:/JavaProject/JavaMyBatis/target/classes/MyBatis/mapper/UserMapper.class
2021-06-11 11:57:19 DEBUG DefaultVFS:251 - Not a JAR: file:/F:/JavaProject/JavaMyBatis/target/classes/MyBatis/mapper/UserMapper.class
2021-06-11 11:57:19 DEBUG DefaultVFS:101 - Reader entry: ����   4 	   getUser '(Ljava/lang/Long;)LMyBatis/entity/User; 
2021-06-11 11:57:19 DEBUG DefaultVFS:224 - Find JAR URL: file:/F:/JavaProject/JavaMyBatis/target/classes/MyBatis/mapper/UserMapper.xml
2021-06-11 11:57:19 DEBUG DefaultVFS:251 - Not a JAR: file:/F:/JavaProject/JavaMyBatis/target/classes/MyBatis/mapper/UserMapper.xml
2021-06-11 11:57:19 DEBUG DefaultVFS:101 - Reader entry: <?xml version="1.0" encoding="UTF-8" ?>
2021-06-11 11:57:19 DEBUG DefaultVFS:224 - Find JAR URL: file:/F:/JavaProject/JavaMyBatis/target/classes/MyBatis/mapper/WorkCardMapper.class
2021-06-11 11:57:19 DEBUG DefaultVFS:251 - Not a JAR: file:/F:/JavaProject/JavaMyBatis/target/classes/MyBatis/mapper/WorkCardMapper.class
2021-06-11 11:57:19 DEBUG DefaultVFS:101 - Reader entry: ����   4 	   getWorkCardByEmpId +(Ljava/lang/Long;)LMyBatis/entity/WorkCard; 
2021-06-11 11:57:19 DEBUG DefaultVFS:224 - Find JAR URL: file:/F:/JavaProject/JavaMyBatis/target/classes/MyBatis/mapper/WorkCardMapper.xml
2021-06-11 11:57:19 DEBUG DefaultVFS:251 - Not a JAR: file:/F:/JavaProject/JavaMyBatis/target/classes/MyBatis/mapper/WorkCardMapper.xml
2021-06-11 11:57:19 DEBUG DefaultVFS:101 - Reader entry: <?xml version="1.0" encoding="UTF-8" ?>
2021-06-11 11:57:19 DEBUG ResolverUtil:287 - Checking to see if class MyBatis.mapper.EmployeeMapper matches criteria [is assignable to Object]
2021-06-11 11:57:19 DEBUG ResolverUtil:287 - Checking to see if class MyBatis.mapper.EmployeeTaskMapper matches criteria [is assignable to Object]
2021-06-11 11:57:19 DEBUG ResolverUtil:287 - Checking to see if class MyBatis.mapper.FemaleHealthFormMapper matches criteria [is assignable to Object]
2021-06-11 11:57:19 DEBUG ResolverUtil:287 - Checking to see if class MyBatis.mapper.MaleHealthFormMapper matches criteria [is assignable to Object]
2021-06-11 11:57:19 DEBUG ResolverUtil:287 - Checking to see if class MyBatis.mapper.RoleMapper matches criteria [is assignable to Object]
2021-06-11 11:57:19 DEBUG ResolverUtil:287 - Checking to see if class MyBatis.mapper.TaskMapper matches criteria [is assignable to Object]
2021-06-11 11:57:19 DEBUG ResolverUtil:287 - Checking to see if class MyBatis.mapper.UserMapper matches criteria [is assignable to Object]
2021-06-11 11:57:19 DEBUG ResolverUtil:287 - Checking to see if class MyBatis.mapper.WorkCardMapper matches criteria [is assignable to Object]
2021-06-11 11:57:19 DEBUG JdbcTransaction:137 - Opening JDBC Connection
2021-06-11 11:57:19 DEBUG PooledDataSource:426 - Checked out connection 1636182655 from pool.
2021-06-11 11:57:19 DEBUG JdbcTransaction:101 - Setting autocommit to false on JDBC Connection [com.mysql.cj.jdbc.ConnectionImpl@61862a7f]
2021-06-11 11:57:19 DEBUG findRolesByParams:137 - ==>  Preparing: select id , role_name as roleName, note from t_role where 1=1 and role_name like concat('%', ?, '%') and note like concat('%', ?, '%') limit ?, ?
2021-06-11 11:57:20 DEBUG findRolesByParams:137 - ==> Parameters: nam(String), note(String), 0(Integer), 100(Integer)
2021-06-11 11:57:20 DEBUG findRolesByParams:137 - <==      Total: 10
2021-06-11 11:57:20 DEBUG JdbcTransaction:123 - Resetting autocommit to true on JDBC Connection [com.mysql.cj.jdbc.ConnectionImpl@61862a7f]
2021-06-11 11:57:20 DEBUG JdbcTransaction:91 - Closing JDBC Connection [com.mysql.cj.jdbc.ConnectionImpl@61862a7f]
2021-06-11 11:57:20 DEBUG PooledDataSource:391 - Returned connection 1636182655 to pool.
2021-06-11 12:01:26 DEBUG LogFactory:105 - Logging initialized using 'class org.apache.ibatis.logging.slf4j.Slf4jImpl' adapter.
2021-06-11 12:01:27 DEBUG VFS:116 - Class not found: org.jboss.vfs.VFS
2021-06-11 12:01:27 DEBUG JBoss6VFS:149 - JBoss 6 VFS API is not available in this environment.
2021-06-11 12:01:27 DEBUG VFS:116 - Class not found: org.jboss.vfs.VirtualFile
2021-06-11 12:01:27 DEBUG VFS:64 - VFS implementation org.apache.ibatis.io.JBoss6VFS is not valid in this environment.
2021-06-11 12:01:27 DEBUG VFS:74 - Using VFS adapter org.apache.ibatis.io.DefaultVFS
2021-06-11 12:01:27 DEBUG DefaultVFS:224 - Find JAR URL: file:/F:/JavaProject/JavaMyBatis/target/classes/MyBatis
2021-06-11 12:01:27 DEBUG DefaultVFS:251 - Not a JAR: file:/F:/JavaProject/JavaMyBatis/target/classes/MyBatis
2021-06-11 12:01:27 DEBUG DefaultVFS:101 - Reader entry: entity
2021-06-11 12:01:27 DEBUG DefaultVFS:101 - Reader entry: enums
2021-06-11 12:01:27 DEBUG DefaultVFS:101 - Reader entry: mapper
2021-06-11 12:01:27 DEBUG DefaultVFS:101 - Reader entry: test
2021-06-11 12:01:27 DEBUG DefaultVFS:101 - Reader entry: utils
2021-06-11 12:01:27 DEBUG DefaultVFS:115 - Listing file:/F:/JavaProject/JavaMyBatis/target/classes/MyBatis
2021-06-11 12:01:27 DEBUG DefaultVFS:224 - Find JAR URL: file:/F:/JavaProject/JavaMyBatis/target/classes/MyBatis/entity
2021-06-11 12:01:27 DEBUG DefaultVFS:251 - Not a JAR: file:/F:/JavaProject/JavaMyBatis/target/classes/MyBatis/entity
2021-06-11 12:01:27 DEBUG DefaultVFS:101 - Reader entry: CountRoleParams.class
2021-06-11 12:01:27 DEBUG DefaultVFS:101 - Reader entry: Employee.class
2021-06-11 12:01:27 DEBUG DefaultVFS:101 - Reader entry: EmployeeTask.class
2021-06-11 12:01:27 DEBUG DefaultVFS:101 - Reader entry: FemaleEmployee.class
2021-06-11 12:01:27 DEBUG DefaultVFS:101 - Reader entry: FemaleHealthForm.class
2021-06-11 12:01:27 DEBUG DefaultVFS:101 - Reader entry: HealthForm.class
2021-06-11 12:01:27 DEBUG DefaultVFS:101 - Reader entry: MaleEmployee.class
2021-06-11 12:01:27 DEBUG DefaultVFS:101 - Reader entry: MaleHealthForm.class
2021-06-11 12:01:27 DEBUG DefaultVFS:101 - Reader entry: PageParams.class
2021-06-11 12:01:27 DEBUG DefaultVFS:101 - Reader entry: Role.class
2021-06-11 12:01:27 DEBUG DefaultVFS:101 - Reader entry: RoleParams.class
2021-06-11 12:01:27 DEBUG DefaultVFS:101 - Reader entry: Task.class
2021-06-11 12:01:27 DEBUG DefaultVFS:101 - Reader entry: User.class
2021-06-11 12:01:27 DEBUG DefaultVFS:101 - Reader entry: WorkCard.class
2021-06-11 12:01:27 DEBUG DefaultVFS:115 - Listing file:/F:/JavaProject/JavaMyBatis/target/classes/MyBatis/entity
2021-06-11 12:01:27 DEBUG DefaultVFS:224 - Find JAR URL: file:/F:/JavaProject/JavaMyBatis/target/classes/MyBatis/entity/CountRoleParams.class
2021-06-11 12:01:27 DEBUG DefaultVFS:251 - Not a JAR: file:/F:/JavaProject/JavaMyBatis/target/classes/MyBatis/entity/CountRoleParams.class
2021-06-11 12:01:27 DEBUG DefaultVFS:101 - Reader entry: ����   4 (
2021-06-11 12:01:27 DEBUG DefaultVFS:224 - Find JAR URL: file:/F:/JavaProject/JavaMyBatis/target/classes/MyBatis/entity/Employee.class
2021-06-11 12:01:27 DEBUG DefaultVFS:251 - Not a JAR: file:/F:/JavaProject/JavaMyBatis/target/classes/MyBatis/entity/Employee.class
2021-06-11 12:01:27 DEBUG DefaultVFS:101 - Reader entry: ����   4 Y
2021-06-11 12:01:27 DEBUG DefaultVFS:224 - Find JAR URL: file:/F:/JavaProject/JavaMyBatis/target/classes/MyBatis/entity/EmployeeTask.class
2021-06-11 12:01:27 DEBUG DefaultVFS:251 - Not a JAR: file:/F:/JavaProject/JavaMyBatis/target/classes/MyBatis/entity/EmployeeTask.class
2021-06-11 12:01:27 DEBUG DefaultVFS:101 - Reader entry: ����   4 2
2021-06-11 12:01:27 DEBUG DefaultVFS:224 - Find JAR URL: file:/F:/JavaProject/JavaMyBatis/target/classes/MyBatis/entity/FemaleEmployee.class
2021-06-11 12:01:27 DEBUG DefaultVFS:251 - Not a JAR: file:/F:/JavaProject/JavaMyBatis/target/classes/MyBatis/entity/FemaleEmployee.class
2021-06-11 12:01:27 DEBUG DefaultVFS:101 - Reader entry: ����   4 
2021-06-11 12:01:27 DEBUG DefaultVFS:224 - Find JAR URL: file:/F:/JavaProject/JavaMyBatis/target/classes/MyBatis/entity/FemaleHealthForm.class
2021-06-11 12:01:27 DEBUG DefaultVFS:251 - Not a JAR: file:/F:/JavaProject/JavaMyBatis/target/classes/MyBatis/entity/FemaleHealthForm.class
2021-06-11 12:01:27 DEBUG DefaultVFS:101 - Reader entry: ����   4 
2021-06-11 12:01:27 DEBUG DefaultVFS:224 - Find JAR URL: file:/F:/JavaProject/JavaMyBatis/target/classes/MyBatis/entity/HealthForm.class
2021-06-11 12:01:27 DEBUG DefaultVFS:251 - Not a JAR: file:/F:/JavaProject/JavaMyBatis/target/classes/MyBatis/entity/HealthForm.class
2021-06-11 12:01:27 DEBUG DefaultVFS:101 - Reader entry: ����   4 >
2021-06-11 12:01:27 DEBUG DefaultVFS:224 - Find JAR URL: file:/F:/JavaProject/JavaMyBatis/target/classes/MyBatis/entity/MaleEmployee.class
2021-06-11 12:01:27 DEBUG DefaultVFS:251 - Not a JAR: file:/F:/JavaProject/JavaMyBatis/target/classes/MyBatis/entity/MaleEmployee.class
2021-06-11 12:01:27 DEBUG DefaultVFS:101 - Reader entry: ����   4 
2021-06-11 12:01:27 DEBUG DefaultVFS:224 - Find JAR URL: file:/F:/JavaProject/JavaMyBatis/target/classes/MyBatis/entity/MaleHealthForm.class
2021-06-11 12:01:27 DEBUG DefaultVFS:251 - Not a JAR: file:/F:/JavaProject/JavaMyBatis/target/classes/MyBatis/entity/MaleHealthForm.class
2021-06-11 12:01:27 DEBUG DefaultVFS:101 - Reader entry: ����   4 
2021-06-11 12:01:27 DEBUG DefaultVFS:224 - Find JAR URL: file:/F:/JavaProject/JavaMyBatis/target/classes/MyBatis/entity/PageParams.class
2021-06-11 12:01:27 DEBUG DefaultVFS:251 - Not a JAR: file:/F:/JavaProject/JavaMyBatis/target/classes/MyBatis/entity/PageParams.class
2021-06-11 12:01:27 DEBUG DefaultVFS:101 - Reader entry: ����   4 
2021-06-11 12:01:27 DEBUG DefaultVFS:224 - Find JAR URL: file:/F:/JavaProject/JavaMyBatis/target/classes/MyBatis/entity/Role.class
2021-06-11 12:01:27 DEBUG DefaultVFS:251 - Not a JAR: file:/F:/JavaProject/JavaMyBatis/target/classes/MyBatis/entity/Role.class
2021-06-11 12:01:27 DEBUG DefaultVFS:101 - Reader entry: ����   4 #
2021-06-11 12:01:27 DEBUG DefaultVFS:224 - Find JAR URL: file:/F:/JavaProject/JavaMyBatis/target/classes/MyBatis/entity/RoleParams.class
2021-06-11 12:01:27 DEBUG DefaultVFS:251 - Not a JAR: file:/F:/JavaProject/JavaMyBatis/target/classes/MyBatis/entity/RoleParams.class
2021-06-11 12:01:27 DEBUG DefaultVFS:101 - Reader entry: ����   4 
2021-06-11 12:01:27 DEBUG DefaultVFS:224 - Find JAR URL: file:/F:/JavaProject/JavaMyBatis/target/classes/MyBatis/entity/Task.class
2021-06-11 12:01:27 DEBUG DefaultVFS:251 - Not a JAR: file:/F:/JavaProject/JavaMyBatis/target/classes/MyBatis/entity/Task.class
2021-06-11 12:01:27 DEBUG DefaultVFS:101 - Reader entry: ����   4 *
2021-06-11 12:01:27 DEBUG DefaultVFS:224 - Find JAR URL: file:/F:/JavaProject/JavaMyBatis/target/classes/MyBatis/entity/User.class
2021-06-11 12:01:27 DEBUG DefaultVFS:251 - Not a JAR: file:/F:/JavaProject/JavaMyBatis/target/classes/MyBatis/entity/User.class
2021-06-11 12:01:27 DEBUG DefaultVFS:101 - Reader entry: ����   4 A
2021-06-11 12:01:27 DEBUG DefaultVFS:224 - Find JAR URL: file:/F:/JavaProject/JavaMyBatis/target/classes/MyBatis/entity/WorkCard.class
2021-06-11 12:01:27 DEBUG DefaultVFS:251 - Not a JAR: file:/F:/JavaProject/JavaMyBatis/target/classes/MyBatis/entity/WorkCard.class
2021-06-11 12:01:27 DEBUG DefaultVFS:101 - Reader entry: ����   4 9
2021-06-11 12:01:27 DEBUG DefaultVFS:224 - Find JAR URL: file:/F:/JavaProject/JavaMyBatis/target/classes/MyBatis/enums
2021-06-11 12:01:27 DEBUG DefaultVFS:251 - Not a JAR: file:/F:/JavaProject/JavaMyBatis/target/classes/MyBatis/enums
2021-06-11 12:01:27 DEBUG DefaultVFS:101 - Reader entry: SexEnum.class
2021-06-11 12:01:27 DEBUG DefaultVFS:115 - Listing file:/F:/JavaProject/JavaMyBatis/target/classes/MyBatis/enums
2021-06-11 12:01:27 DEBUG DefaultVFS:224 - Find JAR URL: file:/F:/JavaProject/JavaMyBatis/target/classes/MyBatis/enums/SexEnum.class
2021-06-11 12:01:27 DEBUG DefaultVFS:251 - Not a JAR: file:/F:/JavaProject/JavaMyBatis/target/classes/MyBatis/enums/SexEnum.class
2021-06-11 12:01:27 DEBUG DefaultVFS:101 - Reader entry: ����   4 M	  9
2021-06-11 12:01:27 DEBUG DefaultVFS:224 - Find JAR URL: file:/F:/JavaProject/JavaMyBatis/target/classes/MyBatis/mapper
2021-06-11 12:01:27 DEBUG DefaultVFS:251 - Not a JAR: file:/F:/JavaProject/JavaMyBatis/target/classes/MyBatis/mapper
2021-06-11 12:01:27 DEBUG DefaultVFS:101 - Reader entry: EmployeeMapper.class
2021-06-11 12:01:27 DEBUG DefaultVFS:101 - Reader entry: EmployeeMapper.xml
2021-06-11 12:01:27 DEBUG DefaultVFS:101 - Reader entry: EmployeeTaskMapper.class
2021-06-11 12:01:27 DEBUG DefaultVFS:101 - Reader entry: EmployeeTaskMapper.xml
2021-06-11 12:01:27 DEBUG DefaultVFS:101 - Reader entry: FemaleHealthFormMapper.class
2021-06-11 12:01:27 DEBUG DefaultVFS:101 - Reader entry: FemaleHealthFormMapper.xml
2021-06-11 12:01:27 DEBUG DefaultVFS:101 - Reader entry: MaleHealthFormMapper.class
2021-06-11 12:01:27 DEBUG DefaultVFS:101 - Reader entry: MaleHealthFormMapper.xml
2021-06-11 12:01:27 DEBUG DefaultVFS:101 - Reader entry: RoleMapper.class
2021-06-11 12:01:27 DEBUG DefaultVFS:101 - Reader entry: RoleMapper.xml
2021-06-11 12:01:27 DEBUG DefaultVFS:101 - Reader entry: TaskMapper.class
2021-06-11 12:01:27 DEBUG DefaultVFS:101 - Reader entry: TaskMapper.xml
2021-06-11 12:01:27 DEBUG DefaultVFS:101 - Reader entry: UserMapper.class
2021-06-11 12:01:27 DEBUG DefaultVFS:101 - Reader entry: UserMapper.xml
2021-06-11 12:01:27 DEBUG DefaultVFS:101 - Reader entry: WorkCardMapper.class
2021-06-11 12:01:27 DEBUG DefaultVFS:101 - Reader entry: WorkCardMapper.xml
2021-06-11 12:01:27 DEBUG DefaultVFS:115 - Listing file:/F:/JavaProject/JavaMyBatis/target/classes/MyBatis/mapper
2021-06-11 12:01:27 DEBUG DefaultVFS:224 - Find JAR URL: file:/F:/JavaProject/JavaMyBatis/target/classes/MyBatis/mapper/EmployeeMapper.class
2021-06-11 12:01:27 DEBUG DefaultVFS:251 - Not a JAR: file:/F:/JavaProject/JavaMyBatis/target/classes/MyBatis/mapper/EmployeeMapper.class
2021-06-11 12:01:27 DEBUG DefaultVFS:101 - Reader entry: ����   4 
2021-06-11 12:01:27 DEBUG DefaultVFS:224 - Find JAR URL: file:/F:/JavaProject/JavaMyBatis/target/classes/MyBatis/mapper/EmployeeMapper.xml
2021-06-11 12:01:27 DEBUG DefaultVFS:251 - Not a JAR: file:/F:/JavaProject/JavaMyBatis/target/classes/MyBatis/mapper/EmployeeMapper.xml
2021-06-11 12:01:27 DEBUG DefaultVFS:101 - Reader entry: <?xml version="1.0" encoding="UTF-8" ?>
2021-06-11 12:01:27 DEBUG DefaultVFS:224 - Find JAR URL: file:/F:/JavaProject/JavaMyBatis/target/classes/MyBatis/mapper/EmployeeTaskMapper.class
2021-06-11 12:01:27 DEBUG DefaultVFS:251 - Not a JAR: file:/F:/JavaProject/JavaMyBatis/target/classes/MyBatis/mapper/EmployeeTaskMapper.class
2021-06-11 12:01:27 DEBUG DefaultVFS:101 - Reader entry: ����   4 	   getEmployeeTaskByEmpId /(Ljava/lang/Long;)LMyBatis/entity/EmployeeTask; 
2021-06-11 12:01:27 DEBUG DefaultVFS:224 - Find JAR URL: file:/F:/JavaProject/JavaMyBatis/target/classes/MyBatis/mapper/EmployeeTaskMapper.xml
2021-06-11 12:01:27 DEBUG DefaultVFS:251 - Not a JAR: file:/F:/JavaProject/JavaMyBatis/target/classes/MyBatis/mapper/EmployeeTaskMapper.xml
2021-06-11 12:01:27 DEBUG DefaultVFS:101 - Reader entry: <?xml version="1.0" encoding="UTF-8" ?>
2021-06-11 12:01:27 DEBUG DefaultVFS:224 - Find JAR URL: file:/F:/JavaProject/JavaMyBatis/target/classes/MyBatis/mapper/FemaleHealthFormMapper.class
2021-06-11 12:01:27 DEBUG DefaultVFS:251 - Not a JAR: file:/F:/JavaProject/JavaMyBatis/target/classes/MyBatis/mapper/FemaleHealthFormMapper.class
2021-06-11 12:01:27 DEBUG DefaultVFS:101 - Reader entry: ����   4 	   getFemaleHealthForm 3(Ljava/lang/Long;)LMyBatis/entity/FemaleHealthForm; 
2021-06-11 12:01:27 DEBUG DefaultVFS:224 - Find JAR URL: file:/F:/JavaProject/JavaMyBatis/target/classes/MyBatis/mapper/FemaleHealthFormMapper.xml
2021-06-11 12:01:27 DEBUG DefaultVFS:251 - Not a JAR: file:/F:/JavaProject/JavaMyBatis/target/classes/MyBatis/mapper/FemaleHealthFormMapper.xml
2021-06-11 12:01:27 DEBUG DefaultVFS:101 - Reader entry: <?xml version="1.0" encoding="UTF-8" ?>
2021-06-11 12:01:27 DEBUG DefaultVFS:224 - Find JAR URL: file:/F:/JavaProject/JavaMyBatis/target/classes/MyBatis/mapper/MaleHealthFormMapper.class
2021-06-11 12:01:27 DEBUG DefaultVFS:251 - Not a JAR: file:/F:/JavaProject/JavaMyBatis/target/classes/MyBatis/mapper/MaleHealthFormMapper.class
2021-06-11 12:01:27 DEBUG DefaultVFS:101 - Reader entry: ����   4 	   getMaleHealthForm 1(Ljava/lang/Long;)LMyBatis/entity/MaleHealthForm; 
2021-06-11 12:01:27 DEBUG DefaultVFS:224 - Find JAR URL: file:/F:/JavaProject/JavaMyBatis/target/classes/MyBatis/mapper/MaleHealthFormMapper.xml
2021-06-11 12:01:27 DEBUG DefaultVFS:251 - Not a JAR: file:/F:/JavaProject/JavaMyBatis/target/classes/MyBatis/mapper/MaleHealthFormMapper.xml
2021-06-11 12:01:27 DEBUG DefaultVFS:101 - Reader entry: <?xml version="1.0" encoding="UTF-8" ?>
2021-06-11 12:01:27 DEBUG DefaultVFS:224 - Find JAR URL: file:/F:/JavaProject/JavaMyBatis/target/classes/MyBatis/mapper/RoleMapper.class
2021-06-11 12:01:27 DEBUG DefaultVFS:251 - Not a JAR: file:/F:/JavaProject/JavaMyBatis/target/classes/MyBatis/mapper/RoleMapper.class
2021-06-11 12:01:27 DEBUG DefaultVFS:101 - Reader entry: ����   4    
2021-06-11 12:01:27 DEBUG DefaultVFS:224 - Find JAR URL: file:/F:/JavaProject/JavaMyBatis/target/classes/MyBatis/mapper/RoleMapper.xml
2021-06-11 12:01:27 DEBUG DefaultVFS:251 - Not a JAR: file:/F:/JavaProject/JavaMyBatis/target/classes/MyBatis/mapper/RoleMapper.xml
2021-06-11 12:01:27 DEBUG DefaultVFS:101 - Reader entry: <?xml version="1.0" encoding="UTF-8" ?>
2021-06-11 12:01:27 DEBUG DefaultVFS:224 - Find JAR URL: file:/F:/JavaProject/JavaMyBatis/target/classes/MyBatis/mapper/TaskMapper.class
2021-06-11 12:01:27 DEBUG DefaultVFS:251 - Not a JAR: file:/F:/JavaProject/JavaMyBatis/target/classes/MyBatis/mapper/TaskMapper.class
2021-06-11 12:01:27 DEBUG DefaultVFS:101 - Reader entry: ����   4 	   getTask '(Ljava/lang/Long;)LMyBatis/entity/Task; 
2021-06-11 12:01:27 DEBUG DefaultVFS:224 - Find JAR URL: file:/F:/JavaProject/JavaMyBatis/target/classes/MyBatis/mapper/TaskMapper.xml
2021-06-11 12:01:27 DEBUG DefaultVFS:251 - Not a JAR: file:/F:/JavaProject/JavaMyBatis/target/classes/MyBatis/mapper/TaskMapper.xml
2021-06-11 12:01:27 DEBUG DefaultVFS:101 - Reader entry: <?xml version="1.0" encoding="UTF-8" ?>
2021-06-11 12:01:27 DEBUG DefaultVFS:224 - Find JAR URL: file:/F:/JavaProject/JavaMyBatis/target/classes/MyBatis/mapper/UserMapper.class
2021-06-11 12:01:27 DEBUG DefaultVFS:251 - Not a JAR: file:/F:/JavaProject/JavaMyBatis/target/classes/MyBatis/mapper/UserMapper.class
2021-06-11 12:01:27 DEBUG DefaultVFS:101 - Reader entry: ����   4 	   getUser '(Ljava/lang/Long;)LMyBatis/entity/User; 
2021-06-11 12:01:27 DEBUG DefaultVFS:224 - Find JAR URL: file:/F:/JavaProject/JavaMyBatis/target/classes/MyBatis/mapper/UserMapper.xml
2021-06-11 12:01:27 DEBUG DefaultVFS:251 - Not a JAR: file:/F:/JavaProject/JavaMyBatis/target/classes/MyBatis/mapper/UserMapper.xml
2021-06-11 12:01:27 DEBUG DefaultVFS:101 - Reader entry: <?xml version="1.0" encoding="UTF-8" ?>
2021-06-11 12:01:27 DEBUG DefaultVFS:224 - Find JAR URL: file:/F:/JavaProject/JavaMyBatis/target/classes/MyBatis/mapper/WorkCardMapper.class
2021-06-11 12:01:27 DEBUG DefaultVFS:251 - Not a JAR: file:/F:/JavaProject/JavaMyBatis/target/classes/MyBatis/mapper/WorkCardMapper.class
2021-06-11 12:01:27 DEBUG DefaultVFS:101 - Reader entry: ����   4 	   getWorkCardByEmpId +(Ljava/lang/Long;)LMyBatis/entity/WorkCard; 
2021-06-11 12:01:27 DEBUG DefaultVFS:224 - Find JAR URL: file:/F:/JavaProject/JavaMyBatis/target/classes/MyBatis/mapper/WorkCardMapper.xml
2021-06-11 12:01:27 DEBUG DefaultVFS:251 - Not a JAR: file:/F:/JavaProject/JavaMyBatis/target/classes/MyBatis/mapper/WorkCardMapper.xml
2021-06-11 12:01:27 DEBUG DefaultVFS:101 - Reader entry: <?xml version="1.0" encoding="UTF-8" ?>
2021-06-11 12:01:27 DEBUG DefaultVFS:224 - Find JAR URL: file:/F:/JavaProject/JavaMyBatis/target/classes/MyBatis/test
2021-06-11 12:01:27 DEBUG DefaultVFS:251 - Not a JAR: file:/F:/JavaProject/JavaMyBatis/target/classes/MyBatis/test
2021-06-11 12:01:27 DEBUG DefaultVFS:101 - Reader entry: TestEmployeeMapper.class
2021-06-11 12:01:27 DEBUG DefaultVFS:101 - Reader entry: TestMyBatis.class
2021-06-11 12:01:27 DEBUG DefaultVFS:101 - Reader entry: TestRoleMapper.class
2021-06-11 12:01:27 DEBUG DefaultVFS:115 - Listing file:/F:/JavaProject/JavaMyBatis/target/classes/MyBatis/test
2021-06-11 12:01:27 DEBUG DefaultVFS:224 - Find JAR URL: file:/F:/JavaProject/JavaMyBatis/target/classes/MyBatis/test/TestEmployeeMapper.class
2021-06-11 12:01:27 DEBUG DefaultVFS:251 - Not a JAR: file:/F:/JavaProject/JavaMyBatis/target/classes/MyBatis/test/TestEmployeeMapper.class
2021-06-11 12:01:27 DEBUG DefaultVFS:101 - Reader entry: ����   4 4
2021-06-11 12:01:27 DEBUG DefaultVFS:224 - Find JAR URL: file:/F:/JavaProject/JavaMyBatis/target/classes/MyBatis/test/TestMyBatis.class
2021-06-11 12:01:27 DEBUG DefaultVFS:251 - Not a JAR: file:/F:/JavaProject/JavaMyBatis/target/classes/MyBatis/test/TestMyBatis.class
2021-06-11 12:01:27 DEBUG DefaultVFS:101 - Reader entry: ����   4 >
2021-06-11 12:01:27 DEBUG DefaultVFS:224 - Find JAR URL: file:/F:/JavaProject/JavaMyBatis/target/classes/MyBatis/test/TestRoleMapper.class
2021-06-11 12:01:27 DEBUG DefaultVFS:251 - Not a JAR: file:/F:/JavaProject/JavaMyBatis/target/classes/MyBatis/test/TestRoleMapper.class
2021-06-11 12:01:27 DEBUG DefaultVFS:101 - Reader entry: ����   4 �
2021-06-11 12:01:27 DEBUG DefaultVFS:224 - Find JAR URL: file:/F:/JavaProject/JavaMyBatis/target/classes/MyBatis/utils
2021-06-11 12:01:27 DEBUG DefaultVFS:251 - Not a JAR: file:/F:/JavaProject/JavaMyBatis/target/classes/MyBatis/utils
2021-06-11 12:01:27 DEBUG DefaultVFS:101 - Reader entry: SqlSessionFactoryUtils.class
2021-06-11 12:01:27 DEBUG DefaultVFS:115 - Listing file:/F:/JavaProject/JavaMyBatis/target/classes/MyBatis/utils
2021-06-11 12:01:27 DEBUG DefaultVFS:224 - Find JAR URL: file:/F:/JavaProject/JavaMyBatis/target/classes/MyBatis/utils/SqlSessionFactoryUtils.class
2021-06-11 12:01:27 DEBUG DefaultVFS:251 - Not a JAR: file:/F:/JavaProject/JavaMyBatis/target/classes/MyBatis/utils/SqlSessionFactoryUtils.class
2021-06-11 12:01:27 DEBUG DefaultVFS:101 - Reader entry: ����   4 I
2021-06-11 12:01:27 DEBUG ResolverUtil:287 - Checking to see if class MyBatis.entity.CountRoleParams matches criteria [is assignable to Object]
2021-06-11 12:01:27 DEBUG ResolverUtil:287 - Checking to see if class MyBatis.entity.Employee matches criteria [is assignable to Object]
2021-06-11 12:01:27 DEBUG ResolverUtil:287 - Checking to see if class MyBatis.entity.EmployeeTask matches criteria [is assignable to Object]
2021-06-11 12:01:27 DEBUG ResolverUtil:287 - Checking to see if class MyBatis.entity.FemaleEmployee matches criteria [is assignable to Object]
2021-06-11 12:01:27 DEBUG ResolverUtil:287 - Checking to see if class MyBatis.entity.FemaleHealthForm matches criteria [is assignable to Object]
2021-06-11 12:01:27 DEBUG ResolverUtil:287 - Checking to see if class MyBatis.entity.HealthForm matches criteria [is assignable to Object]
2021-06-11 12:01:27 DEBUG ResolverUtil:287 - Checking to see if class MyBatis.entity.MaleEmployee matches criteria [is assignable to Object]
2021-06-11 12:01:27 DEBUG ResolverUtil:287 - Checking to see if class MyBatis.entity.MaleHealthForm matches criteria [is assignable to Object]
2021-06-11 12:01:27 DEBUG ResolverUtil:287 - Checking to see if class MyBatis.entity.PageParams matches criteria [is assignable to Object]
2021-06-11 12:01:27 DEBUG ResolverUtil:287 - Checking to see if class MyBatis.entity.Role matches criteria [is assignable to Object]
2021-06-11 12:01:27 DEBUG ResolverUtil:287 - Checking to see if class MyBatis.entity.RoleParams matches criteria [is assignable to Object]
2021-06-11 12:01:27 DEBUG ResolverUtil:287 - Checking to see if class MyBatis.entity.Task matches criteria [is assignable to Object]
2021-06-11 12:01:27 DEBUG ResolverUtil:287 - Checking to see if class MyBatis.entity.User matches criteria [is assignable to Object]
2021-06-11 12:01:27 DEBUG ResolverUtil:287 - Checking to see if class MyBatis.entity.WorkCard matches criteria [is assignable to Object]
2021-06-11 12:01:27 DEBUG ResolverUtil:287 - Checking to see if class MyBatis.enums.SexEnum matches criteria [is assignable to Object]
2021-06-11 12:01:27 DEBUG ResolverUtil:287 - Checking to see if class MyBatis.mapper.EmployeeMapper matches criteria [is assignable to Object]
2021-06-11 12:01:27 DEBUG ResolverUtil:287 - Checking to see if class MyBatis.mapper.EmployeeTaskMapper matches criteria [is assignable to Object]
2021-06-11 12:01:27 DEBUG ResolverUtil:287 - Checking to see if class MyBatis.mapper.FemaleHealthFormMapper matches criteria [is assignable to Object]
2021-06-11 12:01:27 DEBUG ResolverUtil:287 - Checking to see if class MyBatis.mapper.MaleHealthFormMapper matches criteria [is assignable to Object]
2021-06-11 12:01:27 DEBUG ResolverUtil:287 - Checking to see if class MyBatis.mapper.RoleMapper matches criteria [is assignable to Object]
2021-06-11 12:01:27 DEBUG ResolverUtil:287 - Checking to see if class MyBatis.mapper.TaskMapper matches criteria [is assignable to Object]
2021-06-11 12:01:27 DEBUG ResolverUtil:287 - Checking to see if class MyBatis.mapper.UserMapper matches criteria [is assignable to Object]
2021-06-11 12:01:27 DEBUG ResolverUtil:287 - Checking to see if class MyBatis.mapper.WorkCardMapper matches criteria [is assignable to Object]
2021-06-11 12:01:27 DEBUG ResolverUtil:287 - Checking to see if class MyBatis.test.TestEmployeeMapper matches criteria [is assignable to Object]
2021-06-11 12:01:27 DEBUG ResolverUtil:287 - Checking to see if class MyBatis.test.TestMyBatis matches criteria [is assignable to Object]
2021-06-11 12:01:27 DEBUG ResolverUtil:287 - Checking to see if class MyBatis.test.TestRoleMapper matches criteria [is assignable to Object]
2021-06-11 12:01:27 DEBUG ResolverUtil:287 - Checking to see if class MyBatis.utils.SqlSessionFactoryUtils matches criteria [is assignable to Object]
2021-06-11 12:01:27 DEBUG PooledDataSource:363 - PooledDataSource forcefully closed/removed all connections.
2021-06-11 12:01:27 DEBUG PooledDataSource:363 - PooledDataSource forcefully closed/removed all connections.
2021-06-11 12:01:27 DEBUG PooledDataSource:363 - PooledDataSource forcefully closed/removed all connections.
2021-06-11 12:01:27 DEBUG PooledDataSource:363 - PooledDataSource forcefully closed/removed all connections.
2021-06-11 12:01:28 DEBUG PooledDataSource:434 - Created connection 1636182655.
2021-06-11 12:01:28 DEBUG PooledDataSource:391 - Returned connection 1636182655 to pool.
2021-06-11 12:01:28 DEBUG DefaultVFS:224 - Find JAR URL: file:/F:/JavaProject/JavaMyBatis/target/classes/MyBatis/mapper
2021-06-11 12:01:28 DEBUG DefaultVFS:251 - Not a JAR: file:/F:/JavaProject/JavaMyBatis/target/classes/MyBatis/mapper
2021-06-11 12:01:28 DEBUG DefaultVFS:101 - Reader entry: EmployeeMapper.class
2021-06-11 12:01:28 DEBUG DefaultVFS:101 - Reader entry: EmployeeMapper.xml
2021-06-11 12:01:28 DEBUG DefaultVFS:101 - Reader entry: EmployeeTaskMapper.class
2021-06-11 12:01:28 DEBUG DefaultVFS:101 - Reader entry: EmployeeTaskMapper.xml
2021-06-11 12:01:28 DEBUG DefaultVFS:101 - Reader entry: FemaleHealthFormMapper.class
2021-06-11 12:01:28 DEBUG DefaultVFS:101 - Reader entry: FemaleHealthFormMapper.xml
2021-06-11 12:01:28 DEBUG DefaultVFS:101 - Reader entry: MaleHealthFormMapper.class
2021-06-11 12:01:28 DEBUG DefaultVFS:101 - Reader entry: MaleHealthFormMapper.xml
2021-06-11 12:01:28 DEBUG DefaultVFS:101 - Reader entry: RoleMapper.class
2021-06-11 12:01:28 DEBUG DefaultVFS:101 - Reader entry: RoleMapper.xml
2021-06-11 12:01:28 DEBUG DefaultVFS:101 - Reader entry: TaskMapper.class
2021-06-11 12:01:28 DEBUG DefaultVFS:101 - Reader entry: TaskMapper.xml
2021-06-11 12:01:28 DEBUG DefaultVFS:101 - Reader entry: UserMapper.class
2021-06-11 12:01:28 DEBUG DefaultVFS:101 - Reader entry: UserMapper.xml
2021-06-11 12:01:28 DEBUG DefaultVFS:101 - Reader entry: WorkCardMapper.class
2021-06-11 12:01:28 DEBUG DefaultVFS:101 - Reader entry: WorkCardMapper.xml
2021-06-11 12:01:28 DEBUG DefaultVFS:115 - Listing file:/F:/JavaProject/JavaMyBatis/target/classes/MyBatis/mapper
2021-06-11 12:01:28 DEBUG DefaultVFS:224 - Find JAR URL: file:/F:/JavaProject/JavaMyBatis/target/classes/MyBatis/mapper/EmployeeMapper.class
2021-06-11 12:01:28 DEBUG DefaultVFS:251 - Not a JAR: file:/F:/JavaProject/JavaMyBatis/target/classes/MyBatis/mapper/EmployeeMapper.class
2021-06-11 12:01:28 DEBUG DefaultVFS:101 - Reader entry: ����   4 
2021-06-11 12:01:28 DEBUG DefaultVFS:224 - Find JAR URL: file:/F:/JavaProject/JavaMyBatis/target/classes/MyBatis/mapper/EmployeeMapper.xml
2021-06-11 12:01:28 DEBUG DefaultVFS:251 - Not a JAR: file:/F:/JavaProject/JavaMyBatis/target/classes/MyBatis/mapper/EmployeeMapper.xml
2021-06-11 12:01:28 DEBUG DefaultVFS:101 - Reader entry: <?xml version="1.0" encoding="UTF-8" ?>
2021-06-11 12:01:28 DEBUG DefaultVFS:224 - Find JAR URL: file:/F:/JavaProject/JavaMyBatis/target/classes/MyBatis/mapper/EmployeeTaskMapper.class
2021-06-11 12:01:28 DEBUG DefaultVFS:251 - Not a JAR: file:/F:/JavaProject/JavaMyBatis/target/classes/MyBatis/mapper/EmployeeTaskMapper.class
2021-06-11 12:01:28 DEBUG DefaultVFS:101 - Reader entry: ����   4 	   getEmployeeTaskByEmpId /(Ljava/lang/Long;)LMyBatis/entity/EmployeeTask; 
2021-06-11 12:01:28 DEBUG DefaultVFS:224 - Find JAR URL: file:/F:/JavaProject/JavaMyBatis/target/classes/MyBatis/mapper/EmployeeTaskMapper.xml
2021-06-11 12:01:28 DEBUG DefaultVFS:251 - Not a JAR: file:/F:/JavaProject/JavaMyBatis/target/classes/MyBatis/mapper/EmployeeTaskMapper.xml
2021-06-11 12:01:28 DEBUG DefaultVFS:101 - Reader entry: <?xml version="1.0" encoding="UTF-8" ?>
2021-06-11 12:01:28 DEBUG DefaultVFS:224 - Find JAR URL: file:/F:/JavaProject/JavaMyBatis/target/classes/MyBatis/mapper/FemaleHealthFormMapper.class
2021-06-11 12:01:28 DEBUG DefaultVFS:251 - Not a JAR: file:/F:/JavaProject/JavaMyBatis/target/classes/MyBatis/mapper/FemaleHealthFormMapper.class
2021-06-11 12:01:28 DEBUG DefaultVFS:101 - Reader entry: ����   4 	   getFemaleHealthForm 3(Ljava/lang/Long;)LMyBatis/entity/FemaleHealthForm; 
2021-06-11 12:01:28 DEBUG DefaultVFS:224 - Find JAR URL: file:/F:/JavaProject/JavaMyBatis/target/classes/MyBatis/mapper/FemaleHealthFormMapper.xml
2021-06-11 12:01:28 DEBUG DefaultVFS:251 - Not a JAR: file:/F:/JavaProject/JavaMyBatis/target/classes/MyBatis/mapper/FemaleHealthFormMapper.xml
2021-06-11 12:01:28 DEBUG DefaultVFS:101 - Reader entry: <?xml version="1.0" encoding="UTF-8" ?>
2021-06-11 12:01:28 DEBUG DefaultVFS:224 - Find JAR URL: file:/F:/JavaProject/JavaMyBatis/target/classes/MyBatis/mapper/MaleHealthFormMapper.class
2021-06-11 12:01:28 DEBUG DefaultVFS:251 - Not a JAR: file:/F:/JavaProject/JavaMyBatis/target/classes/MyBatis/mapper/MaleHealthFormMapper.class
2021-06-11 12:01:28 DEBUG DefaultVFS:101 - Reader entry: ����   4 	   getMaleHealthForm 1(Ljava/lang/Long;)LMyBatis/entity/MaleHealthForm; 
2021-06-11 12:01:28 DEBUG DefaultVFS:224 - Find JAR URL: file:/F:/JavaProject/JavaMyBatis/target/classes/MyBatis/mapper/MaleHealthFormMapper.xml
2021-06-11 12:01:28 DEBUG DefaultVFS:251 - Not a JAR: file:/F:/JavaProject/JavaMyBatis/target/classes/MyBatis/mapper/MaleHealthFormMapper.xml
2021-06-11 12:01:28 DEBUG DefaultVFS:101 - Reader entry: <?xml version="1.0" encoding="UTF-8" ?>
2021-06-11 12:01:28 DEBUG DefaultVFS:224 - Find JAR URL: file:/F:/JavaProject/JavaMyBatis/target/classes/MyBatis/mapper/RoleMapper.class
2021-06-11 12:01:28 DEBUG DefaultVFS:251 - Not a JAR: file:/F:/JavaProject/JavaMyBatis/target/classes/MyBatis/mapper/RoleMapper.class
2021-06-11 12:01:28 DEBUG DefaultVFS:101 - Reader entry: ����   4    
2021-06-11 12:01:28 DEBUG DefaultVFS:224 - Find JAR URL: file:/F:/JavaProject/JavaMyBatis/target/classes/MyBatis/mapper/RoleMapper.xml
2021-06-11 12:01:28 DEBUG DefaultVFS:251 - Not a JAR: file:/F:/JavaProject/JavaMyBatis/target/classes/MyBatis/mapper/RoleMapper.xml
2021-06-11 12:01:28 DEBUG DefaultVFS:101 - Reader entry: <?xml version="1.0" encoding="UTF-8" ?>
2021-06-11 12:01:28 DEBUG DefaultVFS:224 - Find JAR URL: file:/F:/JavaProject/JavaMyBatis/target/classes/MyBatis/mapper/TaskMapper.class
2021-06-11 12:01:28 DEBUG DefaultVFS:251 - Not a JAR: file:/F:/JavaProject/JavaMyBatis/target/classes/MyBatis/mapper/TaskMapper.class
2021-06-11 12:01:28 DEBUG DefaultVFS:101 - Reader entry: ����   4 	   getTask '(Ljava/lang/Long;)LMyBatis/entity/Task; 
2021-06-11 12:01:28 DEBUG DefaultVFS:224 - Find JAR URL: file:/F:/JavaProject/JavaMyBatis/target/classes/MyBatis/mapper/TaskMapper.xml
2021-06-11 12:01:28 DEBUG DefaultVFS:251 - Not a JAR: file:/F:/JavaProject/JavaMyBatis/target/classes/MyBatis/mapper/TaskMapper.xml
2021-06-11 12:01:28 DEBUG DefaultVFS:101 - Reader entry: <?xml version="1.0" encoding="UTF-8" ?>
2021-06-11 12:01:28 DEBUG DefaultVFS:224 - Find JAR URL: file:/F:/JavaProject/JavaMyBatis/target/classes/MyBatis/mapper/UserMapper.class
2021-06-11 12:01:28 DEBUG DefaultVFS:251 - Not a JAR: file:/F:/JavaProject/JavaMyBatis/target/classes/MyBatis/mapper/UserMapper.class
2021-06-11 12:01:28 DEBUG DefaultVFS:101 - Reader entry: ����   4 	   getUser '(Ljava/lang/Long;)LMyBatis/entity/User; 
2021-06-11 12:01:28 DEBUG DefaultVFS:224 - Find JAR URL: file:/F:/JavaProject/JavaMyBatis/target/classes/MyBatis/mapper/UserMapper.xml
2021-06-11 12:01:28 DEBUG DefaultVFS:251 - Not a JAR: file:/F:/JavaProject/JavaMyBatis/target/classes/MyBatis/mapper/UserMapper.xml
2021-06-11 12:01:28 DEBUG DefaultVFS:101 - Reader entry: <?xml version="1.0" encoding="UTF-8" ?>
2021-06-11 12:01:28 DEBUG DefaultVFS:224 - Find JAR URL: file:/F:/JavaProject/JavaMyBatis/target/classes/MyBatis/mapper/WorkCardMapper.class
2021-06-11 12:01:28 DEBUG DefaultVFS:251 - Not a JAR: file:/F:/JavaProject/JavaMyBatis/target/classes/MyBatis/mapper/WorkCardMapper.class
2021-06-11 12:01:28 DEBUG DefaultVFS:101 - Reader entry: ����   4 	   getWorkCardByEmpId +(Ljava/lang/Long;)LMyBatis/entity/WorkCard; 
2021-06-11 12:01:28 DEBUG DefaultVFS:224 - Find JAR URL: file:/F:/JavaProject/JavaMyBatis/target/classes/MyBatis/mapper/WorkCardMapper.xml
2021-06-11 12:01:28 DEBUG DefaultVFS:251 - Not a JAR: file:/F:/JavaProject/JavaMyBatis/target/classes/MyBatis/mapper/WorkCardMapper.xml
2021-06-11 12:01:28 DEBUG DefaultVFS:101 - Reader entry: <?xml version="1.0" encoding="UTF-8" ?>
2021-06-11 12:01:28 DEBUG ResolverUtil:287 - Checking to see if class MyBatis.mapper.EmployeeMapper matches criteria [is assignable to Object]
2021-06-11 12:01:28 DEBUG ResolverUtil:287 - Checking to see if class MyBatis.mapper.EmployeeTaskMapper matches criteria [is assignable to Object]
2021-06-11 12:01:28 DEBUG ResolverUtil:287 - Checking to see if class MyBatis.mapper.FemaleHealthFormMapper matches criteria [is assignable to Object]
2021-06-11 12:01:28 DEBUG ResolverUtil:287 - Checking to see if class MyBatis.mapper.MaleHealthFormMapper matches criteria [is assignable to Object]
2021-06-11 12:01:28 DEBUG ResolverUtil:287 - Checking to see if class MyBatis.mapper.RoleMapper matches criteria [is assignable to Object]
2021-06-11 12:01:28 DEBUG ResolverUtil:287 - Checking to see if class MyBatis.mapper.TaskMapper matches criteria [is assignable to Object]
2021-06-11 12:01:28 DEBUG ResolverUtil:287 - Checking to see if class MyBatis.mapper.UserMapper matches criteria [is assignable to Object]
2021-06-11 12:01:28 DEBUG ResolverUtil:287 - Checking to see if class MyBatis.mapper.WorkCardMapper matches criteria [is assignable to Object]
2021-06-11 12:01:28 DEBUG JdbcTransaction:137 - Opening JDBC Connection
2021-06-11 12:01:28 DEBUG PooledDataSource:426 - Checked out connection 1636182655 from pool.
2021-06-11 12:01:28 DEBUG JdbcTransaction:101 - Setting autocommit to false on JDBC Connection [com.mysql.cj.jdbc.ConnectionImpl@61862a7f]
2021-06-11 12:01:28 DEBUG findRoles:137 - ==>  Preparing: select id , role_name as roleName, note from t_role where role_name like ?
2021-06-11 12:01:28 DEBUG findRoles:137 - ==> Parameters: %name%(String)
2021-06-11 12:01:28 DEBUG findRoles:137 - <==      Total: 10
2021-06-11 12:01:28 DEBUG JdbcTransaction:123 - Resetting autocommit to true on JDBC Connection [com.mysql.cj.jdbc.ConnectionImpl@61862a7f]
2021-06-11 12:01:28 DEBUG JdbcTransaction:91 - Closing JDBC Connection [com.mysql.cj.jdbc.ConnectionImpl@61862a7f]
2021-06-11 12:01:28 DEBUG PooledDataSource:391 - Returned connection 1636182655 to pool.
